{"id":357786,"type":"success","level":1,"name":"签到","meta":{"paths":["lp0hx8"]},"content":"3663735613完成了一次签到！","timestamp":1778284988266}
{"id":358139,"type":"success","level":1,"name":"签到","meta":{"paths":["lp0hx8"]},"content":"2856202014完成了一次签到！","timestamp":1778286737941}
{"id":358286,"type":"success","level":1,"name":"签到","meta":{"paths":["lp0hx8"]},"content":"3161689072完成了一次签到！","timestamp":1778287368014}
{"id":358401,"type":"info","level":2,"name":"抽卡与卡组","meta":{"paths":["lp0hx8"]},"content":"3161689072抽到了一张❀三星☄卡，剩余2098P点","timestamp":1778287510382}
{"id":358452,"type":"info","level":2,"name":"抽卡与卡组","meta":{"paths":["lp0hx8"]},"content":"3161689072抽到了一张☆二星★卡，剩余1698P点","timestamp":1778287536464}
{"id":358471,"type":"info","level":2,"name":"抽卡与卡组","meta":{"paths":["lp0hx8"]},"content":"3161689072抽到了一张☆二星★卡，剩余1298P点","timestamp":1778287543919}
{"id":358490,"type":"info","level":2,"name":"抽卡与卡组","meta":{"paths":["lp0hx8"]},"content":"3161689072抽到了一张☆二星★卡，剩余898P点","timestamp":1778287551466}
{"id":358509,"type":"info","level":2,"name":"抽卡与卡组","meta":{"paths":["lp0hx8"]},"content":"3161689072抽到了一张☆二星★卡，剩余498P点","timestamp":1778287555140}
{"id":358559,"type":"info","level":2,"name":"抽卡与卡组","meta":{"paths":["lp0hx8"]},"content":"3161689072抽到了一张☆二星★卡，剩余98P点","timestamp":1778287572553}
{"id":358896,"type":"success","level":1,"name":"签到","meta":{"paths":["lp0hx8"]},"content":"3980423768完成了一次签到！","timestamp":1778288778262}
{"id":358972,"type":"success","level":1,"name":"签到","meta":{"paths":["lp0hx8"]},"content":"1296434423完成了一次签到！","timestamp":1778288998579}
{"id":359134,"type":"success","level":1,"name":"签到","meta":{"paths":["lp0hx8"]},"content":"2186790348完成了一次签到！","timestamp":1778289436030}
{"id":359208,"type":"error","level":1,"name":"签到","meta":{"paths":["lp0hx8"]},"content":"2085287779签到失败！原因：该用户已经签到","timestamp":1778289686055}
{"id":359256,"type":"success","level":1,"name":"签到","meta":{"paths":["lp0hx8"]},"content":"2276942246完成了一次签到！","timestamp":1778289784305}
{"id":359864,"type":"success","level":1,"name":"签到","meta":{"paths":["lp0hx8"]},"content":"2658604288完成了一次签到！","timestamp":1778291330444}
{"id":360074,"type":"success","level":1,"name":"签到","meta":{"paths":["lp0hx8"]},"content":"526076285完成了一次签到！","timestamp":1778291699427}
{"id":360911,"type":"success","level":1,"name":"签到","meta":{"paths":["lp0hx8"]},"content":"3366143939完成了一次签到！","timestamp":1778292636738}
{"id":362638,"type":"info","level":2,"name":"绑定id","meta":{"paths":["lp0hx8"]},"content":"用户3267282483绑定了cnid：7625162093406247699","timestamp":1778294035213}
{"id":362990,"type":"success","level":1,"name":"抽卡与卡组","meta":{"paths":["lp0hx8"]},"content":"1296434423献祭了：5张二星  获得1400P点，当前P点数为10930","timestamp":1778294243129}
{"id":363204,"type":"success","level":1,"name":"抽卡与卡组","meta":{"paths":["lp0hx8"]},"content":"1296434423献祭了：4张二星  获得1120P点，当前P点数为10050","timestamp":1778294346996}
{"id":363256,"type":"success","level":1,"name":"抽卡与卡组","meta":{"paths":["lp0hx8"]},"content":"1296434423献祭了：4张二星  获得1120P点，当前P点数为9570","timestamp":1778294375373}
{"id":363380,"type":"success","level":1,"name":"抽卡与卡组","meta":{"paths":["lp0hx8"]},"content":"1296434423献祭了：1张二星  2张三星  获得1400P点，当前P点数为9370","timestamp":1778294473241}
{"id":363443,"type":"success","level":1,"name":"抽卡与卡组","meta":{"paths":["lp0hx8"]},"content":"1296434423献祭了：3张二星  获得840P点，当前P点数为9010","timestamp":1778294494272}
{"id":363537,"type":"success","level":1,"name":"抽卡与卡组","meta":{"paths":["lp0hx8"]},"content":"1296434423献祭了：3张二星  获得840P点，当前P点数为8650","timestamp":1778294521446}
{"id":363627,"type":"success","level":1,"name":"抽卡与卡组","meta":{"paths":["lp0hx8"]},"content":"1296434423献祭了：3张二星  获得840P点，当前P点数为8290","timestamp":1778294542167}
{"id":363724,"type":"success","level":1,"name":"抽卡与卡组","meta":{"paths":["lp0hx8"]},"content":"1296434423献祭了：3张二星  获得840P点，当前P点数为7930","timestamp":1778294573999}
{"id":363887,"type":"success","level":1,"name":"抽卡与卡组","meta":{"paths":["lp0hx8"]},"content":"1296434423献祭了：3张二星  获得840P点，当前P点数为7570","timestamp":1778294637444}
{"id":364178,"type":"success","level":1,"name":"抽卡与卡组","meta":{"paths":["lp0hx8"]},"content":"1296434423献祭了：2张二星  1张三星  获得1120P点，当前P点数为7490","timestamp":1778294813701}
{"id":364261,"type":"success","level":1,"name":"抽卡与卡组","meta":{"paths":["lp0hx8"]},"content":"1296434423献祭了：3张二星  获得840P点，当前P点数为7130","timestamp":1778294832595}
{"id":364623,"type":"success","level":1,"name":"抽卡与卡组","meta":{"paths":["lp0hx8"]},"content":"3663735613献祭了：6张三星  获得3360P点，当前P点数为50604","timestamp":1778295062557}
{"id":364665,"type":"info","level":2,"name":"抽卡与卡组","meta":{"paths":["lp0hx8"]},"content":"3663735613抽到了一张❀三星☄卡，剩余49404P点","timestamp":1778295087092}
{"id":364693,"type":"info","level":2,"name":"抽卡与卡组","meta":{"paths":["lp0hx8"]},"content":"3663735613抽到了一张❀三星☄卡，剩余49004P点","timestamp":1778295109177}
{"id":364732,"type":"info","level":2,"name":"抽卡与卡组","meta":{"paths":["lp0hx8"]},"content":"3663735613抽到了一张❀三星☄卡，剩余47804P点","timestamp":1778295116964}
{"id":364784,"type":"info","level":2,"name":"抽卡与卡组","meta":{"paths":["lp0hx8"]},"content":"3663735613抽到了一张♔♕四星(?)♕♔卡，剩余47404P点","timestamp":1778295128471}
{"id":364890,"type":"info","level":2,"name":"抽卡与卡组","meta":{"paths":["lp0hx8"]},"content":"3663735613抽到了一张♔♕四星(?)♕♔卡，剩余42204P点","timestamp":1778295152207}
{"id":364939,"type":"info","level":2,"name":"抽卡与卡组","meta":{"paths":["lp0hx8"]},"content":"3663735613抽到了一张❀三星☄卡，剩余41404P点","timestamp":1778295157274}
{"id":365041,"type":"info","level":2,"name":"抽卡与卡组","meta":{"paths":["lp0hx8"]},"content":"3663735613抽到了一张❀三星☄卡，剩余40604P点","timestamp":1778295178556}
{"id":365085,"type":"success","level":1,"name":"抽卡与卡组","meta":{"paths":["lp0hx8"]},"content":"3663735613献祭了：4张三星  获得2240P点，当前P点数为42844","timestamp":1778295208115}
{"id":365119,"type":"info","level":2,"name":"抽卡与卡组","meta":{"paths":["lp0hx8"]},"content":"3663735613抽到了一张❀三星☄卡，剩余42044P点","timestamp":1778295214402}
{"id":365156,"type":"info","level":2,"name":"抽卡与卡组","meta":{"paths":["lp0hx8"]},"content":"3663735613抽到了一张♔♕四星(?)♕♔卡，剩余40844P点","timestamp":1778295221663}
{"id":365191,"type":"info","level":2,"name":"抽卡与卡组","meta":{"paths":["lp0hx8"]},"content":"3663735613抽到了一张❀三星☄卡，剩余40444P点","timestamp":1778295226118}
{"id":365194,"type":"success","level":1,"name":"抽卡与卡组","meta":{"paths":["lp0hx8"]},"content":"1296434423献祭了：5张二星  1张三星  获得1960P点，当前P点数为5090","timestamp":1778295226183}
{"id":365259,"type":"info","level":2,"name":"抽卡与卡组","meta":{"paths":["lp0hx8"]},"content":"3663735613抽到了一张❀三星☄卡，剩余38444P点","timestamp":1778295233258}
{"id":365319,"type":"success","level":1,"name":"签到","meta":{"paths":["lp0hx8"]},"content":"2188730297完成了一次签到！","timestamp":1778295252697}
{"id":365349,"type":"success","level":1,"name":"抽卡与卡组","meta":{"paths":["lp0hx8"]},"content":"3663735613献祭了：4张三星  获得2240P点，当前P点数为40684","timestamp":1778295268221}
{"id":365378,"type":"info","level":2,"name":"抽卡与卡组","meta":{"paths":["lp0hx8"]},"content":"3663735613抽到了一张❀三星☄卡，剩余40284P点","timestamp":1778295278417}
{"id":365411,"type":"info","level":2,"name":"抽卡与卡组","meta":{"paths":["lp0hx8"]},"content":"3663735613抽到了一张♔♕四星(?)♕♔卡，剩余39884P点","timestamp":1778295285572}
{"id":365438,"type":"info","level":2,"name":"抽卡与卡组","meta":{"paths":["lp0hx8"]},"content":"3663735613抽到了一张❀三星☄卡，剩余38284P点","timestamp":1778295289877}
{"id":365472,"type":"info","level":2,"name":"抽卡与卡组","meta":{"paths":["lp0hx8"]},"content":"3663735613抽到了一张❀三星☄卡，剩余35484P点","timestamp":1778295298746}
{"id":365530,"type":"success","level":1,"name":"抽卡与卡组","meta":{"paths":["lp0hx8"]},"content":"3663735613献祭了：3张三星  获得1680P点，当前P点数为37164","timestamp":1778295331144}
{"id":365567,"type":"info","level":2,"name":"抽卡与卡组","meta":{"paths":["lp0hx8"]},"content":"3663735613抽到了一张❀三星☄卡，剩余35164P点","timestamp":1778295338252}
{"id":365602,"type":"success","level":1,"name":"抽卡与卡组","meta":{"paths":["lp0hx8"]},"content":"1296434423献祭了：4张二星  获得1120P点，当前P点数为3810","timestamp":1778295344116}
{"id":365609,"type":"info","level":2,"name":"抽卡与卡组","meta":{"paths":["lp0hx8"]},"content":"3663735613抽到了一张❀三星☄卡，剩余34764P点","timestamp":1778295344343}
{"id":365664,"type":"info","level":2,"name":"抽卡与卡组","meta":{"paths":["lp0hx8"]},"content":"3663735613抽到了一张❀三星☄卡，剩余34364P点","timestamp":1778295349013}
{"id":365723,"type":"success","level":1,"name":"抽卡与卡组","meta":{"paths":["lp0hx8"]},"content":"3663735613献祭了：3张三星  获得1680P点，当前P点数为36044","timestamp":1778295359093}
{"id":365751,"type":"info","level":2,"name":"抽卡与卡组","meta":{"paths":["lp0hx8"]},"content":"3663735613抽到了一张❀三星☄卡，剩余34044P点","timestamp":1778295364494}
{"id":365790,"type":"info","level":2,"name":"抽卡与卡组","meta":{"paths":["lp0hx8"]},"content":"3663735613抽到了一张❀三星☄卡，剩余27644P点","timestamp":1778295368931}
{"id":365817,"type":"info","level":2,"name":"抽卡与卡组","meta":{"paths":["lp0hx8"]},"content":"3663735613抽到了一张❀三星☄卡，剩余26044P点","timestamp":1778295375024}
{"id":365868,"type":"success","level":1,"name":"抽卡与卡组","meta":{"paths":["lp0hx8"]},"content":"3663735613献祭了：2张三星  2张四星  获得3520P点，当前P点数为29564","timestamp":1778295413631}
{"id":365895,"type":"info","level":2,"name":"抽卡与卡组","meta":{"paths":["lp0hx8"]},"content":"3663735613抽到了一张❀三星☄卡，剩余28364P点","timestamp":1778295420628}
{"id":365922,"type":"info","level":2,"name":"抽卡与卡组","meta":{"paths":["lp0hx8"]},"content":"3663735613抽到了一张☂FES☃卡，剩余27964P点","timestamp":1778295424444}
{"id":365949,"type":"info","level":2,"name":"抽卡与卡组","meta":{"paths":["lp0hx8"]},"content":"3663735613抽到了一张❀三星☄卡，剩余27164P点","timestamp":1778295429484}
{"id":365986,"type":"info","level":2,"name":"抽卡与卡组","meta":{"paths":["lp0hx8"]},"content":"3663735613抽到了一张♔♕四星(?)♕♔卡，剩余24364P点","timestamp":1778295434054}
{"id":366041,"type":"success","level":1,"name":"抽卡与卡组","meta":{"paths":["lp0hx8"]},"content":"1296434423献祭了：3张二星  获得840P点，当前P点数为3050","timestamp":1778295446562}
{"id":366089,"type":"success","level":1,"name":"抽卡与卡组","meta":{"paths":["lp0hx8"]},"content":"3663735613献祭了：2张三星  1张四星  获得2320P点，当前P点数为26684","timestamp":1778295459396}
{"id":366110,"type":"success","level":1,"name":"抽卡与卡组","meta":{"paths":["lp0hx8"]},"content":"1296434423献祭了：3张二星  获得840P点，当前P点数为2690","timestamp":1778295464042}
{"id":366137,"type":"info","level":2,"name":"抽卡与卡组","meta":{"paths":["lp0hx8"]},"content":"3663735613抽到了一张❀三星☄卡，剩余25884P点","timestamp":1778295466802}
{"id":366187,"type":"info","level":2,"name":"抽卡与卡组","meta":{"paths":["lp0hx8"]},"content":"3663735613抽到了一张♔♕四星(?)♕♔卡，剩余25084P点","timestamp":1778295471964}
{"id":366215,"type":"info","level":2,"name":"抽卡与卡组","meta":{"paths":["lp0hx8"]},"content":"3663735613抽到了一张❀三星☄卡，剩余23884P点","timestamp":1778295475294}
{"id":366262,"type":"success","level":1,"name":"抽卡与卡组","meta":{"paths":["lp0hx8"]},"content":"3663735613献祭了：2张三星  1张四星  获得2320P点，当前P点数为26204","timestamp":1778295490278}
{"id":366311,"type":"info","level":2,"name":"抽卡与卡组","meta":{"paths":["lp0hx8"]},"content":"3663735613抽到了一张♔♕四星(?)♕♔卡，剩余25404P点","timestamp":1778295520234}
{"id":366338,"type":"info","level":2,"name":"抽卡与卡组","meta":{"paths":["lp0hx8"]},"content":"3663735613抽到了一张❀三星☄卡，剩余24204P点","timestamp":1778295528995}
{"id":366375,"type":"info","level":2,"name":"抽卡与卡组","meta":{"paths":["lp0hx8"]},"content":"3663735613抽到了一张❀三星☄卡，剩余23404P点","timestamp":1778295534082}
{"id":366394,"type":"success","level":1,"name":"抽卡与卡组","meta":{"paths":["lp0hx8"]},"content":"3663735613献祭了：2张三星  2张四星  获得3520P点，当前P点数为26924","timestamp":1778295543653}
{"id":366437,"type":"info","level":2,"name":"抽卡与卡组","meta":{"paths":["lp0hx8"]},"content":"3663735613抽到了一张♔♕四星(?)♕♔卡，剩余24524P点","timestamp":1778295550861}
{"id":366464,"type":"info","level":2,"name":"抽卡与卡组","meta":{"paths":["lp0hx8"]},"content":"3663735613抽到了一张❀三星☄卡，剩余22924P点","timestamp":1778295557707}
{"id":366482,"type":"success","level":1,"name":"抽卡与卡组","meta":{"paths":["lp0hx8"]},"content":"1296434423献祭了：2张二星  3张三星  获得2240P点，当前P点数为3730","timestamp":1778295559756}
{"id":366508,"type":"info","level":2,"name":"抽卡与卡组","meta":{"paths":["lp0hx8"]},"content":"3663735613抽到了一张❀三星☄卡，剩余22524P点","timestamp":1778295561251}
{"id":366559,"type":"info","level":2,"name":"抽卡与卡组","meta":{"paths":["lp0hx8"]},"content":"3663735613抽到了一张❀三星☄卡，剩余20924P点","timestamp":1778295566469}
{"id":366609,"type":"success","level":1,"name":"抽卡与卡组","meta":{"paths":["lp0hx8"]},"content":"3663735613献祭了：3张三星  1张四星  获得2880P点，当前P点数为23804","timestamp":1778295577947}
{"id":366627,"type":"success","level":1,"name":"抽卡与卡组","meta":{"paths":["lp0hx8"]},"content":"1296434423献祭了：5张二星  获得1400P点，当前P点数为3130","timestamp":1778295583002}
{"id":366683,"type":"info","level":2,"name":"抽卡与卡组","meta":{"paths":["lp0hx8"]},"content":"3663735613抽到了一张♔♕四星(?)♕♔卡，剩余23404P点","timestamp":1778295590869}
{"id":366733,"type":"info","level":2,"name":"抽卡与卡组","meta":{"paths":["lp0hx8"]},"content":"3663735613抽到了一张❀三星☄卡，剩余23004P点","timestamp":1778295596868}
{"id":366781,"type":"info","level":2,"name":"抽卡与卡组","meta":{"paths":["lp0hx8"]},"content":"3663735613抽到了一张❀三星☄卡，剩余22204P点","timestamp":1778295601188}
{"id":366826,"type":"info","level":2,"name":"抽卡与卡组","meta":{"paths":["lp0hx8"]},"content":"3663735613抽到了一张❀三星☄卡，剩余21804P点","timestamp":1778295606574}
{"id":366873,"type":"success","level":1,"name":"抽卡与卡组","meta":{"paths":["lp0hx8"]},"content":"3663735613献祭了：3张三星  获得1680P点，当前P点数为23484","timestamp":1778295613371}
{"id":366913,"type":"info","level":2,"name":"抽卡与卡组","meta":{"paths":["lp0hx8"]},"content":"3663735613抽到了一张❀三星☄卡，剩余22684P点","timestamp":1778295621192}
{"id":366940,"type":"info","level":2,"name":"抽卡与卡组","meta":{"paths":["lp0hx8"]},"content":"3663735613抽到了一张❀三星☄卡，剩余22284P点","timestamp":1778295625731}
{"id":366980,"type":"info","level":2,"name":"抽卡与卡组","meta":{"paths":["lp0hx8"]},"content":"3663735613抽到了一张❀三星☄卡，剩余20284P点","timestamp":1778295629313}
{"id":367028,"type":"success","level":1,"name":"抽卡与卡组","meta":{"paths":["lp0hx8"]},"content":"3663735613献祭了：3张三星  获得1680P点，当前P点数为21964","timestamp":1778295641061}
{"id":367039,"type":"success","level":1,"name":"抽卡与卡组","meta":{"paths":["lp0hx8"]},"content":"1296434423献祭了：4张二星  获得1120P点，当前P点数为2250","timestamp":1778295643039}
{"id":367088,"type":"info","level":2,"name":"抽卡与卡组","meta":{"paths":["lp0hx8"]},"content":"3663735613抽到了一张❀三星☄卡，剩余19964P点","timestamp":1778295646762}
{"id":367115,"type":"info","level":2,"name":"抽卡与卡组","meta":{"paths":["lp0hx8"]},"content":"3663735613抽到了一张❀三星☄卡，剩余19164P点","timestamp":1778295652200}
{"id":367154,"type":"info","level":2,"name":"抽卡与卡组","meta":{"paths":["lp0hx8"]},"content":"3663735613抽到了一张❀三星☄卡，剩余17964P点","timestamp":1778295662868}
{"id":367173,"type":"success","level":1,"name":"抽卡与卡组","meta":{"paths":["lp0hx8"]},"content":"3663735613献祭了：3张三星  获得1680P点，当前P点数为19644","timestamp":1778295671686}
{"id":367207,"type":"info","level":2,"name":"抽卡与卡组","meta":{"paths":["lp0hx8"]},"content":"3663735613抽到了一张❀三星☄卡，剩余19244P点","timestamp":1778295676931}
{"id":367234,"type":"info","level":2,"name":"抽卡与卡组","meta":{"paths":["lp0hx8"]},"content":"3663735613抽到了一张❀三星☄卡，剩余15644P点","timestamp":1778295680458}
{"id":367262,"type":"info","level":2,"name":"抽卡与卡组","meta":{"paths":["lp0hx8"]},"content":"3663735613抽到了一张❀三星☄卡，剩余14844P点","timestamp":1778295683657}
{"id":367282,"type":"success","level":1,"name":"抽卡与卡组","meta":{"paths":["lp0hx8"]},"content":"3663735613献祭了：3张三星  获得1680P点，当前P点数为16524","timestamp":1778295690397}
{"id":367309,"type":"info","level":2,"name":"抽卡与卡组","meta":{"paths":["lp0hx8"]},"content":"3663735613抽到了一张♔♕四星(?)♕♔卡，剩余12524P点","timestamp":1778295695538}
{"id":367336,"type":"info","level":2,"name":"抽卡与卡组","meta":{"paths":["lp0hx8"]},"content":"3663735613抽到了一张❀三星☄卡，剩余10924P点","timestamp":1778295698722}
{"id":367363,"type":"info","level":2,"name":"抽卡与卡组","meta":{"paths":["lp0hx8"]},"content":"3663735613抽到了一张❀三星☄卡，剩余8924P点","timestamp":1778295703083}
{"id":367418,"type":"info","level":2,"name":"抽卡与卡组","meta":{"paths":["lp0hx8"]},"content":"3663735613抽到了一张❀三星☄卡，剩余8524P点","timestamp":1778295780389}
{"id":367429,"type":"success","level":1,"name":"抽卡与卡组","meta":{"paths":["lp0hx8"]},"content":"1296434423献祭了：2张二星  2张三星  获得1680P点，当前P点数为2330","timestamp":1778295782677}
{"id":367473,"type":"info","level":2,"name":"抽卡与卡组","meta":{"paths":["lp0hx8"]},"content":"3663735613抽到了一张❀三星☄卡，剩余8124P点","timestamp":1778295787470}
{"id":367515,"type":"info","level":2,"name":"抽卡与卡组","meta":{"paths":["lp0hx8"]},"content":"3663735613抽到了一张❀三星☄卡，剩余7324P点","timestamp":1778295792685}
{"id":367538,"type":"info","level":2,"name":"抽卡与卡组","meta":{"paths":["lp0hx8"]},"content":"3663735613抽到了一张❀三星☄卡，剩余6924P点","timestamp":1778295799163}
{"id":367578,"type":"info","level":2,"name":"抽卡与卡组","meta":{"paths":["lp0hx8"]},"content":"3663735613抽到了一张♔♕四星(?)♕♔卡，剩余6524P点","timestamp":1778295807756}
{"id":367620,"type":"success","level":1,"name":"抽卡与卡组","meta":{"paths":["lp0hx8"]},"content":"1296434423献祭了：3张二星  获得840P点，当前P点数为1570","timestamp":1778295815914}
{"id":367686,"type":"success","level":1,"name":"抽卡与卡组","meta":{"paths":["lp0hx8"]},"content":"1296434423献祭了：3张二星  获得840P点，当前P点数为1210","timestamp":1778295834488}
{"id":367773,"type":"success","level":1,"name":"抽卡与卡组","meta":{"paths":["lp0hx8"]},"content":"1296434423献祭了：2张二星  1张三星  获得1120P点，当前P点数为1130","timestamp":1778295870455}
{"id":367886,"type":"info","level":2,"name":"签到","meta":{"paths":["lp0hx8"]},"content":"1652933285向1296434423赠送了70个P点","timestamp":1778295895892}
{"id":368052,"type":"info","level":2,"name":"签到","meta":{"paths":["lp0hx8"]},"content":"1652933285向956937232赠送了323个P点","timestamp":1778295937568}
{"id":368201,"type":"info","level":2,"name":"抽卡与卡组","meta":{"paths":["lp0hx8"]},"content":"956937232抽到了一张☆二星★卡，剩余244P点","timestamp":1778295986395}
{"id":370504,"type":"success","level":1,"name":"签到","meta":{"paths":["lp0hx8"]},"content":"3319862114完成了一次签到！","timestamp":1778298028232}
{"id":378345,"type":"success","level":1,"name":"签到","meta":{"paths":["lp0hx8"]},"content":"2628075910完成了一次签到！","timestamp":1778301400362}
{"id":378392,"type":"success","level":1,"name":"签到","meta":{"paths":["lp0hx8"]},"content":"3764379512完成了一次签到！","timestamp":1778301411011}
{"id":378598,"type":"success","level":1,"name":"签到","meta":{"paths":["lp0hx8"]},"content":"2221639610完成了一次签到！","timestamp":1778301451236}
{"id":378621,"type":"success","level":1,"name":"签到","meta":{"paths":["lp0hx8"]},"content":"2433884076完成了一次签到！","timestamp":1778301452327}
{"id":378728,"type":"info","level":2,"name":"抽卡与卡组","meta":{"paths":["lp0hx8"]},"content":"2433884076抽到了一张☆二星★卡，剩余1709P点","timestamp":1778301469424}
{"id":378803,"type":"info","level":2,"name":"抽卡与卡组","meta":{"paths":["lp0hx8"]},"content":"2433884076抽到了一张❀三星☄卡，剩余1309P点","timestamp":1778301480083}
{"id":378834,"type":"info","level":2,"name":"抽卡与卡组","meta":{"paths":["lp0hx8"]},"content":"2433884076抽到了一张❀三星☄卡，剩余909P点","timestamp":1778301486138}
{"id":378868,"type":"info","level":2,"name":"抽卡与卡组","meta":{"paths":["lp0hx8"]},"content":"2433884076抽到了一张☆二星★卡，剩余509P点","timestamp":1778301489841}
{"id":378919,"type":"success","level":1,"name":"抽卡与卡组","meta":{"paths":["lp0hx8"]},"content":"2085287779献祭了：4张二星  获得1120P点，当前P点数为2748","timestamp":1778301493252}
{"id":378926,"type":"info","level":2,"name":"抽卡与卡组","meta":{"paths":["lp0hx8"]},"content":"2276942246抽到了一张☆二星★卡，剩余159P点","timestamp":1778301493425}
{"id":378933,"type":"info","level":2,"name":"抽卡与卡组","meta":{"paths":["lp0hx8"]},"content":"2433884076抽到了一张☆二星★卡，剩余109P点","timestamp":1778301494196}
{"id":379031,"type":"success","level":1,"name":"抽卡与卡组","meta":{"paths":["lp0hx8"]},"content":"2085287779献祭了：3张二星  1张三星  获得1400P点，当前P点数为2548","timestamp":1778301509161}
{"id":379119,"type":"success","level":1,"name":"抽卡与卡组","meta":{"paths":["lp0hx8"]},"content":"2276942246献祭了：1张二星  1张三星  1张四星  获得2040P点，当前P点数为2199","timestamp":1778301516788}
{"id":379152,"type":"success","level":1,"name":"抽卡与卡组","meta":{"paths":["lp0hx8"]},"content":"2085287779献祭了：2张二星  2张三星  获得1680P点，当前P点数为2628","timestamp":1778301521666}
{"id":379267,"type":"success","level":1,"name":"抽卡与卡组","meta":{"paths":["lp0hx8"]},"content":"2085287779献祭了：4张二星  获得1120P点，当前P点数为2148","timestamp":1778301537304}
{"id":379345,"type":"success","level":1,"name":"抽卡与卡组","meta":{"paths":["lp0hx8"]},"content":"2085287779献祭了：3张二星  1张三星  获得1400P点，当前P点数为1948","timestamp":1778301552249}
{"id":379389,"type":"info","level":2,"name":"抽卡与卡组","meta":{"paths":["lp0hx8"]},"content":"3764379512抽到了一张❀三星☄卡，剩余18241P点","timestamp":1778301560584}
{"id":379596,"type":"success","level":1,"name":"抽卡与卡组","meta":{"paths":["lp0hx8"]},"content":"2276942246献祭了：2张二星  1张FES  获得2560P点，当前P点数为3559","timestamp":1778301585181}
{"id":379655,"type":"success","level":1,"name":"抽卡与卡组","meta":{"paths":["lp0hx8"]},"content":"2085287779献祭了：4张二星  获得1120P点，当前P点数为1468","timestamp":1778301594888}
{"id":380023,"type":"success","level":1,"name":"抽卡与卡组","meta":{"paths":["lp0hx8"]},"content":"2276942246献祭了：1张二星  1张三星  1张四星  获得2040P点，当前P点数为4399","timestamp":1778301654406}
{"id":380195,"type":"success","level":1,"name":"抽卡与卡组","meta":{"paths":["lp0hx8"]},"content":"2276942246献祭了：2张二星  1张三星  获得1120P点，当前P点数为4319","timestamp":1778301677563}
{"id":380269,"type":"success","level":1,"name":"抽卡与卡组","meta":{"paths":["lp0hx8"]},"content":"2276942246献祭了：2张二星  1张三星  获得1120P点，当前P点数为4239","timestamp":1778301690157}
{"id":380393,"type":"success","level":1,"name":"抽卡与卡组","meta":{"paths":["lp0hx8"]},"content":"2628075910献祭了：3张二星  3张三星  获得2520P点，当前P点数为4921","timestamp":1778301698585}
{"id":380404,"type":"success","level":1,"name":"抽卡与卡组","meta":{"paths":["lp0hx8"]},"content":"2276942246献祭了：1张二星  2张三星  获得1400P点，当前P点数为4439","timestamp":1778301699871}
{"id":380500,"type":"success","level":1,"name":"抽卡与卡组","meta":{"paths":["lp0hx8"]},"content":"2276942246献祭了：2张二星  1张三星  获得1120P点，当前P点数为4359","timestamp":1778301710778}
{"id":380507,"type":"info","level":2,"name":"抽卡与卡组","meta":{"paths":["lp0hx8"]},"content":"3764379512抽到了一张❀三星☄卡，剩余17841P点","timestamp":1778301711593}
{"id":380577,"type":"info","level":2,"name":"抽卡与卡组","meta":{"paths":["lp0hx8"]},"content":"3764379512抽到了一张❀三星☄卡，剩余17441P点","timestamp":1778301718066}
{"id":380616,"type":"success","level":1,"name":"抽卡与卡组","meta":{"paths":["lp0hx8"]},"content":"2276942246献祭了：2张二星  1张三星  获得1120P点，当前P点数为4279","timestamp":1778301724211}
{"id":380696,"type":"success","level":1,"name":"抽卡与卡组","meta":{"paths":["lp0hx8"]},"content":"2276942246献祭了：1张二星  2张三星  获得1400P点，当前P点数为4479","timestamp":1778301733625}
{"id":380733,"type":"info","level":2,"name":"抽卡与卡组","meta":{"paths":["lp0hx8"]},"content":"2628075910抽到了一张☆二星★卡，剩余4521P点","timestamp":1778301738854}
{"id":380809,"type":"info","level":2,"name":"抽卡与卡组","meta":{"paths":["lp0hx8"]},"content":"2628075910抽到了一张☆二星★卡，剩余4121P点","timestamp":1778301753195}
{"id":380830,"type":"success","level":1,"name":"抽卡与卡组","meta":{"paths":["lp0hx8"]},"content":"2276942246献祭了：3张二星  获得840P点，当前P点数为4119","timestamp":1778301756960}
{"id":380953,"type":"info","level":2,"name":"koishi=plugin-qwq-mc-ament","meta":{"paths":["rwr33m"]},"content":"🛠️[debug]\n📝[options.arg0_title] = 老实人\n📖[options.arg1_description] = 老实人一次勇敢换来终身内向\n🎨[options.arg2_icon] = undefined\n🖼️[options.arg3_mcicon] = undefined\n\n[iconSource] = ATUSER[icon_format] = url\n[ament_icon_image_element](raw) = http://q.qlogo.cn/headimg_dl?dst_uin=2432499215&spec=640\n\n---------\n🅰️[config.fontpath] = /root/lezskabot/koishi/koishi-app/node_modules/koishi-plugin-awa-mc-ament/assets/MinecraftAE.ttf\n🌌[config.bgpath] = /root/lezskabot/koishi/koishi-app/node_modules/koishi-plugin-awa-mc-ament/assets/AdvancementMade_BG.png\nament_icon_base64 = /9j/4AAQSkZJRgABAQAAAQABAAD/2wBDAAYEBQYFBAYGBQYHBw","timestamp":1778301781665}
{"id":381270,"type":"info","level":2,"name":"抽卡与卡组","meta":{"paths":["lp0hx8"]},"content":"2628075910抽到了一张❀三星☄卡，剩余2121P点","timestamp":1778301838789}
{"id":381373,"type":"success","level":1,"name":"抽卡与卡组","meta":{"paths":["lp0hx8"]},"content":"3764379512献祭了：1张二星  6张三星  获得3640P点，当前P点数为21081","timestamp":1778301848433}
{"id":381388,"type":"success","level":1,"name":"抽卡与卡组","meta":{"paths":["lp0hx8"]},"content":"2276942246献祭了：2张二星  1张四星  获得1760P点，当前P点数为4679","timestamp":1778301850304}
{"id":381476,"type":"success","level":1,"name":"抽卡与卡组","meta":{"paths":["lp0hx8"]},"content":"2276942246献祭了：3张二星  获得840P点，当前P点数为4319","timestamp":1778301861773}
{"id":381552,"type":"success","level":1,"name":"抽卡与卡组","meta":{"paths":["lp0hx8"]},"content":"2276942246献祭了：3张二星  获得840P点，当前P点数为3959","timestamp":1778301872077}
{"id":381618,"type":"success","level":1,"name":"抽卡与卡组","meta":{"paths":["lp0hx8"]},"content":"2276942246献祭了：3张二星  获得840P点，当前P点数为3599","timestamp":1778301879518}
{"id":381732,"type":"success","level":1,"name":"抽卡与卡组","meta":{"paths":["lp0hx8"]},"content":"2276942246献祭了：2张二星  1张三星  获得1120P点，当前P点数为3519","timestamp":1778301888300}
{"id":381745,"type":"info","level":2,"name":"抽卡与卡组","meta":{"paths":["lp0hx8"]},"content":"3764379512抽到了一张❀三星☄卡，剩余20681P点","timestamp":1778301888738}
{"id":381760,"type":"success","level":1,"name":"抽卡与卡组","meta":{"paths":["lp0hx8"]},"content":"2628075910献祭了：4张二星  2张三星  获得2240P点，当前P点数为4361","timestamp":1778301889517}
{"id":381827,"type":"info","level":2,"name":"抽卡与卡组","meta":{"paths":["lp0hx8"]},"content":"3764379512抽到了一张☆二星★卡，剩余20281P点","timestamp":1778301896839}
{"id":381872,"type":"success","level":1,"name":"抽卡与卡组","meta":{"paths":["lp0hx8"]},"content":"2276942246献祭了：1张二星  2张三星  获得1400P点，当前P点数为3719","timestamp":1778301899638}
{"id":381922,"type":"info","level":2,"name":"抽卡与卡组","meta":{"paths":["lp0hx8"]},"content":"3764379512抽到了一张☆二星★卡，剩余19881P点","timestamp":1778301902716}
{"id":382015,"type":"info","level":2,"name":"抽卡与卡组","meta":{"paths":["lp0hx8"]},"content":"3764379512抽到了一张☆二星★卡，剩余19481P点","timestamp":1778301909496}
{"id":382026,"type":"success","level":1,"name":"抽卡与卡组","meta":{"paths":["lp0hx8"]},"content":"2276942246献祭了：2张二星  1张三星  获得1120P点，当前P点数为3639","timestamp":1778301910166}
{"id":382033,"type":"info","level":2,"name":"抽卡与卡组","meta":{"paths":["lp0hx8"]},"content":"2628075910抽到了一张❀三星☄卡，剩余3961P点","timestamp":1778301910375}
{"id":382118,"type":"success","level":1,"name":"抽卡与卡组","meta":{"paths":["lp0hx8"]},"content":"2276942246献祭了：3张二星  获得840P点，当前P点数为3279","timestamp":1778301918396}
{"id":382176,"type":"success","level":1,"name":"抽卡与卡组","meta":{"paths":["lp0hx8"]},"content":"2276942246献祭了：2张二星  1张三星  获得1120P点，当前P点数为3199","timestamp":1778301926945}
{"id":382229,"type":"info","level":2,"name":"抽卡与卡组","meta":{"paths":["lp0hx8"]},"content":"2628075910抽到了一张☆二星★卡，剩余3561P点","timestamp":1778301929745}
{"id":382287,"type":"info","level":2,"name":"抽卡与卡组","meta":{"paths":["lp0hx8"]},"content":"3764379512抽到了一张☆二星★卡，剩余19081P点","timestamp":1778301936846}
{"id":382374,"type":"info","level":2,"name":"抽卡与卡组","meta":{"paths":["lp0hx8"]},"content":"3764379512抽到了一张☆二星★卡，剩余18681P点","timestamp":1778301949030}
{"id":382398,"type":"success","level":1,"name":"抽卡与卡组","meta":{"paths":["lp0hx8"]},"content":"2276942246献祭了：2张二星  1张四星  获得1760P点，当前P点数为3759","timestamp":1778301951139}
{"id":382464,"type":"info","level":2,"name":"抽卡与卡组","meta":{"paths":["lp0hx8"]},"content":"3764379512抽到了一张☆二星★卡，剩余18281P点","timestamp":1778301953931}
{"id":382495,"type":"success","level":1,"name":"抽卡与卡组","meta":{"paths":["lp0hx8"]},"content":"2276942246献祭了：1张二星  2张三星  获得1400P点，当前P点数为3959","timestamp":1778301961546}
{"id":382574,"type":"success","level":1,"name":"抽卡与卡组","meta":{"paths":["lp0hx8"]},"content":"3764379512献祭了：6张二星  1张三星  1张四星  获得3440P点，当前P点数为21721","timestamp":1778301968119}
{"id":382600,"type":"success","level":1,"name":"抽卡与卡组","meta":{"paths":["lp0hx8"]},"content":"2276942246献祭了：2张二星  1张三星  获得1120P点，当前P点数为3879","timestamp":1778301971820}
{"id":382656,"type":"info","level":2,"name":"抽卡与卡组","meta":{"paths":["lp0hx8"]},"content":"3764379512抽到了一张☆二星★卡，剩余21321P点","timestamp":1778301977432}
{"id":382746,"type":"info","level":2,"name":"抽卡与卡组","meta":{"paths":["lp0hx8"]},"content":"3764379512抽到了一张❀三星☄卡，剩余20921P点","timestamp":1778301985900}
{"id":382795,"type":"info","level":2,"name":"抽卡与卡组","meta":{"paths":["lp0hx8"]},"content":"3764379512抽到了一张☆二星★卡，剩余20521P点","timestamp":1778301991332}
{"id":382810,"type":"success","level":1,"name":"抽卡与卡组","meta":{"paths":["lp0hx8"]},"content":"2628075910献祭了：5张二星  1张三星  获得1960P点，当前P点数为3921","timestamp":1778301991748}
{"id":382845,"type":"success","level":1,"name":"抽卡与卡组","meta":{"paths":["lp0hx8"]},"content":"2276942246献祭了：2张二星  1张四星  获得1760P点，当前P点数为4439","timestamp":1778301995073}
{"id":382966,"type":"success","level":1,"name":"抽卡与卡组","meta":{"paths":["lp0hx8"]},"content":"2276942246献祭了：2张二星  1张三星  获得1120P点，当前P点数为4359","timestamp":1778302006664}
{"id":383051,"type":"success","level":1,"name":"抽卡与卡组","meta":{"paths":["lp0hx8"]},"content":"2276942246献祭了：2张二星  1张三星  获得1120P点，当前P点数为4279","timestamp":1778302017611}
{"id":383170,"type":"success","level":1,"name":"抽卡与卡组","meta":{"paths":["lp0hx8"]},"content":"3764379512献祭了：7张二星  1张三星  获得2520P点，当前P点数为21041","timestamp":1778302036985}
{"id":383285,"type":"success","level":1,"name":"抽卡与卡组","meta":{"paths":["lp0hx8"]},"content":"2276942246献祭了：1张三星  2张四星  获得2960P点，当前P点数为6039","timestamp":1778302056829}
{"id":383497,"type":"success","level":1,"name":"抽卡与卡组","meta":{"paths":["lp0hx8"]},"content":"2276942246献祭了：3张二星  获得840P点，当前P点数为5679","timestamp":1778302076436}
{"id":383592,"type":"success","level":1,"name":"抽卡与卡组","meta":{"paths":["lp0hx8"]},"content":"2276942246献祭了：1张二星  2张三星  获得1400P点，当前P点数为5879","timestamp":1778302083900}
{"id":383724,"type":"success","level":1,"name":"抽卡与卡组","meta":{"paths":["lp0hx8"]},"content":"3764379512献祭了：4张二星  2张三星  2张四星  获得4640P点，当前P点数为22481","timestamp":1778302102995}
{"id":383738,"type":"success","level":1,"name":"抽卡与卡组","meta":{"paths":["lp0hx8"]},"content":"2276942246献祭了：2张二星  1张四星  获得1760P点，当前P点数为6439","timestamp":1778302104628}
{"id":383908,"type":"success","level":1,"name":"抽卡与卡组","meta":{"paths":["lp0hx8"]},"content":"2628075910献祭了：5张二星  1张三星  获得1960P点，当前P点数为3481","timestamp":1778302123127}
{"id":383945,"type":"success","level":1,"name":"抽卡与卡组","meta":{"paths":["lp0hx8"]},"content":"3764379512献祭了：6张二星  2张三星  获得2800P点，当前P点数为22081","timestamp":1778302125666}
{"id":384152,"type":"success","level":1,"name":"抽卡与卡组","meta":{"paths":["lp0hx8"]},"content":"3764379512献祭了：4张二星  3张三星  1张四星  获得4000P点，当前P点数为22881","timestamp":1778302159675}
{"id":384251,"type":"success","level":1,"name":"抽卡与卡组","meta":{"paths":["lp0hx8"]},"content":"3764379512献祭了：5张二星  3张三星  获得3080P点，当前P点数为22761","timestamp":1778302172804}
{"id":384430,"type":"success","level":1,"name":"抽卡与卡组","meta":{"paths":["lp0hx8"]},"content":"3764379512献祭了：7张二星  1张三星  获得2520P点，当前P点数为22081","timestamp":1778302197544}
{"id":384588,"type":"success","level":1,"name":"抽卡与卡组","meta":{"paths":["lp0hx8"]},"content":"3764379512献祭了：5张二星  3张三星  获得3080P点，当前P点数为21961","timestamp":1778302215101}
{"id":384688,"type":"success","level":1,"name":"抽卡与卡组","meta":{"paths":["lp0hx8"]},"content":"2628075910献祭了：3张二星  3张三星  获得2520P点，当前P点数为3601","timestamp":1778302225324}
{"id":384738,"type":"success","level":1,"name":"抽卡与卡组","meta":{"paths":["lp0hx8"]},"content":"3764379512献祭了：7张二星  1张三星  获得2520P点，当前P点数为21281","timestamp":1778302232162}
{"id":385201,"type":"success","level":1,"name":"抽卡与卡组","meta":{"paths":["lp0hx8"]},"content":"3764379512献祭了：6张二星  1张三星  1张四星  获得3440P点，当前P点数为21521","timestamp":1778302298151}
{"id":385319,"type":"success","level":1,"name":"抽卡与卡组","meta":{"paths":["lp0hx8"]},"content":"2628075910献祭了：3张二星  3张三星  获得2520P点，当前P点数为3721","timestamp":1778302311575}
{"id":385463,"type":"success","level":1,"name":"抽卡与卡组","meta":{"paths":["lp0hx8"]},"content":"3764379512献祭了：7张二星  1张四星  获得3160P点，当前P点数为21481","timestamp":1778302329312}
{"id":385561,"type":"success","level":1,"name":"抽卡与卡组","meta":{"paths":["lp0hx8"]},"content":"2221639610献祭了：3张二星  1张三星  1张四星  获得2600P点，当前P点数为6168","timestamp":1778302347988}
{"id":385664,"type":"error","level":1,"name":"抽卡与卡组","meta":{"paths":["lp0hx8"]},"content":"2085287779抽卡失败，积分不足","timestamp":1778302362305}
{"id":386548,"type":"success","level":1,"name":"抽卡与卡组","meta":{"paths":["lp0hx8"]},"content":"2628075910献祭了：4张二星  1张三星  获得1680P点，当前P点数为3001","timestamp":1778302603027}
{"id":386599,"type":"success","level":1,"name":"抽卡与卡组","meta":{"paths":["lp0hx8"]},"content":"2221639610献祭了：2张二星  2张三星  1张四星  获得2880P点，当前P点数为7048","timestamp":1778302612047}
{"id":386838,"type":"success","level":1,"name":"抽卡与卡组","meta":{"paths":["lp0hx8"]},"content":"2628075910献祭了：4张二星  1张三星  获得1680P点，当前P点数为2681","timestamp":1778302657239}
{"id":387094,"type":"success","level":1,"name":"抽卡与卡组","meta":{"paths":["lp0hx8"]},"content":"2628075910献祭了：2张二星  3张三星  1张四星  获得3440P点，当前P点数为4121","timestamp":1778302718263}
{"id":387765,"type":"success","level":1,"name":"抽卡与卡组","meta":{"paths":["lp0hx8"]},"content":"2628075910献祭了：4张二星  3张三星  获得2800P点，当前P点数为4521","timestamp":1778303000407}
{"id":388201,"type":"success","level":1,"name":"签到","meta":{"paths":["lp0hx8"]},"content":"1090073898完成了一次签到！","timestamp":1778303273546}
{"id":388984,"type":"success","level":1,"name":"签到","meta":{"paths":["lp0hx8"]},"content":"1012113121抢了956937232的391P点！","timestamp":1778303845542}
{"id":388985,"type":"info","level":2,"name":"签到","meta":{"paths":["lp0hx8"]},"content":"1012113121今天的抢劫记录为-28   |    剩余抢劫次数为0","timestamp":1778303845543}
{"id":389062,"type":"info","level":2,"name":"签到","meta":{"paths":["lp0hx8"]},"content":"3980423768向956937232赠送了100个P点","timestamp":1778303890967}
{"id":389082,"type":"info","level":2,"name":"签到","meta":{"paths":["lp0hx8"]},"content":"已更新3980423768的抢劫次数和记录","timestamp":1778303893577}
{"id":389142,"type":"info","level":2,"name":"签到","meta":{"paths":["lp0hx8"]},"content":"3980423768向956937232赠送了1个P点","timestamp":1778303903007}
{"id":389177,"type":"success","level":1,"name":"签到","meta":{"paths":["lp0hx8"]},"content":"3980423768抢了956937232的235P点！","timestamp":1778303907704}
{"id":389178,"type":"info","level":2,"name":"签到","meta":{"paths":["lp0hx8"]},"content":"3980423768今天的抢劫记录为101   |    剩余抢劫次数为2","timestamp":1778303907706}
{"id":390569,"type":"info","level":2,"name":"抽卡与卡组","meta":{"paths":["lp0hx8"]},"content":"3389530537抽到了一张❀三星☄卡，剩余3424P点","timestamp":1778304635768}
{"id":390602,"type":"info","level":2,"name":"抽卡与卡组","meta":{"paths":["lp0hx8"]},"content":"3389530537抽到了一张☆二星★卡，剩余3024P点","timestamp":1778304643651}
{"id":390621,"type":"info","level":2,"name":"抽卡与卡组","meta":{"paths":["lp0hx8"]},"content":"3389530537抽到了一张☆二星★卡，剩余2624P点","timestamp":1778304650703}
{"id":390661,"type":"info","level":2,"name":"抽卡与卡组","meta":{"paths":["lp0hx8"]},"content":"3389530537抽到了一张☆二星★卡，剩余2224P点","timestamp":1778304661458}
{"id":390714,"type":"info","level":2,"name":"抽卡与卡组","meta":{"paths":["lp0hx8"]},"content":"3389530537抽到了一张☆二星★卡，剩余1824P点","timestamp":1778304669917}
{"id":390769,"type":"info","level":2,"name":"抽卡与卡组","meta":{"paths":["lp0hx8"]},"content":"3389530537抽到了一张☆二星★卡，剩余1424P点","timestamp":1778304678493}
{"id":390836,"type":"info","level":2,"name":"抽卡与卡组","meta":{"paths":["lp0hx8"]},"content":"3389530537抽到了一张☆二星★卡，剩余1024P点","timestamp":1778304693650}
{"id":390879,"type":"info","level":2,"name":"抽卡与卡组","meta":{"paths":["lp0hx8"]},"content":"3389530537抽到了一张❀三星☄卡，剩余624P点","timestamp":1778304700309}
{"id":390935,"type":"info","level":2,"name":"抽卡与卡组","meta":{"paths":["lp0hx8"]},"content":"3389530537抽到了一张❀三星☄卡，剩余224P点","timestamp":1778304708999}
{"id":391051,"type":"info","level":2,"name":"抽卡与卡组","meta":{"paths":["lp0hx8"]},"content":"3536694017抽到了一张☆二星★卡，剩余8780P点","timestamp":1778304745756}
{"id":391083,"type":"info","level":2,"name":"抽卡与卡组","meta":{"paths":["lp0hx8"]},"content":"2018283414抽到了一张☆二星★卡，剩余3314P点","timestamp":1778304751210}
{"id":391129,"type":"info","level":2,"name":"抽卡与卡组","meta":{"paths":["lp0hx8"]},"content":"2018283414抽到了一张❀三星☄卡，剩余2914P点","timestamp":1778304755852}
{"id":391168,"type":"info","level":2,"name":"抽卡与卡组","meta":{"paths":["lp0hx8"]},"content":"2018283414抽到了一张❀三星☄卡，剩余2514P点","timestamp":1778304767094}
{"id":391205,"type":"info","level":2,"name":"抽卡与卡组","meta":{"paths":["lp0hx8"]},"content":"2018283414抽到了一张☆二星★卡，剩余2114P点","timestamp":1778304773047}
{"id":391236,"type":"info","level":2,"name":"抽卡与卡组","meta":{"paths":["lp0hx8"]},"content":"2018283414抽到了一张❀三星☄卡，剩余1714P点","timestamp":1778304777818}
{"id":391309,"type":"info","level":2,"name":"抽卡与卡组","meta":{"paths":["lp0hx8"]},"content":"2018283414抽到了一张☆二星★卡，剩余1314P点","timestamp":1778304786590}
{"id":391326,"type":"success","level":1,"name":"抽卡与卡组","meta":{"paths":["lp0hx8"]},"content":"2221639610献祭了：4张二星  1张三星  获得1680P点，当前P点数为6728","timestamp":1778304787982}
{"id":391351,"type":"info","level":2,"name":"抽卡与卡组","meta":{"paths":["lp0hx8"]},"content":"2018283414抽到了一张❀三星☄卡，剩余914P点","timestamp":1778304792131}
{"id":391407,"type":"info","level":2,"name":"抽卡与卡组","meta":{"paths":["lp0hx8"]},"content":"2018283414抽到了一张☆二星★卡，剩余514P点","timestamp":1778304799202}
{"id":391454,"type":"info","level":2,"name":"抽卡与卡组","meta":{"paths":["lp0hx8"]},"content":"2018283414抽到了一张☆二星★卡，剩余114P点","timestamp":1778304803703}
{"id":391596,"type":"success","level":1,"name":"抽卡与卡组","meta":{"paths":["lp0hx8"]},"content":"2221639610献祭了：4张二星  1张三星  获得1680P点，当前P点数为6408","timestamp":1778304843912}
{"id":391707,"type":"info","level":2,"name":"抽卡与卡组","meta":{"paths":["lp0hx8"]},"content":"2221639610抽到了一张☆二星★卡，剩余6008P点","timestamp":1778304868885}
{"id":391785,"type":"info","level":2,"name":"抽卡与卡组","meta":{"paths":["lp0hx8"]},"content":"2221639610抽到了一张☆二星★卡，剩余5608P点","timestamp":1778304894563}
{"id":391830,"type":"info","level":2,"name":"抽卡与卡组","meta":{"paths":["lp0hx8"]},"content":"2221639610抽到了一张☆二星★卡，剩余5208P点","timestamp":1778304903175}
{"id":391867,"type":"info","level":2,"name":"抽卡与卡组","meta":{"paths":["lp0hx8"]},"content":"2221639610抽到了一张☆二星★卡，剩余4808P点","timestamp":1778304909716}
{"id":391915,"type":"info","level":2,"name":"抽卡与卡组","meta":{"paths":["lp0hx8"]},"content":"2221639610抽到了一张☆二星★卡，剩余4408P点","timestamp":1778304916927}
{"id":392018,"type":"success","level":1,"name":"抽卡与卡组","meta":{"paths":["lp0hx8"]},"content":"2221639610献祭了：5张二星  获得1400P点，当前P点数为5808","timestamp":1778304937439}
{"id":392154,"type":"success","level":1,"name":"抽卡与卡组","meta":{"paths":["lp0hx8"]},"content":"2221639610献祭了：4张二星  1张三星  获得1680P点，当前P点数为5488","timestamp":1778304977604}
{"id":392373,"type":"success","level":1,"name":"抽卡与卡组","meta":{"paths":["lp0hx8"]},"content":"2221639610献祭了：1张二星  2张三星  获得1400P点，当前P点数为4888","timestamp":1778305097309}
{"id":392447,"type":"success","level":1,"name":"抽卡与卡组","meta":{"paths":["lp0hx8"]},"content":"2221639610献祭了：3张二星  获得840P点，当前P点数为4528","timestamp":1778305121127}
{"id":392512,"type":"success","level":1,"name":"抽卡与卡组","meta":{"paths":["lp0hx8"]},"content":"2221639610献祭了：3张二星  获得840P点，当前P点数为4168","timestamp":1778305139079}
{"id":392601,"type":"error","level":1,"name":"抽卡与卡组","meta":{"paths":["lp0hx8"]},"content":"1494612814抽卡失败，积分不足","timestamp":1778305184700}
{"id":392626,"type":"success","level":1,"name":"签到","meta":{"paths":["lp0hx8"]},"content":"1962318808完成了一次签到！","timestamp":1778305193902}
{"id":392651,"type":"error","level":1,"name":"抽卡与卡组","meta":{"paths":["lp0hx8"]},"content":"1494612814抽卡失败，积分不足","timestamp":1778305194779}
{"id":393061,"type":"success","level":1,"name":"签到","meta":{"paths":["lp0hx8"]},"content":"1494612814完成了一次签到！","timestamp":1778305422586}
{"id":393115,"type":"info","level":2,"name":"抽卡与卡组","meta":{"paths":["lp0hx8"]},"content":"1494612814抽到了一张❀三星☄卡，剩余3394P点","timestamp":1778305430556}
{"id":393153,"type":"info","level":2,"name":"抽卡与卡组","meta":{"paths":["lp0hx8"]},"content":"1494612814抽到了一张☆二星★卡，剩余2994P点","timestamp":1778305436777}
{"id":393181,"type":"info","level":2,"name":"抽卡与卡组","meta":{"paths":["lp0hx8"]},"content":"1494612814抽到了一张☆二星★卡，剩余2594P点","timestamp":1778305444579}
{"id":393258,"type":"info","level":2,"name":"抽卡与卡组","meta":{"paths":["lp0hx8"]},"content":"1494612814抽到了一张☆二星★卡，剩余194P点","timestamp":1778305459676}
{"id":393641,"type":"success","level":1,"name":"签到","meta":{"paths":["lp0hx8"]},"content":"153568574完成了一次签到！","timestamp":1778305605899}
{"id":393732,"type":"info","level":2,"name":"抽卡与卡组","meta":{"paths":["lp0hx8"]},"content":"153568574抽到了一张☆二星★卡，剩余3607P点","timestamp":1778305631549}
{"id":393758,"type":"info","level":2,"name":"抽卡与卡组","meta":{"paths":["lp0hx8"]},"content":"153568574抽到了一张☆二星★卡，剩余3207P点","timestamp":1778305637066}
{"id":393823,"type":"info","level":2,"name":"抽卡与卡组","meta":{"paths":["lp0hx8"]},"content":"153568574抽到了一张☆二星★卡，剩余2807P点","timestamp":1778305648395}
{"id":393858,"type":"info","level":2,"name":"抽卡与卡组","meta":{"paths":["lp0hx8"]},"content":"1090073898抽到了一张☆二星★卡，剩余9425P点","timestamp":1778305650319}
{"id":393878,"type":"info","level":2,"name":"抽卡与卡组","meta":{"paths":["lp0hx8"]},"content":"153568574抽到了一张❀三星☄卡，剩余2407P点","timestamp":1778305655192}
{"id":393907,"type":"info","level":2,"name":"抽卡与卡组","meta":{"paths":["lp0hx8"]},"content":"153568574抽到了一张☆二星★卡，剩余2007P点","timestamp":1778305662590}
{"id":393926,"type":"info","level":2,"name":"抽卡与卡组","meta":{"paths":["lp0hx8"]},"content":"153568574抽到了一张❀三星☄卡，剩余1607P点","timestamp":1778305666293}
{"id":393950,"type":"info","level":2,"name":"抽卡与卡组","meta":{"paths":["lp0hx8"]},"content":"1090073898抽到了一张☆二星★卡，剩余9025P点","timestamp":1778305668275}
{"id":393998,"type":"info","level":2,"name":"抽卡与卡组","meta":{"paths":["lp0hx8"]},"content":"1090073898抽到了一张❀三星☄卡，剩余8625P点","timestamp":1778305679505}
{"id":394042,"type":"info","level":2,"name":"抽卡与卡组","meta":{"paths":["lp0hx8"]},"content":"1090073898抽到了一张☆二星★卡，剩余8225P点","timestamp":1778305690487}
{"id":394071,"type":"info","level":2,"name":"抽卡与卡组","meta":{"paths":["lp0hx8"]},"content":"153568574抽到了一张☆二星★卡，剩余1207P点","timestamp":1778305697180}
{"id":394095,"type":"info","level":2,"name":"抽卡与卡组","meta":{"paths":["lp0hx8"]},"content":"1090073898抽到了一张☆二星★卡，剩余7825P点","timestamp":1778305698318}
{"id":394170,"type":"info","level":2,"name":"抽卡与卡组","meta":{"paths":["lp0hx8"]},"content":"1090073898抽到了一张☆二星★卡，剩余7425P点","timestamp":1778305719827}
{"id":394201,"type":"info","level":2,"name":"抽卡与卡组","meta":{"paths":["lp0hx8"]},"content":"1090073898抽到了一张❀三星☄卡，剩余7025P点","timestamp":1778305734855}
{"id":394231,"type":"info","level":2,"name":"抽卡与卡组","meta":{"paths":["lp0hx8"]},"content":"1090073898抽到了一张❀三星☄卡，剩余6625P点","timestamp":1778305745050}
{"id":394258,"type":"info","level":2,"name":"抽卡与卡组","meta":{"paths":["lp0hx8"]},"content":"1090073898抽到了一张☆二星★卡，剩余6225P点","timestamp":1778305754011}
{"id":394259,"type":"warn","level":2,"name":"command","meta":{},"content":"献祭 \nTypeError: Cannot read properties of undefined (reading 'split')\n    at _Command.eval (eval at <anonymous> (/root/lezskabot/koishi/koishi-app/node_modules/koishi-plugin-blockly-null/lib/index.js:1:1), <anonymous>:356:55)\n    at async Array.<anonymous> (/root/lezskabot/koishi/koishi-app/node_modules/@koishijs/core/lib/index.cjs:1079:14)\n    at async _Command.execute (/root/lezskabot/koishi/koishi-app/node_modules/@koishijs/core/lib/index.cjs:1093:22)\n    at async /root/lezskabot/koishi/koishi-app/node_modules/@koishijs/core/lib/index.cjs:2049:22\n    at async Proxy.withScope (/root/lezskabot/koishi/koishi-app/node_modules/@koishijs/core/lib/index.cjs:1958:22)\n    at async next (/root/lezskabot/koishi/koishi-app/node_modules/@koishijs/core/lib/index.cjs:827:16)\n    at async next (/root/lezskabot/koishi/koishi-app/node_modules/@koishijs/core/lib/index.cjs:827:16)\n    at async next (/root/lezskabot/koishi/koishi-app/node_modules/@koishijs/core/lib/index.cjs:827:16)\n    at async next (/root/lezskabot/koishi/koishi-app/node_modules/@koishijs/core/lib/index.cjs:827:16)\n    at async Processor._handleMessage (/root/lezskabot/koishi/koishi-app/node_modules/@koishijs/core/lib/index.cjs:838:22)","timestamp":1778305760680}
{"id":394286,"type":"info","level":2,"name":"抽卡与卡组","meta":{"paths":["lp0hx8"]},"content":"1090073898抽到了一张☆二星★卡，剩余5825P点","timestamp":1778305761612}
{"id":394313,"type":"info","level":2,"name":"抽卡与卡组","meta":{"paths":["lp0hx8"]},"content":"1090073898抽到了一张❀三星☄卡，剩余5425P点","timestamp":1778305770863}
{"id":394350,"type":"info","level":2,"name":"抽卡与卡组","meta":{"paths":["lp0hx8"]},"content":"1090073898抽到了一张☆二星★卡，剩余5025P点","timestamp":1778305780071}
{"id":394407,"type":"info","level":2,"name":"抽卡与卡组","meta":{"paths":["lp0hx8"]},"content":"1090073898抽到了一张❀三星☄卡，剩余4625P点","timestamp":1778305792567}
{"id":394439,"type":"info","level":2,"name":"抽卡与卡组","meta":{"paths":["lp0hx8"]},"content":"1090073898抽到了一张☆二星★卡，剩余4225P点","timestamp":1778305803294}
{"id":394471,"type":"info","level":2,"name":"抽卡与卡组","meta":{"paths":["lp0hx8"]},"content":"1090073898抽到了一张☆二星★卡，剩余3825P点","timestamp":1778305806709}
{"id":394546,"type":"info","level":2,"name":"抽卡与卡组","meta":{"paths":["lp0hx8"]},"content":"1090073898抽到了一张❀三星☄卡，剩余3425P点","timestamp":1778305814388}
{"id":394565,"type":"info","level":2,"name":"抽卡与卡组","meta":{"paths":["lp0hx8"]},"content":"1090073898抽到了一张☆二星★卡，剩余3025P点","timestamp":1778305817945}
{"id":394611,"type":"info","level":2,"name":"抽卡与卡组","meta":{"paths":["lp0hx8"]},"content":"1090073898抽到了一张☆二星★卡，剩余2625P点","timestamp":1778305829587}
{"id":394642,"type":"info","level":2,"name":"抽卡与卡组","meta":{"paths":["lp0hx8"]},"content":"1090073898抽到了一张☆二星★卡，剩余2225P点","timestamp":1778305836484}
{"id":394685,"type":"info","level":2,"name":"抽卡与卡组","meta":{"paths":["lp0hx8"]},"content":"1090073898抽到了一张☆二星★卡，剩余1825P点","timestamp":1778305844819}
{"id":394708,"type":"info","level":2,"name":"抽卡与卡组","meta":{"paths":["lp0hx8"]},"content":"1090073898抽到了一张☆二星★卡，剩余1425P点","timestamp":1778305847626}
{"id":394746,"type":"info","level":2,"name":"抽卡与卡组","meta":{"paths":["lp0hx8"]},"content":"1090073898抽到了一张❀三星☄卡，剩余1025P点","timestamp":1778305855012}
{"id":394774,"type":"info","level":2,"name":"抽卡与卡组","meta":{"paths":["lp0hx8"]},"content":"1090073898抽到了一张☆二星★卡，剩余625P点","timestamp":1778305857735}
{"id":394813,"type":"info","level":2,"name":"抽卡与卡组","meta":{"paths":["lp0hx8"]},"content":"1090073898抽到了一张☆二星★卡，剩余225P点","timestamp":1778305865982}
{"id":394837,"type":"error","level":1,"name":"抽卡与卡组","meta":{"paths":["lp0hx8"]},"content":"1494612814抽卡失败，积分不足","timestamp":1778305869653}
{"id":394876,"type":"info","level":2,"name":"抽卡与卡组","meta":{"paths":["lp0hx8"]},"content":"153568574抽到了一张☆二星★卡，剩余807P点","timestamp":1778305880571}
{"id":394901,"type":"info","level":2,"name":"抽卡与卡组","meta":{"paths":["lp0hx8"]},"content":"153568574抽到了一张☆二星★卡，剩余407P点","timestamp":1778305885097}
{"id":394926,"type":"info","level":2,"name":"抽卡与卡组","meta":{"paths":["lp0hx8"]},"content":"153568574抽到了一张☆二星★卡，剩余7P点","timestamp":1778305887432}
{"id":397189,"type":"info","level":2,"name":"抽卡与卡组","meta":{"paths":["lp0hx8"]},"content":"3568930598抽到了一张❀三星☄卡，剩余7385P点","timestamp":1778306534632}
{"id":397362,"type":"info","level":2,"name":"blockly","meta":{"paths":["lp0hx8"]},"content":"Loading 3 plugin(s)","timestamp":1778306584339}
{"id":397363,"type":"info","level":2,"name":"blockly","meta":{"paths":["lp0hx8"]},"content":"Loaded 3 plugin(s)","timestamp":1778306584411}
{"id":397452,"type":"info","level":2,"name":"抽卡与卡组","meta":{"paths":["lp0hx8"]},"content":"3568930598抽到了一张☆二星★卡，剩余6985P点","timestamp":1778306592496}
{"id":397476,"type":"info","level":2,"name":"抽卡与卡组","meta":{"paths":["lp0hx8"]},"content":"3568930598抽到了一张❀三星☄卡，剩余6585P点","timestamp":1778306597796}
{"id":397532,"type":"success","level":1,"name":"抽卡与卡组","meta":{"paths":["lp0hx8"]},"content":"2628075910献祭了：3张二星  4张三星  获得3080P点，当前P点数为4801","timestamp":1778306611548}
{"id":397629,"type":"info","level":2,"name":"抽卡与卡组","meta":{"paths":["lp0hx8"]},"content":"3568930598抽到了一张☆二星★卡，剩余6185P点","timestamp":1778306621971}
{"id":397652,"type":"info","level":2,"name":"抽卡与卡组","meta":{"paths":["lp0hx8"]},"content":"3568930598抽到了一张☆二星★卡，剩余5785P点","timestamp":1778306629298}
{"id":397683,"type":"info","level":2,"name":"抽卡与卡组","meta":{"paths":["lp0hx8"]},"content":"3568930598抽到了一张☆二星★卡，剩余5385P点","timestamp":1778306634576}
{"id":397710,"type":"info","level":2,"name":"抽卡与卡组","meta":{"paths":["lp0hx8"]},"content":"3568930598抽到了一张❀三星☄卡，剩余4985P点","timestamp":1778306639979}
{"id":397716,"type":"info","level":2,"name":"blockly","meta":{"paths":["lp0hx8"]},"content":"Loading 3 plugin(s)","timestamp":1778306640833}
{"id":397717,"type":"info","level":2,"name":"blockly","meta":{"paths":["lp0hx8"]},"content":"Loaded 3 plugin(s)","timestamp":1778306640916}
{"id":397863,"type":"info","level":2,"name":"抽卡与卡组","meta":{"paths":["lp0hx8"]},"content":"3568930598抽到了一张☆二星★卡，剩余4585P点","timestamp":1778306654151}
{"id":397896,"type":"info","level":2,"name":"抽卡与卡组","meta":{"paths":["lp0hx8"]},"content":"3568930598抽到了一张☆二星★卡，剩余4185P点","timestamp":1778306659286}
{"id":397921,"type":"info","level":2,"name":"blockly","meta":{"paths":["lp0hx8"]},"content":"Loading 3 plugin(s)","timestamp":1778306670750}
{"id":397922,"type":"info","level":2,"name":"blockly","meta":{"paths":["lp0hx8"]},"content":"Loaded 3 plugin(s)","timestamp":1778306670831}
{"id":398323,"type":"error","level":1,"name":"签到","meta":{"paths":["lp0hx8"]},"content":"971217490抢劫失败！该用户今天抢劫次数已用完","timestamp":1778306794127}
{"id":398400,"type":"error","level":1,"name":"抽卡与卡组","meta":{"paths":["lp0hx8"]},"content":"3980423768抽卡失败，积分不足","timestamp":1778306816651}
{"id":398493,"type":"success","level":1,"name":"签到","meta":{"paths":["lp0hx8"]},"content":"1652933285抢了3980423768的216P点！","timestamp":1778306832214}
{"id":398494,"type":"info","level":2,"name":"签到","meta":{"paths":["lp0hx8"]},"content":"1652933285今天的抢劫记录为574   |    剩余抢劫次数为0","timestamp":1778306832215}
{"id":398568,"type":"info","level":2,"name":"签到","meta":{"paths":["lp0hx8"]},"content":"1652933285向971217490赠送了143个P点","timestamp":1778306852362}
{"id":398615,"type":"success","level":1,"name":"签到","meta":{"paths":["lp0hx8"]},"content":"3055983840抢劫1652933285失败！失去了294P点！","timestamp":1778306862016}
{"id":398616,"type":"info","level":2,"name":"签到","meta":{"paths":["lp0hx8"]},"content":"3055983840今天的抢劫记录为-329   |    剩余抢劫次数为5","timestamp":1778306862017}
{"id":398655,"type":"info","level":2,"name":"签到","meta":{"paths":["lp0hx8"]},"content":"1652933285向971217490赠送了134个P点","timestamp":1778306870372}
{"id":398766,"type":"success","level":1,"name":"签到","meta":{"paths":["lp0hx8"]},"content":"3055983840抢劫971217490失败！失去了296P点！","timestamp":1778306904943}
{"id":398767,"type":"info","level":2,"name":"签到","meta":{"paths":["lp0hx8"]},"content":"3055983840今天的抢劫记录为-625   |    剩余抢劫次数为4","timestamp":1778306904943}
{"id":398843,"type":"error","level":1,"name":"签到","meta":{"paths":["lp0hx8"]},"content":"1652933285抢劫失败！该用户今天抢劫次数已用完","timestamp":1778306929814}
{"id":399312,"type":"info","level":2,"name":"blockly","meta":{"paths":["lp0hx8"]},"content":"Loading 3 plugin(s)","timestamp":1778307242384}
{"id":399313,"type":"info","level":2,"name":"blockly","meta":{"paths":["lp0hx8"]},"content":"Loaded 3 plugin(s)","timestamp":1778307242470}
{"id":399483,"type":"info","level":2,"name":"签到","meta":{"paths":["lp0hx8"]},"content":"29053789向3980423768赠送了1000个P点","timestamp":1778307272068}
{"id":399519,"type":"success","level":1,"name":"签到","meta":{"paths":["lp0hx8"]},"content":"29053789抢了3980423768的343P点！","timestamp":1778307275731}
{"id":399520,"type":"info","level":2,"name":"签到","meta":{"paths":["lp0hx8"]},"content":"29053789今天的抢劫记录为2441   |    剩余抢劫次数为3","timestamp":1778307275732}
{"id":399619,"type":"info","level":2,"name":"抽卡与卡组","meta":{"paths":["lp0hx8"]},"content":"3366143939抽到了一张❀三星☄卡，剩余5697P点","timestamp":1778307305385}
{"id":399801,"type":"info","level":2,"name":"blockly","meta":{"paths":["lp0hx8"]},"content":"Loading 3 plugin(s)","timestamp":1778307409565}
{"id":399802,"type":"info","level":2,"name":"blockly","meta":{"paths":["lp0hx8"]},"content":"Loaded 3 plugin(s)","timestamp":1778307409650}
{"id":399882,"type":"success","level":1,"name":"签到","meta":{"paths":["lp0hx8"]},"content":"29053789抢了3980423768的666P点！","timestamp":1778307412253}
{"id":399883,"type":"info","level":2,"name":"签到","meta":{"paths":["lp0hx8"]},"content":"29053789今天的抢劫记录为3098   |    剩余抢劫次数为3","timestamp":1778307412254}
{"id":399981,"type":"info","level":2,"name":"签到","meta":{"paths":["lp0hx8"]},"content":"29053789向3980423768赠送了4000个P点","timestamp":1778307432116}
{"id":400018,"type":"error","level":1,"name":"签到","meta":{"paths":["lp0hx8"]},"content":"2221639610签到失败！原因：该用户已经签到","timestamp":1778307444950}
{"id":400054,"type":"info","level":2,"name":"抽卡与卡组","meta":{"paths":["lp0hx8"]},"content":"3980423768抽到了一张♔♕四星(?)♕♔卡，剩余2000P点","timestamp":1778307451103}
{"id":400182,"type":"info","level":2,"name":"抽卡与卡组","meta":{"paths":["lp0hx8"]},"content":"3980423768抽到了一张♔♕四星(?)♕♔卡，剩余1600P点","timestamp":1778307545450}
{"id":400494,"type":"success","level":1,"name":"抽卡与卡组","meta":{"paths":["lp0hx8"]},"content":"3980423768献祭了：2张四星  2张FES  获得6400P点，当前P点数为6400","timestamp":1778307717698}
{"id":400652,"type":"success","level":1,"name":"签到","meta":{"paths":["lp0hx8"]},"content":"3995085039完成了一次签到！","timestamp":1778307788193}
{"id":400680,"type":"error","level":1,"name":"抽卡与卡组","meta":{"paths":["lp0hx8"]},"content":"1652933285抽卡失败，积分不足","timestamp":1778307803140}
{"id":400716,"type":"success","level":1,"name":"抽卡与卡组","meta":{"paths":["lp0hx8"]},"content":"3980423768献祭了：2张二星  2张三星  获得1680P点，当前P点数为6480","timestamp":1778307818954}
{"id":400782,"type":"success","level":1,"name":"抽卡与卡组","meta":{"paths":["lp0hx8"]},"content":"3980423768献祭了：3张二星  1张三星  获得1400P点，当前P点数为6280","timestamp":1778307828191}
{"id":400789,"type":"info","level":2,"name":"抽卡与卡组","meta":{"paths":["lp0hx8"]},"content":"3995085039抽到了一张❀三星☄卡，剩余3388P点","timestamp":1778307828937}
{"id":400875,"type":"info","level":2,"name":"抽卡与卡组","meta":{"paths":["lp0hx8"]},"content":"3995085039抽到了一张☆二星★卡，剩余2988P点","timestamp":1778307846970}
{"id":400896,"type":"success","level":1,"name":"抽卡与卡组","meta":{"paths":["lp0hx8"]},"content":"3980423768献祭了：3张二星  获得840P点，当前P点数为5520","timestamp":1778307853020}
{"id":400920,"type":"info","level":2,"name":"抽卡与卡组","meta":{"paths":["lp0hx8"]},"content":"3995085039抽到了一张☆二星★卡，剩余2588P点","timestamp":1778307854601}
{"id":400941,"type":"warn","level":2,"name":"session","meta":{},"content":"Error: Error with request send_group_msg, args: {\"group_id\":1091191330,\"message\":[{\"type\":\"text\",\"data\":{\"text\":\"你抽到了：\\n2张二星  \\n1张四星  \\n一共3张卡\\n已存入你卡组的第2, 3, 4位\\n你还有4320P点\"}}]}, retcode: 1200\n    at _Internal._get (/root/lezskabot/koishi/koishi-app/node_modules/koishi-plugin-adapter-onebot/lib/index.js:119:11)\n    at process.processTicksAndRejections (node:internal/process/task_queues:95:5)\n    at async _Internal.<computed> [as sendGroupMsg] (/root/lezskabot/koishi/koishi-app/node_modules/koishi-plugin-adapter-onebot/lib/index.js:162:20)\n    at async OneBotMessageEncoder.flush (/root/lezskabot/koishi/koishi-app/node_modules/koishi-plugin-adapter-onebot/lib/index.js:771:338)\n    at async OneBotMessageEncoder.send (/root/lezskabot/koishi/koishi-app/node_modules/@satorijs/core/lib/index.cjs:755:5)\n    at async Proxy.sendMessage (/root/lezskabot/koishi/koishi-app/node_modules/@satorijs/core/lib/index.cjs:487:22)\n    at async /root/lezskabot/koishi/koishi-app/node_modules/@koishijs/core/lib/index.cjs:2051:7\n    at async Proxy.withScope (/root/lezskabot/koishi/koishi-app/node_modules/@koishijs/core/lib/index.cjs:1958:22)\n    at async next (/root/lezskabot/koishi/koishi-app/node_modules/@koishijs/core/lib/index.cjs:827:16)\n    at async next (/root/lezskabot/koishi/koishi-app/node_modules/@koishijs/core/lib/index.cjs:827:16)","timestamp":1778307855872}
{"id":400998,"type":"info","level":2,"name":"抽卡与卡组","meta":{"paths":["lp0hx8"]},"content":"3995085039抽到了一张☆二星★卡，剩余2188P点","timestamp":1778307870746}
{"id":401054,"type":"info","level":2,"name":"抽卡与卡组","meta":{"paths":["lp0hx8"]},"content":"3995085039抽到了一张☆二星★卡，剩余1788P点","timestamp":1778307890691}
{"id":401106,"type":"success","level":1,"name":"抽卡与卡组","meta":{"paths":["lp0hx8"]},"content":"3980423768献祭了：2张二星  1张三星  获得1120P点，当前P点数为5440","timestamp":1778307900377}
{"id":401113,"type":"info","level":2,"name":"抽卡与卡组","meta":{"paths":["lp0hx8"]},"content":"3995085039抽到了一张☆二星★卡，剩余1388P点","timestamp":1778307900713}
{"id":401148,"type":"info","level":2,"name":"抽卡与卡组","meta":{"paths":["lp0hx8"]},"content":"3980423768抽到了一张♔♕四星(?)♕♔卡，剩余640P点","timestamp":1778307913126}
{"id":401171,"type":"info","level":2,"name":"抽卡与卡组","meta":{"paths":["lp0hx8"]},"content":"3995085039抽到了一张☆二星★卡，剩余988P点","timestamp":1778307915539}
{"id":403965,"type":"info","level":2,"name":"绑定id","meta":{"paths":["lp0hx8"]},"content":"用户1012113121绑定了cnid：7485942445864196879","timestamp":1778310049412}
{"id":404064,"type":"error","level":1,"name":"绑定id","meta":{"paths":["lp0hx8"]},"content":"971217490输入错误id：要验证，id过短","timestamp":1778310118147}
{"id":404128,"type":"info","level":2,"name":"绑定id","meta":{"paths":["lp0hx8"]},"content":"用户1012113121绑定了cnid：7485942445864196879","timestamp":1778310183762}
{"id":405775,"type":"info","level":2,"name":"抽卡与卡组","meta":{"paths":["lp0hx8"]},"content":"3366143939抽到了一张☆二星★卡，剩余5297P点","timestamp":1778312119498}
{"id":405826,"type":"info","level":2,"name":"抽卡与卡组","meta":{"paths":["lp0hx8"]},"content":"3366143939抽到了一张☆二星★卡，剩余4897P点","timestamp":1778312136727}
{"id":405882,"type":"info","level":2,"name":"抽卡与卡组","meta":{"paths":["lp0hx8"]},"content":"3366143939抽到了一张☆二星★卡，剩余4497P点","timestamp":1778312144700}
{"id":405924,"type":"info","level":2,"name":"抽卡与卡组","meta":{"paths":["lp0hx8"]},"content":"3366143939抽到了一张☆二星★卡，剩余4097P点","timestamp":1778312152411}
{"id":406025,"type":"info","level":2,"name":"抽卡与卡组","meta":{"paths":["lp0hx8"]},"content":"3366143939抽到了一张♔♕四星(?)♕♔卡，剩余2097P点","timestamp":1778312183887}
{"id":406305,"type":"info","level":2,"name":"抽卡与卡组","meta":{"paths":["lp0hx8"]},"content":"3568930598抽到了一张☂FES☃卡，剩余585P点","timestamp":1778312372783}
{"id":406551,"type":"warn","level":2,"name":"command","meta":{},"content":"献祭 \nTypeError: Cannot read properties of undefined (reading 'split')\n    at _Command.eval (eval at <anonymous> (/root/lezskabot/koishi/koishi-app/node_modules/koishi-plugin-blockly-null/lib/index.js:1:1), <anonymous>:322:15)\n    at process.processTicksAndRejections (node:internal/process/task_queues:95:5)\n    at async Array.<anonymous> (/root/lezskabot/koishi/koishi-app/node_modules/@koishijs/core/lib/index.cjs:1079:14)\n    at async _Command.execute (/root/lezskabot/koishi/koishi-app/node_modules/@koishijs/core/lib/index.cjs:1093:22)\n    at async /root/lezskabot/koishi/koishi-app/node_modules/@koishijs/core/lib/index.cjs:2049:22\n    at async Proxy.withScope (/root/lezskabot/koishi/koishi-app/node_modules/@koishijs/core/lib/index.cjs:1958:22)\n    at async next (/root/lezskabot/koishi/koishi-app/node_modules/@koishijs/core/lib/index.cjs:827:16)\n    at async next (/root/lezskabot/koishi/koishi-app/node_modules/@koishijs/core/lib/index.cjs:827:16)\n    at async next (/root/lezskabot/koishi/koishi-app/node_modules/@koishijs/core/lib/index.cjs:827:16)\n    at async next (/root/lezskabot/koishi/koishi-app/node_modules/@koishijs/core/lib/index.cjs:827:16)","timestamp":1778312500579}
{"id":407022,"type":"error","level":1,"name":"签到","meta":{"paths":["lp0hx8"]},"content":"3568930598签到失败！原因：该用户已经签到","timestamp":1778312825295}
{"id":407089,"type":"error","level":1,"name":"签到","meta":{"paths":["lp0hx8"]},"content":"3366143939签到失败！原因：该用户已经签到","timestamp":1778312851454}
{"id":413828,"type":"success","level":1,"name":"签到","meta":{"paths":["lp0hx8"]},"content":"2337863801完成了一次签到！","timestamp":1778316502022}
{"id":425778,"type":"success","level":1,"name":"签到","meta":{"paths":["lp0hx8"]},"content":"263659416完成了一次签到！","timestamp":1778320712563}
{"id":429127,"type":"success","level":1,"name":"签到","meta":{"paths":["lp0hx8"]},"content":"3944879187完成了一次签到！","timestamp":1778322203509}
{"id":431850,"type":"error","level":1,"name":"签到","meta":{"paths":["lp0hx8"]},"content":"3389530537签到失败！原因：该用户已经签到","timestamp":1778323614398}
{"id":431902,"type":"success","level":1,"name":"签到","meta":{"paths":["lp0hx8"]},"content":"3862674159完成了一次签到！","timestamp":1778323624139}
{"id":431966,"type":"success","level":1,"name":"签到","meta":{"paths":["lp0hx8"]},"content":"2627939216完成了一次签到！","timestamp":1778323632632}
{"id":437734,"type":"info","level":2,"name":"绑定id","meta":{"paths":["lp0hx8"]},"content":"用户3993126914绑定了id：648099010394259464","timestamp":1778325885652}
{"id":442080,"type":"warn","level":2,"name":"command","meta":{},"content":"cn绑定 \nTypeError: Cannot read properties of undefined (reading 'indexOf')\n    at _Command.eval (eval at <anonymous> (/root/lezskabot/koishi/koishi-app/node_modules/koishi-plugin-blockly-null/lib/index.js:1:1), <anonymous>:18:16)\n    at Array.<anonymous> (/root/lezskabot/koishi/koishi-app/node_modules/@koishijs/core/lib/index.cjs:1079:27)\n    at argv.next (/root/lezskabot/koishi/koishi-app/node_modules/@koishijs/core/lib/index.cjs:1090:30)\n    at _Command.execute (/root/lezskabot/koishi/koishi-app/node_modules/@koishijs/core/lib/index.cjs:1093:33)\n    at process.processTicksAndRejections (node:internal/process/task_queues:95:5)\n    at async /root/lezskabot/koishi/koishi-app/node_modules/@koishijs/core/lib/index.cjs:2049:22\n    at async Proxy.withScope (/root/lezskabot/koishi/koishi-app/node_modules/@koishijs/core/lib/index.cjs:1958:22)\n    at async next (/root/lezskabot/koishi/koishi-app/node_modules/@koishijs/core/lib/index.cjs:827:16)\n    at async next (/root/lezskabot/koishi/koishi-app/node_modules/@koishijs/core/lib/index.cjs:827:16)\n    at async next (/root/lezskabot/koishi/koishi-app/node_modules/@koishijs/core/lib/index.cjs:827:16)","timestamp":1778327110763}
{"id":442677,"type":"info","level":2,"name":"绑定id","meta":{"paths":["lp0hx8"]},"content":"用户2628075910绑定了cnid：7610060015767984937","timestamp":1778327225510}
{"id":443565,"type":"success","level":1,"name":"签到","meta":{"paths":["lp0hx8"]},"content":"29053789抢了3055983840的753P点！","timestamp":1778327434577}
{"id":443566,"type":"info","level":2,"name":"签到","meta":{"paths":["lp0hx8"]},"content":"29053789今天的抢劫记录为3149   |    剩余抢劫次数为3","timestamp":1778327434578}
{"id":443617,"type":"error","level":1,"name":"签到","meta":{"paths":["lp0hx8"]},"content":"2188730297签到失败！原因：该用户已经签到","timestamp":1778327439470}
{"id":443661,"type":"info","level":2,"name":"抽卡与卡组","meta":{"paths":["lp0hx8"]},"content":"2188730297抽到了一张☆二星★卡，剩余7612P点","timestamp":1778327451684}
{"id":443694,"type":"success","level":1,"name":"签到","meta":{"paths":["lp0hx8"]},"content":"2432499215完成了一次签到！","timestamp":1778327458017}
{"id":443715,"type":"success","level":1,"name":"签到","meta":{"paths":["lp0hx8"]},"content":"2141971921完成了一次签到！","timestamp":1778327461643}
{"id":443766,"type":"info","level":2,"name":"签到","meta":{"paths":["lp0hx8"]},"content":"2188730297向2141971921赠送了7612个P点","timestamp":1778327468134}
{"id":444535,"type":"success","level":1,"name":"签到","meta":{"paths":["lp0hx8"]},"content":"29053789完成了一次签到！","timestamp":1778327605597}
{"id":444654,"type":"info","level":2,"name":"绑定id","meta":{"paths":["lp0hx8"]},"content":"用户1514447389绑定了cnid：7530285711711689518","timestamp":1778327619001}
{"id":444756,"type":"success","level":1,"name":"签到","meta":{"paths":["lp0hx8"]},"content":"3055983840抢了29053789的31P点！","timestamp":1778327642451}
{"id":444757,"type":"info","level":2,"name":"签到","meta":{"paths":["lp0hx8"]},"content":"3055983840今天的抢劫记录为-645   |    剩余抢劫次数为3","timestamp":1778327642452}
{"id":444823,"type":"success","level":1,"name":"签到","meta":{"paths":["lp0hx8"]},"content":"29053789抢了3055983840的666P点！","timestamp":1778327651678}
{"id":444824,"type":"info","level":2,"name":"签到","meta":{"paths":["lp0hx8"]},"content":"29053789今天的抢劫记录为-122232   |    剩余抢劫次数为3","timestamp":1778327651679}
{"id":444871,"type":"info","level":2,"name":"绑定id","meta":{"paths":["lp0hx8"]},"content":"用户2628075910绑定了cnid：7610060015767984937","timestamp":1778327662605}
{"id":444974,"type":"info","level":2,"name":"绑定id","meta":{"paths":["lp0hx8"]},"content":"用户1514447389绑定了cnid：7530285711711689518","timestamp":1778327685974}
{"id":448023,"type":"info","level":2,"name":"绑定id","meta":{"paths":["lp0hx8"]},"content":"用户3463293114绑定了cnid：7486365998413601571","timestamp":1778328273533}
{"id":460005,"type":"success","level":1,"name":"签到","meta":{"paths":["lp0hx8"]},"content":"2980858358完成了一次签到！","timestamp":1778332141748}
{"id":461430,"type":"success","level":1,"name":"签到","meta":{"paths":["lp0hx8"]},"content":"3385275057完成了一次签到！","timestamp":1778332834991}
{"id":478325,"type":"warn","level":2,"name":"command","meta":{},"content":"抢p点 \nTypeError: Cannot read properties of undefined (reading 'attrs')\n    at _Command.eval (eval at <anonymous> (/root/lezskabot/koishi/koishi-app/node_modules/koishi-plugin-blockly-null/lib/index.js:1:1), <anonymous>:229:93)\n    at Array.<anonymous> (/root/lezskabot/koishi/koishi-app/node_modules/@koishijs/core/lib/index.cjs:1079:27)\n    at argv.next (/root/lezskabot/koishi/koishi-app/node_modules/@koishijs/core/lib/index.cjs:1090:30)\n    at _Command.execute (/root/lezskabot/koishi/koishi-app/node_modules/@koishijs/core/lib/index.cjs:1093:33)\n    at process.processTicksAndRejections (node:internal/process/task_queues:95:5)\n    at async /root/lezskabot/koishi/koishi-app/node_modules/@koishijs/core/lib/index.cjs:2049:22\n    at async Proxy.withScope (/root/lezskabot/koishi/koishi-app/node_modules/@koishijs/core/lib/index.cjs:1958:22)\n    at async next (/root/lezskabot/koishi/koishi-app/node_modules/@koishijs/core/lib/index.cjs:827:16)\n    at async next (/root/lezskabot/koishi/koishi-app/node_modules/@koishijs/core/lib/index.cjs:827:16)\n    at async next (/root/lezskabot/koishi/koishi-app/node_modules/@koishijs/core/lib/index.cjs:827:16)","timestamp":1778337495827}
{"id":480870,"type":"success","level":1,"name":"签到","meta":{"paths":["lp0hx8"]},"content":"1963408278完成了一次签到！","timestamp":1778338419622}
{"id":480889,"type":"error","level":1,"name":"签到","meta":{"paths":["lp0hx8"]},"content":"2221639610签到失败！原因：该用户已经签到","timestamp":1778338443530}
{"id":481006,"type":"info","level":2,"name":"抽卡与卡组","meta":{"paths":["lp0hx8"]},"content":"3319862114抽到了一张❀三星☄卡，剩余3162P点","timestamp":1778338482078}
{"id":485279,"type":"success","level":1,"name":"抽卡与卡组","meta":{"paths":["lp0hx8"]},"content":"2141971921献祭了：3张二星  3张三星  获得2520P点，当前P点数为17568","timestamp":1778340026522}
{"id":486443,"type":"info","level":2,"name":"签到","meta":{"paths":["lp0hx8"]},"content":"已更新2188730297的抢劫次数和记录","timestamp":1778340396805}
{"id":486499,"type":"success","level":1,"name":"签到","meta":{"paths":["lp0hx8"]},"content":"2188730297抢了3980423768的196P点！","timestamp":1778340403398}
{"id":486500,"type":"info","level":2,"name":"签到","meta":{"paths":["lp0hx8"]},"content":"2188730297今天的抢劫记录为196   |    剩余抢劫次数为2","timestamp":1778340403398}
{"id":486637,"type":"success","level":1,"name":"签到","meta":{"paths":["lp0hx8"]},"content":"2188730297抢了2432499215的443P点！","timestamp":1778340434497}
{"id":486638,"type":"info","level":2,"name":"签到","meta":{"paths":["lp0hx8"]},"content":"2188730297今天的抢劫记录为639   |    剩余抢劫次数为1","timestamp":1778340434498}
{"id":486713,"type":"success","level":1,"name":"签到","meta":{"paths":["lp0hx8"]},"content":"2188730297抢劫2432499215失败！失去了84P点！","timestamp":1778340449166}
{"id":486714,"type":"info","level":2,"name":"签到","meta":{"paths":["lp0hx8"]},"content":"2188730297今天的抢劫记录为555   |    剩余抢劫次数为0","timestamp":1778340449169}
{"id":486849,"type":"info","level":2,"name":"签到","meta":{"paths":["lp0hx8"]},"content":"2188730297向2141971921赠送了555个P点","timestamp":1778340465601}
{"id":493966,"type":"success","level":1,"name":"签到","meta":{"paths":["lp0hx8"]},"content":"956937232完成了一次签到！","timestamp":1778342421887}
{"id":494023,"type":"success","level":1,"name":"签到","meta":{"paths":["lp0hx8"]},"content":"1652933285完成了一次签到！","timestamp":1778342423748}
{"id":494107,"type":"success","level":1,"name":"签到","meta":{"paths":["lp0hx8"]},"content":"2513983517完成了一次签到！","timestamp":1778342429839}
{"id":494212,"type":"success","level":1,"name":"签到","meta":{"paths":["lp0hx8"]},"content":"1296434423完成了一次签到！","timestamp":1778342439826}
{"id":494268,"type":"success","level":1,"name":"签到","meta":{"paths":["lp0hx8"]},"content":"3385275057完成了一次签到！","timestamp":1778342445811}
{"id":494413,"type":"success","level":1,"name":"签到","meta":{"paths":["lp0hx8"]},"content":"2994459542完成了一次签到！","timestamp":1778342458133}
{"id":494434,"type":"success","level":1,"name":"签到","meta":{"paths":["lp0hx8"]},"content":"2221639610完成了一次签到！","timestamp":1778342459152}
{"id":494637,"type":"info","level":2,"name":"抽卡与卡组","meta":{"paths":["lp0hx8"]},"content":"2432499215抽到了一张☆二星★卡，剩余3173P点","timestamp":1778342472629}
{"id":495030,"type":"success","level":1,"name":"签到","meta":{"paths":["lp0hx8"]},"content":"3980423768完成了一次签到！","timestamp":1778342513175}
{"id":495077,"type":"success","level":1,"name":"抽卡与卡组","meta":{"paths":["lp0hx8"]},"content":"2432499215献祭了：1张二星  4张三星  获得2520P点，当前P点数为5693","timestamp":1778342515669}
{"id":495307,"type":"warn","level":2,"name":"session","meta":{},"content":"Error: Error with request send_group_msg, args: {\"group_id\":1091191330,\"message\":[{\"type\":\"text\",\"data\":{\"text\":\"输入要献祭的卡在卡组中的位置，用空格隔开（可献祭3~8张卡）\"}}]}, retcode: 1200\n    at _Internal._get (/root/lezskabot/koishi/koishi-app/node_modules/koishi-plugin-adapter-onebot/lib/index.js:119:11)\n    at process.processTicksAndRejections (node:internal/process/task_queues:95:5)\n    at async _Internal.<computed> [as sendGroupMsg] (/root/lezskabot/koishi/koishi-app/node_modules/koishi-plugin-adapter-onebot/lib/index.js:162:20)\n    at async OneBotMessageEncoder.flush (/root/lezskabot/koishi/koishi-app/node_modules/koishi-plugin-adapter-onebot/lib/index.js:771:338)\n    at async OneBotMessageEncoder.send (/root/lezskabot/koishi/koishi-app/node_modules/@satorijs/core/lib/index.cjs:755:5)\n    at async Proxy.sendMessage (/root/lezskabot/koishi/koishi-app/node_modules/@satorijs/core/lib/index.cjs:487:22)\n    at async _Command.eval (eval at <anonymous> (/root/lezskabot/koishi/koishi-app/node_modules/koishi-plugin-blockly-null/lib/index.js:1:1), <anonymous>:354:11)\n    at async Array.<anonymous> (/root/lezskabot/koishi/koishi-app/node_modules/@koishijs/core/lib/index.cjs:1079:14)\n    at async _Command.execute (/root/lezskabot/koishi/koishi-app/node_modules/@koishijs/core/lib/index.cjs:1093:22)\n    at async /root/lezskabot/koishi/koishi-app/node_modules/@koishijs/core/lib/index.cjs:2049:22","timestamp":1778342542799}
{"id":495335,"type":"warn","level":2,"name":"session","meta":{},"content":"Error: Error with request send_group_msg, args: {\"group_id\":1091191330,\"message\":[{\"type\":\"at\",\"data\":{\"qq\":\"2432499215\"}},{\"type\":\"text\",\"data\":{\"text\":\"你献祭了：\\n5张二星\\n获得1400P点！\\n当前P点数5093\"}}]}, retcode: 1200\n    at _Internal._get (/root/lezskabot/koishi/koishi-app/node_modules/koishi-plugin-adapter-onebot/lib/index.js:119:11)\n    at process.processTicksAndRejections (node:internal/process/task_queues:95:5)\n    at async _Internal.<computed> [as sendGroupMsg] (/root/lezskabot/koishi/koishi-app/node_modules/koishi-plugin-adapter-onebot/lib/index.js:162:20)\n    at async OneBotMessageEncoder.flush (/root/lezskabot/koishi/koishi-app/node_modules/koishi-plugin-adapter-onebot/lib/index.js:771:338)\n    at async OneBotMessageEncoder.send (/root/lezskabot/koishi/koishi-app/node_modules/@satorijs/core/lib/index.cjs:755:5)\n    at async Proxy.sendMessage (/root/lezskabot/koishi/koishi-app/node_modules/@satorijs/core/lib/index.cjs:487:22)\n    at async _Command.eval (eval at <anonymous> (/root/lezskabot/koishi/koishi-app/node_modules/koishi-plugin-blockly-null/lib/index.js:1:1), <anonymous>:396:17)\n    at async Array.<anonymous> (/root/lezskabot/koishi/koishi-app/node_modules/@koishijs/core/lib/index.cjs:1079:14)\n    at async _Command.execute (/root/lezskabot/koishi/koishi-app/node_modules/@koishijs/core/lib/index.cjs:1093:22)\n    at async /root/lezskabot/koishi/koishi-app/node_modules/@koishijs/core/lib/index.cjs:2049:22","timestamp":1778342544428}
{"id":495337,"type":"success","level":1,"name":"抽卡与卡组","meta":{"paths":["lp0hx8"]},"content":"2432499215献祭了：5张二星  获得1400P点，当前P点数为5093","timestamp":1778342544432}
{"id":495394,"type":"success","level":1,"name":"签到","meta":{"paths":["lp0hx8"]},"content":"3055983840完成了一次签到！","timestamp":1778342549241}
{"id":495398,"type":"success","level":1,"name":"抽卡与卡组","meta":{"paths":["lp0hx8"]},"content":"3980423768献祭了：2张二星  1张四星  获得1760P点，当前P点数为6134","timestamp":1778342549876}
{"id":495483,"type":"success","level":1,"name":"签到","meta":{"paths":["lp0hx8"]},"content":"2558144075完成了一次签到！","timestamp":1778342555445}
{"id":495552,"type":"success","level":1,"name":"抽卡与卡组","meta":{"paths":["lp0hx8"]},"content":"3980423768献祭了：2张二星  1张三星  获得1120P点，当前P点数为6054","timestamp":1778342561622}
{"id":495661,"type":"warn","level":2,"name":"session","meta":{},"content":"Error: Error with request send_group_msg, args: {\"group_id\":1091191330,\"message\":[{\"type\":\"at\",\"data\":{\"qq\":\"3980423768\"}},{\"type\":\"text\",\"data\":{\"text\":\"你当前的卡组为\\n1-稀有度： ☆二星★\"}},{\"type\":\"image\",\"data\":{\"file\":\"/root/lezskabot/cards/1/107.png\",\"cache\":0}},{\"type\":\"text\",\"data\":{\"text\":\"2-稀有度： ☆二星★\"}},{\"type\":\"image\",\"data\":{\"file\":\"/root/lezskabot/cards/1/155.png\",\"cache\":0}},{\"type\":\"text\",\"data\":{\"text\":\"3-稀有度： ♔♕四星(?)♕♔\"}},{\"type\":\"image\",\"data\":{\"file\":\"/root/lezskabot/cards/3/634.png\",\"cache\":0}},{\"type\":\"text\",\"data\":{\"text\":\"4-稀有度： ♔♕四星(?)♕♔\"}},{\"type\":\"image\",\"data\":{\"file\":\"/root/lezskabot/cards/3/51.png\",\"cache\":0}},{\"type\":\"text\",\"data\":{\"text\":\"5-稀有度： ♔♕四星(?)♕♔\"}},{\"type\":\"image\",\"data\":{\"file\":\"/root/lezskabot/cards/3/43.png\",\"cache\":0}},{\"type\":\"text\",\"data\":{\"text\":\"6-稀有度： ☂FES☃\"}},{\"type\":\"image\",\"data\":{\"file\":\"/root/lezskabot/cards/4/3.png\",\"cache\":0}},{\"type\":\"text\",\"data\":{\"text\":\"7-稀有度： ☂FES☃\"}},{\"type\":\"image\",\"data\":{\"file\":\"/root/lezskabot/cards/4/5.png\",\"cache\":0}},{\"type\":\"text\",\"data\":{\"text\":\"8-稀有度： ☂FES☃\"}},{\"type\":\"image\",\"data\":{\"file\":\"/root/lezskabot/cards/4/21.png\",\"cache\":0}}]}, retcode: 1200\n    at _Internal._get (/root/lezskabot/koishi/koishi-app/node_modules/koishi-plugin-adapter-onebot/lib/index.js:119:11)\n    at process.processTicksAndRejections (node:internal/process/task_queues:95:5)\n    at async _Internal.<computed> [as sendGroupMsg] (/root/lezskabot/koishi/koishi-app/node_modules/koishi-plugin-adapter-onebot/lib/index.js:162:20)\n    at async OneBotMessageEncoder.flush (/root/lezskabot/koishi/koishi-app/node_modules/koishi-plugin-adapter-onebot/lib/index.js:771:338)\n    at async OneBotMessageEncoder.send (/root/lezskabot/koishi/koishi-app/node_modules/@satorijs/core/lib/index.cjs:755:5)\n    at async Proxy.sendMessage (/root/lezskabot/koishi/koishi-app/node_modules/@satorijs/core/lib/index.cjs:487:22)\n    at async _Command.eval (eval at <anonymous> (/root/lezskabot/koishi/koishi-app/node_modules/koishi-plugin-blockly-null/lib/index.js:1:1), <anonymous>:105:9)\n    at async Array.<anonymous> (/root/lezskabot/koishi/koishi-app/node_modules/@koishijs/core/lib/index.cjs:1079:14)\n    at async _Command.execute (/root/lezskabot/koishi/koishi-app/node_modules/@koishijs/core/lib/index.cjs:1093:22)\n    at async /root/lezskabot/koishi/koishi-app/node_modules/@koishijs/core/lib/index.cjs:2049:22","timestamp":1778342585627}
{"id":495739,"type":"success","level":1,"name":"签到","meta":{"paths":["lp0hx8"]},"content":"3389530537完成了一次签到！","timestamp":1778342590841}
{"id":495833,"type":"success","level":1,"name":"签到","meta":{"paths":["lp0hx8"]},"content":"3461304028完成了一次签到！","timestamp":1778342600122}
{"id":495876,"type":"warn","level":2,"name":"session","meta":{},"content":"Error: Error with request send_group_msg, args: {\"group_id\":1091191330,\"message\":[{\"type\":\"at\",\"data\":{\"qq\":\"1652933285\"}},{\"type\":\"text\",\"data\":{\"text\":\"献祭数量不足3个\"}}]}, retcode: 1200\n    at _Internal._get (/root/lezskabot/koishi/koishi-app/node_modules/koishi-plugin-adapter-onebot/lib/index.js:119:11)\n    at process.processTicksAndRejections (node:internal/process/task_queues:95:5)\n    at async _Internal.<computed> [as sendGroupMsg] (/root/lezskabot/koishi/koishi-app/node_modules/koishi-plugin-adapter-onebot/lib/index.js:162:20)\n    at async OneBotMessageEncoder.flush (/root/lezskabot/koishi/koishi-app/node_modules/koishi-plugin-adapter-onebot/lib/index.js:771:338)\n    at async OneBotMessageEncoder.send (/root/lezskabot/koishi/koishi-app/node_modules/@satorijs/core/lib/index.cjs:755:5)\n    at async Proxy.sendMessage (/root/lezskabot/koishi/koishi-app/node_modules/@satorijs/core/lib/index.cjs:487:22)\n    at async /root/lezskabot/koishi/koishi-app/node_modules/@koishijs/core/lib/index.cjs:2051:7\n    at async Proxy.withScope (/root/lezskabot/koishi/koishi-app/node_modules/@koishijs/core/lib/index.cjs:1958:22)\n    at async next (/root/lezskabot/koishi/koishi-app/node_modules/@koishijs/core/lib/index.cjs:827:16)\n    at async next (/root/lezskabot/koishi/koishi-app/node_modules/@koishijs/core/lib/index.cjs:827:16)","timestamp":1778342603915}
{"id":495917,"type":"warn","level":2,"name":"session","meta":{},"content":"Error: Error with request send_group_msg, args: {\"group_id\":1091191330,\"message\":[{\"type\":\"at\",\"data\":{\"qq\":\"3980423768\"}},{\"type\":\"text\",\"data\":{\"text\":\"你当前的卡组为\\n1-稀有度： ☆二星★\"}},{\"type\":\"image\",\"data\":{\"file\":\"/root/lezskabot/cards/1/107.png\",\"cache\":0}},{\"type\":\"text\",\"data\":{\"text\":\"2-稀有度： ☆二星★\"}},{\"type\":\"image\",\"data\":{\"file\":\"/root/lezskabot/cards/1/155.png\",\"cache\":0}},{\"type\":\"text\",\"data\":{\"text\":\"3-稀有度： ♔♕四星(?)♕♔\"}},{\"type\":\"image\",\"data\":{\"file\":\"/root/lezskabot/cards/3/634.png\",\"cache\":0}},{\"type\":\"text\",\"data\":{\"text\":\"4-稀有度： ♔♕四星(?)♕♔\"}},{\"type\":\"image\",\"data\":{\"file\":\"/root/lezskabot/cards/3/51.png\",\"cache\":0}},{\"type\":\"text\",\"data\":{\"text\":\"5-稀有度： ♔♕四星(?)♕♔\"}},{\"type\":\"image\",\"data\":{\"file\":\"/root/lezskabot/cards/3/43.png\",\"cache\":0}},{\"type\":\"text\",\"data\":{\"text\":\"6-稀有度： ☂FES☃\"}},{\"type\":\"image\",\"data\":{\"file\":\"/root/lezskabot/cards/4/3.png\",\"cache\":0}},{\"type\":\"text\",\"data\":{\"text\":\"7-稀有度： ☂FES☃\"}},{\"type\":\"image\",\"data\":{\"file\":\"/root/lezskabot/cards/4/5.png\",\"cache\":0}},{\"type\":\"text\",\"data\":{\"text\":\"8-稀有度： ☂FES☃\"}},{\"type\":\"image\",\"data\":{\"file\":\"/root/lezskabot/cards/4/21.png\",\"cache\":0}}]}, retcode: 1200\n    at _Internal._get (/root/lezskabot/koishi/koishi-app/node_modules/koishi-plugin-adapter-onebot/lib/index.js:119:11)\n    at process.processTicksAndRejections (node:internal/process/task_queues:95:5)\n    at async _Internal.<computed> [as sendGroupMsg] (/root/lezskabot/koishi/koishi-app/node_modules/koishi-plugin-adapter-onebot/lib/index.js:162:20)\n    at async OneBotMessageEncoder.flush (/root/lezskabot/koishi/koishi-app/node_modules/koishi-plugin-adapter-onebot/lib/index.js:771:338)\n    at async OneBotMessageEncoder.send (/root/lezskabot/koishi/koishi-app/node_modules/@satorijs/core/lib/index.cjs:755:5)\n    at async Proxy.sendMessage (/root/lezskabot/koishi/koishi-app/node_modules/@satorijs/core/lib/index.cjs:487:22)\n    at async _Command.eval (eval at <anonymous> (/root/lezskabot/koishi/koishi-app/node_modules/koishi-plugin-blockly-null/lib/index.js:1:1), <anonymous>:105:9)\n    at async Array.<anonymous> (/root/lezskabot/koishi/koishi-app/node_modules/@koishijs/core/lib/index.cjs:1079:14)\n    at async _Command.execute (/root/lezskabot/koishi/koishi-app/node_modules/@koishijs/core/lib/index.cjs:1093:22)\n    at async /root/lezskabot/koishi/koishi-app/node_modules/@koishijs/core/lib/index.cjs:2049:22","timestamp":1778342604904}
{"id":495937,"type":"warn","level":2,"name":"session","meta":{},"content":"Error: Error with request send_group_msg, args: {\"group_id\":1091191330,\"message\":[{\"type\":\"at\",\"data\":{\"qq\":\"2432499215\"}},{\"type\":\"text\",\"data\":{\"text\":\"你当前的卡组为\\n1-稀有度： ☆二星★\"}},{\"type\":\"image\",\"data\":{\"file\":\"/root/lezskabot/cards/1/55.png\",\"cache\":0}},{\"type\":\"text\",\"data\":{\"text\":\"2-稀有度： ♔♕四星(?)♕♔\"}},{\"type\":\"image\",\"data\":{\"file\":\"/root/lezskabot/cards/3/506.png\",\"cache\":0}},{\"type\":\"text\",\"data\":{\"text\":\"3-稀有度： ❀三星☄\"}},{\"type\":\"image\",\"data\":{\"file\":\"/root/lezskabot/cards/2/121.png\",\"cache\":0}},{\"type\":\"text\",\"data\":{\"text\":\"4-稀有度： ❀三星☄\"}},{\"type\":\"image\",\"data\":{\"file\":\"/root/lezskabot/cards/2/100.png\",\"cache\":0}},{\"type\":\"text\",\"data\":{\"text\":\"5-稀有度： ☆二星★\"}},{\"type\":\"image\",\"data\":{\"file\":\"/root/lezskabot/cards/1/51.png\",\"cache\":0}},{\"type\":\"text\",\"data\":{\"text\":\"6-稀有度： ❀三星☄\"}},{\"type\":\"image\",\"data\":{\"file\":\"/root/lezskabot/cards/2/145.png\",\"cache\":0}},{\"type\":\"text\",\"data\":{\"text\":\"7-稀有度： ♔♕四星(?)♕♔\"}},{\"type\":\"image\",\"data\":{\"file\":\"/root/lezskabot/cards/3/324.png\",\"cache\":0}},{\"type\":\"text\",\"data\":{\"text\":\"8-稀有度： ❀三星☄\"}},{\"type\":\"image\",\"data\":{\"file\":\"/root/lezskabot/cards/2/74.png\",\"cache\":0}}]}, retcode: 1200\n    at _Internal._get (/root/lezskabot/koishi/koishi-app/node_modules/koishi-plugin-adapter-onebot/lib/index.js:119:11)\n    at process.processTicksAndRejections (node:internal/process/task_queues:95:5)\n    at async _Internal.<computed> [as sendGroupMsg] (/root/lezskabot/koishi/koishi-app/node_modules/koishi-plugin-adapter-onebot/lib/index.js:162:20)\n    at async OneBotMessageEncoder.flush (/root/lezskabot/koishi/koishi-app/node_modules/koishi-plugin-adapter-onebot/lib/index.js:771:338)\n    at async OneBotMessageEncoder.send (/root/lezskabot/koishi/koishi-app/node_modules/@satorijs/core/lib/index.cjs:755:5)\n    at async Proxy.sendMessage (/root/lezskabot/koishi/koishi-app/node_modules/@satorijs/core/lib/index.cjs:487:22)\n    at async _Command.eval (eval at <anonymous> (/root/lezskabot/koishi/koishi-app/node_modules/koishi-plugin-blockly-null/lib/index.js:1:1), <anonymous>:105:9)\n    at async Array.<anonymous> (/root/lezskabot/koishi/koishi-app/node_modules/@koishijs/core/lib/index.cjs:1079:14)\n    at async _Command.execute (/root/lezskabot/koishi/koishi-app/node_modules/@koishijs/core/lib/index.cjs:1093:22)\n    at async /root/lezskabot/koishi/koishi-app/node_modules/@koishijs/core/lib/index.cjs:2049:22","timestamp":1778342606804}
{"id":495979,"type":"success","level":1,"name":"签到","meta":{"paths":["lp0hx8"]},"content":"3944879187完成了一次签到！","timestamp":1778342609338}
{"id":496009,"type":"success","level":1,"name":"签到","meta":{"paths":["lp0hx8"]},"content":"971217490完成了一次签到！","timestamp":1778342610334}
{"id":496074,"type":"success","level":1,"name":"签到","meta":{"paths":["lp0hx8"]},"content":"2432499215完成了一次签到！","timestamp":1778342616332}
{"id":496245,"type":"info","level":2,"name":"抽卡与卡组","meta":{"paths":["lp0hx8"]},"content":"3980423768抽到了一张♔♕四星(?)♕♔卡，剩余4054P点","timestamp":1778342635383}
{"id":496342,"type":"success","level":1,"name":"签到","meta":{"paths":["lp0hx8"]},"content":"2334828455完成了一次签到！","timestamp":1778342644588}
{"id":496390,"type":"warn","level":2,"name":"session","meta":{},"content":"Error: Error with request send_group_msg, args: {\"group_id\":1091191330,\"message\":[{\"type\":\"at\",\"data\":{\"qq\":\"3980423768\"}},{\"type\":\"text\",\"data\":{\"text\":\" 输入抽卡目标：（三星、四星、FES）\"}}]}, retcode: 1200\n    at _Internal._get (/root/lezskabot/koishi/koishi-app/node_modules/koishi-plugin-adapter-onebot/lib/index.js:119:11)\n    at process.processTicksAndRejections (node:internal/process/task_queues:95:5)\n    at async _Internal.<computed> [as sendGroupMsg] (/root/lezskabot/koishi/koishi-app/node_modules/koishi-plugin-adapter-onebot/lib/index.js:162:20)\n    at async OneBotMessageEncoder.flush (/root/lezskabot/koishi/koishi-app/node_modules/koishi-plugin-adapter-onebot/lib/index.js:771:338)\n    at async OneBotMessageEncoder.send (/root/lezskabot/koishi/koishi-app/node_modules/@satorijs/core/lib/index.cjs:755:5)\n    at async Proxy.sendMessage (/root/lezskabot/koishi/koishi-app/node_modules/@satorijs/core/lib/index.cjs:487:22)\n    at async _Command.eval (eval at <anonymous> (/root/lezskabot/koishi/koishi-app/node_modules/koishi-plugin-blockly-null/lib/index.js:1:1), <anonymous>:114:5)\n    at async Array.<anonymous> (/root/lezskabot/koishi/koishi-app/node_modules/@koishijs/core/lib/index.cjs:1079:14)\n    at async _Command.execute (/root/lezskabot/koishi/koishi-app/node_modules/@koishijs/core/lib/index.cjs:1093:22)\n    at async /root/lezskabot/koishi/koishi-app/node_modules/@koishijs/core/lib/index.cjs:2049:22","timestamp":1778342649169}
{"id":496409,"type":"warn","level":2,"name":"session","meta":{},"content":"Error: Error with request send_group_msg, args: {\"group_id\":1091191330,\"message\":[{\"type\":\"image\",\"data\":{\"file\":\"/root/lezskabot/cards/3/327.png\",\"cache\":0}},{\"type\":\"at\",\"data\":{\"qq\":\"1652933285\"}},{\"type\":\"text\",\"data\":{\"text\":\"你献祭了卡组抽到了一张♔♕四星(?)♕♔卡牌！\\n输入“加入卡组”将这张卡牌加入卡组。\"}}]}, retcode: 1200\n    at _Internal._get (/root/lezskabot/koishi/koishi-app/node_modules/koishi-plugin-adapter-onebot/lib/index.js:119:11)\n    at process.processTicksAndRejections (node:internal/process/task_queues:95:5)\n    at async _Internal.<computed> [as sendGroupMsg] (/root/lezskabot/koishi/koishi-app/node_modules/koishi-plugin-adapter-onebot/lib/index.js:162:20)\n    at async OneBotMessageEncoder.flush (/root/lezskabot/koishi/koishi-app/node_modules/koishi-plugin-adapter-onebot/lib/index.js:771:338)\n    at async OneBotMessageEncoder.send (/root/lezskabot/koishi/koishi-app/node_modules/@satorijs/core/lib/index.cjs:755:5)\n    at async Proxy.sendMessage (/root/lezskabot/koishi/koishi-app/node_modules/@satorijs/core/lib/index.cjs:487:22)\n    at async _Command.eval (eval at <anonymous> (/root/lezskabot/koishi/koishi-app/node_modules/koishi-plugin-blockly-null/lib/index.js:1:1), <anonymous>:350:13)\n    at async Array.<anonymous> (/root/lezskabot/koishi/koishi-app/node_modules/@koishijs/core/lib/index.cjs:1079:14)\n    at async _Command.execute (/root/lezskabot/koishi/koishi-app/node_modules/@koishijs/core/lib/index.cjs:1093:22)\n    at async /root/lezskabot/koishi/koishi-app/node_modules/@koishijs/core/lib/index.cjs:2049:22","timestamp":1778342650425}
{"id":496440,"type":"warn","level":2,"name":"session","meta":{},"content":"Error: Error with request send_group_msg, args: {\"group_id\":1091191330,\"message\":[{\"type\":\"at\",\"data\":{\"qq\":\"2432499215\"}},{\"type\":\"text\",\"data\":{\"text\":\"你当前的卡组为\\n1-稀有度： ☆二星★\"}},{\"type\":\"image\",\"data\":{\"file\":\"/root/lezskabot/cards/1/55.png\",\"cache\":0}},{\"type\":\"text\",\"data\":{\"text\":\"2-稀有度： ♔♕四星(?)♕♔\"}},{\"type\":\"image\",\"data\":{\"file\":\"/root/lezskabot/cards/3/506.png\",\"cache\":0}},{\"type\":\"text\",\"data\":{\"text\":\"3-稀有度： ❀三星☄\"}},{\"type\":\"image\",\"data\":{\"file\":\"/root/lezskabot/cards/2/121.png\",\"cache\":0}},{\"type\":\"text\",\"data\":{\"text\":\"4-稀有度： ❀三星☄\"}},{\"type\":\"image\",\"data\":{\"file\":\"/root/lezskabot/cards/2/100.png\",\"cache\":0}},{\"type\":\"text\",\"data\":{\"text\":\"5-稀有度： ☆二星★\"}},{\"type\":\"image\",\"data\":{\"file\":\"/root/lezskabot/cards/1/51.png\",\"cache\":0}},{\"type\":\"text\",\"data\":{\"text\":\"6-稀有度： ❀三星☄\"}},{\"type\":\"image\",\"data\":{\"file\":\"/root/lezskabot/cards/2/145.png\",\"cache\":0}},{\"type\":\"text\",\"data\":{\"text\":\"7-稀有度： ♔♕四星(?)♕♔\"}},{\"type\":\"image\",\"data\":{\"file\":\"/root/lezskabot/cards/3/324.png\",\"cache\":0}},{\"type\":\"text\",\"data\":{\"text\":\"8-稀有度： ❀三星☄\"}},{\"type\":\"image\",\"data\":{\"file\":\"/root/lezskabot/cards/2/74.png\",\"cache\":0}}]}, retcode: 1200\n    at _Internal._get (/root/lezskabot/koishi/koishi-app/node_modules/koishi-plugin-adapter-onebot/lib/index.js:119:11)\n    at process.processTicksAndRejections (node:internal/process/task_queues:95:5)\n    at async _Internal.<computed> [as sendGroupMsg] (/root/lezskabot/koishi/koishi-app/node_modules/koishi-plugin-adapter-onebot/lib/index.js:162:20)\n    at async OneBotMessageEncoder.flush (/root/lezskabot/koishi/koishi-app/node_modules/koishi-plugin-adapter-onebot/lib/index.js:771:338)\n    at async OneBotMessageEncoder.send (/root/lezskabot/koishi/koishi-app/node_modules/@satorijs/core/lib/index.cjs:755:5)\n    at async Proxy.sendMessage (/root/lezskabot/koishi/koishi-app/node_modules/@satorijs/core/lib/index.cjs:487:22)\n    at async _Command.eval (eval at <anonymous> (/root/lezskabot/koishi/koishi-app/node_modules/koishi-plugin-blockly-null/lib/index.js:1:1), <anonymous>:105:9)\n    at async Array.<anonymous> (/root/lezskabot/koishi/koishi-app/node_modules/@koishijs/core/lib/index.cjs:1079:14)\n    at async _Command.execute (/root/lezskabot/koishi/koishi-app/node_modules/@koishijs/core/lib/index.cjs:1093:22)\n    at async /root/lezskabot/koishi/koishi-app/node_modules/@koishijs/core/lib/index.cjs:2049:22","timestamp":1778342651991}
{"id":496455,"type":"warn","level":2,"name":"session","meta":{},"content":"Error: Error with request send_group_msg, args: {\"group_id\":1091191330,\"message\":[{\"type\":\"at\",\"data\":{\"qq\":\"3980423768\"}},{\"type\":\"text\",\"data\":{\"text\":\"真可惜呢花光了也没抽到\\n你还有54P点\\n最后一次抽卡结果：\\n❀三星☄\"}},{\"type\":\"image\",\"data\":{\"file\":\"/root/lezskabot/cards/2/102.png\",\"cache\":0}}]}, retcode: 1200\n    at _Internal._get (/root/lezskabot/koishi/koishi-app/node_modules/koishi-plugin-adapter-onebot/lib/index.js:119:11)\n    at process.processTicksAndRejections (node:internal/process/task_queues:95:5)\n    at async _Internal.<computed> [as sendGroupMsg] (/root/lezskabot/koishi/koishi-app/node_modules/koishi-plugin-adapter-onebot/lib/index.js:162:20)\n    at async OneBotMessageEncoder.flush (/root/lezskabot/koishi/koishi-app/node_modules/koishi-plugin-adapter-onebot/lib/index.js:771:338)\n    at async OneBotMessageEncoder.send (/root/lezskabot/koishi/koishi-app/node_modules/@satorijs/core/lib/index.cjs:755:5)\n    at async Proxy.sendMessage (/root/lezskabot/koishi/koishi-app/node_modules/@satorijs/core/lib/index.cjs:487:22)\n    at async /root/lezskabot/koishi/koishi-app/node_modules/@koishijs/core/lib/index.cjs:2051:7\n    at async Proxy.withScope (/root/lezskabot/koishi/koishi-app/node_modules/@koishijs/core/lib/index.cjs:1958:22)\n    at async next (/root/lezskabot/koishi/koishi-app/node_modules/@koishijs/core/lib/index.cjs:827:16)\n    at async next (/root/lezskabot/koishi/koishi-app/node_modules/@koishijs/core/lib/index.cjs:827:16)","timestamp":1778342655239}
