{"id":389195,"type":"success","level":1,"name":"签到","meta":{"paths":["lp0hx8"]},"content":"3366143939完成了一次签到！","timestamp":1779149485921}
{"id":389431,"type":"success","level":1,"name":"签到","meta":{"paths":["lp0hx8"]},"content":"2980858358完成了一次签到！","timestamp":1779150822027}
{"id":390578,"type":"success","level":1,"name":"签到","meta":{"paths":["lp0hx8"]},"content":"978229136完成了一次签到！","timestamp":1779153321914}
{"id":390642,"type":"info","level":2,"name":"签到","meta":{"paths":["lp0hx8"]},"content":"已更新3055983840的抢劫次数和记录","timestamp":1779153349620}
{"id":390659,"type":"success","level":1,"name":"签到","meta":{"paths":["lp0hx8"]},"content":"3055983840抢劫3120706279失败！失去了110P点！","timestamp":1779153350046}
{"id":390660,"type":"info","level":2,"name":"签到","meta":{"paths":["lp0hx8"]},"content":"3055983840今天的抢劫记录为-110   |    剩余抢劫次数为2","timestamp":1779153350048}
{"id":391028,"type":"success","level":1,"name":"签到","meta":{"paths":["lp0hx8"]},"content":"2455800638完成了一次签到！","timestamp":1779153799314}
{"id":392629,"type":"success","level":1,"name":"签到","meta":{"paths":["lp0hx8"]},"content":"2856202014完成了一次签到！","timestamp":1779156715919}
{"id":392760,"type":"success","level":1,"name":"签到","meta":{"paths":["lp0hx8"]},"content":"3044937168完成了一次签到！","timestamp":1779157053505}
{"id":392971,"type":"success","level":1,"name":"签到","meta":{"paths":["lp0hx8"]},"content":"782766016完成了一次签到！","timestamp":1779157390127}
{"id":392996,"type":"info","level":2,"name":"抽卡与卡组","meta":{"paths":["lp0hx8"]},"content":"782766016抽到了一张❀三星☄卡，剩余446P点","timestamp":1779157396930}
{"id":393017,"type":"success","level":1,"name":"签到","meta":{"paths":["lp0hx8"]},"content":"1813783853完成了一次签到！","timestamp":1779157401724}
{"id":393042,"type":"info","level":2,"name":"抽卡与卡组","meta":{"paths":["lp0hx8"]},"content":"782766016抽到了一张❀三星☄卡，剩余46P点","timestamp":1779157403912}
{"id":393232,"type":"success","level":1,"name":"签到","meta":{"paths":["lp0hx8"]},"content":"914880737完成了一次签到！","timestamp":1779158300224}
{"id":393695,"type":"info","level":2,"name":"绑定id","meta":{"paths":["lp0hx8"]},"content":"用户3472630556绑定了cnid：7503731659217623858","timestamp":1779159173515}
{"id":394471,"type":"error","level":1,"name":"绑定id","meta":{"paths":["lp0hx8"]},"content":"971217490输入错误id：验证再上传，id过短","timestamp":1779159895898}
{"id":396619,"type":"success","level":1,"name":"抽卡与卡组","meta":{"paths":["lp0hx8"]},"content":"366837668献祭了：1张二星  1张三星  1张四星  获得2040P点，当前P点数为23879","timestamp":1779162365295}
{"id":396679,"type":"success","level":1,"name":"抽卡与卡组","meta":{"paths":["lp0hx8"]},"content":"366837668献祭了：3张二星  获得840P点，当前P点数为23519","timestamp":1779162385995}
{"id":396801,"type":"success","level":1,"name":"抽卡与卡组","meta":{"paths":["lp0hx8"]},"content":"366837668献祭了：1张二星  1张三星  1张四星  获得2040P点，当前P点数为24359","timestamp":1779162413122}
{"id":396882,"type":"success","level":1,"name":"抽卡与卡组","meta":{"paths":["lp0hx8"]},"content":"366837668献祭了：2张二星  1张四星  获得1760P点，当前P点数为24919","timestamp":1779162441024}
{"id":396935,"type":"success","level":1,"name":"抽卡与卡组","meta":{"paths":["lp0hx8"]},"content":"366837668献祭了：2张二星  1张三星  获得1120P点，当前P点数为24839","timestamp":1779162447417}
{"id":397465,"type":"success","level":1,"name":"签到","meta":{"paths":["lp0hx8"]},"content":"3764379512完成了一次签到！","timestamp":1779163012009}
{"id":399696,"type":"info","level":2,"name":"抽卡与卡组","meta":{"paths":["lp0hx8"]},"content":"2858787094抽到了一张☆二星★卡，剩余6889P点","timestamp":1779165106872}
{"id":399715,"type":"info","level":2,"name":"抽卡与卡组","meta":{"paths":["lp0hx8"]},"content":"2858787094抽到了一张☆二星★卡，剩余6489P点","timestamp":1779165112499}
{"id":399735,"type":"info","level":2,"name":"抽卡与卡组","meta":{"paths":["lp0hx8"]},"content":"3389530537抽到了一张❀三星☄卡，剩余12427P点","timestamp":1779165121665}
{"id":399782,"type":"info","level":2,"name":"抽卡与卡组","meta":{"paths":["lp0hx8"]},"content":"2858787094抽到了一张♔♕四星(?)♕♔卡，剩余489P点","timestamp":1779165137770}
{"id":399811,"type":"info","level":2,"name":"抽卡与卡组","meta":{"paths":["lp0hx8"]},"content":"2858787094抽到了一张☆二星★卡，剩余89P点","timestamp":1779165156085}
{"id":399857,"type":"error","level":1,"name":"签到","meta":{"paths":["lp0hx8"]},"content":"986054920签到失败！原因：该用户已经签到","timestamp":1779165187461}
{"id":403440,"type":"success","level":1,"name":"签到","meta":{"paths":["lp0hx8"]},"content":"2627939216完成了一次签到！","timestamp":1779167565236}
{"id":403920,"type":"success","level":1,"name":"抽卡与卡组","meta":{"paths":["lp0hx8"]},"content":"908531782献祭了：2张二星  1张四星  1张FES  获得3760P点，当前P点数为6386","timestamp":1779168042211}
{"id":404325,"type":"success","level":1,"name":"抽卡与卡组","meta":{"paths":["lp0hx8"]},"content":"908531782献祭了：4张二星  2张三星  1张四星  获得3440P点，当前P点数为5426","timestamp":1779168443836}
{"id":404429,"type":"success","level":1,"name":"抽卡与卡组","meta":{"paths":["lp0hx8"]},"content":"908531782献祭了：6张二星  获得1680P点，当前P点数为4306","timestamp":1779168510614}
{"id":404555,"type":"success","level":1,"name":"抽卡与卡组","meta":{"paths":["lp0hx8"]},"content":"908531782献祭了：4张二星  2张三星  获得2240P点，当前P点数为4146","timestamp":1779168599214}
{"id":404731,"type":"success","level":1,"name":"签到","meta":{"paths":["lp0hx8"]},"content":"1962318808完成了一次签到！","timestamp":1779168664283}
{"id":404760,"type":"success","level":1,"name":"抽卡与卡组","meta":{"paths":["lp0hx8"]},"content":"908531782献祭了：6张二星  获得1680P点，当前P点数为3426","timestamp":1779168668593}
{"id":405035,"type":"error","level":1,"name":"抽卡与卡组","meta":{"paths":["lp0hx8"]},"content":"3528811938抽卡失败，积分不足","timestamp":1779168794563}
{"id":405063,"type":"success","level":1,"name":"抽卡与卡组","meta":{"paths":["lp0hx8"]},"content":"908531782献祭了：1张二星  3张三星  1张四星  获得3160P点，当前P点数为4186","timestamp":1779168799159}
{"id":405121,"type":"success","level":1,"name":"签到","meta":{"paths":["lp0hx8"]},"content":"3867496831完成了一次签到！","timestamp":1779168815955}
{"id":405373,"type":"success","level":1,"name":"抽卡与卡组","meta":{"paths":["lp0hx8"]},"content":"908531782献祭了：4张二星  1张三星  获得1680P点，当前P点数为3866","timestamp":1779168924791}
{"id":405450,"type":"error","level":1,"name":"签到","meta":{"paths":["lp0hx8"]},"content":"2221639610签到失败！原因：该用户已经签到","timestamp":1779168966000}
{"id":405484,"type":"error","level":1,"name":"签到","meta":{"paths":["lp0hx8"]},"content":"908531782签到失败！原因：该用户已经签到","timestamp":1779168986404}
{"id":405527,"type":"success","level":1,"name":"抽卡与卡组","meta":{"paths":["lp0hx8"]},"content":"908531782献祭了：3张二星  1张三星  1张FES  获得3400P点，当前P点数为5266","timestamp":1779169009907}
{"id":405677,"type":"success","level":1,"name":"抽卡与卡组","meta":{"paths":["lp0hx8"]},"content":"908531782献祭了：5张二星  获得1400P点，当前P点数为4666","timestamp":1779169066343}
{"id":405722,"type":"success","level":1,"name":"签到","meta":{"paths":["lp0hx8"]},"content":"3389530537完成了一次签到！","timestamp":1779169076218}
{"id":405816,"type":"info","level":2,"name":"抽卡与卡组","meta":{"paths":["lp0hx8"]},"content":"3903949840抽到了一张☆二星★卡，剩余3635P点","timestamp":1779169090723}
{"id":405926,"type":"success","level":1,"name":"抽卡与卡组","meta":{"paths":["lp0hx8"]},"content":"3903949840献祭了：5张二星  1张三星  获得1960P点，当前P点数为5595","timestamp":1779169121699}
{"id":405968,"type":"info","level":2,"name":"抽卡与卡组","meta":{"paths":["lp0hx8"]},"content":"3903949840抽到了一张❀三星☄卡，剩余5195P点","timestamp":1779169133638}
{"id":406008,"type":"info","level":2,"name":"抽卡与卡组","meta":{"paths":["lp0hx8"]},"content":"3903949840抽到了一张❀三星☄卡，剩余4795P点","timestamp":1779169142426}
{"id":406063,"type":"info","level":2,"name":"抽卡与卡组","meta":{"paths":["lp0hx8"]},"content":"3903949840抽到了一张☆二星★卡，剩余4395P点","timestamp":1779169153432}
{"id":406162,"type":"success","level":1,"name":"抽卡与卡组","meta":{"paths":["lp0hx8"]},"content":"3903949840献祭了：4张二星  1张三星  获得1680P点，当前P点数为4875","timestamp":1779169233608}
{"id":406320,"type":"success","level":1,"name":"抽卡与卡组","meta":{"paths":["lp0hx8"]},"content":"3903949840献祭了：2张二星  2张三星  获得1680P点，当前P点数为4555","timestamp":1779169314698}
{"id":406387,"type":"success","level":1,"name":"抽卡与卡组","meta":{"paths":["lp0hx8"]},"content":"3903949840献祭了：2张二星  2张三星  1张FES  获得3680P点，当前P点数为6635","timestamp":1779169391506}
{"id":406523,"type":"success","level":1,"name":"抽卡与卡组","meta":{"paths":["lp0hx8"]},"content":"3903949840献祭了：4张二星  1张四星  获得2320P点，当前P点数为6955","timestamp":1779169472733}
{"id":406618,"type":"success","level":1,"name":"抽卡与卡组","meta":{"paths":["lp0hx8"]},"content":"3903949840献祭了：3张二星  1张三星  获得1400P点，当前P点数为6355","timestamp":1779169555115}
{"id":406674,"type":"success","level":1,"name":"抽卡与卡组","meta":{"paths":["lp0hx8"]},"content":"3903949840献祭了：3张二星  1张三星  获得1400P点，当前P点数为6155","timestamp":1779169603039}
{"id":406774,"type":"success","level":1,"name":"抽卡与卡组","meta":{"paths":["lp0hx8"]},"content":"3903949840献祭了：3张二星  2张三星  获得1960P点，当前P点数为6515","timestamp":1779169758618}
{"id":406905,"type":"error","level":1,"name":"抽卡与卡组","meta":{"paths":["lp0hx8"]},"content":"1853819131抽卡失败，积分不足","timestamp":1779169871133}
{"id":406928,"type":"success","level":1,"name":"签到","meta":{"paths":["lp0hx8"]},"content":"1853819131完成了一次签到！","timestamp":1779169876315}
{"id":406993,"type":"info","level":2,"name":"抽卡与卡组","meta":{"paths":["lp0hx8"]},"content":"1853819131抽到了一张❀三星☄卡，剩余367P点","timestamp":1779169920503}
{"id":407015,"type":"success","level":1,"name":"抽卡与卡组","meta":{"paths":["lp0hx8"]},"content":"3903949840献祭了：3张二星  获得840P点，当前P点数为5355","timestamp":1779169949199}
{"id":409397,"type":"info","level":2,"name":"签到","meta":{"paths":["lp0hx8"]},"content":"已更新2658604288的抢劫次数和记录","timestamp":1779189224514}
{"id":409414,"type":"success","level":1,"name":"签到","meta":{"paths":["lp0hx8"]},"content":"2658604288抢劫1296434423失败！失去了所有P点！","timestamp":1779189224943}
{"id":409415,"type":"info","level":2,"name":"签到","meta":{"paths":["lp0hx8"]},"content":"2658604288今天的抢劫记录为-109   |    剩余抢劫次数为2","timestamp":1779189224944}
{"id":409536,"type":"success","level":1,"name":"签到","meta":{"paths":["lp0hx8"]},"content":"2658604288抢了2781758816的111P点！","timestamp":1779189271309}
{"id":409537,"type":"info","level":2,"name":"签到","meta":{"paths":["lp0hx8"]},"content":"2658604288今天的抢劫记录为2   |    剩余抢劫次数为0","timestamp":1779189271310}
{"id":414889,"type":"success","level":1,"name":"签到","meta":{"paths":["lp0hx8"]},"content":"1963408278完成了一次签到！","timestamp":1779191684526}
{"id":417843,"type":"error","level":1,"name":"绑定id","meta":{"paths":["lp0hx8"]},"content":"3369664081输入错误id：/<7556870767796099874>，id过短","timestamp":1779193603442}
{"id":418196,"type":"info","level":2,"name":"签到","meta":{"paths":["lp0hx8"]},"content":"已更新2188730297的抢劫次数和记录","timestamp":1779193722611}
{"id":418219,"type":"success","level":1,"name":"签到","meta":{"paths":["lp0hx8"]},"content":"2188730297抢劫956937232失败！失去了292P点！","timestamp":1779193723416}
{"id":418220,"type":"info","level":2,"name":"签到","meta":{"paths":["lp0hx8"]},"content":"2188730297今天的抢劫记录为-292   |    剩余抢劫次数为2","timestamp":1779193723419}
{"id":418254,"type":"success","level":1,"name":"签到","meta":{"paths":["lp0hx8"]},"content":"2188730297抢劫956937232失败！失去了73P点！","timestamp":1779193733822}
{"id":418255,"type":"info","level":2,"name":"签到","meta":{"paths":["lp0hx8"]},"content":"2188730297今天的抢劫记录为-365   |    剩余抢劫次数为1","timestamp":1779193733824}
{"id":418293,"type":"success","level":1,"name":"签到","meta":{"paths":["lp0hx8"]},"content":"2188730297抢了956937232的146P点！","timestamp":1779193738739}
{"id":418294,"type":"info","level":2,"name":"签到","meta":{"paths":["lp0hx8"]},"content":"2188730297今天的抢劫记录为-219   |    剩余抢劫次数为0","timestamp":1779193738740}
{"id":424149,"type":"success","level":1,"name":"签到","meta":{"paths":["lp0hx8"]},"content":"3793509134完成了一次签到！","timestamp":1779197311122}
{"id":425110,"type":"success","level":1,"name":"签到","meta":{"paths":["lp0hx8"]},"content":"3385275057完成了一次签到！","timestamp":1779197736127}
{"id":426145,"type":"error","level":1,"name":"绑定id","meta":{"paths":["lp0hx8"]},"content":"1652933285输入错误id：id，id过短","timestamp":1779198145632}
{"id":433084,"type":"info","level":2,"name":"抽卡与卡组","meta":{"paths":["lp0hx8"]},"content":"908531782抽到了一张❀三星☄卡，剩余2266P点","timestamp":1779200457129}
{"id":433515,"type":"success","level":1,"name":"抽卡与卡组","meta":{"paths":["lp0hx8"]},"content":"908531782献祭了：3张二星  1张三星  1张四星  获得2600P点，当前P点数为4866","timestamp":1779200585802}
{"id":433658,"type":"success","level":1,"name":"签到","meta":{"paths":["lp0hx8"]},"content":"2737691405完成了一次签到！","timestamp":1779200621422}
{"id":433809,"type":"success","level":1,"name":"抽卡与卡组","meta":{"paths":["lp0hx8"]},"content":"908531782献祭了：4张二星  1张FES  获得3120P点，当前P点数为5986","timestamp":1779200676535}
{"id":434183,"type":"success","level":1,"name":"抽卡与卡组","meta":{"paths":["lp0hx8"]},"content":"908531782献祭了：3张二星  1张三星  获得1400P点，当前P点数为5386","timestamp":1779200814200}
{"id":434392,"type":"success","level":1,"name":"抽卡与卡组","meta":{"paths":["lp0hx8"]},"content":"908531782献祭了：3张二星  1张三星  获得1400P点，当前P点数为5186","timestamp":1779200892726}
{"id":434500,"type":"info","level":2,"name":"抽卡与卡组","meta":{"paths":["lp0hx8"]},"content":"629832381抽到了一张❀三星☄卡，剩余21064P点","timestamp":1779200951222}
{"id":434900,"type":"success","level":1,"name":"抽卡与卡组","meta":{"paths":["lp0hx8"]},"content":"629832381献祭了：2张二星  1张三星  获得1120P点，当前P点数为22184","timestamp":1779201057216}
{"id":434936,"type":"info","level":2,"name":"抽卡与卡组","meta":{"paths":["lp0hx8"]},"content":"629832381抽到了一张☆二星★卡，剩余21784P点","timestamp":1779201067319}
{"id":434966,"type":"info","level":2,"name":"抽卡与卡组","meta":{"paths":["lp0hx8"]},"content":"629832381抽到了一张❀三星☄卡，剩余21384P点","timestamp":1779201074482}
{"id":435002,"type":"error","level":1,"name":"抽卡与卡组","meta":{"paths":["lp0hx8"]},"content":"171159237抽卡失败，积分不足","timestamp":1779201087214}
{"id":435164,"type":"info","level":2,"name":"抽卡与卡组","meta":{"paths":["lp0hx8"]},"content":"3366143939抽到了一张☂FES☃卡，剩余533P点","timestamp":1779201137779}
{"id":435218,"type":"info","level":2,"name":"抽卡与卡组","meta":{"paths":["lp0hx8"]},"content":"629832381抽到了一张❀三星☄卡，剩余20984P点","timestamp":1779201154067}
{"id":435302,"type":"info","level":2,"name":"抽卡与卡组","meta":{"paths":["lp0hx8"]},"content":"629832381抽到了一张☆二星★卡，剩余20584P点","timestamp":1779201164261}
{"id":437290,"type":"success","level":1,"name":"签到","meta":{"paths":["lp0hx8"]},"content":"3840729373完成了一次签到！","timestamp":1779201871901}
{"id":437339,"type":"error","level":1,"name":"签到","meta":{"paths":["lp0hx8"]},"content":"3568930598签到失败！原因：该用户已经签到","timestamp":1779201906123}
{"id":446932,"type":"warn","level":2,"name":"app","meta":{"paths":[]},"content":"broadcast channel not found:  onebot:682255155","timestamp":1779205467312}
{"id":448786,"type":"success","level":1,"name":"签到","meta":{"paths":["lp0hx8"]},"content":"629832381完成了一次签到！","timestamp":1779206429028}
{"id":448820,"type":"success","level":1,"name":"签到","meta":{"paths":["lp0hx8"]},"content":"3389530537完成了一次签到！","timestamp":1779206432413}
{"id":448889,"type":"success","level":1,"name":"签到","meta":{"paths":["lp0hx8"]},"content":"3997019972完成了一次签到！","timestamp":1779206440822}
{"id":448924,"type":"success","level":1,"name":"签到","meta":{"paths":["lp0hx8"]},"content":"1012113121完成了一次签到！","timestamp":1779206444119}
{"id":448975,"type":"info","level":2,"name":"抽卡与卡组","meta":{"paths":["lp0hx8"]},"content":"3997019972抽到了一张☂FES☃卡，剩余1222P点","timestamp":1779206452699}
{"id":449013,"type":"success","level":1,"name":"签到","meta":{"paths":["lp0hx8"]},"content":"1962318808完成了一次签到！","timestamp":1779206454218}
{"id":449017,"type":"success","level":1,"name":"签到","meta":{"paths":["lp0hx8"]},"content":"813013693完成了一次签到！","timestamp":1779206454424}
{"id":449045,"type":"info","level":2,"name":"签到","meta":{"paths":["lp0hx8"]},"content":"已更新3055983840的抢劫次数和记录","timestamp":1779206457820}
{"id":449074,"type":"success","level":1,"name":"签到","meta":{"paths":["lp0hx8"]},"content":"3055983840抢劫3997019972失败！失去了171P点！","timestamp":1779206458316}
{"id":449075,"type":"info","level":2,"name":"签到","meta":{"paths":["lp0hx8"]},"content":"3055983840今天的抢劫记录为-171   |    剩余抢劫次数为2","timestamp":1779206458318}
{"id":449127,"type":"info","level":2,"name":"签到","meta":{"paths":["lp0hx8"]},"content":"已更新1012113121的抢劫次数和记录","timestamp":1779206465424}
{"id":449150,"type":"success","level":1,"name":"签到","meta":{"paths":["lp0hx8"]},"content":"1969859341完成了一次签到！","timestamp":1779206465612}
{"id":449152,"type":"success","level":1,"name":"签到","meta":{"paths":["lp0hx8"]},"content":"1012113121抢了3997019972的120P点！","timestamp":1779206466099}
{"id":449153,"type":"info","level":2,"name":"签到","meta":{"paths":["lp0hx8"]},"content":"1012113121今天的抢劫记录为120   |    剩余抢劫次数为2","timestamp":1779206466104}
{"id":449174,"type":"success","level":1,"name":"签到","meta":{"paths":["lp0hx8"]},"content":"3980423768完成了一次签到！","timestamp":1779206467527}
{"id":449216,"type":"success","level":1,"name":"签到","meta":{"paths":["lp0hx8"]},"content":"978229136完成了一次签到！","timestamp":1779206470113}
{"id":449247,"type":"warn","level":2,"name":"session","meta":{},"content":"Error: Error with request send_group_msg, args: {\"group_id\":1091191330,\"message\":[{\"type\":\"at\",\"data\":{\"qq\":\"1012113121\"}},{\"type\":\"text\",\"data\":{\"text\":\" 输入抽卡目标：（三星、四星、FES）\"}}]}, retcode: 1200\n    at _Internal._get (/root/lezskabot/koishi/koishi-app/node_modules/koishi-plugin-adapter-onebot/lib/index.js:119:11)\n    at process.processTicksAndRejections (node:internal/process/task_queues:95:5)\n    at async _Internal.<computed> [as sendGroupMsg] (/root/lezskabot/koishi/koishi-app/node_modules/koishi-plugin-adapter-onebot/lib/index.js:162:20)\n    at async OneBotMessageEncoder.flush (/root/lezskabot/koishi/koishi-app/node_modules/koishi-plugin-adapter-onebot/lib/index.js:771:338)\n    at async OneBotMessageEncoder.send (/root/lezskabot/koishi/koishi-app/node_modules/@satorijs/core/lib/index.cjs:755:5)\n    at async Proxy.sendMessage (/root/lezskabot/koishi/koishi-app/node_modules/@satorijs/core/lib/index.cjs:487:22)\n    at async _Command.eval (eval at <anonymous> (/root/lezskabot/koishi/koishi-app/node_modules/koishi-plugin-blockly-null/lib/index.js:1:1), <anonymous>:114:5)\n    at async Array.<anonymous> (/root/lezskabot/koishi/koishi-app/node_modules/@koishijs/core/lib/index.cjs:1079:14)\n    at async _Command.execute (/root/lezskabot/koishi/koishi-app/node_modules/@koishijs/core/lib/index.cjs:1093:22)\n    at async /root/lezskabot/koishi/koishi-app/node_modules/@koishijs/core/lib/index.cjs:2049:22","timestamp":1779206477819}
{"id":449249,"type":"warn","level":2,"name":"session","meta":{},"content":"Error: Error with request send_group_msg, args: {\"group_id\":1091191330,\"message\":[{\"type\":\"at\",\"data\":{\"qq\":\"3997019972\"}},{\"type\":\"text\",\"data\":{\"text\":\"真可惜呢花光了也没抽到\\n你还有302P点\\n最后一次抽卡结果：\\n☆二星★\"}},{\"type\":\"image\",\"data\":{\"file\":\"/root/lezskabot/cards/1/272.png\",\"cache\":0}}]}, retcode: 1200\n    at _Internal._get (/root/lezskabot/koishi/koishi-app/node_modules/koishi-plugin-adapter-onebot/lib/index.js:119:11)\n    at process.processTicksAndRejections (node:internal/process/task_queues:95:5)\n    at async _Internal.<computed> [as sendGroupMsg] (/root/lezskabot/koishi/koishi-app/node_modules/koishi-plugin-adapter-onebot/lib/index.js:162:20)\n    at async OneBotMessageEncoder.flush (/root/lezskabot/koishi/koishi-app/node_modules/koishi-plugin-adapter-onebot/lib/index.js:771:338)\n    at async OneBotMessageEncoder.send (/root/lezskabot/koishi/koishi-app/node_modules/@satorijs/core/lib/index.cjs:755:5)\n    at async Proxy.sendMessage (/root/lezskabot/koishi/koishi-app/node_modules/@satorijs/core/lib/index.cjs:487:22)\n    at async /root/lezskabot/koishi/koishi-app/node_modules/@koishijs/core/lib/index.cjs:2051:7\n    at async Proxy.withScope (/root/lezskabot/koishi/koishi-app/node_modules/@koishijs/core/lib/index.cjs:1958:22)\n    at async next (/root/lezskabot/koishi/koishi-app/node_modules/@koishijs/core/lib/index.cjs:827:16)\n    at async next (/root/lezskabot/koishi/koishi-app/node_modules/@koishijs/core/lib/index.cjs:827:16)","timestamp":1779206477913}
{"id":449280,"type":"error","level":1,"name":"签到","meta":{"paths":["lp0hx8"]},"content":"3389530537签到失败！原因：该用户已经签到","timestamp":1779206481510}
{"id":449302,"type":"warn","level":2,"name":"session","meta":{},"content":"Error: Error with request send_group_msg, args: {\"group_id\":1091191330,\"message\":[{\"type\":\"at\",\"data\":{\"qq\":\"3980423768\"}},{\"type\":\"text\",\"data\":{\"text\":\" 输入抽卡目标：（三星、四星、FES）\"}}]}, retcode: 1200\n    at _Internal._get (/root/lezskabot/koishi/koishi-app/node_modules/koishi-plugin-adapter-onebot/lib/index.js:119:11)\n    at process.processTicksAndRejections (node:internal/process/task_queues:95:5)\n    at async _Internal.<computed> [as sendGroupMsg] (/root/lezskabot/koishi/koishi-app/node_modules/koishi-plugin-adapter-onebot/lib/index.js:162:20)\n    at async OneBotMessageEncoder.flush (/root/lezskabot/koishi/koishi-app/node_modules/koishi-plugin-adapter-onebot/lib/index.js:771:338)\n    at async OneBotMessageEncoder.send (/root/lezskabot/koishi/koishi-app/node_modules/@satorijs/core/lib/index.cjs:755:5)\n    at async Proxy.sendMessage (/root/lezskabot/koishi/koishi-app/node_modules/@satorijs/core/lib/index.cjs:487:22)\n    at async _Command.eval (eval at <anonymous> (/root/lezskabot/koishi/koishi-app/node_modules/koishi-plugin-blockly-null/lib/index.js:1:1), <anonymous>:114:5)\n    at async Array.<anonymous> (/root/lezskabot/koishi/koishi-app/node_modules/@koishijs/core/lib/index.cjs:1079:14)\n    at async _Command.execute (/root/lezskabot/koishi/koishi-app/node_modules/@koishijs/core/lib/index.cjs:1093:22)\n    at async /root/lezskabot/koishi/koishi-app/node_modules/@koishijs/core/lib/index.cjs:2049:22","timestamp":1779206482312}
{"id":449306,"type":"warn","level":2,"name":"session","meta":{},"content":"Error: Error with request send_group_msg, args: {\"group_id\":1091191330,\"message\":[{\"type\":\"at\",\"data\":{\"qq\":\"1012113121\"}},{\"type\":\"text\",\"data\":{\"text\":\"  你输入的啥啊笨蛋\"}}]}, retcode: 1200\n    at _Internal._get (/root/lezskabot/koishi/koishi-app/node_modules/koishi-plugin-adapter-onebot/lib/index.js:119:11)\n    at process.processTicksAndRejections (node:internal/process/task_queues:95:5)\n    at async _Internal.<computed> [as sendGroupMsg] (/root/lezskabot/koishi/koishi-app/node_modules/koishi-plugin-adapter-onebot/lib/index.js:162:20)\n    at async OneBotMessageEncoder.flush (/root/lezskabot/koishi/koishi-app/node_modules/koishi-plugin-adapter-onebot/lib/index.js:771:338)\n    at async OneBotMessageEncoder.send (/root/lezskabot/koishi/koishi-app/node_modules/@satorijs/core/lib/index.cjs:755:5)\n    at async Proxy.sendMessage (/root/lezskabot/koishi/koishi-app/node_modules/@satorijs/core/lib/index.cjs:487:22)\n    at async /root/lezskabot/koishi/koishi-app/node_modules/@koishijs/core/lib/index.cjs:2051:7\n    at async Proxy.withScope (/root/lezskabot/koishi/koishi-app/node_modules/@koishijs/core/lib/index.cjs:1958:22)\n    at async next (/root/lezskabot/koishi/koishi-app/node_modules/@koishijs/core/lib/index.cjs:827:16)\n    at async next (/root/lezskabot/koishi/koishi-app/node_modules/@koishijs/core/lib/index.cjs:827:16)","timestamp":1779206486119}
{"id":449334,"type":"success","level":1,"name":"签到","meta":{"paths":["lp0hx8"]},"content":"2994459542完成了一次签到！","timestamp":1779206487512}
{"id":449378,"type":"info","level":2,"name":"签到","meta":{"paths":["lp0hx8"]},"content":"已更新3997019972的抢劫次数和记录","timestamp":1779206491407}
{"id":449399,"type":"warn","level":2,"name":"session","meta":{},"content":"Error: Error with request send_group_msg, args: {\"group_id\":1091191330,\"message\":[{\"type\":\"at\",\"data\":{\"qq\":\"3997019972\"}},{\"type\":\"text\",\"data\":{\"text\":\"   恭喜你从对方手里抢到465P点！\\n你现在有767P点\\n对方还剩588P点\\n你还剩2次抢P点次数！\"}}]}, retcode: 1200\n    at _Internal._get (/root/lezskabot/koishi/koishi-app/node_modules/koishi-plugin-adapter-onebot/lib/index.js:119:11)\n    at process.processTicksAndRejections (node:internal/process/task_queues:95:5)\n    at async _Internal.<computed> [as sendGroupMsg] (/root/lezskabot/koishi/koishi-app/node_modules/koishi-plugin-adapter-onebot/lib/index.js:162:20)\n    at async OneBotMessageEncoder.flush (/root/lezskabot/koishi/koishi-app/node_modules/koishi-plugin-adapter-onebot/lib/index.js:771:338)\n    at async OneBotMessageEncoder.send (/root/lezskabot/koishi/koishi-app/node_modules/@satorijs/core/lib/index.cjs:755:5)\n    at async Proxy.sendMessage (/root/lezskabot/koishi/koishi-app/node_modules/@satorijs/core/lib/index.cjs:487:22)\n    at async _Command.eval (eval at <anonymous> (/root/lezskabot/koishi/koishi-app/node_modules/koishi-plugin-blockly-null/lib/index.js:1:1), <anonymous>:306:29)\n    at async Array.<anonymous> (/root/lezskabot/koishi/koishi-app/node_modules/@koishijs/core/lib/index.cjs:1079:14)\n    at async _Command.execute (/root/lezskabot/koishi/koishi-app/node_modules/@koishijs/core/lib/index.cjs:1093:22)\n    at async /root/lezskabot/koishi/koishi-app/node_modules/@koishijs/core/lib/index.cjs:2049:22","timestamp":1779206492228}
{"id":449400,"type":"success","level":1,"name":"签到","meta":{"paths":["lp0hx8"]},"content":"3997019972抢了3055983840的465P点！","timestamp":1779206492229}
{"id":449401,"type":"info","level":2,"name":"签到","meta":{"paths":["lp0hx8"]},"content":"3997019972今天的抢劫记录为465   |    剩余抢劫次数为2","timestamp":1779206492229}
{"id":449618,"type":"success","level":1,"name":"签到","meta":{"paths":["lp0hx8"]},"content":"3694941523完成了一次签到！","timestamp":1779206559532}
{"id":449681,"type":"success","level":1,"name":"签到","meta":{"paths":["lp0hx8"]},"content":"1509417679完成了一次签到！","timestamp":1779206564931}
{"id":449755,"type":"success","level":1,"name":"签到","meta":{"paths":["lp0hx8"]},"content":"1012113121抢了3980423768的375P点！","timestamp":1779206571616}
{"id":449756,"type":"info","level":2,"name":"签到","meta":{"paths":["lp0hx8"]},"content":"1012113121今天的抢劫记录为474   |    剩余抢劫次数为1","timestamp":1779206571617}
{"id":449795,"type":"info","level":2,"name":"签到","meta":{"paths":["lp0hx8"]},"content":"已更新3980423768的抢劫次数和记录","timestamp":1779206575922}
{"id":449816,"type":"success","level":1,"name":"签到","meta":{"paths":["lp0hx8"]},"content":"3980423768抢了1012113121的33P点！","timestamp":1779206576819}
{"id":449817,"type":"info","level":2,"name":"签到","meta":{"paths":["lp0hx8"]},"content":"3980423768今天的抢劫记录为33   |    剩余抢劫次数为2","timestamp":1779206576820}
{"id":449824,"type":"info","level":2,"name":"抽卡与卡组","meta":{"paths":["lp0hx8"]},"content":"1012113121抽到了一张☆二星★卡，剩余74P点","timestamp":1779206577129}
{"id":449870,"type":"success","level":1,"name":"签到","meta":{"paths":["lp0hx8"]},"content":"3980423768抢劫3997019972失败！失去了所有P点！","timestamp":1779206584210}
{"id":449871,"type":"info","level":2,"name":"签到","meta":{"paths":["lp0hx8"]},"content":"3980423768今天的抢劫记录为0   |    剩余抢劫次数为1","timestamp":1779206584211}
{"id":449928,"type":"success","level":1,"name":"签到","meta":{"paths":["lp0hx8"]},"content":"3980423768抢了3055983840的484P点！","timestamp":1779206596627}
{"id":449929,"type":"info","level":2,"name":"签到","meta":{"paths":["lp0hx8"]},"content":"3980423768今天的抢劫记录为484   |    剩余抢劫次数为0","timestamp":1779206596629}
{"id":449956,"type":"warn","level":2,"name":"session","meta":{},"content":"Error: Error with request send_group_msg, args: {\"group_id\":1091191330,\"message\":[{\"type\":\"image\",\"data\":{\"file\":\"/root/lezskabot/cards/1/225.png\",\"cache\":0}},{\"type\":\"at\",\"data\":{\"qq\":\"3980423768\"}},{\"type\":\"text\",\"data\":{\"text\":\"☆二星★\\n此卡在你手中，请手动加入卡组\\n你还有84P点\\n也就是0抽。\\n请仔细阅读“抽卡帮助”！\"}}]}, retcode: 1200\n    at _Internal._get (/root/lezskabot/koishi/koishi-app/node_modules/koishi-plugin-adapter-onebot/lib/index.js:119:11)\n    at process.processTicksAndRejections (node:internal/process/task_queues:95:5)\n    at async _Internal.<computed> [as sendGroupMsg] (/root/lezskabot/koishi/koishi-app/node_modules/koishi-plugin-adapter-onebot/lib/index.js:162:20)\n    at async OneBotMessageEncoder.flush (/root/lezskabot/koishi/koishi-app/node_modules/koishi-plugin-adapter-onebot/lib/index.js:771:338)\n    at async OneBotMessageEncoder.send (/root/lezskabot/koishi/koishi-app/node_modules/@satorijs/core/lib/index.cjs:755:5)\n    at async Proxy.sendMessage (/root/lezskabot/koishi/koishi-app/node_modules/@satorijs/core/lib/index.cjs:487:22)\n    at async _Command.eval (eval at <anonymous> (/root/lezskabot/koishi/koishi-app/node_modules/koishi-plugin-blockly-null/lib/index.js:1:1), <anonymous>:302:15)\n    at async Array.<anonymous> (/root/lezskabot/koishi/koishi-app/node_modules/@koishijs/core/lib/index.cjs:1079:14)\n    at async _Command.execute (/root/lezskabot/koishi/koishi-app/node_modules/@koishijs/core/lib/index.cjs:1093:22)\n    at async /root/lezskabot/koishi/koishi-app/node_modules/@koishijs/core/lib/index.cjs:2049:22","timestamp":1779206601400}
{"id":449958,"type":"info","level":2,"name":"抽卡与卡组","meta":{"paths":["lp0hx8"]},"content":"3980423768抽到了一张☆二星★卡，剩余84P点","timestamp":1779206601404}
{"id":450028,"type":"success","level":1,"name":"签到","meta":{"paths":["lp0hx8"]},"content":"986054920完成了一次签到！","timestamp":1779206615816}
{"id":450299,"type":"success","level":1,"name":"签到","meta":{"paths":["lp0hx8"]},"content":"1296434423完成了一次签到！","timestamp":1779206676220}
{"id":450411,"type":"success","level":1,"name":"签到","meta":{"paths":["lp0hx8"]},"content":"2558144075完成了一次签到！","timestamp":1779206708919}
{"id":450487,"type":"success","level":1,"name":"签到","meta":{"paths":["lp0hx8"]},"content":"3997019972抢劫2558144075失败！失去了38P点！","timestamp":1779206721022}
{"id":450488,"type":"info","level":2,"name":"签到","meta":{"paths":["lp0hx8"]},"content":"3997019972今天的抢劫记录为427   |    剩余抢劫次数为1","timestamp":1779206721025}
{"id":450760,"type":"success","level":1,"name":"签到","meta":{"paths":["lp0hx8"]},"content":"2276942246完成了一次签到！","timestamp":1779206800521}
{"id":450898,"type":"success","level":1,"name":"抽卡与卡组","meta":{"paths":["lp0hx8"]},"content":"2558144075献祭了：2张二星  1张三星  获得1120P点，当前P点数为53897","timestamp":1779206837315}
{"id":450919,"type":"success","level":1,"name":"抽卡与卡组","meta":{"paths":["lp0hx8"]},"content":"2276942246献祭了：2张二星  1张四星  获得1760P点，当前P点数为19411","timestamp":1779206843629}
{"id":451032,"type":"success","level":1,"name":"抽卡与卡组","meta":{"paths":["lp0hx8"]},"content":"2276942246献祭了：2张二星  1张三星  获得1120P点，当前P点数为19331","timestamp":1779206860419}
{"id":451116,"type":"success","level":1,"name":"签到","meta":{"paths":["lp0hx8"]},"content":"3997019972抢劫2558144075失败！失去了116P点！","timestamp":1779206872521}
{"id":451117,"type":"info","level":2,"name":"签到","meta":{"paths":["lp0hx8"]},"content":"3997019972今天的抢劫记录为311   |    剩余抢劫次数为0","timestamp":1779206872522}
{"id":451166,"type":"success","level":1,"name":"抽卡与卡组","meta":{"paths":["lp0hx8"]},"content":"2276942246献祭了：3张二星  获得840P点，当前P点数为18971","timestamp":1779206884315}
{"id":451245,"type":"success","level":1,"name":"抽卡与卡组","meta":{"paths":["lp0hx8"]},"content":"2276942246献祭了：2张二星  1张三星  获得1120P点，当前P点数为18891","timestamp":1779206894513}
{"id":451325,"type":"info","level":2,"name":"抽卡与卡组","meta":{"paths":["lp0hx8"]},"content":"2558144075抽到了一张☆二星★卡，剩余52297P点","timestamp":1779206911916}
{"id":451379,"type":"info","level":2,"name":"抽卡与卡组","meta":{"paths":["lp0hx8"]},"content":"2558144075抽到了一张☆二星★卡，剩余51897P点","timestamp":1779206923933}
{"id":451417,"type":"info","level":2,"name":"抽卡与卡组","meta":{"paths":["lp0hx8"]},"content":"2558144075抽到了一张☆二星★卡，剩余51497P点","timestamp":1779206931825}
{"id":451496,"type":"success","level":1,"name":"抽卡与卡组","meta":{"paths":["lp0hx8"]},"content":"2558144075献祭了：2张二星  1张三星  获得1120P点，当前P点数为52617","timestamp":1779206970606}
{"id":451722,"type":"success","level":1,"name":"签到","meta":{"paths":["lp0hx8"]},"content":"1820639552完成了一次签到！","timestamp":1779207041135}
{"id":451753,"type":"success","level":1,"name":"签到","meta":{"paths":["lp0hx8"]},"content":"2513983517完成了一次签到！","timestamp":1779207057516}
{"id":451780,"type":"success","level":1,"name":"签到","meta":{"paths":["lp0hx8"]},"content":"3258716441完成了一次签到！","timestamp":1779207063113}
{"id":453930,"type":"success","level":1,"name":"签到","meta":{"paths":["lp0hx8"]},"content":"914880737完成了一次签到！","timestamp":1779207984815}
{"id":455078,"type":"success","level":1,"name":"签到","meta":{"paths":["lp0hx8"]},"content":"2018283414完成了一次签到！","timestamp":1779208501572}
{"id":455129,"type":"info","level":2,"name":"抽卡与卡组","meta":{"paths":["lp0hx8"]},"content":"2018283414抽到了一张♔♕四星(?)♕♔卡，剩余2880P点","timestamp":1779208521970}
{"id":456188,"type":"success","level":1,"name":"签到","meta":{"paths":["lp0hx8"]},"content":"29053789完成了一次签到！","timestamp":1779209383602}
{"id":457015,"type":"success","level":1,"name":"签到","meta":{"paths":["lp0hx8"]},"content":"2628075910完成了一次签到！","timestamp":1779209966890}
{"id":457176,"type":"info","level":2,"name":"签到","meta":{"paths":["lp0hx8"]},"content":"已更新3391406413的抢劫次数和记录","timestamp":1779210049073}
{"id":457193,"type":"success","level":1,"name":"签到","meta":{"paths":["lp0hx8"]},"content":"3391406413抢劫2628075910失败！失去了95P点！","timestamp":1779210049680}
{"id":457194,"type":"info","level":2,"name":"签到","meta":{"paths":["lp0hx8"]},"content":"3391406413今天的抢劫记录为-95   |    剩余抢劫次数为2","timestamp":1779210049682}
{"id":457244,"type":"success","level":1,"name":"签到","meta":{"paths":["lp0hx8"]},"content":"3391406413抢了2628075910的311P点！","timestamp":1779210057399}
{"id":457245,"type":"info","level":2,"name":"签到","meta":{"paths":["lp0hx8"]},"content":"3391406413今天的抢劫记录为216   |    剩余抢劫次数为1","timestamp":1779210057399}
{"id":457291,"type":"success","level":1,"name":"签到","meta":{"paths":["lp0hx8"]},"content":"3391406413抢了2628075910的156P点！","timestamp":1779210063669}
{"id":457292,"type":"info","level":2,"name":"签到","meta":{"paths":["lp0hx8"]},"content":"3391406413今天的抢劫记录为372   |    剩余抢劫次数为0","timestamp":1779210063671}
{"id":457377,"type":"info","level":2,"name":"签到","meta":{"paths":["lp0hx8"]},"content":"已更新986054920的抢劫次数和记录","timestamp":1779210143773}
{"id":457398,"type":"success","level":1,"name":"签到","meta":{"paths":["lp0hx8"]},"content":"986054920抢了3391406413的96P点！","timestamp":1779210144270}
{"id":457399,"type":"info","level":2,"name":"签到","meta":{"paths":["lp0hx8"]},"content":"986054920今天的抢劫记录为96   |    剩余抢劫次数为2","timestamp":1779210144271}
{"id":457449,"type":"success","level":1,"name":"签到","meta":{"paths":["lp0hx8"]},"content":"986054920抢了3391406413的18P点！","timestamp":1779210159171}
{"id":457450,"type":"info","level":2,"name":"签到","meta":{"paths":["lp0hx8"]},"content":"986054920今天的抢劫记录为114   |    剩余抢劫次数为1","timestamp":1779210159177}
{"id":457498,"type":"success","level":1,"name":"签到","meta":{"paths":["lp0hx8"]},"content":"986054920抢了3391406413的336P点！","timestamp":1779210165272}
{"id":457499,"type":"info","level":2,"name":"签到","meta":{"paths":["lp0hx8"]},"content":"986054920今天的抢劫记录为450   |    剩余抢劫次数为0","timestamp":1779210165274}
{"id":457528,"type":"success","level":1,"name":"签到","meta":{"paths":["lp0hx8"]},"content":"3391406413完成了一次签到！","timestamp":1779210181579}
{"id":458709,"type":"success","level":1,"name":"签到","meta":{"paths":["lp0hx8"]},"content":"3903949840完成了一次签到！","timestamp":1779212124470}
{"id":458745,"type":"success","level":1,"name":"签到","meta":{"paths":["lp0hx8"]},"content":"3497892115完成了一次签到！","timestamp":1779212129995}
{"id":459401,"type":"success","level":1,"name":"签到","meta":{"paths":["lp0hx8"]},"content":"956937232完成了一次签到！","timestamp":1779212596881}
{"id":459444,"type":"info","level":2,"name":"抽卡与卡组","meta":{"paths":["lp0hx8"]},"content":"956937232抽到了一张♔♕四星(?)♕♔卡，剩余3876P点","timestamp":1779212616265}
{"id":460358,"type":"success","level":1,"name":"签到","meta":{"paths":["lp0hx8"]},"content":"1652933285完成了一次签到！","timestamp":1779213835499}
{"id":460402,"type":"success","level":1,"name":"签到","meta":{"paths":["lp0hx8"]},"content":"3986092865完成了一次签到！","timestamp":1779213843507}
{"id":460406,"type":"success","level":1,"name":"签到","meta":{"paths":["lp0hx8"]},"content":"971217490完成了一次签到！","timestamp":1779213843698}
{"id":460805,"type":"success","level":1,"name":"签到","meta":{"paths":["lp0hx8"]},"content":"3055983840抢了971217490的305P点！","timestamp":1779214094211}
{"id":460806,"type":"info","level":2,"name":"签到","meta":{"paths":["lp0hx8"]},"content":"3055983840今天的抢劫记录为-1507   |    剩余抢劫次数为1","timestamp":1779214094279}
{"id":460890,"type":"success","level":1,"name":"签到","meta":{"paths":["lp0hx8"]},"content":"3055983840抢了3986092865的324P点！","timestamp":1779214114675}
{"id":460891,"type":"info","level":2,"name":"签到","meta":{"paths":["lp0hx8"]},"content":"3055983840今天的抢劫记录为-1388   |    剩余抢劫次数为0","timestamp":1779214114676}
{"id":460923,"type":"success","level":1,"name":"抽卡与卡组","meta":{"paths":["lp0hx8"]},"content":"971217490献祭了：2张二星  1张三星  获得1120P点，当前P点数为2663","timestamp":1779214131074}
{"id":460956,"type":"warn","level":2,"name":"session","meta":{},"content":"Error: Error with request send_group_msg, args: {\"group_id\":1091191330,\"message\":[{\"type\":\"text\",\"data\":{\"text\":\"你抽到了：\\n2张二星  \\n1张三星  \\n一共3张卡\\n已存入你卡组的第4, 7, 8位\\n你还有1463P点\"}}]}, retcode: 1200\n    at _Internal._get (/root/lezskabot/koishi/koishi-app/node_modules/koishi-plugin-adapter-onebot/lib/index.js:119:11)\n    at process.processTicksAndRejections (node:internal/process/task_queues:95:5)\n    at async _Internal.<computed> [as sendGroupMsg] (/root/lezskabot/koishi/koishi-app/node_modules/koishi-plugin-adapter-onebot/lib/index.js:162:20)\n    at async OneBotMessageEncoder.flush (/root/lezskabot/koishi/koishi-app/node_modules/koishi-plugin-adapter-onebot/lib/index.js:771:338)\n    at async OneBotMessageEncoder.send (/root/lezskabot/koishi/koishi-app/node_modules/@satorijs/core/lib/index.cjs:755:5)\n    at async Proxy.sendMessage (/root/lezskabot/koishi/koishi-app/node_modules/@satorijs/core/lib/index.cjs:487:22)\n    at async /root/lezskabot/koishi/koishi-app/node_modules/@koishijs/core/lib/index.cjs:2051:7\n    at async Proxy.withScope (/root/lezskabot/koishi/koishi-app/node_modules/@koishijs/core/lib/index.cjs:1958:22)\n    at async next (/root/lezskabot/koishi/koishi-app/node_modules/@koishijs/core/lib/index.cjs:827:16)\n    at async next (/root/lezskabot/koishi/koishi-app/node_modules/@koishijs/core/lib/index.cjs:827:16)","timestamp":1779214141005}
{"id":461143,"type":"success","level":1,"name":"抽卡与卡组","meta":{"paths":["lp0hx8"]},"content":"971217490献祭了：2张二星  1张三星  获得1120P点，当前P点数为2583","timestamp":1779214215689}
{"id":461244,"type":"success","level":1,"name":"抽卡与卡组","meta":{"paths":["lp0hx8"]},"content":"1652933285献祭了：1张二星  3张三星  获得1960P点，当前P点数为4411","timestamp":1779214364394}
{"id":461368,"type":"success","level":1,"name":"抽卡与卡组","meta":{"paths":["lp0hx8"]},"content":"1652933285献祭了：3张二星  1张三星  获得1400P点，当前P点数为4211","timestamp":1779214444981}
{"id":461760,"type":"success","level":1,"name":"签到","meta":{"paths":["lp0hx8"]},"content":"3044937168完成了一次签到！","timestamp":1779215130732}
{"id":464089,"type":"success","level":1,"name":"签到","meta":{"paths":["lp0hx8"]},"content":"2433884076完成了一次签到！","timestamp":1779220820520}
{"id":464111,"type":"success","level":1,"name":"抽卡与卡组","meta":{"paths":["lp0hx8"]},"content":"2433884076献祭了：5张二星  获得1400P点，当前P点数为18876","timestamp":1779220836123}
{"id":464156,"type":"success","level":1,"name":"抽卡与卡组","meta":{"paths":["lp0hx8"]},"content":"2433884076献祭了：6张二星  获得1680P点，当前P点数为18556","timestamp":1779220857816}
{"id":464203,"type":"success","level":1,"name":"抽卡与卡组","meta":{"paths":["lp0hx8"]},"content":"2433884076献祭了：4张二星  2张三星  获得2240P点，当前P点数为18396","timestamp":1779220872309}
{"id":464262,"type":"success","level":1,"name":"抽卡与卡组","meta":{"paths":["lp0hx8"]},"content":"2433884076献祭了：2张二星  3张三星  1张四星  获得3440P点，当前P点数为19436","timestamp":1779220892026}
{"id":464310,"type":"success","level":1,"name":"抽卡与卡组","meta":{"paths":["lp0hx8"]},"content":"2433884076献祭了：6张二星  获得1680P点，当前P点数为18716","timestamp":1779220903014}
{"id":464357,"type":"success","level":1,"name":"抽卡与卡组","meta":{"paths":["lp0hx8"]},"content":"2433884076献祭了：3张二星  3张三星  获得2520P点，当前P点数为18836","timestamp":1779220913024}
{"id":464416,"type":"success","level":1,"name":"抽卡与卡组","meta":{"paths":["lp0hx8"]},"content":"2433884076献祭了：3张二星  2张三星  1张四星  获得3160P点，当前P点数为19596","timestamp":1779220953503}
{"id":464477,"type":"success","level":1,"name":"抽卡与卡组","meta":{"paths":["lp0hx8"]},"content":"2433884076献祭了：3张二星  2张三星  1张四星  获得3160P点，当前P点数为20356","timestamp":1779220986230}
{"id":464524,"type":"success","level":1,"name":"抽卡与卡组","meta":{"paths":["lp0hx8"]},"content":"2433884076献祭了：5张二星  1张三星  获得1960P点，当前P点数为19916","timestamp":1779220994803}
{"id":464571,"type":"success","level":1,"name":"抽卡与卡组","meta":{"paths":["lp0hx8"]},"content":"2433884076献祭了：3张二星  3张三星  获得2520P点，当前P点数为20036","timestamp":1779221003801}
{"id":464618,"type":"success","level":1,"name":"抽卡与卡组","meta":{"paths":["lp0hx8"]},"content":"2433884076献祭了：6张二星  获得1680P点，当前P点数为19316","timestamp":1779221011703}
{"id":464678,"type":"success","level":1,"name":"抽卡与卡组","meta":{"paths":["lp0hx8"]},"content":"2433884076献祭了：5张二星  1张四星  获得2600P点，当前P点数为19516","timestamp":1779221047815}
{"id":464737,"type":"success","level":1,"name":"抽卡与卡组","meta":{"paths":["lp0hx8"]},"content":"2433884076献祭了：3张二星  2张三星  1张四星  获得3160P点，当前P点数为20276","timestamp":1779221069430}
{"id":464785,"type":"success","level":1,"name":"抽卡与卡组","meta":{"paths":["lp0hx8"]},"content":"2433884076献祭了：6张二星  获得1680P点，当前P点数为19556","timestamp":1779221077696}
{"id":464836,"type":"success","level":1,"name":"抽卡与卡组","meta":{"paths":["lp0hx8"]},"content":"2433884076献祭了：6张二星  获得1680P点，当前P点数为18836","timestamp":1779221088025}
{"id":464883,"type":"success","level":1,"name":"抽卡与卡组","meta":{"paths":["lp0hx8"]},"content":"2433884076献祭了：4张二星  2张三星  获得2240P点，当前P点数为18676","timestamp":1779221095305}
{"id":464930,"type":"success","level":1,"name":"抽卡与卡组","meta":{"paths":["lp0hx8"]},"content":"2433884076献祭了：5张二星  1张三星  获得1960P点，当前P点数为18236","timestamp":1779221103223}
{"id":464977,"type":"success","level":1,"name":"抽卡与卡组","meta":{"paths":["lp0hx8"]},"content":"2433884076献祭了：3张二星  3张三星  获得2520P点，当前P点数为18356","timestamp":1779221114098}
{"id":465024,"type":"success","level":1,"name":"抽卡与卡组","meta":{"paths":["lp0hx8"]},"content":"2433884076献祭了：3张二星  3张三星  获得2520P点，当前P点数为18476","timestamp":1779221123920}
{"id":465071,"type":"success","level":1,"name":"抽卡与卡组","meta":{"paths":["lp0hx8"]},"content":"2433884076献祭了：4张二星  2张三星  获得2240P点，当前P点数为18316","timestamp":1779221131496}
{"id":465119,"type":"success","level":1,"name":"抽卡与卡组","meta":{"paths":["lp0hx8"]},"content":"2433884076献祭了：5张二星  1张三星  获得1960P点，当前P点数为17876","timestamp":1779221139397}
{"id":465178,"type":"success","level":1,"name":"抽卡与卡组","meta":{"paths":["lp0hx8"]},"content":"2433884076献祭了：3张二星  1张三星  2张四星  获得3800P点，当前P点数为19276","timestamp":1779221177512}
{"id":465231,"type":"success","level":1,"name":"抽卡与卡组","meta":{"paths":["lp0hx8"]},"content":"2433884076献祭了：3张二星  3张三星  获得2520P点，当前P点数为19396","timestamp":1779221188619}
{"id":465291,"type":"success","level":1,"name":"抽卡与卡组","meta":{"paths":["lp0hx8"]},"content":"2433884076献祭了：3张二星  2张三星  1张四星  获得3160P点，当前P点数为20156","timestamp":1779221210999}
{"id":465338,"type":"success","level":1,"name":"抽卡与卡组","meta":{"paths":["lp0hx8"]},"content":"2433884076献祭了：4张二星  2张三星  获得2240P点，当前P点数为19996","timestamp":1779221221722}
{"id":465385,"type":"success","level":1,"name":"抽卡与卡组","meta":{"paths":["lp0hx8"]},"content":"2433884076献祭了：5张二星  1张三星  获得1960P点，当前P点数为19556","timestamp":1779221229228}
{"id":465463,"type":"success","level":1,"name":"抽卡与卡组","meta":{"paths":["lp0hx8"]},"content":"2433884076献祭了：4张二星  1张三星  获得1680P点，当前P点数为18836","timestamp":1779221300532}
{"id":465514,"type":"success","level":1,"name":"抽卡与卡组","meta":{"paths":["lp0hx8"]},"content":"2433884076献祭了：5张二星  1张FES  获得3400P点，当前P点数为20236","timestamp":1779221311204}
{"id":465570,"type":"success","level":1,"name":"抽卡与卡组","meta":{"paths":["lp0hx8"]},"content":"2433884076献祭了：5张二星  1张三星  2张FES  获得5960P点，当前P点数为23796","timestamp":1779221328729}
{"id":465621,"type":"success","level":1,"name":"抽卡与卡组","meta":{"paths":["lp0hx8"]},"content":"2433884076献祭了：2张二星  4张三星  获得2800P点，当前P点数为23396","timestamp":1779221340716}
{"id":465668,"type":"success","level":1,"name":"抽卡与卡组","meta":{"paths":["lp0hx8"]},"content":"2433884076献祭了：6张二星  2张三星  获得2800P点，当前P点数为23796","timestamp":1779221355109}
{"id":465719,"type":"success","level":1,"name":"抽卡与卡组","meta":{"paths":["lp0hx8"]},"content":"2433884076献祭了：4张二星  4张三星  获得3360P点，当前P点数为23956","timestamp":1779221367307}
{"id":465783,"type":"success","level":1,"name":"抽卡与卡组","meta":{"paths":["lp0hx8"]},"content":"2433884076献祭了：4张二星  2张三星  2张四星  获得4640P点，当前P点数为25396","timestamp":1779221389813}
{"id":465846,"type":"success","level":1,"name":"抽卡与卡组","meta":{"paths":["lp0hx8"]},"content":"2433884076献祭了：4张二星  3张三星  1张四星  获得4000P点，当前P点数为26196","timestamp":1779221412710}
{"id":465924,"type":"success","level":1,"name":"抽卡与卡组","meta":{"paths":["lp0hx8"]},"content":"2433884076献祭了：6张二星  2张四星  获得4080P点，当前P点数为27076","timestamp":1779221440430}
{"id":465987,"type":"success","level":1,"name":"抽卡与卡组","meta":{"paths":["lp0hx8"]},"content":"2433884076献祭了：6张二星  1张三星  1张四星  获得3440P点，当前P点数为27316","timestamp":1779221456003}
{"id":466038,"type":"success","level":1,"name":"抽卡与卡组","meta":{"paths":["lp0hx8"]},"content":"2433884076献祭了：8张二星  获得2240P点，当前P点数为26356","timestamp":1779221464716}
{"id":466089,"type":"success","level":1,"name":"抽卡与卡组","meta":{"paths":["lp0hx8"]},"content":"2433884076献祭了：5张二星  3张三星  获得3080P点，当前P点数为26236","timestamp":1779221473315}
{"id":466153,"type":"success","level":1,"name":"抽卡与卡组","meta":{"paths":["lp0hx8"]},"content":"2433884076献祭了：6张二星  1张三星  获得2240P点，当前P点数为25276","timestamp":1779221496307}
{"id":466202,"type":"success","level":1,"name":"抽卡与卡组","meta":{"paths":["lp0hx8"]},"content":"2433884076献祭了：4张二星  3张三星  获得2800P点，当前P点数为25276","timestamp":1779221509517}
{"id":466263,"type":"success","level":1,"name":"抽卡与卡组","meta":{"paths":["lp0hx8"]},"content":"2433884076献祭了：4张二星  2张三星  1张四星  获得3440P点，当前P点数为25916","timestamp":1779221533222}
{"id":466325,"type":"success","level":1,"name":"抽卡与卡组","meta":{"paths":["lp0hx8"]},"content":"2433884076献祭了：5张二星  1张三星  1张FES  获得3960P点，当前P点数为27076","timestamp":1779221553906}
{"id":466374,"type":"success","level":1,"name":"抽卡与卡组","meta":{"paths":["lp0hx8"]},"content":"2433884076献祭了：6张二星  1张三星  获得2240P点，当前P点数为26516","timestamp":1779221561324}
{"id":466435,"type":"success","level":1,"name":"抽卡与卡组","meta":{"paths":["lp0hx8"]},"content":"2433884076献祭了：2张二星  4张三星  1张四星  获得4000P点，当前P点数为27716","timestamp":1779221581011}
{"id":466496,"type":"success","level":1,"name":"抽卡与卡组","meta":{"paths":["lp0hx8"]},"content":"2433884076献祭了：4张二星  1张三星  2张四星  获得4080P点，当前P点数为28996","timestamp":1779221609720}
{"id":466546,"type":"success","level":1,"name":"抽卡与卡组","meta":{"paths":["lp0hx8"]},"content":"2433884076献祭了：6张二星  1张三星  获得2240P点，当前P点数为28436","timestamp":1779221619329}
{"id":466607,"type":"success","level":1,"name":"抽卡与卡组","meta":{"paths":["lp0hx8"]},"content":"2433884076献祭了：6张二星  获得1680P点，当前P点数为27316","timestamp":1779221640827}
{"id":466654,"type":"success","level":1,"name":"抽卡与卡组","meta":{"paths":["lp0hx8"]},"content":"2433884076献祭了：3张二星  3张三星  获得2520P点，当前P点数为27436","timestamp":1779221652897}
{"id":466701,"type":"success","level":1,"name":"抽卡与卡组","meta":{"paths":["lp0hx8"]},"content":"2433884076献祭了：5张二星  1张三星  获得1960P点，当前P点数为26996","timestamp":1779221661511}
{"id":466748,"type":"success","level":1,"name":"抽卡与卡组","meta":{"paths":["lp0hx8"]},"content":"2433884076献祭了：5张二星  1张三星  获得1960P点，当前P点数为26556","timestamp":1779221669328}
{"id":466796,"type":"success","level":1,"name":"抽卡与卡组","meta":{"paths":["lp0hx8"]},"content":"2433884076献祭了：4张二星  2张三星  获得2240P点，当前P点数为26396","timestamp":1779221677003}
{"id":466855,"type":"success","level":1,"name":"抽卡与卡组","meta":{"paths":["lp0hx8"]},"content":"2433884076献祭了：4张二星  1张三星  1张四星  获得2880P点，当前P点数为26876","timestamp":1779221721516}
{"id":466902,"type":"success","level":1,"name":"抽卡与卡组","meta":{"paths":["lp0hx8"]},"content":"2433884076献祭了：4张二星  2张三星  获得2240P点，当前P点数为26716","timestamp":1779221729514}
{"id":466950,"type":"success","level":1,"name":"抽卡与卡组","meta":{"paths":["lp0hx8"]},"content":"2433884076献祭了：6张二星  获得1680P点，当前P点数为25996","timestamp":1779221739513}
{"id":467009,"type":"success","level":1,"name":"抽卡与卡组","meta":{"paths":["lp0hx8"]},"content":"2433884076献祭了：5张二星  1张四星  获得2600P点，当前P点数为26196","timestamp":1779221759515}
{"id":467056,"type":"success","level":1,"name":"抽卡与卡组","meta":{"paths":["lp0hx8"]},"content":"2433884076献祭了：3张二星  3张三星  获得2520P点，当前P点数为26316","timestamp":1779221768019}
{"id":467115,"type":"success","level":1,"name":"抽卡与卡组","meta":{"paths":["lp0hx8"]},"content":"2433884076献祭了：4张二星  1张三星  获得1680P点，当前P点数为25596","timestamp":1779221791116}
{"id":467161,"type":"success","level":1,"name":"抽卡与卡组","meta":{"paths":["lp0hx8"]},"content":"2433884076献祭了：4张二星  1张三星  获得1680P点，当前P点数为25276","timestamp":1779221803930}
{"id":467206,"type":"success","level":1,"name":"抽卡与卡组","meta":{"paths":["lp0hx8"]},"content":"2433884076献祭了：5张二星  获得1400P点，当前P点数为24676","timestamp":1779221811419}
{"id":467251,"type":"success","level":1,"name":"抽卡与卡组","meta":{"paths":["lp0hx8"]},"content":"2433884076献祭了：3张二星  2张三星  获得1960P点，当前P点数为24636","timestamp":1779221819020}
{"id":467296,"type":"success","level":1,"name":"抽卡与卡组","meta":{"paths":["lp0hx8"]},"content":"2433884076献祭了：4张二星  1张三星  获得1680P点，当前P点数为24316","timestamp":1779221826228}
{"id":467341,"type":"success","level":1,"name":"抽卡与卡组","meta":{"paths":["lp0hx8"]},"content":"2433884076献祭了：5张二星  获得1400P点，当前P点数为23716","timestamp":1779221836311}
{"id":467399,"type":"success","level":1,"name":"抽卡与卡组","meta":{"paths":["lp0hx8"]},"content":"2433884076献祭了：2张二星  2张三星  1张四星  获得2880P点，当前P点数为24596","timestamp":1779221873511}
{"id":467444,"type":"success","level":1,"name":"抽卡与卡组","meta":{"paths":["lp0hx8"]},"content":"2433884076献祭了：4张二星  1张三星  获得1680P点，当前P点数为24276","timestamp":1779221881901}
{"id":467502,"type":"success","level":1,"name":"抽卡与卡组","meta":{"paths":["lp0hx8"]},"content":"2433884076献祭了：4张二星  1张三星  获得1680P点，当前P点数为23956","timestamp":1779221899321}
{"id":467560,"type":"success","level":1,"name":"抽卡与卡组","meta":{"paths":["lp0hx8"]},"content":"2433884076献祭了：4张二星  1张三星  获得1680P点，当前P点数为23636","timestamp":1779221912624}
{"id":467619,"type":"success","level":1,"name":"抽卡与卡组","meta":{"paths":["lp0hx8"]},"content":"2433884076献祭了：3张二星  2张三星  获得1960P点，当前P点数为23596","timestamp":1779221926305}
{"id":467676,"type":"success","level":1,"name":"抽卡与卡组","meta":{"paths":["lp0hx8"]},"content":"2433884076献祭了：2张二星  1张三星  2张四星  获得3520P点，当前P点数为25116","timestamp":1779221957923}
{"id":467721,"type":"success","level":1,"name":"抽卡与卡组","meta":{"paths":["lp0hx8"]},"content":"2433884076献祭了：3张二星  2张三星  获得1960P点，当前P点数为25076","timestamp":1779221968622}
{"id":467767,"type":"success","level":1,"name":"抽卡与卡组","meta":{"paths":["lp0hx8"]},"content":"2433884076献祭了：2张二星  3张三星  获得2240P点，当前P点数为25316","timestamp":1779221975015}
{"id":467812,"type":"success","level":1,"name":"抽卡与卡组","meta":{"paths":["lp0hx8"]},"content":"2433884076献祭了：3张二星  2张三星  获得1960P点，当前P点数为25276","timestamp":1779221981021}
{"id":467858,"type":"success","level":1,"name":"抽卡与卡组","meta":{"paths":["lp0hx8"]},"content":"2433884076献祭了：4张二星  1张三星  获得1680P点，当前P点数为24956","timestamp":1779221989425}
{"id":468463,"type":"success","level":1,"name":"签到","meta":{"paths":["lp0hx8"]},"content":"2858787094完成了一次签到！","timestamp":1779229899229}
{"id":468526,"type":"info","level":2,"name":"抽卡与卡组","meta":{"paths":["lp0hx8"]},"content":"2858787094抽到了一张☆二星★卡，剩余3313P点","timestamp":1779229923100}
{"id":468545,"type":"info","level":2,"name":"抽卡与卡组","meta":{"paths":["lp0hx8"]},"content":"2858787094抽到了一张☆二星★卡，剩余2913P点","timestamp":1779229927906}
{"id":468564,"type":"info","level":2,"name":"抽卡与卡组","meta":{"paths":["lp0hx8"]},"content":"2858787094抽到了一张☆二星★卡，剩余2513P点","timestamp":1779229932103}
{"id":468583,"type":"info","level":2,"name":"抽卡与卡组","meta":{"paths":["lp0hx8"]},"content":"2858787094抽到了一张☆二星★卡，剩余2113P点","timestamp":1779229935928}
{"id":468602,"type":"info","level":2,"name":"抽卡与卡组","meta":{"paths":["lp0hx8"]},"content":"2858787094抽到了一张☆二星★卡，剩余1713P点","timestamp":1779229940311}
{"id":468621,"type":"info","level":2,"name":"抽卡与卡组","meta":{"paths":["lp0hx8"]},"content":"2858787094抽到了一张❀三星☄卡，剩余1313P点","timestamp":1779229945106}
{"id":468688,"type":"info","level":2,"name":"抽卡与卡组","meta":{"paths":["lp0hx8"]},"content":"2858787094抽到了一张☆二星★卡，剩余913P点","timestamp":1779229994308}
{"id":468713,"type":"info","level":2,"name":"抽卡与卡组","meta":{"paths":["lp0hx8"]},"content":"2858787094抽到了一张☆二星★卡，剩余513P点","timestamp":1779230000319}
{"id":468750,"type":"info","level":2,"name":"抽卡与卡组","meta":{"paths":["lp0hx8"]},"content":"2858787094抽到了一张☆二星★卡，剩余113P点","timestamp":1779230020212}
{"id":468928,"type":"success","level":1,"name":"签到","meta":{"paths":["lp0hx8"]},"content":"2221639610完成了一次签到！","timestamp":1779231147676}
{"id":469005,"type":"success","level":1,"name":"签到","meta":{"paths":["lp0hx8"]},"content":"2186790348完成了一次签到！","timestamp":1779231254792}
{"id":469061,"type":"success","level":1,"name":"抽卡与卡组","meta":{"paths":["lp0hx8"]},"content":"2186790348献祭了：3张二星  获得840P点，当前P点数为62031","timestamp":1779231335094}
{"id":469103,"type":"success","level":1,"name":"抽卡与卡组","meta":{"paths":["lp0hx8"]},"content":"2186790348献祭了：3张二星  获得840P点，当前P点数为61671","timestamp":1779231343076}
{"id":469144,"type":"success","level":1,"name":"抽卡与卡组","meta":{"paths":["lp0hx8"]},"content":"2186790348献祭了：3张二星  获得840P点，当前P点数为61311","timestamp":1779231350875}
{"id":469185,"type":"success","level":1,"name":"抽卡与卡组","meta":{"paths":["lp0hx8"]},"content":"2186790348献祭了：1张二星  2张三星  获得1400P点，当前P点数为61511","timestamp":1779231359379}
{"id":469226,"type":"success","level":1,"name":"抽卡与卡组","meta":{"paths":["lp0hx8"]},"content":"2186790348献祭了：2张二星  1张三星  获得1120P点，当前P点数为61431","timestamp":1779231368796}
{"id":469267,"type":"success","level":1,"name":"抽卡与卡组","meta":{"paths":["lp0hx8"]},"content":"2186790348献祭了：3张二星  获得840P点，当前P点数为61071","timestamp":1779231377373}
{"id":469308,"type":"success","level":1,"name":"抽卡与卡组","meta":{"paths":["lp0hx8"]},"content":"2186790348献祭了：2张二星  1张三星  获得1120P点，当前P点数为60991","timestamp":1779231385080}
{"id":469349,"type":"success","level":1,"name":"抽卡与卡组","meta":{"paths":["lp0hx8"]},"content":"2186790348献祭了：1张二星  2张三星  获得1400P点，当前P点数为61191","timestamp":1779231393868}
{"id":469409,"type":"success","level":1,"name":"抽卡与卡组","meta":{"paths":["lp0hx8"]},"content":"2186790348献祭了：2张二星  1张四星  获得1760P点，当前P点数为61751","timestamp":1779231419780}
{"id":469599,"type":"success","level":1,"name":"签到","meta":{"paths":["lp0hx8"]},"content":"3940650338完成了一次签到！","timestamp":1779231876492}
{"id":469814,"type":"success","level":1,"name":"抽卡与卡组","meta":{"paths":["lp0hx8"]},"content":"908531782献祭了：2张二星  1张四星  获得1760P点，当前P点数为5346","timestamp":1779232236889}
{"id":469859,"type":"success","level":1,"name":"签到","meta":{"paths":["lp0hx8"]},"content":"908531782完成了一次签到！","timestamp":1779232248903}
{"id":469987,"type":"success","level":1,"name":"抽卡与卡组","meta":{"paths":["lp0hx8"]},"content":"908531782献祭了：3张三星  获得1680P点，当前P点数为7967","timestamp":1779232319105}
{"id":470063,"type":"success","level":1,"name":"抽卡与卡组","meta":{"paths":["lp0hx8"]},"content":"908531782献祭了：2张二星  1张三星  获得1120P点，当前P点数为7887","timestamp":1779232400418}
{"id":470742,"type":"success","level":1,"name":"签到","meta":{"paths":["lp0hx8"]},"content":"3161689072完成了一次签到！","timestamp":1779234259383}
{"id":470768,"type":"info","level":2,"name":"抽卡与卡组","meta":{"paths":["lp0hx8"]},"content":"3161689072抽到了一张❀三星☄卡，剩余731P点","timestamp":1779234277682}
{"id":470787,"type":"info","level":2,"name":"抽卡与卡组","meta":{"paths":["lp0hx8"]},"content":"3161689072抽到了一张❀三星☄卡，剩余331P点","timestamp":1779234286788}
