{"id":88497,"type":"success","level":1,"name":"签到","meta":{"paths":["lp0hx8"]},"content":"3044937168完成了一次签到！","timestamp":1778113313340}
{"id":89990,"type":"success","level":1,"name":"签到","meta":{"paths":["lp0hx8"]},"content":"3389530537完成了一次签到！","timestamp":1778114570927}
{"id":90124,"type":"info","level":2,"name":"抽卡与卡组","meta":{"paths":["lp0hx8"]},"content":"3389530537抽到了一张❀三星☄卡，剩余112P点","timestamp":1778114653501}
{"id":91063,"type":"success","level":1,"name":"签到","meta":{"paths":["lp0hx8"]},"content":"2455800638完成了一次签到！","timestamp":1778115337824}
{"id":93246,"type":"success","level":1,"name":"签到","meta":{"paths":["lp0hx8"]},"content":"3534850564完成了一次签到！","timestamp":1778118861871}
{"id":94445,"type":"success","level":1,"name":"签到","meta":{"paths":["lp0hx8"]},"content":"1329863603完成了一次签到！","timestamp":1778120547788}
{"id":94821,"type":"info","level":2,"name":"抽卡与卡组","meta":{"paths":["lp0hx8"]},"content":"3568930598抽到了一张☆二星★卡，剩余917P点","timestamp":1778120932933}
{"id":94854,"type":"info","level":2,"name":"抽卡与卡组","meta":{"paths":["lp0hx8"]},"content":"3568930598抽到了一张☆二星★卡，剩余517P点","timestamp":1778120942784}
{"id":94879,"type":"info","level":2,"name":"抽卡与卡组","meta":{"paths":["lp0hx8"]},"content":"3568930598抽到了一张☆二星★卡，剩余117P点","timestamp":1778120948422}
{"id":94929,"type":"error","level":1,"name":"抽卡与卡组","meta":{"paths":["lp0hx8"]},"content":"3536694017抽卡失败，积分不足","timestamp":1778120975937}
{"id":94966,"type":"success","level":1,"name":"签到","meta":{"paths":["lp0hx8"]},"content":"3873251910完成了一次签到！","timestamp":1778120992710}
{"id":95023,"type":"success","level":1,"name":"签到","meta":{"paths":["lp0hx8"]},"content":"3409638283完成了一次签到！","timestamp":1778121032959}
{"id":95156,"type":"info","level":2,"name":"抽卡与卡组","meta":{"paths":["lp0hx8"]},"content":"3873251910抽到了一张☆二星★卡，剩余2872P点","timestamp":1778121061317}
{"id":95179,"type":"success","level":1,"name":"签到","meta":{"paths":["lp0hx8"]},"content":"3536694017完成了一次签到！","timestamp":1778121067157}
{"id":95225,"type":"info","level":2,"name":"抽卡与卡组","meta":{"paths":["lp0hx8"]},"content":"3536694017抽到了一张☆二星★卡，剩余4232P点","timestamp":1778121079318}
{"id":95303,"type":"error","level":1,"name":"抽卡与卡组","meta":{"paths":["lp0hx8"]},"content":"3026137282抽卡失败，积分不足","timestamp":1778121111331}
{"id":95347,"type":"success","level":1,"name":"签到","meta":{"paths":["lp0hx8"]},"content":"3026137282完成了一次签到！","timestamp":1778121119888}
{"id":95362,"type":"info","level":2,"name":"抽卡与卡组","meta":{"paths":["lp0hx8"]},"content":"2018283414抽到了一张☆二星★卡，剩余1773P点","timestamp":1778121120204}
{"id":95394,"type":"info","level":2,"name":"抽卡与卡组","meta":{"paths":["lp0hx8"]},"content":"2018283414抽到了一张☆二星★卡，剩余1373P点","timestamp":1778121126036}
{"id":95424,"type":"info","level":2,"name":"抽卡与卡组","meta":{"paths":["lp0hx8"]},"content":"2018283414抽到了一张☆二星★卡，剩余973P点","timestamp":1778121130722}
{"id":95484,"type":"info","level":2,"name":"抽卡与卡组","meta":{"paths":["lp0hx8"]},"content":"2018283414抽到了一张☆二星★卡，剩余573P点","timestamp":1778121135758}
{"id":95510,"type":"info","level":2,"name":"抽卡与卡组","meta":{"paths":["lp0hx8"]},"content":"2018283414抽到了一张☆二星★卡，剩余173P点","timestamp":1778121140983}
{"id":96223,"type":"success","level":1,"name":"签到","meta":{"paths":["lp0hx8"]},"content":"29053789抢了3980423768的687P点！","timestamp":1778122142671}
{"id":96224,"type":"info","level":2,"name":"签到","meta":{"paths":["lp0hx8"]},"content":"29053789今天的抢劫记录为1299   |    剩余抢劫次数为3","timestamp":1778122142672}
{"id":96291,"type":"success","level":1,"name":"签到","meta":{"paths":["lp0hx8"]},"content":"29053789抢了3980423768的42P点！","timestamp":1778122161318}
{"id":96292,"type":"info","level":2,"name":"签到","meta":{"paths":["lp0hx8"]},"content":"29053789今天的抢劫记录为1341   |    剩余抢劫次数为3","timestamp":1778122161319}
{"id":96325,"type":"success","level":1,"name":"签到","meta":{"paths":["lp0hx8"]},"content":"29053789抢了3980423768的74P点！","timestamp":1778122164725}
{"id":96326,"type":"info","level":2,"name":"签到","meta":{"paths":["lp0hx8"]},"content":"29053789今天的抢劫记录为1415   |    剩余抢劫次数为3","timestamp":1778122164726}
{"id":96732,"type":"success","level":1,"name":"签到","meta":{"paths":["lp0hx8"]},"content":"1090073898完成了一次签到！","timestamp":1778122575943}
{"id":97156,"type":"info","level":2,"name":"抽卡与卡组","meta":{"paths":["lp0hx8"]},"content":"3534850564抽到了一张☆二星★卡，剩余5040P点","timestamp":1778122796816}
{"id":97332,"type":"info","level":2,"name":"抽卡与卡组","meta":{"paths":["lp0hx8"]},"content":"3980423768抽到了一张☆二星★卡，剩余591P点","timestamp":1778122852423}
{"id":97362,"type":"info","level":2,"name":"抽卡与卡组","meta":{"paths":["lp0hx8"]},"content":"3980423768抽到了一张❀三星☄卡，剩余191P点","timestamp":1778122858932}
{"id":97423,"type":"success","level":1,"name":"抽卡与卡组","meta":{"paths":["lp0hx8"]},"content":"3980423768献祭了：1张二星  1张三星  1张四星  获得2040P点，当前P点数为2231","timestamp":1778122877663}
{"id":97435,"type":"success","level":1,"name":"抽卡与卡组","meta":{"paths":["lp0hx8"]},"content":"3534850564献祭了：8张二星  获得2240P点，当前P点数为2480","timestamp":1778122880033}
{"id":97482,"type":"success","level":1,"name":"抽卡与卡组","meta":{"paths":["lp0hx8"]},"content":"3980423768献祭了：3张二星  获得840P点，当前P点数为1871","timestamp":1778122889097}
{"id":97503,"type":"warn","level":2,"name":"session","meta":{},"content":"Error: Error with request send_group_msg, args: {\"group_id\":1091191330,\"message\":[{\"type\":\"text\",\"data\":{\"text\":\"你抽到了：\\n2张二星  \\n1张三星  \\n一共3张卡\\n已存入你卡组的第1, 2, 3位\\n你还有671P点\"}}]}, retcode: 1200\n    at _Internal._get (/root/lezskabot/koishi/koishi-app/node_modules/koishi-plugin-adapter-onebot/lib/index.js:119:11)\n    at process.processTicksAndRejections (node:internal/process/task_queues:95:5)\n    at async _Internal.<computed> [as sendGroupMsg] (/root/lezskabot/koishi/koishi-app/node_modules/koishi-plugin-adapter-onebot/lib/index.js:162:20)\n    at async OneBotMessageEncoder.flush (/root/lezskabot/koishi/koishi-app/node_modules/koishi-plugin-adapter-onebot/lib/index.js:771:338)\n    at async OneBotMessageEncoder.send (/root/lezskabot/koishi/koishi-app/node_modules/@satorijs/core/lib/index.cjs:755:5)\n    at async Proxy.sendMessage (/root/lezskabot/koishi/koishi-app/node_modules/@satorijs/core/lib/index.cjs:487:22)\n    at async /root/lezskabot/koishi/koishi-app/node_modules/@koishijs/core/lib/index.cjs:2051:7\n    at async Proxy.withScope (/root/lezskabot/koishi/koishi-app/node_modules/@koishijs/core/lib/index.cjs:1958:22)\n    at async next (/root/lezskabot/koishi/koishi-app/node_modules/@koishijs/core/lib/index.cjs:827:16)\n    at async next (/root/lezskabot/koishi/koishi-app/node_modules/@koishijs/core/lib/index.cjs:827:16)","timestamp":1778122895463}
{"id":97513,"type":"warn","level":2,"name":"session","meta":{},"content":"Error: Error with request send_group_msg, args: {\"group_id\":1091191330,\"message\":[{\"type\":\"at\",\"data\":{\"qq\":\"3534850564\"}},{\"type\":\"text\",\"data\":{\"text\":\" 输入抽卡目标：（三星、四星、FES）\"}}]}, retcode: 1200\n    at _Internal._get (/root/lezskabot/koishi/koishi-app/node_modules/koishi-plugin-adapter-onebot/lib/index.js:119:11)\n    at process.processTicksAndRejections (node:internal/process/task_queues:95:5)\n    at async _Internal.<computed> [as sendGroupMsg] (/root/lezskabot/koishi/koishi-app/node_modules/koishi-plugin-adapter-onebot/lib/index.js:162:20)\n    at async OneBotMessageEncoder.flush (/root/lezskabot/koishi/koishi-app/node_modules/koishi-plugin-adapter-onebot/lib/index.js:771:338)\n    at async OneBotMessageEncoder.send (/root/lezskabot/koishi/koishi-app/node_modules/@satorijs/core/lib/index.cjs:755:5)\n    at async Proxy.sendMessage (/root/lezskabot/koishi/koishi-app/node_modules/@satorijs/core/lib/index.cjs:487:22)\n    at async _Command.eval (eval at <anonymous> (/root/lezskabot/koishi/koishi-app/node_modules/koishi-plugin-blockly-null/lib/index.js:1:1), <anonymous>:114:5)\n    at async Array.<anonymous> (/root/lezskabot/koishi/koishi-app/node_modules/@koishijs/core/lib/index.cjs:1079:14)\n    at async _Command.execute (/root/lezskabot/koishi/koishi-app/node_modules/@koishijs/core/lib/index.cjs:1093:22)\n    at async /root/lezskabot/koishi/koishi-app/node_modules/@koishijs/core/lib/index.cjs:2049:22","timestamp":1778122896244}
{"id":97550,"type":"warn","level":2,"name":"command","meta":{},"content":"献祭 \nTypeError: 卡组[(Number(...) - 1)].charAt is not a function\n    at _Command.eval (eval at <anonymous> (/root/lezskabot/koishi/koishi-app/node_modules/koishi-plugin-blockly-null/lib/index.js:1:1), <anonymous>:387:86)\n    at process.processTicksAndRejections (node:internal/process/task_queues:95:5)\n    at async Array.<anonymous> (/root/lezskabot/koishi/koishi-app/node_modules/@koishijs/core/lib/index.cjs:1079:14)\n    at async _Command.execute (/root/lezskabot/koishi/koishi-app/node_modules/@koishijs/core/lib/index.cjs:1093:22)\n    at async /root/lezskabot/koishi/koishi-app/node_modules/@koishijs/core/lib/index.cjs:2049:22\n    at async Proxy.withScope (/root/lezskabot/koishi/koishi-app/node_modules/@koishijs/core/lib/index.cjs:1958:22)\n    at async next (/root/lezskabot/koishi/koishi-app/node_modules/@koishijs/core/lib/index.cjs:827:16)\n    at async next (/root/lezskabot/koishi/koishi-app/node_modules/@koishijs/core/lib/index.cjs:827:16)\n    at async next (/root/lezskabot/koishi/koishi-app/node_modules/@koishijs/core/lib/index.cjs:827:16)\n    at async next (/root/lezskabot/koishi/koishi-app/node_modules/@koishijs/core/lib/index.cjs:827:16)","timestamp":1778122926383}
{"id":97577,"type":"info","level":2,"name":"抽卡与卡组","meta":{"paths":["lp0hx8"]},"content":"29053789抽到了一张☆二星★卡，剩余85386P点","timestamp":1778122930624}
{"id":97598,"type":"success","level":1,"name":"抽卡与卡组","meta":{"paths":["lp0hx8"]},"content":"3980423768献祭了：2张二星  1张三星  获得1120P点，当前P点数为1791","timestamp":1778122937735}
{"id":97647,"type":"success","level":1,"name":"抽卡与卡组","meta":{"paths":["lp0hx8"]},"content":"3980423768献祭了：2张二星  1张三星  获得1120P点，当前P点数为1711","timestamp":1778122961098}
{"id":97672,"type":"warn","level":2,"name":"session","meta":{},"content":"Error: Error with request send_group_msg, args: {\"group_id\":1091191330,\"message\":[{\"type\":\"text\",\"data\":{\"text\":\"你抽到了：\\n3张二星  \\n一共3张卡\\n已存入你卡组的第1, 2, 3位\\n你还有511P点\"}}]}, retcode: 1200\n    at _Internal._get (/root/lezskabot/koishi/koishi-app/node_modules/koishi-plugin-adapter-onebot/lib/index.js:119:11)\n    at process.processTicksAndRejections (node:internal/process/task_queues:95:5)\n    at async _Internal.<computed> [as sendGroupMsg] (/root/lezskabot/koishi/koishi-app/node_modules/koishi-plugin-adapter-onebot/lib/index.js:162:20)\n    at async OneBotMessageEncoder.flush (/root/lezskabot/koishi/koishi-app/node_modules/koishi-plugin-adapter-onebot/lib/index.js:771:338)\n    at async OneBotMessageEncoder.send (/root/lezskabot/koishi/koishi-app/node_modules/@satorijs/core/lib/index.cjs:755:5)\n    at async Proxy.sendMessage (/root/lezskabot/koishi/koishi-app/node_modules/@satorijs/core/lib/index.cjs:487:22)\n    at async /root/lezskabot/koishi/koishi-app/node_modules/@koishijs/core/lib/index.cjs:2051:7\n    at async Proxy.withScope (/root/lezskabot/koishi/koishi-app/node_modules/@koishijs/core/lib/index.cjs:1958:22)\n    at async next (/root/lezskabot/koishi/koishi-app/node_modules/@koishijs/core/lib/index.cjs:827:16)\n    at async next (/root/lezskabot/koishi/koishi-app/node_modules/@koishijs/core/lib/index.cjs:827:16)","timestamp":1778122964496}
{"id":97706,"type":"info","level":2,"name":"抽卡与卡组","meta":{"paths":["lp0hx8"]},"content":"29053789抽到了一张☆二星★卡，剩余84986P点","timestamp":1778122984948}
{"id":97725,"type":"info","level":2,"name":"抽卡与卡组","meta":{"paths":["lp0hx8"]},"content":"29053789抽到了一张❀三星☄卡，剩余84586P点","timestamp":1778122988426}
{"id":97936,"type":"info","level":2,"name":"抽卡与卡组","meta":{"paths":["lp0hx8"]},"content":"3534850564抽到了一张☆二星★卡，剩余2080P点","timestamp":1778123303559}
{"id":98029,"type":"success","level":1,"name":"签到","meta":{"paths":["lp0hx8"]},"content":"3493502863完成了一次签到！","timestamp":1778123353582}
{"id":99973,"type":"success","level":1,"name":"签到","meta":{"paths":["lp0hx8"]},"content":"2856202014完成了一次签到！","timestamp":1778125505235}
{"id":100008,"type":"success","level":1,"name":"签到","meta":{"paths":["lp0hx8"]},"content":"2961801540完成了一次签到！","timestamp":1778125512711}
{"id":100157,"type":"success","level":1,"name":"签到","meta":{"paths":["lp0hx8"]},"content":"3903118786完成了一次签到！","timestamp":1778125607923}
{"id":100469,"type":"success","level":1,"name":"签到","meta":{"paths":["lp0hx8"]},"content":"2276942246完成了一次签到！","timestamp":1778125707613}
{"id":100660,"type":"success","level":1,"name":"抽卡与卡组","meta":{"paths":["lp0hx8"]},"content":"2276942246献祭了：4张二星  3张三星  获得2800P点，当前P点数为4289","timestamp":1778125799552}
{"id":100691,"type":"info","level":2,"name":"抽卡与卡组","meta":{"paths":["lp0hx8"]},"content":"2276942246抽到了一张♔♕四星(?)♕♔卡，剩余3089P点","timestamp":1778125846755}
{"id":100823,"type":"success","level":1,"name":"抽卡与卡组","meta":{"paths":["lp0hx8"]},"content":"2276942246献祭了：5张二星  获得1400P点，当前P点数为2089","timestamp":1778125923747}
{"id":100881,"type":"success","level":1,"name":"抽卡与卡组","meta":{"paths":["lp0hx8"]},"content":"2276942246献祭了：3张二星  1张四星  获得2040P点，当前P点数为2129","timestamp":1778125970178}
{"id":104659,"type":"success","level":1,"name":"签到","meta":{"paths":["lp0hx8"]},"content":"29053789抢了2432499215的93P点！","timestamp":1778128636530}
{"id":104660,"type":"info","level":2,"name":"签到","meta":{"paths":["lp0hx8"]},"content":"29053789今天的抢劫记录为1508   |    剩余抢劫次数为3","timestamp":1778128636532}
{"id":104732,"type":"info","level":2,"name":"签到","meta":{"paths":["lp0hx8"]},"content":"已更新956937232的抢劫次数和记录","timestamp":1778128646060}
{"id":104750,"type":"success","level":1,"name":"签到","meta":{"paths":["lp0hx8"]},"content":"956937232抢了2432499215的166P点！","timestamp":1778128646624}
{"id":104751,"type":"info","level":2,"name":"签到","meta":{"paths":["lp0hx8"]},"content":"956937232今天的抢劫记录为166   |    剩余抢劫次数为2","timestamp":1778128646628}
{"id":104819,"type":"success","level":1,"name":"签到","meta":{"paths":["lp0hx8"]},"content":"971217490抢了2432499215的274P点！","timestamp":1778128655437}
{"id":104820,"type":"info","level":2,"name":"签到","meta":{"paths":["lp0hx8"]},"content":"971217490今天的抢劫记录为560   |    剩余抢劫次数为1","timestamp":1778128655438}
{"id":104859,"type":"success","level":1,"name":"签到","meta":{"paths":["lp0hx8"]},"content":"956937232抢劫2432499215失败！失去了所有P点！","timestamp":1778128661374}
{"id":104860,"type":"info","level":2,"name":"签到","meta":{"paths":["lp0hx8"]},"content":"956937232今天的抢劫记录为0   |    剩余抢劫次数为1","timestamp":1778128661375}
{"id":104875,"type":"error","level":1,"name":"签到","meta":{"paths":["lp0hx8"]},"content":"3986092865抢劫失败！该用户今天抢劫次数已用完","timestamp":1778128663476}
{"id":104966,"type":"error","level":1,"name":"签到","meta":{"paths":["lp0hx8"]},"content":"3055983840抢劫失败！该用户今天抢劫次数已用完","timestamp":1778128673622}
{"id":104968,"type":"success","level":1,"name":"签到","meta":{"paths":["lp0hx8"]},"content":"971217490抢了2432499215的186P点！","timestamp":1778128673767}
{"id":104969,"type":"info","level":2,"name":"签到","meta":{"paths":["lp0hx8"]},"content":"971217490今天的抢劫记录为746   |    剩余抢劫次数为0","timestamp":1778128673769}
{"id":105046,"type":"info","level":2,"name":"签到","meta":{"paths":["lp0hx8"]},"content":"已更新2558144075的抢劫次数和记录","timestamp":1778128692320}
{"id":105064,"type":"success","level":1,"name":"签到","meta":{"paths":["lp0hx8"]},"content":"2558144075抢了2432499215的137P点！","timestamp":1778128692649}
{"id":105065,"type":"info","level":2,"name":"签到","meta":{"paths":["lp0hx8"]},"content":"2558144075今天的抢劫记录为137   |    剩余抢劫次数为2","timestamp":1778128692650}
{"id":105106,"type":"warn","level":2,"name":"session","meta":{},"content":"Error: Error with request send_group_msg, args: {\"group_id\":1091191330,\"message\":[{\"type\":\"at\",\"data\":{\"qq\":\"3986092865\"}},{\"type\":\"text\",\"data\":{\"text\":\"   抢劫失败！你由于P点太少所以失去了全部P点！\\n你现在一丝不挂啦！\\n你还剩2次抢P点次数！\"}}]}, retcode: 1200\n    at _Internal._get (/root/lezskabot/koishi/koishi-app/node_modules/koishi-plugin-adapter-onebot/lib/index.js:119:11)\n    at process.processTicksAndRejections (node:internal/process/task_queues:95:5)\n    at async _Internal.<computed> [as sendGroupMsg] (/root/lezskabot/koishi/koishi-app/node_modules/koishi-plugin-adapter-onebot/lib/index.js:162:20)\n    at async OneBotMessageEncoder.flush (/root/lezskabot/koishi/koishi-app/node_modules/koishi-plugin-adapter-onebot/lib/index.js:771:338)\n    at async OneBotMessageEncoder.send (/root/lezskabot/koishi/koishi-app/node_modules/@satorijs/core/lib/index.cjs:755:5)\n    at async Proxy.sendMessage (/root/lezskabot/koishi/koishi-app/node_modules/@satorijs/core/lib/index.cjs:487:22)\n    at async _Command.eval (eval at <anonymous> (/root/lezskabot/koishi/koishi-app/node_modules/koishi-plugin-blockly-null/lib/index.js:1:1), <anonymous>:294:29)\n    at async Array.<anonymous> (/root/lezskabot/koishi/koishi-app/node_modules/@koishijs/core/lib/index.cjs:1079:14)\n    at async _Command.execute (/root/lezskabot/koishi/koishi-app/node_modules/@koishijs/core/lib/index.cjs:1093:22)\n    at async /root/lezskabot/koishi/koishi-app/node_modules/@koishijs/core/lib/index.cjs:2049:22","timestamp":1778128694951}
{"id":105107,"type":"success","level":1,"name":"签到","meta":{"paths":["lp0hx8"]},"content":"3986092865抢劫2432499215失败！失去了所有P点！","timestamp":1778128694953}
{"id":105108,"type":"info","level":2,"name":"签到","meta":{"paths":["lp0hx8"]},"content":"3986092865今天的抢劫记录为-171   |    剩余抢劫次数为2","timestamp":1778128694953}
{"id":105195,"type":"error","level":1,"name":"签到","meta":{"paths":["lp0hx8"]},"content":"1652933285抢劫失败！该用户今天抢劫次数已用完","timestamp":1778128713222}
{"id":105231,"type":"success","level":1,"name":"签到","meta":{"paths":["lp0hx8"]},"content":"3055983840抢劫2432499215失败！失去了190P点！","timestamp":1778128714267}
{"id":105232,"type":"info","level":2,"name":"签到","meta":{"paths":["lp0hx8"]},"content":"3055983840今天的抢劫记录为-185   |    剩余抢劫次数为2","timestamp":1778128714268}
{"id":105325,"type":"success","level":1,"name":"签到","meta":{"paths":["lp0hx8"]},"content":"29053789抢了3055983840的703P点！","timestamp":1778128728710}
{"id":105326,"type":"info","level":2,"name":"签到","meta":{"paths":["lp0hx8"]},"content":"29053789今天的抢劫记录为1659   |    剩余抢劫次数为3","timestamp":1778128728712}
{"id":105369,"type":"success","level":1,"name":"签到","meta":{"paths":["lp0hx8"]},"content":"3986092865抢了2432499215的236P点！","timestamp":1778128734814}
{"id":105370,"type":"info","level":2,"name":"签到","meta":{"paths":["lp0hx8"]},"content":"3986092865今天的抢劫记录为65   |    剩余抢劫次数为1","timestamp":1778128734815}
{"id":105439,"type":"info","level":2,"name":"抽卡与卡组","meta":{"paths":["lp0hx8"]},"content":"29053789抽到了一张☆二星★卡，剩余84430P点","timestamp":1778128744823}
{"id":105616,"type":"success","level":1,"name":"签到","meta":{"paths":["lp0hx8"]},"content":"3055983840抢了29053789的78P点！","timestamp":1778128788523}
{"id":105617,"type":"info","level":2,"name":"签到","meta":{"paths":["lp0hx8"]},"content":"3055983840今天的抢劫记录为-107   |    剩余抢劫次数为1","timestamp":1778128788524}
{"id":105688,"type":"success","level":1,"name":"签到","meta":{"paths":["lp0hx8"]},"content":"3055983840抢了971217490的222P点！","timestamp":1778128803614}
{"id":105689,"type":"info","level":2,"name":"签到","meta":{"paths":["lp0hx8"]},"content":"3055983840今天的抢劫记录为115   |    剩余抢劫次数为0","timestamp":1778128803615}
{"id":106186,"type":"error","level":1,"name":"抽卡与卡组","meta":{"paths":["lp0hx8"]},"content":"2336716055抽卡失败，积分不足","timestamp":1778128928107}
{"id":106273,"type":"success","level":1,"name":"签到","meta":{"paths":["lp0hx8"]},"content":"2336716055完成了一次签到！","timestamp":1778128933761}
{"id":106899,"type":"success","level":1,"name":"签到","meta":{"paths":["lp0hx8"]},"content":"2628075910完成了一次签到！","timestamp":1778129107453}
{"id":110757,"type":"info","level":2,"name":"签到","meta":{"paths":["lp0hx8"]},"content":"971217490向956937232赠送了1600个P点","timestamp":1778130381036}
{"id":111847,"type":"info","level":2,"name":"抽卡与卡组","meta":{"paths":["lp0hx8"]},"content":"2558144075抽到了一张❀三星☄卡，剩余21620P点","timestamp":1778130698225}
{"id":111935,"type":"info","level":2,"name":"抽卡与卡组","meta":{"paths":["lp0hx8"]},"content":"2558144075抽到了一张☆二星★卡，剩余21220P点","timestamp":1778130714543}
{"id":111973,"type":"info","level":2,"name":"抽卡与卡组","meta":{"paths":["lp0hx8"]},"content":"2558144075抽到了一张❀三星☄卡，剩余20820P点","timestamp":1778130726974}
{"id":112016,"type":"info","level":2,"name":"抽卡与卡组","meta":{"paths":["lp0hx8"]},"content":"2558144075抽到了一张☆二星★卡，剩余20420P点","timestamp":1778130734720}
{"id":112129,"type":"info","level":2,"name":"抽卡与卡组","meta":{"paths":["lp0hx8"]},"content":"2558144075抽到了一张❀三星☄卡，剩余20020P点","timestamp":1778130785596}
{"id":117338,"type":"info","level":2,"name":"绑定id","meta":{"paths":["lp0hx8"]},"content":"用户1558713069绑定了id：457973587766992897","timestamp":1778132975468}
{"id":119130,"type":"success","level":1,"name":"签到","meta":{"paths":["lp0hx8"]},"content":"1558713069完成了一次签到！","timestamp":1778133666415}
{"id":128208,"type":"info","level":2,"name":"绑定id","meta":{"paths":["lp0hx8"]},"content":"用户3980423768绑定了cnid：7489097511697652517","timestamp":1778137843161}
{"id":143502,"type":"info","level":2,"name":"绑定id","meta":{"paths":["lp0hx8"]},"content":"用户3764379512绑定了cnid：7505617382367320872","timestamp":1778151228876}
{"id":145034,"type":"info","level":2,"name":"绑定id","meta":{"paths":["lp0hx8"]},"content":"用户1726157377绑定了cnid：7487916812726885159","timestamp":1778151814146}
{"id":147548,"type":"success","level":1,"name":"签到","meta":{"paths":["lp0hx8"]},"content":"3247534886完成了一次签到！","timestamp":1778152573163}
{"id":147603,"type":"success","level":1,"name":"签到","meta":{"paths":["lp0hx8"]},"content":"3385275057完成了一次签到！","timestamp":1778152580177}
{"id":150449,"type":"success","level":1,"name":"签到","meta":{"paths":["lp0hx8"]},"content":"526076285完成了一次签到！","timestamp":1778153398811}
{"id":166445,"type":"error","level":1,"name":"抽卡与卡组","meta":{"paths":["lp0hx8"]},"content":"3764164044抽卡失败，积分不足","timestamp":1778159515376}
{"id":174035,"type":"error","level":1,"name":"绑定id","meta":{"paths":["lp0hx8"]},"content":"1296434423输入错误id：这个任务的，id过短","timestamp":1778161838393}
{"id":181130,"type":"success","level":1,"name":"签到","meta":{"paths":["lp0hx8"]},"content":"2250804603完成了一次签到！","timestamp":1778163643731}
{"id":182401,"type":"success","level":1,"name":"签到","meta":{"paths":["lp0hx8"]},"content":"3944879187完成了一次签到！","timestamp":1778164044449}
{"id":182498,"type":"success","level":1,"name":"签到","meta":{"paths":["lp0hx8"]},"content":"2627939216完成了一次签到！","timestamp":1778164054027}
{"id":186105,"type":"success","level":1,"name":"签到","meta":{"paths":["lp0hx8"]},"content":"2221639610完成了一次签到！","timestamp":1778164719184}
{"id":187464,"type":"success","level":1,"name":"签到","meta":{"paths":["lp0hx8"]},"content":"3932533541完成了一次签到！","timestamp":1778165053356}
{"id":187737,"type":"success","level":1,"name":"签到","meta":{"paths":["lp0hx8"]},"content":"29053789完成了一次签到！","timestamp":1778165087559}
{"id":197003,"type":"error","level":1,"name":"签到","meta":{"paths":["lp0hx8"]},"content":"1569181511签到失败！原因：该用户已经签到","timestamp":1778167425061}
{"id":203521,"type":"info","level":2,"name":"绑定id","meta":{"paths":["lp0hx8"]},"content":"用户3025382518绑定了cnid：7486076611612203828","timestamp":1778169278480}
{"id":205103,"type":"success","level":1,"name":"签到","meta":{"paths":["lp0hx8"]},"content":"2018283414完成了一次签到！","timestamp":1778169619347}
{"id":205149,"type":"success","level":1,"name":"签到","meta":{"paths":["lp0hx8"]},"content":"3389530537完成了一次签到！","timestamp":1778169623175}
{"id":205200,"type":"success","level":1,"name":"签到","meta":{"paths":["lp0hx8"]},"content":"2994459542完成了一次签到！","timestamp":1778169628023}
{"id":205441,"type":"success","level":1,"name":"签到","meta":{"paths":["lp0hx8"]},"content":"3055983840完成了一次签到！","timestamp":1778169648923}
{"id":205518,"type":"success","level":1,"name":"签到","meta":{"paths":["lp0hx8"]},"content":"978229136完成了一次签到！","timestamp":1778169655782}
{"id":205618,"type":"success","level":1,"name":"签到","meta":{"paths":["lp0hx8"]},"content":"2856239518完成了一次签到！","timestamp":1778169667637}
{"id":206083,"type":"success","level":1,"name":"签到","meta":{"paths":["lp0hx8"]},"content":"956937232完成了一次签到！","timestamp":1778169727901}
{"id":206273,"type":"success","level":1,"name":"签到","meta":{"paths":["lp0hx8"]},"content":"3663735613完成了一次签到！","timestamp":1778169763208}
{"id":206303,"type":"success","level":1,"name":"签到","meta":{"paths":["lp0hx8"]},"content":"2558144075完成了一次签到！","timestamp":1778169765378}
{"id":206386,"type":"success","level":1,"name":"签到","meta":{"paths":["lp0hx8"]},"content":"2085287779完成了一次签到！","timestamp":1778169782697}
{"id":206483,"type":"success","level":1,"name":"签到","meta":{"paths":["lp0hx8"]},"content":"2628075910完成了一次签到！","timestamp":1778169799889}
{"id":206901,"type":"success","level":1,"name":"签到","meta":{"paths":["lp0hx8"]},"content":"1509417679完成了一次签到！","timestamp":1778169893982}
{"id":207262,"type":"success","level":1,"name":"签到","meta":{"paths":["lp0hx8"]},"content":"3764379512完成了一次签到！","timestamp":1778169949243}
{"id":208226,"type":"success","level":1,"name":"签到","meta":{"paths":["lp0hx8"]},"content":"3227833184完成了一次签到！","timestamp":1778170124245}
{"id":212754,"type":"success","level":1,"name":"签到","meta":{"paths":["lp0hx8"]},"content":"971217490完成了一次签到！","timestamp":1778171184222}
{"id":212813,"type":"info","level":2,"name":"签到","meta":{"paths":["lp0hx8"]},"content":"已更新29053789的抢劫次数和记录","timestamp":1778171192551}
{"id":212829,"type":"success","level":1,"name":"签到","meta":{"paths":["lp0hx8"]},"content":"29053789抢了971217490的563P点！","timestamp":1778171192900}
{"id":212830,"type":"info","level":2,"name":"签到","meta":{"paths":["lp0hx8"]},"content":"29053789今天的抢劫记录为563   |    剩余抢劫次数为3","timestamp":1778171192902}
{"id":213752,"type":"success","level":1,"name":"签到","meta":{"paths":["lp0hx8"]},"content":"629832381完成了一次签到！","timestamp":1778171444279}
{"id":213835,"type":"info","level":2,"name":"抽卡与卡组","meta":{"paths":["lp0hx8"]},"content":"2018283414抽到了一张❀三星☄卡，剩余739P点","timestamp":1778171452750}
{"id":213890,"type":"info","level":2,"name":"抽卡与卡组","meta":{"paths":["lp0hx8"]},"content":"2018283414抽到了一张❀三星☄卡，剩余339P点","timestamp":1778171462977}
{"id":213958,"type":"success","level":1,"name":"签到","meta":{"paths":["lp0hx8"]},"content":"1626998239完成了一次签到！","timestamp":1778171472861}
{"id":215415,"type":"success","level":1,"name":"签到","meta":{"paths":["lp0hx8"]},"content":"2513983517完成了一次签到！","timestamp":1778172029429}
{"id":215489,"type":"success","level":1,"name":"签到","meta":{"paths":["lp0hx8"]},"content":"2685534201完成了一次签到！","timestamp":1778172069290}
{"id":218181,"type":"success","level":1,"name":"签到","meta":{"paths":["lp0hx8"]},"content":"1296434423完成了一次签到！","timestamp":1778173631887}
{"id":218365,"type":"success","level":1,"name":"签到","meta":{"paths":["lp0hx8"]},"content":"3986092865完成了一次签到！","timestamp":1778173736939}
{"id":218452,"type":"success","level":1,"name":"签到","meta":{"paths":["lp0hx8"]},"content":"29053789抢了971217490的618P点！","timestamp":1778173754118}
{"id":218453,"type":"info","level":2,"name":"签到","meta":{"paths":["lp0hx8"]},"content":"29053789今天的抢劫记录为592   |    剩余抢劫次数为3","timestamp":1778173754118}
{"id":218474,"type":"success","level":1,"name":"抽卡与卡组","meta":{"paths":["lp0hx8"]},"content":"3986092865献祭了：2张二星  1张三星  获得1120P点，当前P点数为1569","timestamp":1778173760114}
{"id":218558,"type":"success","level":1,"name":"抽卡与卡组","meta":{"paths":["lp0hx8"]},"content":"3986092865献祭了：1张二星  2张三星  获得1400P点，当前P点数为1769","timestamp":1778173776723}
{"id":218591,"type":"warn","level":2,"name":"session","meta":{},"content":"Error: Error with request send_group_msg, args: {\"group_id\":1091191330,\"message\":[{\"type\":\"text\",\"data\":{\"text\":\"你抽到了：\\n2张二星  \\n1张三星  \\n一共3张卡\\n已存入你卡组的第3, 4, 6位\\n你还有569P点\"}}]}, retcode: 1200\n    at _Internal._get (/root/lezskabot/koishi/koishi-app/node_modules/koishi-plugin-adapter-onebot/lib/index.js:119:11)\n    at process.processTicksAndRejections (node:internal/process/task_queues:95:5)\n    at async _Internal.<computed> [as sendGroupMsg] (/root/lezskabot/koishi/koishi-app/node_modules/koishi-plugin-adapter-onebot/lib/index.js:162:20)\n    at async OneBotMessageEncoder.flush (/root/lezskabot/koishi/koishi-app/node_modules/koishi-plugin-adapter-onebot/lib/index.js:771:338)\n    at async OneBotMessageEncoder.send (/root/lezskabot/koishi/koishi-app/node_modules/@satorijs/core/lib/index.cjs:755:5)\n    at async Proxy.sendMessage (/root/lezskabot/koishi/koishi-app/node_modules/@satorijs/core/lib/index.cjs:487:22)\n    at async /root/lezskabot/koishi/koishi-app/node_modules/@koishijs/core/lib/index.cjs:2051:7\n    at async Proxy.withScope (/root/lezskabot/koishi/koishi-app/node_modules/@koishijs/core/lib/index.cjs:1958:22)\n    at async next (/root/lezskabot/koishi/koishi-app/node_modules/@koishijs/core/lib/index.cjs:827:16)\n    at async next (/root/lezskabot/koishi/koishi-app/node_modules/@koishijs/core/lib/index.cjs:827:16)","timestamp":1778173782903}
{"id":218613,"type":"info","level":2,"name":"签到","meta":{"paths":["lp0hx8"]},"content":"已更新971217490的抢劫次数和记录","timestamp":1778173787480}
{"id":218625,"type":"warn","level":2,"name":"session","meta":{},"content":"Error: Error with request send_group_msg, args: {\"group_id\":1091191330,\"message\":[{\"type\":\"text\",\"data\":{\"text\":\"你啥也没抢到，还是一无所有呢~\"}}]}, retcode: 1200\n    at _Internal._get (/root/lezskabot/koishi/koishi-app/node_modules/koishi-plugin-adapter-onebot/lib/index.js:119:11)\n    at process.processTicksAndRejections (node:internal/process/task_queues:95:5)\n    at async _Internal.<computed> [as sendGroupMsg] (/root/lezskabot/koishi/koishi-app/node_modules/koishi-plugin-adapter-onebot/lib/index.js:162:20)\n    at async OneBotMessageEncoder.flush (/root/lezskabot/koishi/koishi-app/node_modules/koishi-plugin-adapter-onebot/lib/index.js:771:338)\n    at async OneBotMessageEncoder.send (/root/lezskabot/koishi/koishi-app/node_modules/@satorijs/core/lib/index.cjs:755:5)\n    at async Proxy.sendMessage (/root/lezskabot/koishi/koishi-app/node_modules/@satorijs/core/lib/index.cjs:487:22)\n    at async /root/lezskabot/koishi/koishi-app/node_modules/@koishijs/core/lib/index.cjs:2051:7\n    at async Proxy.withScope (/root/lezskabot/koishi/koishi-app/node_modules/@koishijs/core/lib/index.cjs:1958:22)\n    at async /root/lezskabot/koishi/koishi-app/node_modules/koishi-plugin-anti-space/lib/index.js:63:20\n    at async next (/root/lezskabot/koishi/koishi-app/node_modules/@koishijs/core/lib/index.cjs:827:16)","timestamp":1778173787862}
{"id":218826,"type":"success","level":1,"name":"抽卡与卡组","meta":{"paths":["lp0hx8"]},"content":"3986092865献祭了：2张二星  1张三星  获得1120P点，当前P点数为1689","timestamp":1778173864086}
{"id":218896,"type":"success","level":1,"name":"抽卡与卡组","meta":{"paths":["lp0hx8"]},"content":"3986092865献祭了：2张二星  1张三星  获得1120P点，当前P点数为1609","timestamp":1778173873769}
{"id":218982,"type":"success","level":1,"name":"抽卡与卡组","meta":{"paths":["lp0hx8"]},"content":"3986092865献祭了：2张二星  1张三星  获得1120P点，当前P点数为1529","timestamp":1778173886267}
{"id":219011,"type":"warn","level":2,"name":"session","meta":{},"content":"Error: Error with request send_group_msg, args: {\"group_id\":1091191330,\"message\":[{\"type\":\"text\",\"data\":{\"text\":\"你抽到了：\\n3张二星  \\n一共3张卡\\n已存入你卡组的第3, 4, 6位\\n你只剩329P点了，不够抽了\"}}]}, retcode: 1200\n    at _Internal._get (/root/lezskabot/koishi/koishi-app/node_modules/koishi-plugin-adapter-onebot/lib/index.js:119:11)\n    at process.processTicksAndRejections (node:internal/process/task_queues:95:5)\n    at async _Internal.<computed> [as sendGroupMsg] (/root/lezskabot/koishi/koishi-app/node_modules/koishi-plugin-adapter-onebot/lib/index.js:162:20)\n    at async OneBotMessageEncoder.flush (/root/lezskabot/koishi/koishi-app/node_modules/koishi-plugin-adapter-onebot/lib/index.js:771:338)\n    at async OneBotMessageEncoder.send (/root/lezskabot/koishi/koishi-app/node_modules/@satorijs/core/lib/index.cjs:755:5)\n    at async Proxy.sendMessage (/root/lezskabot/koishi/koishi-app/node_modules/@satorijs/core/lib/index.cjs:487:22)\n    at async /root/lezskabot/koishi/koishi-app/node_modules/@koishijs/core/lib/index.cjs:2051:7\n    at async Proxy.withScope (/root/lezskabot/koishi/koishi-app/node_modules/@koishijs/core/lib/index.cjs:1958:22)\n    at async next (/root/lezskabot/koishi/koishi-app/node_modules/@koishijs/core/lib/index.cjs:827:16)\n    at async next (/root/lezskabot/koishi/koishi-app/node_modules/@koishijs/core/lib/index.cjs:827:16)","timestamp":1778173890431}
{"id":219024,"type":"warn","level":2,"name":"session","meta":{},"content":"Error: Error with request send_group_msg, args: {\"group_id\":1091191330,\"message\":[{\"type\":\"at\",\"data\":{\"qq\":\"3986092865\"}},{\"type\":\"text\",\"data\":{\"text\":\"你当前的卡组为\\n1-稀有度： ♔♕四星(?)♕♔\"}},{\"type\":\"image\",\"data\":{\"file\":\"/root/lezskabot/cards/3/655.png\",\"cache\":0}},{\"type\":\"text\",\"data\":{\"text\":\"2-稀有度： ♔♕四星(?)♕♔\"}},{\"type\":\"image\",\"data\":{\"file\":\"/root/lezskabot/cards/3/290.png\",\"cache\":0}},{\"type\":\"text\",\"data\":{\"text\":\"3-稀有度： ☆二星★\"}},{\"type\":\"image\",\"data\":{\"file\":\"/root/lezskabot/cards/1/281.png\",\"cache\":0}},{\"type\":\"text\",\"data\":{\"text\":\"4-稀有度： ☆二星★\"}},{\"type\":\"image\",\"data\":{\"file\":\"/root/lezskabot/cards/1/122.png\",\"cache\":0}},{\"type\":\"text\",\"data\":{\"text\":\"5-稀有度： ♔♕四星(?)♕♔\"}},{\"type\":\"image\",\"data\":{\"file\":\"/root/lezskabot/cards/3/296.png\",\"cache\":0}},{\"type\":\"text\",\"data\":{\"text\":\"6-稀有度： ☆二星★\"}},{\"type\":\"image\",\"data\":{\"file\":\"/root/lezskabot/cards/1/200.png\",\"cache\":0}},{\"type\":\"text\",\"data\":{\"text\":\"7-稀有度： ☂FES☃\"}},{\"type\":\"image\",\"data\":{\"file\":\"/root/lezskabot/cards/4/21.png\",\"cache\":0}},{\"type\":\"text\",\"data\":{\"text\":\"8-稀有度： ☂FES☃\"}},{\"type\":\"image\",\"data\":{\"file\":\"/root/lezskabot/cards/4/7.png\",\"cache\":0}}]}, retcode: 1200\n    at _Internal._get (/root/lezskabot/koishi/koishi-app/node_modules/koishi-plugin-adapter-onebot/lib/index.js:119:11)\n    at process.processTicksAndRejections (node:internal/process/task_queues:95:5)\n    at async _Internal.<computed> [as sendGroupMsg] (/root/lezskabot/koishi/koishi-app/node_modules/koishi-plugin-adapter-onebot/lib/index.js:162:20)\n    at async OneBotMessageEncoder.flush (/root/lezskabot/koishi/koishi-app/node_modules/koishi-plugin-adapter-onebot/lib/index.js:771:338)\n    at async OneBotMessageEncoder.send (/root/lezskabot/koishi/koishi-app/node_modules/@satorijs/core/lib/index.cjs:755:5)\n    at async Proxy.sendMessage (/root/lezskabot/koishi/koishi-app/node_modules/@satorijs/core/lib/index.cjs:487:22)\n    at async _Command.eval (eval at <anonymous> (/root/lezskabot/koishi/koishi-app/node_modules/koishi-plugin-blockly-null/lib/index.js:1:1), <anonymous>:105:9)\n    at async Array.<anonymous> (/root/lezskabot/koishi/koishi-app/node_modules/@koishijs/core/lib/index.cjs:1079:14)\n    at async _Command.execute (/root/lezskabot/koishi/koishi-app/node_modules/@koishijs/core/lib/index.cjs:1093:22)\n    at async /root/lezskabot/koishi/koishi-app/node_modules/@koishijs/core/lib/index.cjs:2049:22","timestamp":1778173898987}
{"id":219648,"type":"success","level":1,"name":"签到","meta":{"paths":["lp0hx8"]},"content":"3568930598完成了一次签到！","timestamp":1778174594328}
{"id":219769,"type":"info","level":2,"name":"抽卡与卡组","meta":{"paths":["lp0hx8"]},"content":"3568930598抽到了一张❀三星☄卡，剩余3414P点","timestamp":1778174629580}
{"id":220949,"type":"success","level":1,"name":"签到","meta":{"paths":["lp0hx8"]},"content":"3247534886完成了一次签到！","timestamp":1778175785908}
{"id":228289,"type":"success","level":1,"name":"签到","meta":{"paths":["lp0hx8"]},"content":"3834892968完成了一次签到！","timestamp":1778180337357}
{"id":231743,"type":"success","level":1,"name":"签到","meta":{"paths":["lp0hx8"]},"content":"1090073898完成了一次签到！","timestamp":1778190716751}
{"id":231795,"type":"success","level":1,"name":"签到","meta":{"paths":["lp0hx8"]},"content":"1637663452完成了一次签到！","timestamp":1778190778163}
{"id":232097,"type":"success","level":1,"name":"签到","meta":{"paths":["lp0hx8"]},"content":"2858787094完成了一次签到！","timestamp":1778191723504}
{"id":232545,"type":"success","level":1,"name":"签到","meta":{"paths":["lp0hx8"]},"content":"2250804603完成了一次签到！","timestamp":1778192778936}
