{"id":53882,"type":"error","level":1,"name":"签到","meta":{"paths":["lp0hx8"]},"content":"2085287779签到失败！原因：该用户已经签到","timestamp":1777507618306}
{"id":54434,"type":"success","level":1,"name":"签到","meta":{"paths":["lp0hx8"]},"content":"3534850564完成了一次签到！","timestamp":1777511727512}
{"id":54540,"type":"success","level":1,"name":"签到","meta":{"paths":["lp0hx8"]},"content":"29053789完成了一次签到！","timestamp":1777511977700}
{"id":54780,"type":"success","level":1,"name":"签到","meta":{"paths":["lp0hx8"]},"content":"576664653完成了一次签到！","timestamp":1777512721093}
{"id":54849,"type":"success","level":1,"name":"签到","meta":{"paths":["lp0hx8"]},"content":"2781758816完成了一次签到！","timestamp":1777512784691}
{"id":55196,"type":"success","level":1,"name":"签到","meta":{"paths":["lp0hx8"]},"content":"2558144075完成了一次签到！","timestamp":1777513516633}
{"id":70356,"type":"info","level":2,"name":"绑定id","meta":{"paths":["lp0hx8"]},"content":"用户473244969绑定了cnid：7621758551748844331","timestamp":1777527809444}
{"id":70458,"type":"info","level":2,"name":"绑定id","meta":{"paths":["lp0hx8"]},"content":"用户473244969绑定了cnid：7621758551748844331","timestamp":1777527891602}
{"id":87715,"type":"info","level":2,"name":"绑定id","meta":{"paths":["lp0hx8"]},"content":"用户2188730297绑定了cnid：7486062642088532788","timestamp":1777544393556}
{"id":88730,"type":"error","level":1,"name":"抽卡与卡组","meta":{"paths":["lp0hx8"]},"content":"1652933285抽卡失败，积分不足","timestamp":1777544928205}
{"id":88986,"type":"success","level":1,"name":"签到","meta":{"paths":["lp0hx8"]},"content":"1012113121完成了一次签到！","timestamp":1777545240434}
{"id":89079,"type":"success","level":1,"name":"签到","meta":{"paths":["lp0hx8"]},"content":"29053789完成了一次签到！","timestamp":1777545286953}
{"id":89133,"type":"info","level":2,"name":"抽卡与卡组","meta":{"paths":["lp0hx8"]},"content":"1012113121抽到了一张☆二星★卡，剩余4701P点","timestamp":1777545310164}
{"id":89181,"type":"error","level":1,"name":"抽卡与卡组","meta":{"paths":["lp0hx8"]},"content":"3911816075抽卡失败，积分不足","timestamp":1777545334018}
{"id":89236,"type":"error","level":1,"name":"抽卡与卡组","meta":{"paths":["lp0hx8"]},"content":"2432499215抽卡失败，积分不足","timestamp":1777545339532}
{"id":89271,"type":"success","level":1,"name":"签到","meta":{"paths":["lp0hx8"]},"content":"2432499215完成了一次签到！","timestamp":1777545346978}
{"id":89322,"type":"info","level":2,"name":"抽卡与卡组","meta":{"paths":["lp0hx8"]},"content":"2432499215抽到了一张☆二星★卡，剩余4293P点","timestamp":1777545354004}
{"id":89720,"type":"info","level":2,"name":"签到","meta":{"paths":["lp0hx8"]},"content":"已更新29053789的抢劫次数和记录","timestamp":1777545585782}
{"id":89736,"type":"success","level":1,"name":"签到","meta":{"paths":["lp0hx8"]},"content":"29053789抢了1012113121的114P点！","timestamp":1777545586093}
{"id":89737,"type":"info","level":2,"name":"签到","meta":{"paths":["lp0hx8"]},"content":"29053789今天的抢劫记录为114   |    剩余抢劫次数为3","timestamp":1777545586094}
{"id":89824,"type":"error","level":1,"name":"签到","meta":{"paths":["lp0hx8"]},"content":"2188730297签到失败！原因：该用户已经签到","timestamp":1777545644007}
{"id":89855,"type":"info","level":2,"name":"签到","meta":{"paths":["lp0hx8"]},"content":"已更新2188730297的抢劫次数和记录","timestamp":1777545672816}
{"id":89871,"type":"success","level":1,"name":"签到","meta":{"paths":["lp0hx8"]},"content":"2188730297抢劫956937232失败！失去了所有P点！","timestamp":1777545673082}
{"id":89872,"type":"info","level":2,"name":"签到","meta":{"paths":["lp0hx8"]},"content":"2188730297今天的抢劫记录为-112   |    剩余抢劫次数为2","timestamp":1777545673085}
{"id":89938,"type":"warn","level":2,"name":"command","meta":{},"content":"送p点 \nTypeError: Cannot read properties of undefined (reading 'attrs')\n    at _Command.eval (eval at <anonymous> (/root/lezskabot/koishi/koishi-app/node_modules/koishi-plugin-blockly-null/lib/index.js:1:1), <anonymous>:104:93)\n    at Array.<anonymous> (/root/lezskabot/koishi/koishi-app/node_modules/@koishijs/core/lib/index.cjs:1079:27)\n    at argv.next (/root/lezskabot/koishi/koishi-app/node_modules/@koishijs/core/lib/index.cjs:1090:30)\n    at _Command.execute (/root/lezskabot/koishi/koishi-app/node_modules/@koishijs/core/lib/index.cjs:1093:33)\n    at process.processTicksAndRejections (node:internal/process/task_queues:95:5)\n    at async /root/lezskabot/koishi/koishi-app/node_modules/@koishijs/core/lib/index.cjs:2049:22\n    at async Proxy.withScope (/root/lezskabot/koishi/koishi-app/node_modules/@koishijs/core/lib/index.cjs:1958:22)\n    at async next (/root/lezskabot/koishi/koishi-app/node_modules/@koishijs/core/lib/index.cjs:827:16)\n    at async next (/root/lezskabot/koishi/koishi-app/node_modules/@koishijs/core/lib/index.cjs:827:16)\n    at async next (/root/lezskabot/koishi/koishi-app/node_modules/@koishijs/core/lib/index.cjs:827:16)","timestamp":1777545719832}
{"id":89954,"type":"warn","level":2,"name":"command","meta":{},"content":"送p点 \nTypeError: Cannot read properties of undefined (reading 'attrs')\n    at _Command.eval (eval at <anonymous> (/root/lezskabot/koishi/koishi-app/node_modules/koishi-plugin-blockly-null/lib/index.js:1:1), <anonymous>:104:93)\n    at Array.<anonymous> (/root/lezskabot/koishi/koishi-app/node_modules/@koishijs/core/lib/index.cjs:1079:27)\n    at argv.next (/root/lezskabot/koishi/koishi-app/node_modules/@koishijs/core/lib/index.cjs:1090:30)\n    at _Command.execute (/root/lezskabot/koishi/koishi-app/node_modules/@koishijs/core/lib/index.cjs:1093:33)\n    at process.processTicksAndRejections (node:internal/process/task_queues:95:5)\n    at async /root/lezskabot/koishi/koishi-app/node_modules/@koishijs/core/lib/index.cjs:2049:22\n    at async Proxy.withScope (/root/lezskabot/koishi/koishi-app/node_modules/@koishijs/core/lib/index.cjs:1958:22)\n    at async next (/root/lezskabot/koishi/koishi-app/node_modules/@koishijs/core/lib/index.cjs:827:16)\n    at async next (/root/lezskabot/koishi/koishi-app/node_modules/@koishijs/core/lib/index.cjs:827:16)\n    at async next (/root/lezskabot/koishi/koishi-app/node_modules/@koishijs/core/lib/index.cjs:827:16)","timestamp":1777545725243}
{"id":90045,"type":"info","level":2,"name":"签到","meta":{"paths":["lp0hx8"]},"content":"29053789向2188730297赠送了4000个P点","timestamp":1777545738940}
{"id":90047,"type":"info","level":2,"name":"签到","meta":{"paths":["lp0hx8"]},"content":"956937232向2188730297赠送了100个P点","timestamp":1777545738995}
{"id":90137,"type":"success","level":1,"name":"签到","meta":{"paths":["lp0hx8"]},"content":"2188730297抢了956937232的273P点！","timestamp":1777545754513}
{"id":90138,"type":"info","level":2,"name":"签到","meta":{"paths":["lp0hx8"]},"content":"2188730297今天的抢劫记录为27   |    剩余抢劫次数为1","timestamp":1777545754514}
{"id":90305,"type":"info","level":2,"name":"签到","meta":{"paths":["lp0hx8"]},"content":"2188730297向956937232赠送了500个P点","timestamp":1777545807877}
{"id":90367,"type":"info","level":2,"name":"抽卡与卡组","meta":{"paths":["lp0hx8"]},"content":"29053789抽到了一张☂FES☃卡，剩余16277P点","timestamp":1777545823097}
{"id":90399,"type":"info","level":2,"name":"签到","meta":{"paths":["lp0hx8"]},"content":"已更新3911816075的抢劫次数和记录","timestamp":1777545835551}
{"id":90417,"type":"success","level":1,"name":"签到","meta":{"paths":["lp0hx8"]},"content":"3911816075抢了956937232的485P点！","timestamp":1777545836102}
{"id":90418,"type":"info","level":2,"name":"签到","meta":{"paths":["lp0hx8"]},"content":"3911816075今天的抢劫记录为485   |    剩余抢劫次数为2","timestamp":1777545836104}
{"id":90526,"type":"success","level":1,"name":"签到","meta":{"paths":["lp0hx8"]},"content":"29053789抢了3911816075的942P点！","timestamp":1777545867022}
{"id":90527,"type":"info","level":2,"name":"签到","meta":{"paths":["lp0hx8"]},"content":"29053789今天的抢劫记录为599   |    剩余抢劫次数为3","timestamp":1777545867023}
{"id":90615,"type":"info","level":2,"name":"签到","meta":{"paths":["lp0hx8"]},"content":"已更新2111462890的抢劫次数和记录","timestamp":1777545883184}
{"id":90633,"type":"success","level":1,"name":"签到","meta":{"paths":["lp0hx8"]},"content":"2111462890抢了29053789的261P点！","timestamp":1777545883771}
{"id":90634,"type":"info","level":2,"name":"签到","meta":{"paths":["lp0hx8"]},"content":"2111462890今天的抢劫记录为261   |    剩余抢劫次数为2","timestamp":1777545883772}
{"id":90678,"type":"success","level":1,"name":"签到","meta":{"paths":["lp0hx8"]},"content":"3911816075抢了29053789的346P点！","timestamp":1777545888912}
{"id":90679,"type":"info","level":2,"name":"签到","meta":{"paths":["lp0hx8"]},"content":"3911816075今天的抢劫记录为831   |    剩余抢劫次数为1","timestamp":1777545888913}
{"id":90807,"type":"info","level":2,"name":"签到","meta":{"paths":["lp0hx8"]},"content":"已更新2432499215的抢劫次数和记录","timestamp":1777545916932}
{"id":90828,"type":"info","level":2,"name":"签到","meta":{"paths":["lp0hx8"]},"content":"3911816075向29053789赠送了346个P点","timestamp":1777545917786}
{"id":90951,"type":"info","level":2,"name":"签到","meta":{"paths":["lp0hx8"]},"content":"29053789向3911816075赠送了4000个P点","timestamp":1777545936754}
{"id":91009,"type":"info","level":2,"name":"抽卡与卡组","meta":{"paths":["lp0hx8"]},"content":"29053789抽到了一张☆二星★卡，剩余12101P点","timestamp":1777545943115}
{"id":91076,"type":"success","level":1,"name":"签到","meta":{"paths":["lp0hx8"]},"content":"2432499215抢劫1012113121失败！失去了198P点！","timestamp":1777545951269}
{"id":91077,"type":"info","level":2,"name":"签到","meta":{"paths":["lp0hx8"]},"content":"2432499215今天的抢劫记录为-198   |    剩余抢劫次数为2","timestamp":1777545951270}
{"id":91085,"type":"info","level":2,"name":"抽卡与卡组","meta":{"paths":["lp0hx8"]},"content":"3911816075抽到了一张❀三星☄卡，剩余3600P点","timestamp":1777545951403}
{"id":91159,"type":"info","level":2,"name":"抽卡与卡组","meta":{"paths":["lp0hx8"]},"content":"3911816075抽到了一张❀三星☄卡，剩余3200P点","timestamp":1777545966180}
{"id":91167,"type":"info","level":2,"name":"抽卡与卡组","meta":{"paths":["lp0hx8"]},"content":"2432499215抽到了一张☆二星★卡，剩余3695P点","timestamp":1777545967643}
{"id":91228,"type":"info","level":2,"name":"抽卡与卡组","meta":{"paths":["lp0hx8"]},"content":"2432499215抽到了一张☆二星★卡，剩余3295P点","timestamp":1777545982159}
{"id":91396,"type":"info","level":2,"name":"签到","meta":{"paths":["lp0hx8"]},"content":"3911816075向956937232赠送了500个P点","timestamp":1777546027974}
{"id":91582,"type":"success","level":1,"name":"签到","meta":{"paths":["lp0hx8"]},"content":"3911816075抢劫956937232失败！失去了67P点！","timestamp":1777546064984}
{"id":91583,"type":"info","level":2,"name":"签到","meta":{"paths":["lp0hx8"]},"content":"3911816075今天的抢劫记录为764   |    剩余抢劫次数为0","timestamp":1777546064986}
{"id":91623,"type":"error","level":1,"name":"签到","meta":{"paths":["lp0hx8"]},"content":"3911816075抢劫失败！该用户今天抢劫次数已用完","timestamp":1777546077718}
{"id":91645,"type":"info","level":2,"name":"签到","meta":{"paths":["lp0hx8"]},"content":"已更新1652933285的抢劫次数和记录","timestamp":1777546080668}
{"id":91671,"type":"success","level":1,"name":"签到","meta":{"paths":["lp0hx8"]},"content":"1652933285抢了956937232的231P点！","timestamp":1777546081468}
{"id":91672,"type":"info","level":2,"name":"签到","meta":{"paths":["lp0hx8"]},"content":"1652933285今天的抢劫记录为231   |    剩余抢劫次数为2","timestamp":1777546081468}
{"id":91710,"type":"info","level":2,"name":"签到","meta":{"paths":["lp0hx8"]},"content":"已更新971217490的抢劫次数和记录","timestamp":1777546092934}
{"id":91734,"type":"success","level":1,"name":"签到","meta":{"paths":["lp0hx8"]},"content":"971217490抢劫956937232失败！失去了279P点！","timestamp":1777546093734}
{"id":91735,"type":"info","level":2,"name":"签到","meta":{"paths":["lp0hx8"]},"content":"971217490今天的抢劫记录为-279   |    剩余抢劫次数为2","timestamp":1777546093735}
{"id":91845,"type":"info","level":2,"name":"签到","meta":{"paths":["lp0hx8"]},"content":"1652933285向956937232赠送了231个P点","timestamp":1777546106140}
{"id":91892,"type":"success","level":1,"name":"签到","meta":{"paths":["lp0hx8"]},"content":"2432499215抢了956937232的115P点！","timestamp":1777546112110}
{"id":91893,"type":"info","level":2,"name":"签到","meta":{"paths":["lp0hx8"]},"content":"2432499215今天的抢劫记录为-83   |    剩余抢劫次数为1","timestamp":1777546112112}
{"id":91971,"type":"success","level":1,"name":"签到","meta":{"paths":["lp0hx8"]},"content":"971217490抢劫956937232失败！失去了所有P点！","timestamp":1777546124018}
{"id":91972,"type":"info","level":2,"name":"签到","meta":{"paths":["lp0hx8"]},"content":"971217490今天的抢劫记录为-311   |    剩余抢劫次数为1","timestamp":1777546124018}
{"id":92078,"type":"success","level":1,"name":"签到","meta":{"paths":["lp0hx8"]},"content":"971217490抢了956937232的274P点！","timestamp":1777546153579}
{"id":92079,"type":"info","level":2,"name":"签到","meta":{"paths":["lp0hx8"]},"content":"971217490今天的抢劫记录为-37   |    剩余抢劫次数为0","timestamp":1777546153580}
{"id":92161,"type":"success","level":1,"name":"签到","meta":{"paths":["lp0hx8"]},"content":"2432499215抢了971217490的72P点！","timestamp":1777546161621}
{"id":92162,"type":"info","level":2,"name":"签到","meta":{"paths":["lp0hx8"]},"content":"2432499215今天的抢劫记录为-11   |    剩余抢劫次数为0","timestamp":1777546161622}
{"id":92186,"type":"info","level":2,"name":"签到","meta":{"paths":["lp0hx8"]},"content":"3911816075向971217490赠送了500个P点","timestamp":1777546165506}
{"id":92207,"type":"error","level":1,"name":"签到","meta":{"paths":["lp0hx8"]},"content":"2432499215抢劫失败！该用户今天抢劫次数已用完","timestamp":1777546166631}
{"id":92408,"type":"error","level":1,"name":"签到","meta":{"paths":["lp0hx8"]},"content":"3911816075抢劫失败！该用户今天抢劫次数已用完","timestamp":1777546229411}
{"id":92424,"type":"error","level":1,"name":"签到","meta":{"paths":["lp0hx8"]},"content":"2432499215抢劫失败！该用户今天抢劫次数已用完","timestamp":1777546235346}
{"id":92473,"type":"info","level":2,"name":"签到","meta":{"paths":["lp0hx8"]},"content":"已更新1950232183的抢劫次数和记录","timestamp":1777546245379}
{"id":92515,"type":"info","level":2,"name":"抽卡与卡组","meta":{"paths":["lp0hx8"]},"content":"2432499215抽到了一张❀三星☄卡，剩余3082P点","timestamp":1777546254086}
{"id":92552,"type":"success","level":1,"name":"签到","meta":{"paths":["lp0hx8"]},"content":"1950232183抢了956937232的109P点！","timestamp":1777546260170}
{"id":92553,"type":"info","level":2,"name":"签到","meta":{"paths":["lp0hx8"]},"content":"1950232183今天的抢劫记录为109   |    剩余抢劫次数为1","timestamp":1777546260171}
{"id":92593,"type":"info","level":2,"name":"抽卡与卡组","meta":{"paths":["lp0hx8"]},"content":"2432499215抽到了一张☆二星★卡，剩余2682P点","timestamp":1777546264654}
{"id":92652,"type":"info","level":2,"name":"抽卡与卡组","meta":{"paths":["lp0hx8"]},"content":"2432499215抽到了一张☆二星★卡，剩余2282P点","timestamp":1777546280123}
{"id":92676,"type":"warn","level":2,"name":"command","meta":{},"content":"送p点 \nTypeError: Cannot read properties of undefined (reading 'attrs')\n    at _Command.eval (eval at <anonymous> (/root/lezskabot/koishi/koishi-app/node_modules/koishi-plugin-blockly-null/lib/index.js:1:1), <anonymous>:104:93)\n    at Array.<anonymous> (/root/lezskabot/koishi/koishi-app/node_modules/@koishijs/core/lib/index.cjs:1079:27)\n    at argv.next (/root/lezskabot/koishi/koishi-app/node_modules/@koishijs/core/lib/index.cjs:1090:30)\n    at _Command.execute (/root/lezskabot/koishi/koishi-app/node_modules/@koishijs/core/lib/index.cjs:1093:33)\n    at process.processTicksAndRejections (node:internal/process/task_queues:95:5)\n    at async /root/lezskabot/koishi/koishi-app/node_modules/@koishijs/core/lib/index.cjs:2049:22\n    at async Proxy.withScope (/root/lezskabot/koishi/koishi-app/node_modules/@koishijs/core/lib/index.cjs:1958:22)\n    at async next (/root/lezskabot/koishi/koishi-app/node_modules/@koishijs/core/lib/index.cjs:827:16)\n    at async next (/root/lezskabot/koishi/koishi-app/node_modules/@koishijs/core/lib/index.cjs:827:16)\n    at async next (/root/lezskabot/koishi/koishi-app/node_modules/@koishijs/core/lib/index.cjs:827:16)","timestamp":1777546283226}
{"id":92774,"type":"info","level":2,"name":"签到","meta":{"paths":["lp0hx8"]},"content":"2432499215向956937232赠送了250个P点","timestamp":1777546297988}
{"id":93026,"type":"info","level":2,"name":"签到","meta":{"paths":["lp0hx8"]},"content":"2432499215向956937232赠送了520个P点","timestamp":1777546358193}
{"id":93208,"type":"info","level":2,"name":"签到","meta":{"paths":["lp0hx8"]},"content":"3911816075向956937232赠送了1000个P点","timestamp":1777546446991}
{"id":93354,"type":"info","level":2,"name":"签到","meta":{"paths":["lp0hx8"]},"content":"3911816075向2432499215赠送了1个P点","timestamp":1777546494668}
{"id":93423,"type":"info","level":2,"name":"签到","meta":{"paths":["lp0hx8"]},"content":"3911816075向2432499215赠送了1500个P点","timestamp":1777546516994}
{"id":93477,"type":"info","level":2,"name":"签到","meta":{"paths":["lp0hx8"]},"content":"3911816075向2432499215赠送了1100个P点","timestamp":1777546530919}
{"id":93794,"type":"info","level":2,"name":"签到","meta":{"paths":["lp0hx8"]},"content":"956937232向2432499215赠送了500个P点","timestamp":1777546665286}
{"id":93870,"type":"info","level":2,"name":"签到","meta":{"paths":["lp0hx8"]},"content":"956937232向3911816075赠送了500个P点","timestamp":1777546676126}
{"id":94144,"type":"info","level":2,"name":"签到","meta":{"paths":["lp0hx8"]},"content":"956937232向2188730297赠送了500个P点","timestamp":1777546786576}
{"id":105173,"type":"success","level":1,"name":"抽卡与卡组","meta":{"paths":["lp0hx8"]},"content":"2188730297献祭了：4张二星  获得1120P点，当前P点数为5359","timestamp":1777553554881}
{"id":105540,"type":"success","level":1,"name":"抽卡与卡组","meta":{"paths":["lp0hx8"]},"content":"2188730297献祭了：2张二星  2张四星  获得2960P点，当前P点数为3119","timestamp":1777553702353}
{"id":105596,"type":"success","level":1,"name":"抽卡与卡组","meta":{"paths":["lp0hx8"]},"content":"2188730297献祭了：4张二星  获得1120P点，当前P点数为2639","timestamp":1777553717421}
{"id":105674,"type":"success","level":1,"name":"抽卡与卡组","meta":{"paths":["lp0hx8"]},"content":"2188730297献祭了：3张二星  1张三星  获得1400P点，当前P点数为2439","timestamp":1777553760052}
{"id":105760,"type":"success","level":1,"name":"抽卡与卡组","meta":{"paths":["lp0hx8"]},"content":"2188730297献祭了：3张二星  1张三星  获得1400P点，当前P点数为2239","timestamp":1777553783734}
{"id":105952,"type":"success","level":1,"name":"抽卡与卡组","meta":{"paths":["lp0hx8"]},"content":"2188730297献祭了：3张二星  1张三星  获得1400P点，当前P点数为2039","timestamp":1777553869189}
{"id":105996,"type":"success","level":1,"name":"抽卡与卡组","meta":{"paths":["lp0hx8"]},"content":"2188730297献祭了：3张二星  1张三星  获得1400P点，当前P点数为1839","timestamp":1777553883869}
{"id":106089,"type":"success","level":1,"name":"抽卡与卡组","meta":{"paths":["lp0hx8"]},"content":"2188730297献祭了：3张二星  1张三星  获得1400P点，当前P点数为1639","timestamp":1777553919568}
{"id":106165,"type":"success","level":1,"name":"抽卡与卡组","meta":{"paths":["lp0hx8"]},"content":"2188730297献祭了：1张二星  3张三星  获得1960P点，当前P点数为1999","timestamp":1777553930971}
{"id":106362,"type":"success","level":1,"name":"抽卡与卡组","meta":{"paths":["lp0hx8"]},"content":"971217490献祭了：4张二星  2张三星  获得2240P点，当前P点数为3014","timestamp":1777554020544}
{"id":106393,"type":"success","level":1,"name":"抽卡与卡组","meta":{"paths":["lp0hx8"]},"content":"2188730297献祭了：4张二星  获得1120P点，当前P点数为1519","timestamp":1777554024226}
{"id":106480,"type":"success","level":1,"name":"签到","meta":{"paths":["lp0hx8"]},"content":"2188730297抢劫971217490失败！失去了198P点！","timestamp":1777554040311}
{"id":106481,"type":"info","level":2,"name":"签到","meta":{"paths":["lp0hx8"]},"content":"2188730297今天的抢劫记录为-171   |    剩余抢劫次数为0","timestamp":1777554040314}
{"id":106558,"type":"info","level":2,"name":"签到","meta":{"paths":["lp0hx8"]},"content":"971217490向2188730297赠送了3000个P点","timestamp":1777554062044}
{"id":106605,"type":"error","level":1,"name":"签到","meta":{"paths":["lp0hx8"]},"content":"2188730297抢劫失败！该用户今天抢劫次数已用完","timestamp":1777554097318}
{"id":106636,"type":"info","level":2,"name":"抽卡与卡组","meta":{"paths":["lp0hx8"]},"content":"2188730297抽到了一张☆二星★卡，剩余2721P点","timestamp":1777554111783}
{"id":106663,"type":"success","level":1,"name":"抽卡与卡组","meta":{"paths":["lp0hx8"]},"content":"2188730297献祭了：4张二星  获得1120P点，当前P点数为3841","timestamp":1777554121004}
{"id":106766,"type":"success","level":1,"name":"抽卡与卡组","meta":{"paths":["lp0hx8"]},"content":"2188730297献祭了：4张二星  获得1120P点，当前P点数为3361","timestamp":1777554148097}
{"id":106972,"type":"success","level":1,"name":"抽卡与卡组","meta":{"paths":["lp0hx8"]},"content":"2188730297献祭了：3张二星  1张三星  获得1400P点，当前P点数为3161","timestamp":1777554224722}
{"id":107479,"type":"success","level":1,"name":"签到","meta":{"paths":["lp0hx8"]},"content":"1652933285抢了2188730297的429P点！","timestamp":1777554739496}
{"id":107480,"type":"info","level":2,"name":"签到","meta":{"paths":["lp0hx8"]},"content":"1652933285今天的抢劫记录为660   |    剩余抢劫次数为1","timestamp":1777554739499}
{"id":107609,"type":"info","level":2,"name":"签到","meta":{"paths":["lp0hx8"]},"content":"1652933285向2188730297赠送了218个P点","timestamp":1777554796761}
{"id":107648,"type":"success","level":1,"name":"抽卡与卡组","meta":{"paths":["lp0hx8"]},"content":"2188730297献祭了：2张二星  1张三星  1张四星  获得2320P点，当前P点数为3670","timestamp":1777554824300}
{"id":111497,"type":"success","level":1,"name":"签到","meta":{"paths":["lp0hx8"]},"content":"2250804603完成了一次签到！","timestamp":1777558329695}
{"id":119054,"type":"success","level":1,"name":"签到","meta":{"paths":["lp0hx8"]},"content":"1652933285完成了一次签到！","timestamp":1777564823619}
{"id":119094,"type":"success","level":1,"name":"签到","meta":{"paths":["lp0hx8"]},"content":"2334828455完成了一次签到！","timestamp":1777564832759}
{"id":119116,"type":"success","level":1,"name":"签到","meta":{"paths":["lp0hx8"]},"content":"3663735613完成了一次签到！","timestamp":1777564835867}
{"id":119146,"type":"info","level":2,"name":"抽卡与卡组","meta":{"paths":["lp0hx8"]},"content":"2334828455抽到了一张☆二星★卡，剩余213P点","timestamp":1777564841999}
{"id":119245,"type":"success","level":1,"name":"签到","meta":{"paths":["lp0hx8"]},"content":"3055983840完成了一次签到！","timestamp":1777564889856}
{"id":119272,"type":"success","level":1,"name":"签到","meta":{"paths":["lp0hx8"]},"content":"3980423768完成了一次签到！","timestamp":1777564892162}
{"id":119296,"type":"info","level":2,"name":"抽卡与卡组","meta":{"paths":["lp0hx8"]},"content":"1652933285抽到了一张☆二星★卡，剩余169P点","timestamp":1777564897843}
{"id":119419,"type":"success","level":1,"name":"抽卡与卡组","meta":{"paths":["lp0hx8"]},"content":"3980423768献祭了：2张二星  4张三星  获得2800P点，当前P点数为7390","timestamp":1777564945615}
{"id":119490,"type":"success","level":1,"name":"抽卡与卡组","meta":{"paths":["lp0hx8"]},"content":"3980423768献祭了：4张二星  2张三星  获得2240P点，当前P点数为7230","timestamp":1777564963145}
{"id":119511,"type":"success","level":1,"name":"签到","meta":{"paths":["lp0hx8"]},"content":"576664653完成了一次签到！","timestamp":1777564964333}
{"id":119604,"type":"success","level":1,"name":"抽卡与卡组","meta":{"paths":["lp0hx8"]},"content":"3980423768献祭了：5张二星  获得1400P点，当前P点数为6230","timestamp":1777565008463}
{"id":119659,"type":"info","level":2,"name":"抽卡与卡组","meta":{"paths":["lp0hx8"]},"content":"576664653抽到了一张☆二星★卡，剩余2571P点","timestamp":1777565016541}
{"id":119693,"type":"success","level":1,"name":"抽卡与卡组","meta":{"paths":["lp0hx8"]},"content":"3980423768献祭了：3张二星  2张三星  获得1960P点，当前P点数为6190","timestamp":1777565026201}
{"id":119773,"type":"success","level":1,"name":"抽卡与卡组","meta":{"paths":["lp0hx8"]},"content":"3980423768献祭了：4张二星  获得1120P点，当前P点数为5310","timestamp":1777565064034}
{"id":119866,"type":"success","level":1,"name":"抽卡与卡组","meta":{"paths":["lp0hx8"]},"content":"3980423768献祭了：4张二星  获得1120P点，当前P点数为4830","timestamp":1777565093164}
{"id":119947,"type":"success","level":1,"name":"抽卡与卡组","meta":{"paths":["lp0hx8"]},"content":"3980423768献祭了：2张二星  2张三星  获得1680P点，当前P点数为4910","timestamp":1777565176220}
{"id":120002,"type":"success","level":1,"name":"签到","meta":{"paths":["lp0hx8"]},"content":"1296434423完成了一次签到！","timestamp":1777565198829}
{"id":120309,"type":"success","level":1,"name":"签到","meta":{"paths":["lp0hx8"]},"content":"971217490完成了一次签到！","timestamp":1777565374044}
{"id":120458,"type":"success","level":1,"name":"签到","meta":{"paths":["lp0hx8"]},"content":"2558144075完成了一次签到！","timestamp":1777565417863}
{"id":120480,"type":"success","level":1,"name":"签到","meta":{"paths":["lp0hx8"]},"content":"1012113121完成了一次签到！","timestamp":1777565423720}
{"id":122085,"type":"success","level":1,"name":"签到","meta":{"paths":["lp0hx8"]},"content":"29053789完成了一次签到！","timestamp":1777566188687}
{"id":122118,"type":"success","level":1,"name":"签到","meta":{"paths":["lp0hx8"]},"content":"2718246309完成了一次签到！","timestamp":1777566218202}
{"id":122336,"type":"error","level":1,"name":"签到","meta":{"paths":["lp0hx8"]},"content":"1652933285签到失败！原因：该用户已经签到","timestamp":1777566485524}
{"id":122630,"type":"success","level":1,"name":"抽卡与卡组","meta":{"paths":["lp0hx8"]},"content":"1652933285献祭了：6张二星  获得1680P点，当前P点数为1849","timestamp":1777566636901}
{"id":129934,"type":"info","level":2,"name":"签到","meta":{"paths":["lp0hx8"]},"content":"1652933285向2334828455赠送了249个P点","timestamp":1777572312710}
{"id":130098,"type":"success","level":1,"name":"抽卡与卡组","meta":{"paths":["lp0hx8"]},"content":"2334828455献祭了：6张二星  获得1680P点，当前P点数为2142","timestamp":1777572366190}
{"id":130238,"type":"success","level":1,"name":"签到","meta":{"paths":["lp0hx8"]},"content":"956937232完成了一次签到！","timestamp":1777572403447}
{"id":130426,"type":"success","level":1,"name":"抽卡与卡组","meta":{"paths":["lp0hx8"]},"content":"956937232献祭了：5张二星  2张三星  获得2520P点，当前P点数为3368","timestamp":1777572465155}
{"id":130465,"type":"success","level":1,"name":"抽卡与卡组","meta":{"paths":["lp0hx8"]},"content":"971217490献祭了：5张二星  1张三星  获得1960P点，当前P点数为2599","timestamp":1777572472402}
{"id":130619,"type":"success","level":1,"name":"抽卡与卡组","meta":{"paths":["lp0hx8"]},"content":"1012113121献祭了：4张二星  2张三星  获得2240P点，当前P点数为4742","timestamp":1777572512481}
{"id":130687,"type":"success","level":1,"name":"签到","meta":{"paths":["lp0hx8"]},"content":"3986092865完成了一次签到！","timestamp":1777572536080}
{"id":130771,"type":"success","level":1,"name":"抽卡与卡组","meta":{"paths":["lp0hx8"]},"content":"956937232献祭了：6张二星  获得1680P点，当前P点数为2248","timestamp":1777572556624}
{"id":130986,"type":"warn","level":2,"name":"session","meta":{},"content":"Error: Error with request send_group_msg, args: {\"group_id\":1091191330,\"message\":[{\"type\":\"at\",\"data\":{\"qq\":\"971217490\"}},{\"type\":\"text\",\"data\":{\"text\":\"你献祭了：\\n4张二星\\n获得1120P点！\\n当前P点数1319\"}}]}, retcode: 1200\n    at _Internal._get (/root/lezskabot/koishi/koishi-app/node_modules/koishi-plugin-adapter-onebot/lib/index.js:119:11)\n    at process.processTicksAndRejections (node:internal/process/task_queues:95:5)\n    at async _Internal.<computed> [as sendGroupMsg] (/root/lezskabot/koishi/koishi-app/node_modules/koishi-plugin-adapter-onebot/lib/index.js:162:20)\n    at async OneBotMessageEncoder.flush (/root/lezskabot/koishi/koishi-app/node_modules/koishi-plugin-adapter-onebot/lib/index.js:771:338)\n    at async OneBotMessageEncoder.send (/root/lezskabot/koishi/koishi-app/node_modules/@satorijs/core/lib/index.cjs:755:5)\n    at async Proxy.sendMessage (/root/lezskabot/koishi/koishi-app/node_modules/@satorijs/core/lib/index.cjs:487:22)\n    at async _Command.eval (eval at <anonymous> (/root/lezskabot/koishi/koishi-app/node_modules/koishi-plugin-blockly-null/lib/index.js:1:1), <anonymous>:397:17)\n    at async Array.<anonymous> (/root/lezskabot/koishi/koishi-app/node_modules/@koishijs/core/lib/index.cjs:1079:14)\n    at async _Command.execute (/root/lezskabot/koishi/koishi-app/node_modules/@koishijs/core/lib/index.cjs:1093:22)\n    at async /root/lezskabot/koishi/koishi-app/node_modules/@koishijs/core/lib/index.cjs:2049:22","timestamp":1777572593290}
{"id":130988,"type":"success","level":1,"name":"抽卡与卡组","meta":{"paths":["lp0hx8"]},"content":"971217490献祭了：4张二星  获得1120P点，当前P点数为1319","timestamp":1777572593295}
{"id":131009,"type":"warn","level":2,"name":"session","meta":{},"content":"Error: Error with request send_group_msg, args: {\"group_id\":1091191330,\"message\":[{\"type\":\"text\",\"data\":{\"text\":\"当前积分为248点，不够一抽。一抽要400呢\"}}]}, retcode: 1200\n    at _Internal._get (/root/lezskabot/koishi/koishi-app/node_modules/koishi-plugin-adapter-onebot/lib/index.js:119:11)\n    at process.processTicksAndRejections (node:internal/process/task_queues:95:5)\n    at async _Internal.<computed> [as sendGroupMsg] (/root/lezskabot/koishi/koishi-app/node_modules/koishi-plugin-adapter-onebot/lib/index.js:162:20)\n    at async OneBotMessageEncoder.flush (/root/lezskabot/koishi/koishi-app/node_modules/koishi-plugin-adapter-onebot/lib/index.js:771:338)\n    at async OneBotMessageEncoder.send (/root/lezskabot/koishi/koishi-app/node_modules/@satorijs/core/lib/index.cjs:755:5)\n    at async Proxy.sendMessage (/root/lezskabot/koishi/koishi-app/node_modules/@satorijs/core/lib/index.cjs:487:22)\n    at async _Command.eval (eval at <anonymous> (/root/lezskabot/koishi/koishi-app/node_modules/koishi-plugin-blockly-null/lib/index.js:1:1), <anonymous>:312:11)\n    at async Array.<anonymous> (/root/lezskabot/koishi/koishi-app/node_modules/@koishijs/core/lib/index.cjs:1079:14)\n    at async _Command.execute (/root/lezskabot/koishi/koishi-app/node_modules/@koishijs/core/lib/index.cjs:1093:22)\n    at async /root/lezskabot/koishi/koishi-app/node_modules/@koishijs/core/lib/index.cjs:2049:22","timestamp":1777572598912}
{"id":131010,"type":"error","level":1,"name":"抽卡与卡组","meta":{"paths":["lp0hx8"]},"content":"956937232抽卡失败，积分不足","timestamp":1777572598915}
{"id":131076,"type":"warn","level":2,"name":"session","meta":{},"content":"Error: Error with request send_group_msg, args: {\"group_id\":1091191330,\"message\":[{\"type\":\"text\",\"data\":{\"text\":\"输入要献祭的卡在卡组中的位置，用空格隔开（可献祭4~7张卡）\"}}]}, retcode: 1200\n    at _Internal._get (/root/lezskabot/koishi/koishi-app/node_modules/koishi-plugin-adapter-onebot/lib/index.js:119:11)\n    at process.processTicksAndRejections (node:internal/process/task_queues:95:5)\n    at async _Internal.<computed> [as sendGroupMsg] (/root/lezskabot/koishi/koishi-app/node_modules/koishi-plugin-adapter-onebot/lib/index.js:162:20)\n    at async OneBotMessageEncoder.flush (/root/lezskabot/koishi/koishi-app/node_modules/koishi-plugin-adapter-onebot/lib/index.js:771:338)\n    at async OneBotMessageEncoder.send (/root/lezskabot/koishi/koishi-app/node_modules/@satorijs/core/lib/index.cjs:755:5)\n    at async Proxy.sendMessage (/root/lezskabot/koishi/koishi-app/node_modules/@satorijs/core/lib/index.cjs:487:22)\n    at async _Command.eval (eval at <anonymous> (/root/lezskabot/koishi/koishi-app/node_modules/koishi-plugin-blockly-null/lib/index.js:1:1), <anonymous>:355:11)\n    at async Array.<anonymous> (/root/lezskabot/koishi/koishi-app/node_modules/@koishijs/core/lib/index.cjs:1079:14)\n    at async _Command.execute (/root/lezskabot/koishi/koishi-app/node_modules/@koishijs/core/lib/index.cjs:1093:22)\n    at async /root/lezskabot/koishi/koishi-app/node_modules/@koishijs/core/lib/index.cjs:2049:22","timestamp":1777572610338}
{"id":132314,"type":"error","level":1,"name":"绑定id","meta":{"paths":["lp0hx8"]},"content":"3806582068输入错误id：绑定551114531822673925，id过短","timestamp":1777573405613}
{"id":132342,"type":"info","level":2,"name":"绑定id","meta":{"paths":["lp0hx8"]},"content":"用户3806582068绑定了id：551114531822673925","timestamp":1777573412481}
{"id":132468,"type":"info","level":2,"name":"绑定id","meta":{"paths":["lp0hx8"]},"content":"用户3806582068绑定了id：551114531822673925","timestamp":1777573457779}
{"id":132546,"type":"info","level":2,"name":"绑定id","meta":{"paths":["lp0hx8"]},"content":"用户3806582068绑定了id：551114531822673925","timestamp":1777573484273}
{"id":133184,"type":"info","level":2,"name":"绑定id","meta":{"paths":["lp0hx8"]},"content":"用户3806582068绑定了id：551114531822673925","timestamp":1777573794420}
