{"id":471110,"type":"success","level":1,"name":"签到","meta":{"paths":["lp0hx8"]},"content":"2856202014完成了一次签到！","timestamp":1779235405017}
{"id":471154,"type":"success","level":1,"name":"签到","meta":{"paths":["lp0hx8"]},"content":"1602618344完成了一次签到！","timestamp":1779235438822}
{"id":471219,"type":"success","level":1,"name":"签到","meta":{"paths":["lp0hx8"]},"content":"1813783853完成了一次签到！","timestamp":1779235502107}
{"id":471692,"type":"success","level":1,"name":"签到","meta":{"paths":["lp0hx8"]},"content":"3055983840完成了一次签到！","timestamp":1779237174436}
{"id":471720,"type":"info","level":2,"name":"签到","meta":{"paths":["lp0hx8"]},"content":"已更新2188730297的抢劫次数和记录","timestamp":1779237183028}
{"id":471749,"type":"success","level":1,"name":"签到","meta":{"paths":["lp0hx8"]},"content":"2188730297抢了3055983840的333P点！","timestamp":1779237184240}
{"id":471750,"type":"info","level":2,"name":"签到","meta":{"paths":["lp0hx8"]},"content":"2188730297今天的抢劫记录为333   |    剩余抢劫次数为2","timestamp":1779237184241}
{"id":471802,"type":"error","level":1,"name":"签到","meta":{"paths":["lp0hx8"]},"content":"3055983840抢劫失败！该用户今天抢劫次数已用完","timestamp":1779237207623}
{"id":471858,"type":"success","level":1,"name":"签到","meta":{"paths":["lp0hx8"]},"content":"2188730297抢劫3055983840失败！失去了140P点！","timestamp":1779237226334}
{"id":471859,"type":"info","level":2,"name":"签到","meta":{"paths":["lp0hx8"]},"content":"2188730297今天的抢劫记录为193   |    剩余抢劫次数为1","timestamp":1779237226335}
{"id":471892,"type":"success","level":1,"name":"签到","meta":{"paths":["lp0hx8"]},"content":"2188730297抢了3055983840的9P点！","timestamp":1779237234125}
{"id":471893,"type":"info","level":2,"name":"签到","meta":{"paths":["lp0hx8"]},"content":"2188730297今天的抢劫记录为202   |    剩余抢劫次数为0","timestamp":1779237234126}
{"id":472095,"type":"success","level":1,"name":"签到","meta":{"paths":["lp0hx8"]},"content":"2980858358完成了一次签到！","timestamp":1779237331355}
{"id":474035,"type":"success","level":1,"name":"签到","meta":{"paths":["lp0hx8"]},"content":"1329863603完成了一次签到！","timestamp":1779239012299}
{"id":475096,"type":"success","level":1,"name":"签到","meta":{"paths":["lp0hx8"]},"content":"3366143939完成了一次签到！","timestamp":1779239975908}
{"id":485793,"type":"success","level":1,"name":"签到","meta":{"paths":["lp0hx8"]},"content":"2455800638完成了一次签到！","timestamp":1779247131538}
{"id":487271,"type":"success","level":1,"name":"签到","meta":{"paths":["lp0hx8"]},"content":"3379490589完成了一次签到！","timestamp":1779249251691}
{"id":487327,"type":"info","level":2,"name":"抽卡与卡组","meta":{"paths":["lp0hx8"]},"content":"3389530537抽到了一张☆二星★卡，剩余17185P点","timestamp":1779249290505}
{"id":487346,"type":"info","level":2,"name":"抽卡与卡组","meta":{"paths":["lp0hx8"]},"content":"3389530537抽到了一张☆二星★卡，剩余16785P点","timestamp":1779249297470}
{"id":487365,"type":"info","level":2,"name":"抽卡与卡组","meta":{"paths":["lp0hx8"]},"content":"3389530537抽到了一张☆二星★卡，剩余16385P点","timestamp":1779249306086}
{"id":487445,"type":"info","level":2,"name":"抽卡与卡组","meta":{"paths":["lp0hx8"]},"content":"3267282483抽到了一张❀三星☄卡，剩余5869P点","timestamp":1779249419198}
{"id":489191,"type":"success","level":1,"name":"抽卡与卡组","meta":{"paths":["lp0hx8"]},"content":"908531782献祭了：3张二星  获得840P点，当前P点数为7527","timestamp":1779251422025}
{"id":489305,"type":"success","level":1,"name":"抽卡与卡组","meta":{"paths":["lp0hx8"]},"content":"908531782献祭了：2张二星  1张四星  获得1760P点，当前P点数为8087","timestamp":1779251472726}
{"id":489378,"type":"success","level":1,"name":"抽卡与卡组","meta":{"paths":["lp0hx8"]},"content":"908531782献祭了：2张二星  1张三星  获得1120P点，当前P点数为8007","timestamp":1779251520711}
{"id":489509,"type":"success","level":1,"name":"抽卡与卡组","meta":{"paths":["lp0hx8"]},"content":"908531782献祭了：2张二星  1张三星  获得1120P点，当前P点数为7927","timestamp":1779251594688}
{"id":489587,"type":"success","level":1,"name":"抽卡与卡组","meta":{"paths":["lp0hx8"]},"content":"908531782献祭了：1张二星  2张三星  获得1400P点，当前P点数为8127","timestamp":1779251652881}
{"id":489921,"type":"success","level":1,"name":"抽卡与卡组","meta":{"paths":["lp0hx8"]},"content":"1602618344献祭了：4张二星  获得1120P点，当前P点数为4734","timestamp":1779251897797}
{"id":489964,"type":"success","level":1,"name":"抽卡与卡组","meta":{"paths":["lp0hx8"]},"content":"1602618344献祭了：3张二星  1张三星  获得1400P点，当前P点数为4534","timestamp":1779251908878}
{"id":490730,"type":"success","level":1,"name":"签到","meta":{"paths":["lp0hx8"]},"content":"340083037完成了一次签到！","timestamp":1779252773522}
{"id":490826,"type":"success","level":1,"name":"抽卡与卡组","meta":{"paths":["lp0hx8"]},"content":"1820639552献祭了：2张二星  1张三星  获得1120P点，当前P点数为15755","timestamp":1779252830628}
{"id":490850,"type":"info","level":2,"name":"抽卡与卡组","meta":{"paths":["lp0hx8"]},"content":"1820639552抽到了一张☆二星★卡，剩余15355P点","timestamp":1779252837436}
{"id":490875,"type":"info","level":2,"name":"抽卡与卡组","meta":{"paths":["lp0hx8"]},"content":"1820639552抽到了一张☆二星★卡，剩余14955P点","timestamp":1779252843107}
{"id":490899,"type":"info","level":2,"name":"抽卡与卡组","meta":{"paths":["lp0hx8"]},"content":"1820639552抽到了一张☆二星★卡，剩余14555P点","timestamp":1779252845329}
{"id":490992,"type":"info","level":2,"name":"抽卡与卡组","meta":{"paths":["lp0hx8"]},"content":"340083037抽到了一张☆二星★卡，剩余5393P点","timestamp":1779252896116}
{"id":491383,"type":"success","level":1,"name":"签到","meta":{"paths":["lp0hx8"]},"content":"1090073898完成了一次签到！","timestamp":1779253768501}
{"id":492644,"type":"success","level":1,"name":"签到","meta":{"paths":["lp0hx8"]},"content":"3247534886完成了一次签到！","timestamp":1779255409292}
{"id":501622,"type":"success","level":1,"name":"签到","meta":{"paths":["lp0hx8"]},"content":"3568930598完成了一次签到！","timestamp":1779265950127}
{"id":503457,"type":"warn","level":2,"name":"re-driftbottle","meta":{},"content":"141号漂流瓶发送失败（已重试0/5次，将在500ms后重新抽一个瓶子重试）：Error: Error with request send_group_forward_msg, args: {\"group_id\":1091191330,\"messages\":[{\"type\":\"node\",\"data\":{\"uin\":\"3678233304\",\"content\":[{\"type\":\"text\",\"data\":{\"text\":\"你捞到了141号漂流瓶，来自“ket”！\\n标题：\\n来自群聊：682255155\\n日期：2026年2月19日\\n发送“捞漂流瓶 141 [分页]”可以查看评论区的其他分页\\n发送“评论瓶子 141 <内容>”或引用瓶子消息就可以在下面评论这只瓶子\\n发送“评论瓶子 [-r <评论编号>] 141 <内容>”可以回复评论区的评论\"}}],\"time\":\"1779268869\"}},{\"type\":\"node\",\"data\":{\"name\":\"ket\",\"uin\":\"3186254539\",\"content\":[{\"type\":\"image\",\"data\":{\"file\":\"file:///www/wwwroot/default/koishi/koishi-app/data/driftbottle-data/bottle-141-0.jpg\",\"subType\":\"0\",\"fileSize\":\"123950\",\"cache\":0}}],\"time\":\"1779268869\"}},{\"type\":\"node\",\"data\":{\"name\":\"ket\",\"uin\":\"3678233304\",\"content\":[{\"type\":\"text\",\"data\":{\"text\":\"↓----评论区----↓\"}}],\"time\":\"1779268869\"}},{\"type\":\"node\",\"data\":{\"name\":\"xiongeryo（群最可爱の宝宝\",\"uin\":\"3669154852\",\"content\":[{\"type\":\"text\",\"data\":{\"text\":\"？\"}}],\"time\":\"1779268869\"}},{\"type\":\"node\",\"data\":{\"name\":\"莫\",\"uin\":\"2150177553\",\"content\":[{\"type\":\"at\",\"data\":{\"qq\":\"2825245103\",\"name\":\"悲鸣屿\"}}],\"time\":\"1779268869\"}}]}, retcode: 1200","timestamp":1779268870997}
{"id":503719,"type":"error","level":1,"name":"签到","meta":{"paths":["lp0hx8"]},"content":"3997019972签到失败！原因：该用户已经签到","timestamp":1779269623341}
{"id":510383,"type":"success","level":1,"name":"抽卡与卡组","meta":{"paths":["lp0hx8"]},"content":"908531782献祭了：2张二星  1张三星  获得1120P点，当前P点数为8047","timestamp":1779273672480}
{"id":517348,"type":"success","level":1,"name":"签到","meta":{"paths":["lp0hx8"]},"content":"1963408278完成了一次签到！","timestamp":1779277538594}
{"id":519423,"type":"info","level":2,"name":"绑定id","meta":{"paths":["lp0hx8"]},"content":"用户3589703915绑定了cnid：7626755032712649506","timestamp":1779278722087}
{"id":526651,"type":"success","level":1,"name":"签到","meta":{"paths":["lp0hx8"]},"content":"29053789完成了一次签到！","timestamp":1779283178819}
{"id":526737,"type":"info","level":2,"name":"签到","meta":{"paths":["lp0hx8"]},"content":"已更新971217490的抢劫次数和记录","timestamp":1779283205109}
{"id":526755,"type":"success","level":1,"name":"签到","meta":{"paths":["lp0hx8"]},"content":"971217490抢劫29053789失败！失去了226P点！","timestamp":1779283205626}
{"id":526756,"type":"info","level":2,"name":"签到","meta":{"paths":["lp0hx8"]},"content":"971217490今天的抢劫记录为-226   |    剩余抢劫次数为2","timestamp":1779283205626}
{"id":526821,"type":"info","level":2,"name":"签到","meta":{"paths":["lp0hx8"]},"content":"已更新1652933285的抢劫次数和记录","timestamp":1779283220028}
{"id":526842,"type":"success","level":1,"name":"签到","meta":{"paths":["lp0hx8"]},"content":"1652933285抢了29053789的315P点！","timestamp":1779283220611}
{"id":526843,"type":"info","level":2,"name":"签到","meta":{"paths":["lp0hx8"]},"content":"1652933285今天的抢劫记录为315   |    剩余抢劫次数为2","timestamp":1779283220611}
{"id":526922,"type":"success","level":1,"name":"签到","meta":{"paths":["lp0hx8"]},"content":"971217490抢劫29053789失败！失去了91P点！","timestamp":1779283236307}
{"id":526923,"type":"info","level":2,"name":"签到","meta":{"paths":["lp0hx8"]},"content":"971217490今天的抢劫记录为-317   |    剩余抢劫次数为1","timestamp":1779283236310}
{"id":526954,"type":"success","level":1,"name":"签到","meta":{"paths":["lp0hx8"]},"content":"971217490抢劫29053789失败！失去了239P点！","timestamp":1779283245408}
{"id":526955,"type":"info","level":2,"name":"签到","meta":{"paths":["lp0hx8"]},"content":"971217490今天的抢劫记录为-556   |    剩余抢劫次数为0","timestamp":1779283245411}
{"id":527020,"type":"success","level":1,"name":"签到","meta":{"paths":["lp0hx8"]},"content":"1652933285抢了29053789的356P点！","timestamp":1779283258102}
{"id":527021,"type":"info","level":2,"name":"签到","meta":{"paths":["lp0hx8"]},"content":"1652933285今天的抢劫记录为671   |    剩余抢劫次数为1","timestamp":1779283258104}
{"id":527097,"type":"info","level":2,"name":"签到","meta":{"paths":["lp0hx8"]},"content":"1652933285向971217490赠送了482个P点","timestamp":1779283289810}
{"id":527169,"type":"error","level":1,"name":"签到","meta":{"paths":["lp0hx8"]},"content":"3980423768签到失败！原因：该用户已经签到","timestamp":1779283305720}
{"id":527260,"type":"error","level":1,"name":"签到","meta":{"paths":["lp0hx8"]},"content":"3980423768抢劫失败！该用户今天抢劫次数已用完","timestamp":1779283326508}
{"id":532949,"type":"success","level":1,"name":"签到","meta":{"paths":["lp0hx8"]},"content":"3840729373完成了一次签到！","timestamp":1779286383031}
{"id":532976,"type":"error","level":1,"name":"签到","meta":{"paths":["lp0hx8"]},"content":"3694941523签到失败！原因：该用户已经签到","timestamp":1779286388821}
{"id":535207,"type":"success","level":1,"name":"签到","meta":{"paths":["lp0hx8"]},"content":"2627939216完成了一次签到！","timestamp":1779287257143}
{"id":547209,"type":"success","level":1,"name":"签到","meta":{"paths":["lp0hx8"]},"content":"782766016完成了一次签到！","timestamp":1779290196993}
{"id":550926,"type":"success","level":1,"name":"签到","meta":{"paths":["lp0hx8"]},"content":"1853819131完成了一次签到！","timestamp":1779290955089}
{"id":551004,"type":"info","level":2,"name":"抽卡与卡组","meta":{"paths":["lp0hx8"]},"content":"1853819131抽到了一张☆二星★卡，剩余680P点","timestamp":1779290965104}
{"id":551053,"type":"info","level":2,"name":"抽卡与卡组","meta":{"paths":["lp0hx8"]},"content":"1853819131抽到了一张☆二星★卡，剩余280P点","timestamp":1779290972110}
{"id":559332,"type":"success","level":1,"name":"签到","meta":{"paths":["lp0hx8"]},"content":"1012113121完成了一次签到！","timestamp":1779292807530}
{"id":559386,"type":"success","level":1,"name":"签到","meta":{"paths":["lp0hx8"]},"content":"1652933285完成了一次签到！","timestamp":1779292813333}
{"id":559427,"type":"success","level":1,"name":"签到","meta":{"paths":["lp0hx8"]},"content":"3366143939完成了一次签到！","timestamp":1779292817725}
{"id":559460,"type":"success","level":1,"name":"签到","meta":{"paths":["lp0hx8"]},"content":"3997019972完成了一次签到！","timestamp":1779292820937}
{"id":559524,"type":"success","level":1,"name":"签到","meta":{"paths":["lp0hx8"]},"content":"1509417679完成了一次签到！","timestamp":1779292826131}
{"id":559584,"type":"success","level":1,"name":"签到","meta":{"paths":["lp0hx8"]},"content":"971217490完成了一次签到！","timestamp":1779292828150}
{"id":559588,"type":"success","level":1,"name":"签到","meta":{"paths":["lp0hx8"]},"content":"978229136完成了一次签到！","timestamp":1779292828340}
{"id":559661,"type":"info","level":2,"name":"签到","meta":{"paths":["lp0hx8"]},"content":"已更新1012113121的抢劫次数和记录","timestamp":1779292834230}
{"id":559698,"type":"success","level":1,"name":"签到","meta":{"paths":["lp0hx8"]},"content":"1012113121抢劫3997019972失败！失去了174P点！","timestamp":1779292836017}
{"id":559699,"type":"info","level":2,"name":"签到","meta":{"paths":["lp0hx8"]},"content":"1012113121今天的抢劫记录为-174   |    剩余抢劫次数为2","timestamp":1779292836017}
{"id":559811,"type":"success","level":1,"name":"签到","meta":{"paths":["lp0hx8"]},"content":"2994459542完成了一次签到！","timestamp":1779292855139}
{"id":560066,"type":"info","level":2,"name":"抽卡与卡组","meta":{"paths":["lp0hx8"]},"content":"1012113121抽到了一张❀三星☄卡，剩余126P点","timestamp":1779292885123}
{"id":560431,"type":"success","level":1,"name":"签到","meta":{"paths":["lp0hx8"]},"content":"3980423768完成了一次签到！","timestamp":1779292926926}
{"id":560441,"type":"success","level":1,"name":"签到","meta":{"paths":["lp0hx8"]},"content":"29053789完成了一次签到！","timestamp":1779292927105}
{"id":560475,"type":"error","level":1,"name":"抽卡与卡组","meta":{"paths":["lp0hx8"]},"content":"1012113121抽卡失败，积分不足","timestamp":1779292928424}
{"id":560744,"type":"info","level":2,"name":"签到","meta":{"paths":["lp0hx8"]},"content":"已更新3980423768的抢劫次数和记录","timestamp":1779292957828}
{"id":560765,"type":"success","level":1,"name":"签到","meta":{"paths":["lp0hx8"]},"content":"3980423768抢了971217490的124P点！","timestamp":1779292958505}
{"id":560766,"type":"info","level":2,"name":"签到","meta":{"paths":["lp0hx8"]},"content":"3980423768今天的抢劫记录为124   |    剩余抢劫次数为2","timestamp":1779292958506}
{"id":560770,"type":"success","level":1,"name":"签到","meta":{"paths":["lp0hx8"]},"content":"2628075910完成了一次签到！","timestamp":1779292958613}
{"id":560831,"type":"success","level":1,"name":"签到","meta":{"paths":["lp0hx8"]},"content":"2085287779完成了一次签到！","timestamp":1779292966006}
{"id":560880,"type":"success","level":1,"name":"签到","meta":{"paths":["lp0hx8"]},"content":"3764379512完成了一次签到！","timestamp":1779292967897}
{"id":560883,"type":"success","level":1,"name":"签到","meta":{"paths":["lp0hx8"]},"content":"3980423768抢劫1652933285失败！失去了36P点！","timestamp":1779292968610}
{"id":560884,"type":"info","level":2,"name":"签到","meta":{"paths":["lp0hx8"]},"content":"3980423768今天的抢劫记录为88   |    剩余抢劫次数为1","timestamp":1779292968614}
{"id":560900,"type":"info","level":2,"name":"签到","meta":{"paths":["lp0hx8"]},"content":"已更新3055983840的抢劫次数和记录","timestamp":1779292970404}
{"id":560923,"type":"success","level":1,"name":"签到","meta":{"paths":["lp0hx8"]},"content":"3055983840抢劫29053789失败！失去了105P点！","timestamp":1779292971310}
{"id":560924,"type":"info","level":2,"name":"签到","meta":{"paths":["lp0hx8"]},"content":"3055983840今天的抢劫记录为-105   |    剩余抢劫次数为2","timestamp":1779292971316}
{"id":560970,"type":"info","level":2,"name":"签到","meta":{"paths":["lp0hx8"]},"content":"已更新3997019972的抢劫次数和记录","timestamp":1779292974019}
{"id":560991,"type":"success","level":1,"name":"签到","meta":{"paths":["lp0hx8"]},"content":"3980423768抢了29053789的485P点！","timestamp":1779292974516}
{"id":560992,"type":"info","level":2,"name":"签到","meta":{"paths":["lp0hx8"]},"content":"3980423768今天的抢劫记录为573   |    剩余抢劫次数为0","timestamp":1779292974517}
{"id":560994,"type":"success","level":1,"name":"签到","meta":{"paths":["lp0hx8"]},"content":"3997019972抢了29053789的443P点！","timestamp":1779292974907}
{"id":560995,"type":"info","level":2,"name":"签到","meta":{"paths":["lp0hx8"]},"content":"3997019972今天的抢劫记录为443   |    剩余抢劫次数为2","timestamp":1779292974909}
{"id":561016,"type":"success","level":1,"name":"签到","meta":{"paths":["lp0hx8"]},"content":"3391406413完成了一次签到！","timestamp":1779292976006}
{"id":561043,"type":"success","level":1,"name":"签到","meta":{"paths":["lp0hx8"]},"content":"1569181511完成了一次签到！","timestamp":1779292978218}
{"id":561075,"type":"info","level":2,"name":"签到","meta":{"paths":["lp0hx8"]},"content":"已更新971217490的抢劫次数和记录","timestamp":1779292979816}
{"id":561102,"type":"success","level":1,"name":"签到","meta":{"paths":["lp0hx8"]},"content":"971217490抢了29053789的35P点！","timestamp":1779292980711}
{"id":561103,"type":"info","level":2,"name":"签到","meta":{"paths":["lp0hx8"]},"content":"971217490今天的抢劫记录为35   |    剩余抢劫次数为2","timestamp":1779292980712}
{"id":561105,"type":"warn","level":2,"name":"session","meta":{},"content":"Error: Error with request send_group_msg, args: {\"group_id\":1091191330,\"message\":[{\"type\":\"image\",\"data\":{\"file\":\"/root/lezskabot/cards/1/199.png\",\"cache\":0}},{\"type\":\"at\",\"data\":{\"qq\":\"3980423768\"}},{\"type\":\"text\",\"data\":{\"text\":\"☆二星★\\n此卡在你手中，请手动加入卡组\\n你还有187P点\\n也就是0抽。\\n请仔细阅读“抽卡帮助”！\"}}]}, retcode: 1200\n    at _Internal._get (/root/lezskabot/koishi/koishi-app/node_modules/koishi-plugin-adapter-onebot/lib/index.js:119:11)\n    at process.processTicksAndRejections (node:internal/process/task_queues:95:5)\n    at async _Internal.<computed> [as sendGroupMsg] (/root/lezskabot/koishi/koishi-app/node_modules/koishi-plugin-adapter-onebot/lib/index.js:162:20)\n    at async OneBotMessageEncoder.flush (/root/lezskabot/koishi/koishi-app/node_modules/koishi-plugin-adapter-onebot/lib/index.js:771:338)\n    at async OneBotMessageEncoder.send (/root/lezskabot/koishi/koishi-app/node_modules/@satorijs/core/lib/index.cjs:755:5)\n    at async Proxy.sendMessage (/root/lezskabot/koishi/koishi-app/node_modules/@satorijs/core/lib/index.cjs:487:22)\n    at async _Command.eval (eval at <anonymous> (/root/lezskabot/koishi/koishi-app/node_modules/koishi-plugin-blockly-null/lib/index.js:1:1), <anonymous>:302:15)\n    at async Array.<anonymous> (/root/lezskabot/koishi/koishi-app/node_modules/@koishijs/core/lib/index.cjs:1079:14)\n    at async _Command.execute (/root/lezskabot/koishi/koishi-app/node_modules/@koishijs/core/lib/index.cjs:1093:22)\n    at async /root/lezskabot/koishi/koishi-app/node_modules/@koishijs/core/lib/index.cjs:2049:22","timestamp":1779292981104}
{"id":561107,"type":"info","level":2,"name":"抽卡与卡组","meta":{"paths":["lp0hx8"]},"content":"3980423768抽到了一张☆二星★卡，剩余187P点","timestamp":1779292981117}
{"id":561141,"type":"info","level":2,"name":"签到","meta":{"paths":["lp0hx8"]},"content":"已更新3764379512的抢劫次数和记录","timestamp":1779292985098}
{"id":561164,"type":"success","level":1,"name":"签到","meta":{"paths":["lp0hx8"]},"content":"3764379512抢劫3391406413失败！失去了100P点！","timestamp":1779292985932}
{"id":561165,"type":"info","level":2,"name":"签到","meta":{"paths":["lp0hx8"]},"content":"3764379512今天的抢劫记录为-100   |    剩余抢劫次数为2","timestamp":1779292985934}
{"id":561181,"type":"info","level":2,"name":"签到","meta":{"paths":["lp0hx8"]},"content":"已更新3391406413的抢劫次数和记录","timestamp":1779292987417}
{"id":561198,"type":"success","level":1,"name":"签到","meta":{"paths":["lp0hx8"]},"content":"3391406413抢劫3764379512失败！失去了161P点！","timestamp":1779292987929}
{"id":561199,"type":"info","level":2,"name":"签到","meta":{"paths":["lp0hx8"]},"content":"3391406413今天的抢劫记录为-161   |    剩余抢劫次数为2","timestamp":1779292987930}
{"id":561296,"type":"warn","level":2,"name":"session","meta":{},"content":"Error: Error with request send_group_msg, args: {\"group_id\":1091191330,\"message\":[{\"type\":\"at\",\"data\":{\"qq\":\"971217490\"}},{\"type\":\"text\",\"data\":{\"text\":\"   抢劫失败！你失去了79P点！\\n你现在有20P点\\n你还剩1次抢P点次数！\"}}]}, retcode: 1200\n    at _Internal._get (/root/lezskabot/koishi/koishi-app/node_modules/koishi-plugin-adapter-onebot/lib/index.js:119:11)\n    at process.processTicksAndRejections (node:internal/process/task_queues:95:5)\n    at async _Internal.<computed> [as sendGroupMsg] (/root/lezskabot/koishi/koishi-app/node_modules/koishi-plugin-adapter-onebot/lib/index.js:162:20)\n    at async OneBotMessageEncoder.flush (/root/lezskabot/koishi/koishi-app/node_modules/koishi-plugin-adapter-onebot/lib/index.js:771:338)\n    at async OneBotMessageEncoder.send (/root/lezskabot/koishi/koishi-app/node_modules/@satorijs/core/lib/index.cjs:755:5)\n    at async Proxy.sendMessage (/root/lezskabot/koishi/koishi-app/node_modules/@satorijs/core/lib/index.cjs:487:22)\n    at async _Command.eval (eval at <anonymous> (/root/lezskabot/koishi/koishi-app/node_modules/koishi-plugin-blockly-null/lib/index.js:1:1), <anonymous>:325:31)\n    at async Array.<anonymous> (/root/lezskabot/koishi/koishi-app/node_modules/@koishijs/core/lib/index.cjs:1079:14)\n    at async _Command.execute (/root/lezskabot/koishi/koishi-app/node_modules/@koishijs/core/lib/index.cjs:1093:22)\n    at async /root/lezskabot/koishi/koishi-app/node_modules/@koishijs/core/lib/index.cjs:2049:22","timestamp":1779292993022}
{"id":561297,"type":"success","level":1,"name":"签到","meta":{"paths":["lp0hx8"]},"content":"971217490抢劫29053789失败！失去了79P点！","timestamp":1779292993025}
{"id":561298,"type":"info","level":2,"name":"签到","meta":{"paths":["lp0hx8"]},"content":"971217490今天的抢劫记录为-44   |    剩余抢劫次数为1","timestamp":1779292993025}
{"id":561312,"type":"success","level":1,"name":"签到","meta":{"paths":["lp0hx8"]},"content":"3391406413抢劫3764379512失败！失去了96P点！","timestamp":1779292993526}
{"id":561313,"type":"info","level":2,"name":"签到","meta":{"paths":["lp0hx8"]},"content":"3391406413今天的抢劫记录为-257   |    剩余抢劫次数为1","timestamp":1779292993528}
{"id":561315,"type":"warn","level":2,"name":"session","meta":{},"content":"Error: Error with request send_group_msg, args: {\"group_id\":1091191330,\"message\":[{\"type\":\"at\",\"data\":{\"qq\":\"3055983840\"}},{\"type\":\"text\",\"data\":{\"text\":\"   恭喜你从对方手里抢到127P点！\\n你现在有685P点\\n对方还剩423650P点\\n你还剩1次抢P点次数！\"}}]}, retcode: 1200\n    at _Internal._get (/root/lezskabot/koishi/koishi-app/node_modules/koishi-plugin-adapter-onebot/lib/index.js:119:11)\n    at process.processTicksAndRejections (node:internal/process/task_queues:95:5)\n    at async _Internal.<computed> [as sendGroupMsg] (/root/lezskabot/koishi/koishi-app/node_modules/koishi-plugin-adapter-onebot/lib/index.js:162:20)\n    at async OneBotMessageEncoder.flush (/root/lezskabot/koishi/koishi-app/node_modules/koishi-plugin-adapter-onebot/lib/index.js:771:338)\n    at async OneBotMessageEncoder.send (/root/lezskabot/koishi/koishi-app/node_modules/@satorijs/core/lib/index.cjs:755:5)\n    at async Proxy.sendMessage (/root/lezskabot/koishi/koishi-app/node_modules/@satorijs/core/lib/index.cjs:487:22)\n    at async _Command.eval (eval at <anonymous> (/root/lezskabot/koishi/koishi-app/node_modules/koishi-plugin-blockly-null/lib/index.js:1:1), <anonymous>:306:29)\n    at async Array.<anonymous> (/root/lezskabot/koishi/koishi-app/node_modules/@koishijs/core/lib/index.cjs:1079:14)\n    at async _Command.execute (/root/lezskabot/koishi/koishi-app/node_modules/@koishijs/core/lib/index.cjs:1093:22)\n    at async /root/lezskabot/koishi/koishi-app/node_modules/@koishijs/core/lib/index.cjs:2049:22","timestamp":1779292993928}
{"id":561316,"type":"success","level":1,"name":"签到","meta":{"paths":["lp0hx8"]},"content":"3055983840抢了29053789的127P点！","timestamp":1779292993932}
{"id":561317,"type":"info","level":2,"name":"签到","meta":{"paths":["lp0hx8"]},"content":"3055983840今天的抢劫记录为22   |    剩余抢劫次数为1","timestamp":1779292993932}
{"id":561351,"type":"success","level":1,"name":"签到","meta":{"paths":["lp0hx8"]},"content":"3391406413抢劫3764379512失败！失去了103P点！","timestamp":1779292996526}
{"id":561352,"type":"info","level":2,"name":"签到","meta":{"paths":["lp0hx8"]},"content":"3391406413今天的抢劫记录为-360   |    剩余抢劫次数为0","timestamp":1779292996528}
{"id":561510,"type":"success","level":1,"name":"签到","meta":{"paths":["lp0hx8"]},"content":"366837668完成了一次签到！","timestamp":1779293024426}
{"id":561580,"type":"success","level":1,"name":"签到","meta":{"paths":["lp0hx8"]},"content":"3764379512抢了366837668的156P点！","timestamp":1779293035026}
{"id":561581,"type":"info","level":2,"name":"签到","meta":{"paths":["lp0hx8"]},"content":"3764379512今天的抢劫记录为56   |    剩余抢劫次数为1","timestamp":1779293035028}
{"id":561597,"type":"info","level":2,"name":"签到","meta":{"paths":["lp0hx8"]},"content":"已更新366837668的抢劫次数和记录","timestamp":1779293036100}
{"id":561640,"type":"success","level":1,"name":"签到","meta":{"paths":["lp0hx8"]},"content":"366837668抢了3764379512的220P点！","timestamp":1779293037230}
{"id":561641,"type":"info","level":2,"name":"签到","meta":{"paths":["lp0hx8"]},"content":"366837668今天的抢劫记录为220   |    剩余抢劫次数为2","timestamp":1779293037232}
{"id":561794,"type":"success","level":1,"name":"签到","meta":{"paths":["lp0hx8"]},"content":"366837668抢了3764379512的2P点！","timestamp":1779293056607}
{"id":561795,"type":"info","level":2,"name":"签到","meta":{"paths":["lp0hx8"]},"content":"366837668今天的抢劫记录为222   |    剩余抢劫次数为1","timestamp":1779293056608}
{"id":561874,"type":"success","level":1,"name":"签到","meta":{"paths":["lp0hx8"]},"content":"366837668抢劫3764379512失败！失去了139P点！","timestamp":1779293066516}
{"id":561875,"type":"info","level":2,"name":"签到","meta":{"paths":["lp0hx8"]},"content":"366837668今天的抢劫记录为83   |    剩余抢劫次数为0","timestamp":1779293066517}
{"id":561975,"type":"info","level":2,"name":"签到","meta":{"paths":["lp0hx8"]},"content":"已更新2628075910的抢劫次数和记录","timestamp":1779293082305}
{"id":562016,"type":"success","level":1,"name":"签到","meta":{"paths":["lp0hx8"]},"content":"2628075910抢了366837668的392P点！","timestamp":1779293083800}
{"id":562017,"type":"info","level":2,"name":"签到","meta":{"paths":["lp0hx8"]},"content":"2628075910今天的抢劫记录为392   |    剩余抢劫次数为2","timestamp":1779293083802}
{"id":562026,"type":"success","level":1,"name":"抽卡与卡组","meta":{"paths":["lp0hx8"]},"content":"1012113121献祭了：2张二星  2张三星  获得1680P点，当前P点数为1806","timestamp":1779293084407}
{"id":562072,"type":"success","level":1,"name":"签到","meta":{"paths":["lp0hx8"]},"content":"3764379512抢劫366837668失败！失去了152P点！","timestamp":1779293086328}
{"id":562073,"type":"info","level":2,"name":"签到","meta":{"paths":["lp0hx8"]},"content":"3764379512今天的抢劫记录为-11330   |    剩余抢劫次数为0","timestamp":1779293086328}
{"id":562174,"type":"info","level":2,"name":"抽卡与卡组","meta":{"paths":["lp0hx8"]},"content":"3997019972抽到了一张☆二星★卡，剩余263P点","timestamp":1779293101830}
{"id":562260,"type":"success","level":1,"name":"签到","meta":{"paths":["lp0hx8"]},"content":"1296434423完成了一次签到！","timestamp":1779293111522}
{"id":562309,"type":"success","level":1,"name":"签到","meta":{"paths":["lp0hx8"]},"content":"971217490抢劫29053789失败！失去了所有P点！","timestamp":1779293115227}
{"id":562310,"type":"info","level":2,"name":"签到","meta":{"paths":["lp0hx8"]},"content":"971217490今天的抢劫记录为-64   |    剩余抢劫次数为0","timestamp":1779293115230}
{"id":562345,"type":"success","level":1,"name":"签到","meta":{"paths":["lp0hx8"]},"content":"3055983840抢劫3997019972失败！失去了218P点！","timestamp":1779293117811}
{"id":562346,"type":"info","level":2,"name":"签到","meta":{"paths":["lp0hx8"]},"content":"3055983840今天的抢劫记录为-196   |    剩余抢劫次数为0","timestamp":1779293117812}
{"id":562379,"type":"warn","level":2,"name":"session","meta":{},"content":"Error: Error with request send_group_msg, args: {\"group_id\":1091191330,\"message\":[{\"type\":\"at\",\"data\":{\"qq\":\"3980423768\"}},{\"type\":\"text\",\"data\":{\"text\":\"你献祭了：\\n1张二星\\n1张四星\\n1张FES\\n获得3480P点！\\n当前P点数3667\"}}]}, retcode: 1200\n    at _Internal._get (/root/lezskabot/koishi/koishi-app/node_modules/koishi-plugin-adapter-onebot/lib/index.js:119:11)\n    at process.processTicksAndRejections (node:internal/process/task_queues:95:5)\n    at async _Internal.<computed> [as sendGroupMsg] (/root/lezskabot/koishi/koishi-app/node_modules/koishi-plugin-adapter-onebot/lib/index.js:162:20)\n    at async OneBotMessageEncoder.flush (/root/lezskabot/koishi/koishi-app/node_modules/koishi-plugin-adapter-onebot/lib/index.js:771:338)\n    at async OneBotMessageEncoder.send (/root/lezskabot/koishi/koishi-app/node_modules/@satorijs/core/lib/index.cjs:755:5)\n    at async Proxy.sendMessage (/root/lezskabot/koishi/koishi-app/node_modules/@satorijs/core/lib/index.cjs:487:22)\n    at async _Command.eval (eval at <anonymous> (/root/lezskabot/koishi/koishi-app/node_modules/koishi-plugin-blockly-null/lib/index.js:1:1), <anonymous>:396:17)\n    at async Array.<anonymous> (/root/lezskabot/koishi/koishi-app/node_modules/@koishijs/core/lib/index.cjs:1079:14)\n    at async _Command.execute (/root/lezskabot/koishi/koishi-app/node_modules/@koishijs/core/lib/index.cjs:1093:22)\n    at async /root/lezskabot/koishi/koishi-app/node_modules/@koishijs/core/lib/index.cjs:2049:22","timestamp":1779293120210}
{"id":562381,"type":"success","level":1,"name":"抽卡与卡组","meta":{"paths":["lp0hx8"]},"content":"3980423768献祭了：1张二星  1张四星  1张FES  获得3480P点，当前P点数为3667","timestamp":1779293120217}
{"id":562412,"type":"warn","level":2,"name":"session","meta":{},"content":"Error: Error with request send_group_msg, args: {\"group_id\":1091191330,\"message\":[{\"type\":\"at\",\"data\":{\"qq\":\"1296434423\"}},{\"type\":\"text\",\"data\":{\"text\":\"真可惜呢花光了也没抽到\\n你还有235P点\\n最后一次抽卡结果：\\n♔♕四星(?)♕♔\"}},{\"type\":\"image\",\"data\":{\"file\":\"/root/lezskabot/cards/3/230.png\",\"cache\":0}}]}, retcode: 1200\n    at _Internal._get (/root/lezskabot/koishi/koishi-app/node_modules/koishi-plugin-adapter-onebot/lib/index.js:119:11)\n    at process.processTicksAndRejections (node:internal/process/task_queues:95:5)\n    at async _Internal.<computed> [as sendGroupMsg] (/root/lezskabot/koishi/koishi-app/node_modules/koishi-plugin-adapter-onebot/lib/index.js:162:20)\n    at async OneBotMessageEncoder.flush (/root/lezskabot/koishi/koishi-app/node_modules/koishi-plugin-adapter-onebot/lib/index.js:771:338)\n    at async OneBotMessageEncoder.send (/root/lezskabot/koishi/koishi-app/node_modules/@satorijs/core/lib/index.cjs:755:5)\n    at async Proxy.sendMessage (/root/lezskabot/koishi/koishi-app/node_modules/@satorijs/core/lib/index.cjs:487:22)\n    at async /root/lezskabot/koishi/koishi-app/node_modules/@koishijs/core/lib/index.cjs:2051:7\n    at async Proxy.withScope (/root/lezskabot/koishi/koishi-app/node_modules/@koishijs/core/lib/index.cjs:1958:22)\n    at async next (/root/lezskabot/koishi/koishi-app/node_modules/@koishijs/core/lib/index.cjs:827:16)\n    at async next (/root/lezskabot/koishi/koishi-app/node_modules/@koishijs/core/lib/index.cjs:827:16)","timestamp":1779293124026}
{"id":562507,"type":"warn","level":2,"name":"session","meta":{},"content":"Error: Error with request send_group_msg, args: {\"group_id\":1091191330,\"message\":[{\"type\":\"at\",\"data\":{\"qq\":\"3980423768\"}},{\"type\":\"text\",\"data\":{\"text\":\" 输入抽卡目标：（三星、四星、FES）\"}}]}, retcode: 1200\n    at _Internal._get (/root/lezskabot/koishi/koishi-app/node_modules/koishi-plugin-adapter-onebot/lib/index.js:119:11)\n    at process.processTicksAndRejections (node:internal/process/task_queues:95:5)\n    at async _Internal.<computed> [as sendGroupMsg] (/root/lezskabot/koishi/koishi-app/node_modules/koishi-plugin-adapter-onebot/lib/index.js:162:20)\n    at async OneBotMessageEncoder.flush (/root/lezskabot/koishi/koishi-app/node_modules/koishi-plugin-adapter-onebot/lib/index.js:771:338)\n    at async OneBotMessageEncoder.send (/root/lezskabot/koishi/koishi-app/node_modules/@satorijs/core/lib/index.cjs:755:5)\n    at async Proxy.sendMessage (/root/lezskabot/koishi/koishi-app/node_modules/@satorijs/core/lib/index.cjs:487:22)\n    at async _Command.eval (eval at <anonymous> (/root/lezskabot/koishi/koishi-app/node_modules/koishi-plugin-blockly-null/lib/index.js:1:1), <anonymous>:114:5)\n    at async Array.<anonymous> (/root/lezskabot/koishi/koishi-app/node_modules/@koishijs/core/lib/index.cjs:1079:14)\n    at async _Command.execute (/root/lezskabot/koishi/koishi-app/node_modules/@koishijs/core/lib/index.cjs:1093:22)\n    at async /root/lezskabot/koishi/koishi-app/node_modules/@koishijs/core/lib/index.cjs:2049:22","timestamp":1779293140319}
{"id":562542,"type":"warn","level":2,"name":"session","meta":{},"content":"Error: Error with request send_group_msg, args: {\"group_id\":1091191330,\"message\":[{\"type\":\"at\",\"data\":{\"qq\":\"3980423768\"}},{\"type\":\"text\",\"data\":{\"text\":\"真可惜呢花光了也没抽到\\n你还有67P点\\n最后一次抽卡结果：\\n❀三星☄\"}},{\"type\":\"image\",\"data\":{\"file\":\"/root/lezskabot/cards/2/112.png\",\"cache\":0}}]}, retcode: 1200\n    at _Internal._get (/root/lezskabot/koishi/koishi-app/node_modules/koishi-plugin-adapter-onebot/lib/index.js:119:11)\n    at process.processTicksAndRejections (node:internal/process/task_queues:95:5)\n    at async _Internal.<computed> [as sendGroupMsg] (/root/lezskabot/koishi/koishi-app/node_modules/koishi-plugin-adapter-onebot/lib/index.js:162:20)\n    at async OneBotMessageEncoder.flush (/root/lezskabot/koishi/koishi-app/node_modules/koishi-plugin-adapter-onebot/lib/index.js:771:338)\n    at async OneBotMessageEncoder.send (/root/lezskabot/koishi/koishi-app/node_modules/@satorijs/core/lib/index.cjs:755:5)\n    at async Proxy.sendMessage (/root/lezskabot/koishi/koishi-app/node_modules/@satorijs/core/lib/index.cjs:487:22)\n    at async /root/lezskabot/koishi/koishi-app/node_modules/@koishijs/core/lib/index.cjs:2051:7\n    at async Proxy.withScope (/root/lezskabot/koishi/koishi-app/node_modules/@koishijs/core/lib/index.cjs:1958:22)\n    at async next (/root/lezskabot/koishi/koishi-app/node_modules/@koishijs/core/lib/index.cjs:827:16)\n    at async next (/root/lezskabot/koishi/koishi-app/node_modules/@koishijs/core/lib/index.cjs:827:16)","timestamp":1779293146994}
{"id":562581,"type":"warn","level":2,"name":"session","meta":{},"content":"Error: Error with request send_group_msg, args: {\"group_id\":1091191330,\"message\":[{\"type\":\"text\",\"data\":{\"text\":\"已将其保存为卡组的第1张卡牌。\"}}]}, retcode: 1200\n    at _Internal._get (/root/lezskabot/koishi/koishi-app/node_modules/koishi-plugin-adapter-onebot/lib/index.js:119:11)\n    at process.processTicksAndRejections (node:internal/process/task_queues:95:5)\n    at async _Internal.<computed> [as sendGroupMsg] (/root/lezskabot/koishi/koishi-app/node_modules/koishi-plugin-adapter-onebot/lib/index.js:162:20)\n    at async OneBotMessageEncoder.flush (/root/lezskabot/koishi/koishi-app/node_modules/koishi-plugin-adapter-onebot/lib/index.js:771:338)\n    at async OneBotMessageEncoder.send (/root/lezskabot/koishi/koishi-app/node_modules/@satorijs/core/lib/index.cjs:755:5)\n    at async Proxy.sendMessage (/root/lezskabot/koishi/koishi-app/node_modules/@satorijs/core/lib/index.cjs:487:22)\n    at async _Command.eval (eval at <anonymous> (/root/lezskabot/koishi/koishi-app/node_modules/koishi-plugin-blockly-null/lib/index.js:1:1), <anonymous>:452:19)\n    at async Array.<anonymous> (/root/lezskabot/koishi/koishi-app/node_modules/@koishijs/core/lib/index.cjs:1079:14)\n    at async _Command.execute (/root/lezskabot/koishi/koishi-app/node_modules/@koishijs/core/lib/index.cjs:1093:22)\n    at async /root/lezskabot/koishi/koishi-app/node_modules/@koishijs/core/lib/index.cjs:2049:22","timestamp":1779293155619}
{"id":562986,"type":"success","level":1,"name":"签到","meta":{"paths":["lp0hx8"]},"content":"2513983517完成了一次签到！","timestamp":1779293210616}
{"id":563017,"type":"warn","level":2,"name":"session","meta":{},"content":"Error: Error with request send_group_msg, args: {\"group_id\":1091191330,\"message\":[{\"type\":\"at\",\"data\":{\"qq\":\"1296434423\"}},{\"type\":\"text\",\"data\":{\"text\":\"你当前的卡组为\\n1-稀有度： ♔♕四星(?)♕♔\"}},{\"type\":\"image\",\"data\":{\"file\":\"/root/lezskabot/cards/3/31.png\",\"cache\":0}},{\"type\":\"text\",\"data\":{\"text\":\"2-稀有度： ☆二星★\"}},{\"type\":\"image\",\"data\":{\"file\":\"/root/lezskabot/cards/1/114.png\",\"cache\":0}},{\"type\":\"text\",\"data\":{\"text\":\"3-稀有度： ♔♕四星(?)♕♔\"}},{\"type\":\"image\",\"data\":{\"file\":\"/root/lezskabot/cards/3/142.png\",\"cache\":0}},{\"type\":\"text\",\"data\":{\"text\":\"4-没有卡牌\\n5-稀有度： ♔♕四星(?)♕♔\"}},{\"type\":\"image\",\"data\":{\"file\":\"/root/lezskabot/cards/3/251.png\",\"cache\":0}},{\"type\":\"text\",\"data\":{\"text\":\"6-没有卡牌\\n7-稀有度： ♔♕四星(?)♕♔\"}},{\"type\":\"image\",\"data\":{\"file\":\"/root/lezskabot/cards/3/612.png\",\"cache\":0}},{\"type\":\"text\",\"data\":{\"text\":\"8-稀有度： ♔♕四星(?)♕♔\"}},{\"type\":\"image\",\"data\":{\"file\":\"/root/lezskabot/cards/3/654.png\",\"cache\":0}}]}, retcode: 1200\n    at _Internal._get (/root/lezskabot/koishi/koishi-app/node_modules/koishi-plugin-adapter-onebot/lib/index.js:119:11)\n    at process.processTicksAndRejections (node:internal/process/task_queues:95:5)\n    at async _Internal.<computed> [as sendGroupMsg] (/root/lezskabot/koishi/koishi-app/node_modules/koishi-plugin-adapter-onebot/lib/index.js:162:20)\n    at async OneBotMessageEncoder.flush (/root/lezskabot/koishi/koishi-app/node_modules/koishi-plugin-adapter-onebot/lib/index.js:771:338)\n    at async OneBotMessageEncoder.send (/root/lezskabot/koishi/koishi-app/node_modules/@satorijs/core/lib/index.cjs:755:5)\n    at async Proxy.sendMessage (/root/lezskabot/koishi/koishi-app/node_modules/@satorijs/core/lib/index.cjs:487:22)\n    at async _Command.eval (eval at <anonymous> (/root/lezskabot/koishi/koishi-app/node_modules/koishi-plugin-blockly-null/lib/index.js:1:1), <anonymous>:105:9)\n    at async Array.<anonymous> (/root/lezskabot/koishi/koishi-app/node_modules/@koishijs/core/lib/index.cjs:1079:14)\n    at async _Command.execute (/root/lezskabot/koishi/koishi-app/node_modules/@koishijs/core/lib/index.cjs:1093:22)\n    at async /root/lezskabot/koishi/koishi-app/node_modules/@koishijs/core/lib/index.cjs:2049:22","timestamp":1779293214107}
{"id":563021,"type":"success","level":1,"name":"签到","meta":{"paths":["lp0hx8"]},"content":"2018283414完成了一次签到！","timestamp":1779293214202}
{"id":563059,"type":"success","level":1,"name":"签到","meta":{"paths":["lp0hx8"]},"content":"2628075910抢了2186790348的384P点！","timestamp":1779293218919}
{"id":563060,"type":"info","level":2,"name":"签到","meta":{"paths":["lp0hx8"]},"content":"2628075910今天的抢劫记录为776   |    剩余抢劫次数为1","timestamp":1779293218921}
{"id":563132,"type":"success","level":1,"name":"签到","meta":{"paths":["lp0hx8"]},"content":"3986092865完成了一次签到！","timestamp":1779293226208}
{"id":563279,"type":"info","level":2,"name":"签到","meta":{"paths":["lp0hx8"]},"content":"已更新2085287779的抢劫次数和记录","timestamp":1779293245697}
{"id":563306,"type":"success","level":1,"name":"签到","meta":{"paths":["lp0hx8"]},"content":"2085287779抢了2628075910的114P点！","timestamp":1779293246415}
{"id":563307,"type":"info","level":2,"name":"签到","meta":{"paths":["lp0hx8"]},"content":"2085287779今天的抢劫记录为114   |    剩余抢劫次数为2","timestamp":1779293246416}
{"id":563348,"type":"success","level":1,"name":"签到","meta":{"paths":["lp0hx8"]},"content":"2593638685完成了一次签到！","timestamp":1779293253026}
{"id":563407,"type":"warn","level":2,"name":"session","meta":{},"content":"Error: Error with request send_group_msg, args: {\"group_id\":1091191330,\"message\":[{\"type\":\"at\",\"data\":{\"qq\":\"1296434423\"}},{\"type\":\"text\",\"data\":{\"text\":\" 输入抽卡目标：（三星、四星、FES）\"}}]}, retcode: 1200\n    at _Internal._get (/root/lezskabot/koishi/koishi-app/node_modules/koishi-plugin-adapter-onebot/lib/index.js:119:11)\n    at process.processTicksAndRejections (node:internal/process/task_queues:95:5)\n    at async _Internal.<computed> [as sendGroupMsg] (/root/lezskabot/koishi/koishi-app/node_modules/koishi-plugin-adapter-onebot/lib/index.js:162:20)\n    at async OneBotMessageEncoder.flush (/root/lezskabot/koishi/koishi-app/node_modules/koishi-plugin-adapter-onebot/lib/index.js:771:338)\n    at async OneBotMessageEncoder.send (/root/lezskabot/koishi/koishi-app/node_modules/@satorijs/core/lib/index.cjs:755:5)\n    at async Proxy.sendMessage (/root/lezskabot/koishi/koishi-app/node_modules/@satorijs/core/lib/index.cjs:487:22)\n    at async _Command.eval (eval at <anonymous> (/root/lezskabot/koishi/koishi-app/node_modules/koishi-plugin-blockly-null/lib/index.js:1:1), <anonymous>:114:5)\n    at async Array.<anonymous> (/root/lezskabot/koishi/koishi-app/node_modules/@koishijs/core/lib/index.cjs:1079:14)\n    at async _Command.execute (/root/lezskabot/koishi/koishi-app/node_modules/@koishijs/core/lib/index.cjs:1093:22)\n    at async /root/lezskabot/koishi/koishi-app/node_modules/@koishijs/core/lib/index.cjs:2049:22","timestamp":1779293263613}
{"id":563483,"type":"warn","level":2,"name":"session","meta":{},"content":"Error: Error with request send_group_msg, args: {\"group_id\":1091191330,\"message\":[{\"type\":\"text\",\"data\":{\"text\":\"你的564号漂流瓶扔出去了！\\n发送“漂流瓶.命名瓶子 <编号> <名字>”可以命名瓶子！（可以重名哦）\\n命名后可以发送“漂流瓶.捞漂流瓶 名字”来捞漂流瓶，只要名字包含就能被捞到！\"}}]}, retcode: 1200\n    at _Internal._get (/root/lezskabot/koishi/koishi-app/node_modules/koishi-plugin-adapter-onebot/lib/index.js:119:11)\n    at process.processTicksAndRejections (node:internal/process/task_queues:95:5)\n    at async _Internal.<computed> [as sendGroupMsg] (/root/lezskabot/koishi/koishi-app/node_modules/koishi-plugin-adapter-onebot/lib/index.js:162:20)\n    at async OneBotMessageEncoder.flush (/root/lezskabot/koishi/koishi-app/node_modules/koishi-plugin-adapter-onebot/lib/index.js:771:338)\n    at async OneBotMessageEncoder.send (/root/lezskabot/koishi/koishi-app/node_modules/@satorijs/core/lib/index.cjs:755:5)\n    at async Proxy.sendMessage (/root/lezskabot/koishi/koishi-app/node_modules/@satorijs/core/lib/index.cjs:487:22)\n    at async /root/lezskabot/koishi/koishi-app/node_modules/@koishijs/core/lib/index.cjs:2051:7\n    at async Proxy.withScope (/root/lezskabot/koishi/koishi-app/node_modules/@koishijs/core/lib/index.cjs:1958:22)\n    at async next (/root/lezskabot/koishi/koishi-app/node_modules/@koishijs/core/lib/index.cjs:827:16)\n    at async next (/root/lezskabot/koishi/koishi-app/node_modules/@koishijs/core/lib/index.cjs:827:16)","timestamp":1779293274813}
{"id":563495,"type":"warn","level":2,"name":"session","meta":{},"content":"Error: Error with request send_group_msg, args: {\"group_id\":1091191330,\"message\":[{\"type\":\"at\",\"data\":{\"qq\":\"1296434423\"}},{\"type\":\"text\",\"data\":{\"text\":\"  你输入的啥啊笨蛋\"}}]}, retcode: 1200\n    at _Internal._get (/root/lezskabot/koishi/koishi-app/node_modules/koishi-plugin-adapter-onebot/lib/index.js:119:11)\n    at process.processTicksAndRejections (node:internal/process/task_queues:95:5)\n    at async _Internal.<computed> [as sendGroupMsg] (/root/lezskabot/koishi/koishi-app/node_modules/koishi-plugin-adapter-onebot/lib/index.js:162:20)\n    at async OneBotMessageEncoder.flush (/root/lezskabot/koishi/koishi-app/node_modules/koishi-plugin-adapter-onebot/lib/index.js:771:338)\n    at async OneBotMessageEncoder.send (/root/lezskabot/koishi/koishi-app/node_modules/@satorijs/core/lib/index.cjs:755:5)\n    at async Proxy.sendMessage (/root/lezskabot/koishi/koishi-app/node_modules/@satorijs/core/lib/index.cjs:487:22)\n    at async /root/lezskabot/koishi/koishi-app/node_modules/@koishijs/core/lib/index.cjs:2051:7\n    at async Proxy.withScope (/root/lezskabot/koishi/koishi-app/node_modules/@koishijs/core/lib/index.cjs:1958:22)\n    at async next (/root/lezskabot/koishi/koishi-app/node_modules/@koishijs/core/lib/index.cjs:827:16)\n    at async next (/root/lezskabot/koishi/koishi-app/node_modules/@koishijs/core/lib/index.cjs:827:16)","timestamp":1779293275729}
{"id":563624,"type":"info","level":2,"name":"签到","meta":{"paths":["lp0hx8"]},"content":"已更新2957614240的抢劫次数和记录","timestamp":1779293288526}
{"id":563651,"type":"success","level":1,"name":"签到","meta":{"paths":["lp0hx8"]},"content":"2957614240抢了3764379512的186P点！","timestamp":1779293289526}
{"id":563652,"type":"info","level":2,"name":"签到","meta":{"paths":["lp0hx8"]},"content":"2957614240今天的抢劫记录为186   |    剩余抢劫次数为2","timestamp":1779293289527}
{"id":563718,"type":"success","level":1,"name":"签到","meta":{"paths":["lp0hx8"]},"content":"2957614240抢了3764379512的447P点！","timestamp":1779293295329}
{"id":563719,"type":"info","level":2,"name":"签到","meta":{"paths":["lp0hx8"]},"content":"2957614240今天的抢劫记录为633   |    剩余抢劫次数为1","timestamp":1779293295330}
{"id":563788,"type":"success","level":1,"name":"签到","meta":{"paths":["lp0hx8"]},"content":"2957614240抢劫3764379512失败！失去了158P点！","timestamp":1779293302616}
{"id":563789,"type":"info","level":2,"name":"签到","meta":{"paths":["lp0hx8"]},"content":"2957614240今天的抢劫记录为475   |    剩余抢劫次数为0","timestamp":1779293302618}
{"id":563791,"type":"error","level":1,"name":"抽卡与卡组","meta":{"paths":["lp0hx8"]},"content":"1296434423抽卡失败，积分不足","timestamp":1779293302722}
{"id":563941,"type":"success","level":1,"name":"签到","meta":{"paths":["lp0hx8"]},"content":"2957614240完成了一次签到！","timestamp":1779293319112}
{"id":564042,"type":"success","level":1,"name":"签到","meta":{"paths":["lp0hx8"]},"content":"3446609233完成了一次签到！","timestamp":1779293327597}
{"id":564104,"type":"info","level":2,"name":"签到","meta":{"paths":["lp0hx8"]},"content":"已更新3446609233的抢劫次数和记录","timestamp":1779293332412}
{"id":564121,"type":"success","level":1,"name":"签到","meta":{"paths":["lp0hx8"]},"content":"3446609233抢劫366837668失败！失去了132P点！","timestamp":1779293333512}
{"id":564122,"type":"info","level":2,"name":"签到","meta":{"paths":["lp0hx8"]},"content":"3446609233今天的抢劫记录为-132   |    剩余抢劫次数为2","timestamp":1779293333513}
{"id":564207,"type":"success","level":1,"name":"签到","meta":{"paths":["lp0hx8"]},"content":"3446609233抢了366837668的106P点！","timestamp":1779293342919}
{"id":564208,"type":"info","level":2,"name":"签到","meta":{"paths":["lp0hx8"]},"content":"3446609233今天的抢劫记录为-26   |    剩余抢劫次数为1","timestamp":1779293342920}
{"id":564282,"type":"success","level":1,"name":"签到","meta":{"paths":["lp0hx8"]},"content":"3446609233抢了366837668的419P点！","timestamp":1779293352306}
{"id":564283,"type":"info","level":2,"name":"签到","meta":{"paths":["lp0hx8"]},"content":"3446609233今天的抢劫记录为393   |    剩余抢劫次数为0","timestamp":1779293352307}
{"id":564318,"type":"success","level":1,"name":"签到","meta":{"paths":["lp0hx8"]},"content":"2276942246完成了一次签到！","timestamp":1779293361206}
{"id":564347,"type":"success","level":1,"name":"签到","meta":{"paths":["lp0hx8"]},"content":"3829652340完成了一次签到！","timestamp":1779293363100}
{"id":564404,"type":"info","level":2,"name":"签到","meta":{"paths":["lp0hx8"]},"content":"已更新3829652340的抢劫次数和记录","timestamp":1779293373004}
{"id":564425,"type":"success","level":1,"name":"签到","meta":{"paths":["lp0hx8"]},"content":"3829652340抢了366837668的248P点！","timestamp":1779293373699}
{"id":564426,"type":"info","level":2,"name":"签到","meta":{"paths":["lp0hx8"]},"content":"3829652340今天的抢劫记录为248   |    剩余抢劫次数为2","timestamp":1779293373700}
{"id":564509,"type":"success","level":1,"name":"签到","meta":{"paths":["lp0hx8"]},"content":"3829652340抢劫366837668失败！失去了165P点！","timestamp":1779293382205}
{"id":564510,"type":"info","level":2,"name":"签到","meta":{"paths":["lp0hx8"]},"content":"3829652340今天的抢劫记录为83   |    剩余抢劫次数为1","timestamp":1779293382207}
{"id":564599,"type":"success","level":1,"name":"抽卡与卡组","meta":{"paths":["lp0hx8"]},"content":"2276942246献祭了：1张二星  1张三星  1张四星  获得2040P点，当前P点数为23678","timestamp":1779293389892}
{"id":564601,"type":"success","level":1,"name":"签到","meta":{"paths":["lp0hx8"]},"content":"3829652340抢劫366837668失败！失去了208P点！","timestamp":1779293390927}
{"id":564602,"type":"info","level":2,"name":"签到","meta":{"paths":["lp0hx8"]},"content":"3829652340今天的抢劫记录为-125   |    剩余抢劫次数为0","timestamp":1779293390999}
{"id":564656,"type":"success","level":1,"name":"签到","meta":{"paths":["lp0hx8"]},"content":"3055983840完成了一次签到！","timestamp":1779293393706}
{"id":564745,"type":"success","level":1,"name":"抽卡与卡组","meta":{"paths":["lp0hx8"]},"content":"2276942246献祭了：3张二星  获得840P点，当前P点数为23318","timestamp":1779293401816}
{"id":564999,"type":"success","level":1,"name":"签到","meta":{"paths":["lp0hx8"]},"content":"2628075910抢了366837668的315P点！","timestamp":1779293407922}
{"id":565000,"type":"info","level":2,"name":"签到","meta":{"paths":["lp0hx8"]},"content":"2628075910今天的抢劫记录为-47544   |    剩余抢劫次数为0","timestamp":1779293407924}
{"id":565053,"type":"warn","level":2,"name":"session","meta":{},"content":"Error: Error with request send_group_msg, args: {\"group_id\":1091191330,\"message\":[{\"type\":\"image\",\"data\":{\"file\":\"/root/lezskabot/cards/1/289.png\",\"cache\":0}},{\"type\":\"at\",\"data\":{\"qq\":\"1569181511\"}},{\"type\":\"text\",\"data\":{\"text\":\"☆二星★\\n此卡在你手中，请手动加入卡组\\n你还有4508P点\\n也就是11抽。\\n请仔细阅读“抽卡帮助”！\"}}]}, retcode: 1200\n    at _Internal._get (/root/lezskabot/koishi/koishi-app/node_modules/koishi-plugin-adapter-onebot/lib/index.js:119:11)\n    at process.processTicksAndRejections (node:internal/process/task_queues:95:5)\n    at async _Internal.<computed> [as sendGroupMsg] (/root/lezskabot/koishi/koishi-app/node_modules/koishi-plugin-adapter-onebot/lib/index.js:162:20)\n    at async OneBotMessageEncoder.flush (/root/lezskabot/koishi/koishi-app/node_modules/koishi-plugin-adapter-onebot/lib/index.js:771:338)\n    at async OneBotMessageEncoder.send (/root/lezskabot/koishi/koishi-app/node_modules/@satorijs/core/lib/index.cjs:755:5)\n    at async Proxy.sendMessage (/root/lezskabot/koishi/koishi-app/node_modules/@satorijs/core/lib/index.cjs:487:22)\n    at async _Command.eval (eval at <anonymous> (/root/lezskabot/koishi/koishi-app/node_modules/koishi-plugin-blockly-null/lib/index.js:1:1), <anonymous>:302:15)\n    at async Array.<anonymous> (/root/lezskabot/koishi/koishi-app/node_modules/@koishijs/core/lib/index.cjs:1079:14)\n    at async _Command.execute (/root/lezskabot/koishi/koishi-app/node_modules/@koishijs/core/lib/index.cjs:1093:22)\n    at async /root/lezskabot/koishi/koishi-app/node_modules/@koishijs/core/lib/index.cjs:2049:22","timestamp":1779293412411}
{"id":565055,"type":"info","level":2,"name":"抽卡与卡组","meta":{"paths":["lp0hx8"]},"content":"1569181511抽到了一张☆二星★卡，剩余4508P点","timestamp":1779293412419}
{"id":565076,"type":"success","level":1,"name":"抽卡与卡组","meta":{"paths":["lp0hx8"]},"content":"2276942246献祭了：2张二星  1张三星  获得1120P点，当前P点数为23238","timestamp":1779293413996}
{"id":565214,"type":"warn","level":2,"name":"session","meta":{},"content":"Error: Error with request send_group_msg, args: {\"group_id\":1091191330,\"message\":[{\"type\":\"at\",\"data\":{\"qq\":\"1569181511\"}},{\"type\":\"text\",\"data\":{\"text\":\" 输入抽卡目标：（三星、四星、FES）\"}}]}, retcode: 1200\n    at _Internal._get (/root/lezskabot/koishi/koishi-app/node_modules/koishi-plugin-adapter-onebot/lib/index.js:119:11)\n    at process.processTicksAndRejections (node:internal/process/task_queues:95:5)\n    at async _Internal.<computed> [as sendGroupMsg] (/root/lezskabot/koishi/koishi-app/node_modules/koishi-plugin-adapter-onebot/lib/index.js:162:20)\n    at async OneBotMessageEncoder.flush (/root/lezskabot/koishi/koishi-app/node_modules/koishi-plugin-adapter-onebot/lib/index.js:771:338)\n    at async OneBotMessageEncoder.send (/root/lezskabot/koishi/koishi-app/node_modules/@satorijs/core/lib/index.cjs:755:5)\n    at async Proxy.sendMessage (/root/lezskabot/koishi/koishi-app/node_modules/@satorijs/core/lib/index.cjs:487:22)\n    at async _Command.eval (eval at <anonymous> (/root/lezskabot/koishi/koishi-app/node_modules/koishi-plugin-blockly-null/lib/index.js:1:1), <anonymous>:114:5)\n    at async Array.<anonymous> (/root/lezskabot/koishi/koishi-app/node_modules/@koishijs/core/lib/index.cjs:1079:14)\n    at async _Command.execute (/root/lezskabot/koishi/koishi-app/node_modules/@koishijs/core/lib/index.cjs:1093:22)\n    at async /root/lezskabot/koishi/koishi-app/node_modules/@koishijs/core/lib/index.cjs:2049:22","timestamp":1779293423520}
{"id":565217,"type":"success","level":1,"name":"抽卡与卡组","meta":{"paths":["lp0hx8"]},"content":"2276942246献祭了：3张二星  获得840P点，当前P点数为22878","timestamp":1779293424390}
{"id":565287,"type":"success","level":1,"name":"抽卡与卡组","meta":{"paths":["lp0hx8"]},"content":"2276942246献祭了：2张二星  1张三星  获得1120P点，当前P点数为22798","timestamp":1779293431616}
{"id":565362,"type":"success","level":1,"name":"抽卡与卡组","meta":{"paths":["lp0hx8"]},"content":"2276942246献祭了：3张二星  获得840P点，当前P点数为22438","timestamp":1779293437391}
{"id":565451,"type":"success","level":1,"name":"抽卡与卡组","meta":{"paths":["lp0hx8"]},"content":"2276942246献祭了：2张二星  1张三星  获得1120P点，当前P点数为22358","timestamp":1779293446309}
{"id":565524,"type":"success","level":1,"name":"抽卡与卡组","meta":{"paths":["lp0hx8"]},"content":"2276942246献祭了：2张二星  1张三星  获得1120P点，当前P点数为22278","timestamp":1779293453908}
{"id":565571,"type":"success","level":1,"name":"抽卡与卡组","meta":{"paths":["lp0hx8"]},"content":"2276942246献祭了：2张二星  1张三星  获得1120P点，当前P点数为22198","timestamp":1779293459305}
{"id":565634,"type":"success","level":1,"name":"抽卡与卡组","meta":{"paths":["lp0hx8"]},"content":"2276942246献祭了：2张二星  1张三星  获得1120P点，当前P点数为22118","timestamp":1779293467211}
{"id":565706,"type":"success","level":1,"name":"抽卡与卡组","meta":{"paths":["lp0hx8"]},"content":"2276942246献祭了：3张二星  获得840P点，当前P点数为21758","timestamp":1779293472704}
{"id":565794,"type":"success","level":1,"name":"抽卡与卡组","meta":{"paths":["lp0hx8"]},"content":"2276942246献祭了：1张二星  1张三星  1张四星  获得2040P点，当前P点数为22598","timestamp":1779293495701}
{"id":565868,"type":"success","level":1,"name":"抽卡与卡组","meta":{"paths":["lp0hx8"]},"content":"2276942246献祭了：3张二星  获得840P点，当前P点数为22238","timestamp":1779293504685}
{"id":565943,"type":"success","level":1,"name":"抽卡与卡组","meta":{"paths":["lp0hx8"]},"content":"2276942246献祭了：2张二星  1张三星  获得1120P点，当前P点数为22158","timestamp":1779293512912}
{"id":565992,"type":"success","level":1,"name":"抽卡与卡组","meta":{"paths":["lp0hx8"]},"content":"2276942246献祭了：1张二星  2张三星  获得1400P点，当前P点数为22358","timestamp":1779293518390}
{"id":566061,"type":"success","level":1,"name":"抽卡与卡组","meta":{"paths":["lp0hx8"]},"content":"2276942246献祭了：2张二星  1张三星  获得1120P点，当前P点数为22278","timestamp":1779293526590}
{"id":566143,"type":"success","level":1,"name":"抽卡与卡组","meta":{"paths":["lp0hx8"]},"content":"2276942246献祭了：2张二星  1张三星  获得1120P点，当前P点数为22198","timestamp":1779293532999}
{"id":566239,"type":"success","level":1,"name":"抽卡与卡组","meta":{"paths":["lp0hx8"]},"content":"2276942246献祭了：2张二星  1张三星  获得1120P点，当前P点数为22118","timestamp":1779293538789}
{"id":566582,"type":"success","level":1,"name":"抽卡与卡组","meta":{"paths":["lp0hx8"]},"content":"2628075910献祭了：3张二星  1张三星  获得1400P点，当前P点数为50236","timestamp":1779293596609}
{"id":566808,"type":"success","level":1,"name":"抽卡与卡组","meta":{"paths":["lp0hx8"]},"content":"2628075910献祭了：3张二星  1张三星  获得1400P点，当前P点数为50036","timestamp":1779293666593}
{"id":568202,"type":"info","level":2,"name":"app","meta":{"paths":[]},"content":"terminated by SIGTERM","timestamp":1779294164304}
