{"id":87392,"type":"success","level":1,"name":"签到","meta":{"paths":["lp0hx8"]},"content":"3055983840完成了一次签到！","timestamp":1777420803455}
{"id":88045,"type":"success","level":1,"name":"签到","meta":{"paths":["lp0hx8"]},"content":"1652933285完成了一次签到！","timestamp":1777423316259}
{"id":88682,"type":"success","level":1,"name":"签到","meta":{"paths":["lp0hx8"]},"content":"971217490完成了一次签到！","timestamp":1777424205121}
{"id":88798,"type":"success","level":1,"name":"签到","meta":{"paths":["lp0hx8"]},"content":"1296434423完成了一次签到！","timestamp":1777424576310}
{"id":89025,"type":"success","level":1,"name":"签到","meta":{"paths":["lp0hx8"]},"content":"3416987485完成了一次签到！","timestamp":1777425006065}
{"id":89797,"type":"info","level":2,"name":"抽卡与卡组","meta":{"paths":["lp0hx8"]},"content":"1652933285抽到了一张☆二星★卡，剩余591P点","timestamp":1777427830310}
{"id":93690,"type":"info","level":2,"name":"抽卡与卡组","meta":{"paths":["lp0hx8"]},"content":"1652933285抽到了一张☆二星★卡，剩余191P点","timestamp":1777433720584}
{"id":95169,"type":"success","level":1,"name":"签到","meta":{"paths":["lp0hx8"]},"content":"1012113121完成了一次签到！","timestamp":1777435109765}
{"id":95201,"type":"error","level":1,"name":"抽卡与卡组","meta":{"paths":["lp0hx8"]},"content":"1012113121抽卡失败，积分不足","timestamp":1777435169326}
{"id":95283,"type":"info","level":2,"name":"抽卡与卡组","meta":{"paths":["lp0hx8"]},"content":"971217490抽到了一张☆二星★卡，剩余465P点","timestamp":1777435248062}
{"id":95307,"type":"info","level":2,"name":"抽卡与卡组","meta":{"paths":["lp0hx8"]},"content":"971217490抽到了一张☆二星★卡，剩余65P点","timestamp":1777435264864}
{"id":95539,"type":"error","level":1,"name":"抽卡与卡组","meta":{"paths":["lp0hx8"]},"content":"2188730297抽卡失败，积分不足","timestamp":1777435675801}
{"id":95562,"type":"success","level":1,"name":"签到","meta":{"paths":["lp0hx8"]},"content":"2188730297完成了一次签到！","timestamp":1777435679905}
{"id":95618,"type":"info","level":2,"name":"抽卡与卡组","meta":{"paths":["lp0hx8"]},"content":"2188730297抽到了一张☆二星★卡，剩余443P点","timestamp":1777435714313}
{"id":95642,"type":"info","level":2,"name":"抽卡与卡组","meta":{"paths":["lp0hx8"]},"content":"2188730297抽到了一张☆二星★卡，剩余43P点","timestamp":1777435721362}
{"id":95717,"type":"success","level":1,"name":"签到","meta":{"paths":["lp0hx8"]},"content":"956937232完成了一次签到！","timestamp":1777435851808}
{"id":95749,"type":"info","level":2,"name":"抽卡与卡组","meta":{"paths":["lp0hx8"]},"content":"956937232抽到了一张❀三星☄卡，剩余420P点","timestamp":1777435861527}
{"id":95814,"type":"info","level":2,"name":"抽卡与卡组","meta":{"paths":["lp0hx8"]},"content":"956937232抽到了一张☆二星★卡，剩余20P点","timestamp":1777435882932}
{"id":95827,"type":"error","level":1,"name":"签到","meta":{"paths":["lp0hx8"]},"content":"1652933285签到失败！原因：该用户已经签到","timestamp":1777435886556}
{"id":95863,"type":"success","level":1,"name":"签到","meta":{"paths":["lp0hx8"]},"content":"29053789完成了一次签到！","timestamp":1777435898812}
{"id":96053,"type":"success","level":1,"name":"签到","meta":{"paths":["lp0hx8"]},"content":"29053789完成了一次签到！","timestamp":1777435973803}
{"id":96257,"type":"info","level":2,"name":"签到","meta":{"paths":["lp0hx8"]},"content":"已更新29053789的抢劫次数和记录","timestamp":1777436051030}
{"id":96273,"type":"success","level":1,"name":"签到","meta":{"paths":["lp0hx8"]},"content":"29053789抢了1652933285的410P点！","timestamp":1777436051495}
{"id":96274,"type":"info","level":2,"name":"签到","meta":{"paths":["lp0hx8"]},"content":"29053789今天的抢劫记录为191   |    剩余抢劫次数为3","timestamp":1777436051496}
{"id":96299,"type":"info","level":2,"name":"签到","meta":{"paths":["lp0hx8"]},"content":"已更新1652933285的抢劫次数和记录","timestamp":1777436056437}
{"id":96339,"type":"info","level":2,"name":"签到","meta":{"paths":["lp0hx8"]},"content":"已更新2188730297的抢劫次数和记录","timestamp":1777436076432}
{"id":96359,"type":"success","level":1,"name":"签到","meta":{"paths":["lp0hx8"]},"content":"2188730297抢劫29053789失败！失去了16P点！","timestamp":1777436077096}
{"id":96360,"type":"info","level":2,"name":"签到","meta":{"paths":["lp0hx8"]},"content":"2188730297今天的抢劫记录为-16   |    剩余抢劫次数为2","timestamp":1777436077098}
{"id":96401,"type":"success","level":1,"name":"签到","meta":{"paths":["lp0hx8"]},"content":"2188730297抢劫29053789失败！失去了10P点！","timestamp":1777436084330}
{"id":96402,"type":"info","level":2,"name":"签到","meta":{"paths":["lp0hx8"]},"content":"2188730297今天的抢劫记录为-26   |    剩余抢劫次数为1","timestamp":1777436084331}
{"id":96443,"type":"success","level":1,"name":"签到","meta":{"paths":["lp0hx8"]},"content":"1652933285抢了29053789的24P点！","timestamp":1777436094787}
{"id":96444,"type":"info","level":2,"name":"签到","meta":{"paths":["lp0hx8"]},"content":"1652933285今天的抢劫记录为24   |    剩余抢劫次数为2","timestamp":1777436094788}
{"id":96506,"type":"success","level":1,"name":"签到","meta":{"paths":["lp0hx8"]},"content":"2188730297抢劫29053789失败！失去了3P点！","timestamp":1777436122954}
{"id":96507,"type":"info","level":2,"name":"签到","meta":{"paths":["lp0hx8"]},"content":"2188730297今天的抢劫记录为-29   |    剩余抢劫次数为0","timestamp":1777436122955}
{"id":96657,"type":"success","level":1,"name":"签到","meta":{"paths":["lp0hx8"]},"content":"2188730297抢劫29053789失败！失去了所有P点！","timestamp":1777436167789}
{"id":96658,"type":"info","level":2,"name":"签到","meta":{"paths":["lp0hx8"]},"content":"2188730297今天的抢劫记录为-43   |    剩余抢劫次数为2","timestamp":1777436167790}
{"id":96831,"type":"info","level":2,"name":"签到","meta":{"paths":["lp0hx8"]},"content":"1652933285向2188730297赠送了14个P点","timestamp":1777436222179}
{"id":96873,"type":"success","level":1,"name":"签到","meta":{"paths":["lp0hx8"]},"content":"2188730297抢劫29053789失败！失去了所有P点！","timestamp":1777436229756}
{"id":96874,"type":"info","level":2,"name":"签到","meta":{"paths":["lp0hx8"]},"content":"2188730297今天的抢劫记录为-57   |    剩余抢劫次数为1","timestamp":1777436229758}
{"id":96938,"type":"info","level":2,"name":"签到","meta":{"paths":["lp0hx8"]},"content":"1652933285向2188730297赠送了10个P点","timestamp":1777436246656}
{"id":96980,"type":"success","level":1,"name":"签到","meta":{"paths":["lp0hx8"]},"content":"2188730297抢了29053789的164P点！","timestamp":1777436253926}
{"id":96981,"type":"info","level":2,"name":"签到","meta":{"paths":["lp0hx8"]},"content":"2188730297今天的抢劫记录为107   |    剩余抢劫次数为0","timestamp":1777436253928}
{"id":97060,"type":"info","level":2,"name":"签到","meta":{"paths":["lp0hx8"]},"content":"2188730297向1652933285赠送了100个P点","timestamp":1777436270739}
{"id":98476,"type":"info","level":2,"name":"blockly","meta":{"paths":["lp0hx8"]},"content":"Loading 3 plugin(s)","timestamp":1777437600514}
{"id":98477,"type":"info","level":2,"name":"blockly","meta":{"paths":["lp0hx8"]},"content":"Loaded 3 plugin(s)","timestamp":1777437600582}
{"id":98590,"type":"info","level":2,"name":"blockly","meta":{"paths":["lp0hx8"]},"content":"Loading 3 plugin(s)","timestamp":1777437680891}
{"id":98591,"type":"info","level":2,"name":"blockly","meta":{"paths":["lp0hx8"]},"content":"Loaded 3 plugin(s)","timestamp":1777437680962}
{"id":98671,"type":"info","level":2,"name":"blockly","meta":{"paths":["lp0hx8"]},"content":"Loading 3 plugin(s)","timestamp":1777437706936}
{"id":98672,"type":"info","level":2,"name":"blockly","meta":{"paths":["lp0hx8"]},"content":"Loaded 3 plugin(s)","timestamp":1777437707055}
