{"id":1,"type":"info","level":2,"name":"app","meta":{},"content":"\u001b[38;5;15;1mKoishi/4.18.10\u001b[0m","timestamp":1778812427025}
{"id":2,"type":"info","level":2,"name":"loader","meta":{"paths":[]},"content":"apply plugin \u001b[38;5;45mgroup:entry\u001b[0m","timestamp":1778812427096}
{"id":3,"type":"info","level":2,"name":"loader","meta":{"paths":[]},"content":"apply plugin \u001b[38;5;45mgroup:server\u001b[0m","timestamp":1778812427099}
{"id":4,"type":"info","level":2,"name":"loader","meta":{"paths":[]},"content":"apply plugin \u001b[38;5;45mserver:iyvqw3\u001b[0m","timestamp":1778812427101}
{"id":5,"type":"info","level":2,"name":"loader","meta":{"paths":[]},"content":"apply plugin \u001b[38;5;45mgroup:basic\u001b[0m","timestamp":1778812427298}
{"id":6,"type":"info","level":2,"name":"loader","meta":{"paths":[]},"content":"apply plugin \u001b[38;5;45madmin:yfr8w8\u001b[0m","timestamp":1778812427299}
{"id":7,"type":"info","level":2,"name":"loader","meta":{"paths":[]},"content":"apply plugin \u001b[38;5;45mcommands:liuq4c\u001b[0m","timestamp":1778812427302}
{"id":8,"type":"info","level":2,"name":"loader","meta":{"paths":[]},"content":"apply plugin \u001b[38;5;45mhelp:fakvkp\u001b[0m","timestamp":1778812427305}
{"id":9,"type":"info","level":2,"name":"loader","meta":{"paths":[]},"content":"apply plugin \u001b[38;5;45mhttp:7ka2ck\u001b[0m","timestamp":1778812427308}
{"id":10,"type":"info","level":2,"name":"loader","meta":{"paths":[]},"content":"apply plugin \u001b[38;5;45mlocales:dhqsqe\u001b[0m","timestamp":1778812427310}
{"id":11,"type":"info","level":2,"name":"loader","meta":{"paths":[]},"content":"apply plugin \u001b[38;5;45mproxy-agent:594rku\u001b[0m","timestamp":1778812427315}
{"id":12,"type":"info","level":2,"name":"loader","meta":{"paths":[]},"content":"apply plugin \u001b[38;5;45mrate-limit:jeszun\u001b[0m","timestamp":1778812427480}
{"id":13,"type":"info","level":2,"name":"loader","meta":{"paths":[]},"content":"apply plugin \u001b[38;5;45mtelemetry:eob9t0\u001b[0m","timestamp":1778812427483}
{"id":14,"type":"info","level":2,"name":"loader","meta":{"paths":[]},"content":"apply plugin \u001b[38;5;45mgroup:console\u001b[0m","timestamp":1778812427504}
{"id":15,"type":"info","level":2,"name":"loader","meta":{"paths":[]},"content":"apply plugin \u001b[38;5;45mactions:2y6lej\u001b[0m","timestamp":1778812427506}
{"id":16,"type":"info","level":2,"name":"loader","meta":{"paths":[]},"content":"apply plugin \u001b[38;5;45manalytics:wynivs\u001b[0m","timestamp":1778812427512}
{"id":17,"type":"info","level":2,"name":"loader","meta":{"paths":[]},"content":"apply plugin \u001b[38;5;45mauth:c9brgm\u001b[0m","timestamp":1778812427518}
{"id":18,"type":"info","level":2,"name":"loader","meta":{"paths":[]},"content":"apply plugin \u001b[38;5;45mconfig:ez1tt3\u001b[0m","timestamp":1778812427537}
{"id":19,"type":"info","level":2,"name":"loader","meta":{"paths":[]},"content":"apply plugin \u001b[38;5;45mconsole:y6kw4v\u001b[0m","timestamp":1778812427573}
{"id":20,"type":"info","level":2,"name":"loader","meta":{"paths":[]},"content":"apply plugin \u001b[38;5;45mdataview:kh0qqb\u001b[0m","timestamp":1778812427585}
{"id":21,"type":"info","level":2,"name":"loader","meta":{"paths":[]},"content":"apply plugin \u001b[38;5;45mlogger:3oafoi\u001b[0m","timestamp":1778812427589}
{"id":22,"type":"info","level":2,"name":"loader","meta":{"paths":[]},"content":"apply plugin \u001b[38;5;45mmarket:rb9ss1\u001b[0m","timestamp":1778812427592}
{"id":23,"type":"info","level":2,"name":"loader","meta":{"paths":[]},"content":"apply plugin \u001b[38;5;45mnotifier:hqhrom\u001b[0m","timestamp":1778812427622}
{"id":24,"type":"info","level":2,"name":"loader","meta":{"paths":[]},"content":"apply plugin \u001b[38;5;45moobe:gedmxh\u001b[0m","timestamp":1778812427625}
{"id":25,"type":"info","level":2,"name":"loader","meta":{"paths":[]},"content":"apply plugin \u001b[38;5;45mstatus:rjhdf0\u001b[0m","timestamp":1778812427626}
{"id":26,"type":"info","level":2,"name":"loader","meta":{"paths":[]},"content":"apply plugin \u001b[38;5;45mtheme-vanilla:xph3ej\u001b[0m","timestamp":1778812427675}
{"id":27,"type":"info","level":2,"name":"loader","meta":{"paths":[]},"content":"apply plugin \u001b[38;5;45mgroup:storage\u001b[0m","timestamp":1778812427678}
{"id":28,"type":"info","level":2,"name":"loader","meta":{"paths":[]},"content":"apply plugin \u001b[38;5;45mdatabase-sqlite:trh0pf\u001b[0m","timestamp":1778812427679}
{"id":29,"type":"info","level":2,"name":"loader","meta":{"paths":[]},"content":"apply plugin \u001b[38;5;45massets-local:ffai0c\u001b[0m","timestamp":1778812427690}
{"id":30,"type":"info","level":2,"name":"loader","meta":{"paths":[]},"content":"apply plugin \u001b[38;5;45mgroup:adapter\u001b[0m","timestamp":1778812427695}
{"id":31,"type":"info","level":2,"name":"loader","meta":{"paths":[]},"content":"apply plugin \u001b[38;5;45manti-space:fk2qty\u001b[0m","timestamp":1778812427697}
{"id":32,"type":"info","level":2,"name":"loader","meta":{"paths":[]},"content":"apply plugin \u001b[38;5;45mblockly-null:lp0hx8\u001b[0m","timestamp":1778812427705}
{"id":33,"type":"info","level":2,"name":"loader","meta":{"paths":[]},"content":"apply plugin \u001b[38;5;45mpuppeteer:noenkr\u001b[0m","timestamp":1778812427725}
{"id":34,"type":"info","level":2,"name":"loader","meta":{"paths":[]},"content":"apply plugin \u001b[38;5;45madapter-onebot:wqmw9x\u001b[0m","timestamp":1778812427994}
{"id":35,"type":"info","level":2,"name":"loader","meta":{"paths":[]},"content":"apply plugin \u001b[38;5;45mmenu:mulwf1\u001b[0m","timestamp":1778812428010}
{"id":36,"type":"info","level":2,"name":"loader","meta":{"paths":[]},"content":"apply plugin \u001b[38;5;45mrizgame-guess-letters:2xa68a\u001b[0m","timestamp":1778812428016}
{"id":37,"type":"info","level":2,"name":"loader","meta":{"paths":[]},"content":"apply plugin \u001b[38;5;45msayo-roll:oibvy4\u001b[0m","timestamp":1778812428018}
{"id":38,"type":"info","level":2,"name":"loader","meta":{"paths":[]},"content":"apply plugin \u001b[38;5;45mre-driftbottle:ptodv9\u001b[0m","timestamp":1778812428021}
{"id":39,"type":"info","level":2,"name":"loader","meta":{"paths":[]},"content":"apply plugin \u001b[38;5;45mkeyword-blocker:1b1278\u001b[0m","timestamp":1778812428039}
{"id":40,"type":"info","level":2,"name":"loader","meta":{"paths":[]},"content":"apply plugin \u001b[38;5;45mlunatic:22bd3m\u001b[0m","timestamp":1778812428044}
{"id":41,"type":"info","level":2,"name":"loader","meta":{"paths":[]},"content":"apply plugin \u001b[38;5;45mawa-mc-ament:rwr33m\u001b[0m","timestamp":1778812428045}
{"id":42,"type":"info","level":2,"name":"loader","meta":{"paths":[]},"content":"apply plugin \u001b[38;5;45mmc-tools:h22llh\u001b[0m","timestamp":1778812428048}
{"id":43,"type":"info","level":2,"name":"assets","meta":{"paths":["ffai0c"]},"content":"missing config \"selfUrl\", fallback to \"file:\" scheme","timestamp":1778812428302}
{"id":44,"type":"info","level":2,"name":"rizgame-guess-letters","meta":{},"content":"plugin register finish.","timestamp":1778812428371}
{"id":45,"type":"info","level":2,"name":"puppeteer","meta":{"paths":["noenkr"]},"content":"chrome executable found at \u001b[38;5;201m/usr/bin/google-chrome-stable\u001b[0m","timestamp":1778812428705}
{"id":46,"type":"info","level":2,"name":"server","meta":{"paths":["iyvqw3"]},"content":"server listening at \u001b[38;5;57mhttp://0.0.0.0:5140\u001b[0m","timestamp":1778812428765}
{"id":47,"type":"info","level":2,"name":"console","meta":{"paths":["y6kw4v"]},"content":"webui is available at \u001b[38;5;166mhttp://127.0.0.1:5140\u001b[0m","timestamp":1778812428768}
{"id":49,"type":"info","level":2,"name":"auth","meta":{"paths":["c9brgm"]},"content":"creating admin account","timestamp":1778812429506}
{"id":83,"type":"info","level":2,"name":"blockly","meta":{"paths":["lp0hx8"]},"content":"Loading 3 plugin(s)","timestamp":1778812431081}
{"id":84,"type":"info","level":2,"name":"blockly","meta":{"paths":["lp0hx8"]},"content":"Loaded 3 plugin(s)","timestamp":1778812431188}
{"id":127,"type":"success","level":1,"name":"签到","meta":{"paths":["lp0hx8"]},"content":"29053789完成了一次签到！","timestamp":1778812440465}
{"id":188,"type":"info","level":2,"name":"抽卡与卡组","meta":{"paths":["lp0hx8"]},"content":"29053789抽到了一张☆二星★卡，剩余251706P点","timestamp":1778812497070}
{"id":256,"type":"success","level":1,"name":"签到","meta":{"paths":["lp0hx8"]},"content":"2188730297完成了一次签到！","timestamp":1778812764826}
{"id":345,"type":"error","level":1,"name":"签到","meta":{"paths":["lp0hx8"]},"content":"1652933285签到失败！原因：该用户已经签到","timestamp":1778812881077}
{"id":4050,"type":"info","level":2,"name":"绑定id","meta":{"paths":["lp0hx8"]},"content":"用户1017949676绑定了cnid：7528834573053270835","timestamp":1778816430454}
{"id":4151,"type":"info","level":2,"name":"绑定id","meta":{"paths":["lp0hx8"]},"content":"用户1017949676绑定了cnid：7528834573053270835","timestamp":1778816600329}
{"id":24477,"type":"success","level":1,"name":"签到","meta":{"paths":["lp0hx8"]},"content":"3997019972完成了一次签到！","timestamp":1778832724200}
{"id":24525,"type":"success","level":1,"name":"签到","meta":{"paths":["lp0hx8"]},"content":"2181712967完成了一次签到！","timestamp":1778832733313}
{"id":25031,"type":"error","level":1,"name":"签到","meta":{"paths":["lp0hx8"]},"content":"3055983840抢劫失败！该用户今天抢劫次数已用完","timestamp":1778833227754}
{"id":25076,"type":"success","level":1,"name":"抽卡与卡组","meta":{"paths":["lp0hx8"]},"content":"1652933285献祭了：4张二星  1张四星  获得2320P点，当前P点数为2645","timestamp":1778833252932}
{"id":25376,"type":"info","level":2,"name":"抽卡与卡组","meta":{"paths":["lp0hx8"]},"content":"978229136抽到了一张☆二星★卡，剩余22567P点","timestamp":1778833781450}
{"id":25816,"type":"info","level":2,"name":"签到","meta":{"paths":["lp0hx8"]},"content":"已更新3997019972的抢劫次数和记录","timestamp":1778834177233}
{"id":26606,"type":"success","level":1,"name":"签到","meta":{"paths":["lp0hx8"]},"content":"2856202014完成了一次签到！","timestamp":1778834552563}
{"id":28011,"type":"error","level":1,"name":"签到","meta":{"paths":["lp0hx8"]},"content":"2188730297抢劫失败！该用户今天抢劫次数已用完","timestamp":1778835287466}
{"id":28276,"type":"success","level":1,"name":"签到","meta":{"paths":["lp0hx8"]},"content":"3980423768抢了2432499215的134P点！","timestamp":1778835426751}
{"id":28277,"type":"info","level":2,"name":"签到","meta":{"paths":["lp0hx8"]},"content":"3980423768今天的抢劫记录为-259   |    剩余抢劫次数为1","timestamp":1778835426751}
{"id":28315,"type":"success","level":1,"name":"签到","meta":{"paths":["lp0hx8"]},"content":"3980423768抢了2432499215的272P点！","timestamp":1778835446972}
{"id":28316,"type":"info","level":2,"name":"签到","meta":{"paths":["lp0hx8"]},"content":"3980423768今天的抢劫记录为13   |    剩余抢劫次数为0","timestamp":1778835446973}
{"id":28359,"type":"info","level":2,"name":"抽卡与卡组","meta":{"paths":["lp0hx8"]},"content":"3980423768抽到了一张❀三星☄卡，剩余89P点","timestamp":1778835456241}
{"id":31303,"type":"info","level":2,"name":"抽卡与卡组","meta":{"paths":["lp0hx8"]},"content":"3534850564抽到了一张☆二星★卡，剩余3112P点","timestamp":1778836681033}
{"id":31426,"type":"info","level":2,"name":"抽卡与卡组","meta":{"paths":["lp0hx8"]},"content":"3534850564抽到了一张☆二星★卡，剩余2712P点","timestamp":1778836700131}
{"id":31518,"type":"info","level":2,"name":"抽卡与卡组","meta":{"paths":["lp0hx8"]},"content":"3534850564抽到了一张☆二星★卡，剩余2312P点","timestamp":1778836739721}
{"id":31555,"type":"info","level":2,"name":"抽卡与卡组","meta":{"paths":["lp0hx8"]},"content":"3534850564抽到了一张☆二星★卡，剩余1912P点","timestamp":1778836744420}
{"id":31627,"type":"info","level":2,"name":"抽卡与卡组","meta":{"paths":["lp0hx8"]},"content":"3534850564抽到了一张☆二星★卡，剩余1512P点","timestamp":1778836775931}
{"id":31651,"type":"info","level":2,"name":"抽卡与卡组","meta":{"paths":["lp0hx8"]},"content":"3534850564抽到了一张❀三星☄卡，剩余1112P点","timestamp":1778836782946}
{"id":31700,"type":"info","level":2,"name":"抽卡与卡组","meta":{"paths":["lp0hx8"]},"content":"3534850564抽到了一张☆二星★卡，剩余712P点","timestamp":1778836791820}
{"id":31731,"type":"info","level":2,"name":"抽卡与卡组","meta":{"paths":["lp0hx8"]},"content":"3534850564抽到了一张☆二星★卡，剩余312P点","timestamp":1778836799117}
{"id":34314,"type":"info","level":2,"name":"koishi=plugin-qwq-mc-ament","meta":{"paths":["rwr33m"]},"content":"🛠️[debug]\n📝[options.arg0_title] = 我是谁？\n📖[options.arg1_description] = 神秘人\n🎨[options.arg2_icon] = [object Object]\n🖼️[options.arg3_mcicon] = undefined\n\n[iconSource] = CMDARG[icon_format] = url\n[ament_icon_image_element](raw) = https://multimedia.nt.qq.com.cn/download?appid=1407&fileid=EhRdJrr93V2RbcYFDYQ5elDzy4TdixjftDIg_woot\n\n---------\n🅰️[config.fontpath] = /root/lezskabot/koishi/koishi-app/node_modules/koishi-plugin-awa-mc-ament/assets/MinecraftAE.ttf\n🌌[config.bgpath] = /root/lezskabot/koishi/koishi-app/node_modules/koishi-plugin-awa-mc-ament/assets/AdvancementMade_BG.png\nament_icon_base64 = iVBORw0KGgoAAAANSUhEUgAABDgAAAYKCAIAAAC9X0xXAAAAAX","timestamp":1778837609860}
{"id":35154,"type":"info","level":2,"name":"koishi=plugin-qwq-mc-ament","meta":{"paths":["rwr33m"]},"content":"🛠️[debug]\n📝[options.arg0_title] = 什么意思呢？\n📖[options.arg1_description] = 解释权😂\n🎨[options.arg2_icon] = [object Object]\n🖼️[options.arg3_mcicon] = undefined\n\n[iconSource] = CMDARG[icon_format] = url\n[ament_icon_image_element](raw) = https://multimedia.nt.qq.com.cn/download?appid=1407&fileid=EhSG-Sm5mPrMFdYQO4Q7U-7L8-cDtBjPvgog_woo7\n\n---------\n🅰️[config.fontpath] = /root/lezskabot/koishi/koishi-app/node_modules/koishi-plugin-awa-mc-ament/assets/MinecraftAE.ttf\n🌌[config.bgpath] = /root/lezskabot/koishi/koishi-app/node_modules/koishi-plugin-awa-mc-ament/assets/AdvancementMade_BG.png\nament_icon_base64 = /9j/4AAQSkZJRgABAQAASABIAAD/4QCARXhpZgAATU0AKgAAAA","timestamp":1778837861710}
{"id":35935,"type":"info","level":2,"name":"koishi=plugin-qwq-mc-ament","meta":{"paths":["rwr33m"]},"content":"🛠️[debug]\n📝[options.arg0_title] = scp5830\n📖[options.arg1_description] = 根本没有o泡，只有冰冷的编号scp5830号收容物😭\n🎨[options.arg2_icon] = [object Object]\n🖼️[options.arg3_mcicon] = undefined\n\n[iconSource] = CMDARG[icon_format] = url\n[ament_icon_image_element](raw) = https://multimedia.nt.qq.com.cn/download?appid=1407&fileid=EhSxnMP_A98hrlZu97i9jcQgRrn9chjlhgUg_woom\n\n---------\n🅰️[config.fontpath] = /root/lezskabot/koishi/koishi-app/node_modules/koishi-plugin-awa-mc-ament/assets/MinecraftAE.ttf\n🌌[config.bgpath] = /root/lezskabot/koishi/koishi-app/node_modules/koishi-plugin-awa-mc-ament/assets/AdvancementMade_BG.png\nament_icon_base64 = /9j/4AAQSkZJRgABAQAASABIAAD/4QCARXhpZgAATU0AKgAAAA","timestamp":1778838185909}
{"id":39000,"type":"info","level":2,"name":"签到","meta":{"paths":["lp0hx8"]},"content":"已更新971217490的抢劫次数和记录","timestamp":1778839156827}
{"id":39021,"type":"success","level":1,"name":"签到","meta":{"paths":["lp0hx8"]},"content":"971217490抢了3986092865的479P点！","timestamp":1778839157530}
{"id":39022,"type":"info","level":2,"name":"签到","meta":{"paths":["lp0hx8"]},"content":"971217490今天的抢劫记录为189   |    剩余抢劫次数为2","timestamp":1778839157532}
{"id":39112,"type":"info","level":2,"name":"签到","meta":{"paths":["lp0hx8"]},"content":"已更新3911816075的抢劫次数和记录","timestamp":1778839173916}
{"id":39145,"type":"success","level":1,"name":"签到","meta":{"paths":["lp0hx8"]},"content":"3911816075抢了971217490的399P点！","timestamp":1778839175205}
{"id":39146,"type":"info","level":2,"name":"签到","meta":{"paths":["lp0hx8"]},"content":"3911816075今天的抢劫记录为399   |    剩余抢劫次数为2","timestamp":1778839175206}
{"id":39405,"type":"success","level":1,"name":"签到","meta":{"paths":["lp0hx8"]},"content":"3911816075抢了1652933285的117P点！","timestamp":1778839230806}
{"id":39406,"type":"info","level":2,"name":"签到","meta":{"paths":["lp0hx8"]},"content":"3911816075今天的抢劫记录为516   |    剩余抢劫次数为1","timestamp":1778839230808}
{"id":39482,"type":"success","level":1,"name":"签到","meta":{"paths":["lp0hx8"]},"content":"3911816075抢了1652933285的236P点！","timestamp":1778839248703}
{"id":39483,"type":"info","level":2,"name":"签到","meta":{"paths":["lp0hx8"]},"content":"3911816075今天的抢劫记录为752   |    剩余抢劫次数为0","timestamp":1778839248704}
{"id":39507,"type":"info","level":2,"name":"抽卡与卡组","meta":{"paths":["lp0hx8"]},"content":"3911816075抽到了一张☆二星★卡，剩余3857P点","timestamp":1778839255420}
{"id":39545,"type":"warn","level":2,"name":"session","meta":{},"content":"Error: Error with request send_group_msg, args: {\"group_id\":1091191330,\"message\":[{\"type\":\"image\",\"data\":{\"file\":\"/root/lezskabot/cards/1/153.png\",\"cache\":0}},{\"type\":\"at\",\"data\":{\"qq\":\"3911816075\"}},{\"type\":\"text\",\"data\":{\"text\":\"☆二星★\\n你还有3457P点\\n也就是8抽。\\n请仔细阅读“抽卡帮助”！\\n此卡已自动存入你卡组的第6位\"}}]}, retcode: 1200\n    at _Internal._get (/root/lezskabot/koishi/koishi-app/node_modules/koishi-plugin-adapter-onebot/lib/index.js:119:11)\n    at process.processTicksAndRejections (node:internal/process/task_queues:95:5)\n    at async _Internal.<computed> [as sendGroupMsg] (/root/lezskabot/koishi/koishi-app/node_modules/koishi-plugin-adapter-onebot/lib/index.js:162:20)\n    at async OneBotMessageEncoder.flush (/root/lezskabot/koishi/koishi-app/node_modules/koishi-plugin-adapter-onebot/lib/index.js:771:338)\n    at async OneBotMessageEncoder.send (/root/lezskabot/koishi/koishi-app/node_modules/@satorijs/core/lib/index.cjs:755:5)\n    at async Proxy.sendMessage (/root/lezskabot/koishi/koishi-app/node_modules/@satorijs/core/lib/index.cjs:487:22)\n    at async _Command.eval (eval at <anonymous> (/root/lezskabot/koishi/koishi-app/node_modules/koishi-plugin-blockly-null/lib/index.js:1:1), <anonymous>:293:21)\n    at async Array.<anonymous> (/root/lezskabot/koishi/koishi-app/node_modules/@koishijs/core/lib/index.cjs:1079:14)\n    at async _Command.execute (/root/lezskabot/koishi/koishi-app/node_modules/@koishijs/core/lib/index.cjs:1093:22)\n    at async /root/lezskabot/koishi/koishi-app/node_modules/@koishijs/core/lib/index.cjs:2049:22","timestamp":1778839268720}
{"id":39551,"type":"info","level":2,"name":"抽卡与卡组","meta":{"paths":["lp0hx8"]},"content":"3911816075抽到了一张☆二星★卡，剩余3457P点","timestamp":1778839268803}
{"id":39585,"type":"success","level":1,"name":"签到","meta":{"paths":["lp0hx8"]},"content":"971217490抢劫3911816075失败！失去了所有P点！","timestamp":1778839283715}
{"id":39586,"type":"info","level":2,"name":"签到","meta":{"paths":["lp0hx8"]},"content":"971217490今天的抢劫记录为-354   |    剩余抢劫次数为1","timestamp":1778839283718}
{"id":39632,"type":"info","level":2,"name":"抽卡与卡组","meta":{"paths":["lp0hx8"]},"content":"3911816075抽到了一张☆二星★卡，剩余3057P点","timestamp":1778839294805}
{"id":39668,"type":"info","level":2,"name":"抽卡与卡组","meta":{"paths":["lp0hx8"]},"content":"3911816075抽到了一张☆二星★卡，剩余2657P点","timestamp":1778839301626}
{"id":39693,"type":"info","level":2,"name":"抽卡与卡组","meta":{"paths":["lp0hx8"]},"content":"3911816075抽到了一张☆二星★卡，剩余2257P点","timestamp":1778839308131}
{"id":39720,"type":"info","level":2,"name":"抽卡与卡组","meta":{"paths":["lp0hx8"]},"content":"3911816075抽到了一张❀三星☄卡，剩余1857P点","timestamp":1778839316702}
{"id":39758,"type":"info","level":2,"name":"抽卡与卡组","meta":{"paths":["lp0hx8"]},"content":"3911816075抽到了一张☆二星★卡，剩余1457P点","timestamp":1778839325135}
{"id":39791,"type":"info","level":2,"name":"抽卡与卡组","meta":{"paths":["lp0hx8"]},"content":"3911816075抽到了一张❀三星☄卡，剩余1057P点","timestamp":1778839335808}
{"id":39816,"type":"info","level":2,"name":"抽卡与卡组","meta":{"paths":["lp0hx8"]},"content":"3911816075抽到了一张❀三星☄卡，剩余657P点","timestamp":1778839350010}
{"id":39890,"type":"info","level":2,"name":"抽卡与卡组","meta":{"paths":["lp0hx8"]},"content":"3911816075抽到了一张☆二星★卡，剩余257P点","timestamp":1778839386134}
{"id":62889,"type":"success","level":1,"name":"抽卡与卡组","meta":{"paths":["lp0hx8"]},"content":"2186790348献祭了：1张二星  2张三星  获得1400P点，当前P点数为43250","timestamp":1778849022438}
{"id":62981,"type":"success","level":1,"name":"抽卡与卡组","meta":{"paths":["lp0hx8"]},"content":"2186790348献祭了：1张二星  1张三星  1张四星  获得2040P点，当前P点数为44090","timestamp":1778849050237}
{"id":63091,"type":"success","level":1,"name":"抽卡与卡组","meta":{"paths":["lp0hx8"]},"content":"2433884076献祭了：5张二星  1张三星  获得1960P点，当前P点数为9785","timestamp":1778849093741}
{"id":63218,"type":"success","level":1,"name":"抽卡与卡组","meta":{"paths":["lp0hx8"]},"content":"2433884076献祭了：5张二星  1张四星  获得2600P点，当前P点数为9985","timestamp":1778849129436}
{"id":63307,"type":"success","level":1,"name":"抽卡与卡组","meta":{"paths":["lp0hx8"]},"content":"2433884076献祭了：4张二星  2张三星  获得2240P点，当前P点数为9825","timestamp":1778849142169}
{"id":63395,"type":"success","level":1,"name":"抽卡与卡组","meta":{"paths":["lp0hx8"]},"content":"2433884076献祭了：4张二星  1张三星  1张四星  获得2880P点，当前P点数为10305","timestamp":1778849170039}
{"id":63474,"type":"error","level":1,"name":"签到","meta":{"paths":["lp0hx8"]},"content":"2433884076签到失败！原因：该用户已经签到","timestamp":1778849186042}
{"id":63530,"type":"success","level":1,"name":"抽卡与卡组","meta":{"paths":["lp0hx8"]},"content":"2186790348献祭了：1张二星  2张三星  获得1400P点，当前P点数为44290","timestamp":1778849196555}
{"id":63534,"type":"success","level":1,"name":"签到","meta":{"paths":["lp0hx8"]},"content":"3633026539完成了一次签到！","timestamp":1778849197355}
{"id":63537,"type":"success","level":1,"name":"抽卡与卡组","meta":{"paths":["lp0hx8"]},"content":"2433884076献祭了：2张二星  4张三星  获得2800P点，当前P点数为10705","timestamp":1778849197450}
{"id":63604,"type":"success","level":1,"name":"抽卡与卡组","meta":{"paths":["lp0hx8"]},"content":"2186790348献祭了：1张二星  2张三星  获得1400P点，当前P点数为44490","timestamp":1778849204647}
{"id":63645,"type":"success","level":1,"name":"抽卡与卡组","meta":{"paths":["lp0hx8"]},"content":"2433884076献祭了：4张二星  2张三星  获得2240P点，当前P点数为10545","timestamp":1778849209865}
{"id":63727,"type":"info","level":2,"name":"抽卡与卡组","meta":{"paths":["lp0hx8"]},"content":"3633026539抽到了一张☆二星★卡，剩余2893P点","timestamp":1778849217354}
{"id":63730,"type":"success","level":1,"name":"抽卡与卡组","meta":{"paths":["lp0hx8"]},"content":"2433884076献祭了：4张二星  2张三星  获得2240P点，当前P点数为10385","timestamp":1778849217450}
{"id":63792,"type":"success","level":1,"name":"抽卡与卡组","meta":{"paths":["lp0hx8"]},"content":"2186790348献祭了：2张二星  1张四星  获得1760P点，当前P点数为45050","timestamp":1778849225264}
{"id":63828,"type":"info","level":2,"name":"抽卡与卡组","meta":{"paths":["lp0hx8"]},"content":"3633026539抽到了一张☆二星★卡，剩余2493P点","timestamp":1778849234736}
{"id":64009,"type":"info","level":2,"name":"抽卡与卡组","meta":{"paths":["lp0hx8"]},"content":"2186790348抽到了一张☆二星★卡，剩余44650P点","timestamp":1778849351731}
{"id":64100,"type":"success","level":1,"name":"抽卡与卡组","meta":{"paths":["lp0hx8"]},"content":"2186790348献祭了：2张二星  1张三星  获得1120P点，当前P点数为44970","timestamp":1778849369149}
{"id":64165,"type":"success","level":1,"name":"抽卡与卡组","meta":{"paths":["lp0hx8"]},"content":"2186790348献祭了：2张二星  1张三星  获得1120P点，当前P点数为44890","timestamp":1778849377939}
{"id":64220,"type":"success","level":1,"name":"抽卡与卡组","meta":{"paths":["lp0hx8"]},"content":"2186790348献祭了：1张二星  2张三星  获得1400P点，当前P点数为45090","timestamp":1778849386241}
{"id":64283,"type":"success","level":1,"name":"抽卡与卡组","meta":{"paths":["lp0hx8"]},"content":"2186790348献祭了：3张二星  获得840P点，当前P点数为44730","timestamp":1778849393949}
{"id":64577,"type":"success","level":1,"name":"抽卡与卡组","meta":{"paths":["lp0hx8"]},"content":"2186790348献祭了：2张二星  1张三星  获得1120P点，当前P点数为44650","timestamp":1778849448958}
{"id":64655,"type":"success","level":1,"name":"抽卡与卡组","meta":{"paths":["lp0hx8"]},"content":"2186790348献祭了：1张二星  2张三星  获得1400P点，当前P点数为44850","timestamp":1778849458832}
{"id":64849,"type":"success","level":1,"name":"抽卡与卡组","meta":{"paths":["lp0hx8"]},"content":"2186790348献祭了：3张二星  获得840P点，当前P点数为44490","timestamp":1778849510540}
{"id":64944,"type":"success","level":1,"name":"抽卡与卡组","meta":{"paths":["lp0hx8"]},"content":"2186790348献祭了：3张二星  获得840P点，当前P点数为44130","timestamp":1778849523151}
{"id":65010,"type":"success","level":1,"name":"抽卡与卡组","meta":{"paths":["lp0hx8"]},"content":"2186790348献祭了：2张二星  1张三星  获得1120P点，当前P点数为44050","timestamp":1778849530233}
{"id":65093,"type":"success","level":1,"name":"抽卡与卡组","meta":{"paths":["lp0hx8"]},"content":"2186790348献祭了：2张二星  1张三星  获得1120P点，当前P点数为43970","timestamp":1778849538239}
{"id":65162,"type":"success","level":1,"name":"抽卡与卡组","meta":{"paths":["lp0hx8"]},"content":"2186790348献祭了：2张二星  1张三星  获得1120P点，当前P点数为43890","timestamp":1778849546035}
{"id":65197,"type":"error","level":1,"name":"签到","meta":{"paths":["lp0hx8"]},"content":"2188730297抢劫失败！该用户今天抢劫次数已用完","timestamp":1778849550038}
{"id":65224,"type":"success","level":1,"name":"抽卡与卡组","meta":{"paths":["lp0hx8"]},"content":"2186790348献祭了：1张二星  2张三星  获得1400P点，当前P点数为44090","timestamp":1778849552436}
{"id":65694,"type":"success","level":1,"name":"抽卡与卡组","meta":{"paths":["lp0hx8"]},"content":"2186790348献祭了：1张二星  2张四星  获得2680P点，当前P点数为45570","timestamp":1778849676732}
{"id":65772,"type":"success","level":1,"name":"抽卡与卡组","meta":{"paths":["lp0hx8"]},"content":"2186790348献祭了：2张二星  1张四星  获得1760P点，当前P点数为46130","timestamp":1778849698341}
{"id":65859,"type":"success","level":1,"name":"抽卡与卡组","meta":{"paths":["lp0hx8"]},"content":"2186790348献祭了：3张二星  获得840P点，当前P点数为45770","timestamp":1778849716858}
{"id":65908,"type":"success","level":1,"name":"抽卡与卡组","meta":{"paths":["lp0hx8"]},"content":"2186790348献祭了：3张二星  获得840P点，当前P点数为45410","timestamp":1778849725533}
{"id":65950,"type":"success","level":1,"name":"抽卡与卡组","meta":{"paths":["lp0hx8"]},"content":"2186790348献祭了：3张三星  获得1680P点，当前P点数为45890","timestamp":1778849733054}
{"id":65991,"type":"success","level":1,"name":"抽卡与卡组","meta":{"paths":["lp0hx8"]},"content":"2186790348献祭了：3张二星  获得840P点，当前P点数为45530","timestamp":1778849739939}
{"id":66033,"type":"success","level":1,"name":"抽卡与卡组","meta":{"paths":["lp0hx8"]},"content":"2186790348献祭了：2张二星  1张三星  获得1120P点，当前P点数为45450","timestamp":1778849747866}
{"id":66113,"type":"success","level":1,"name":"抽卡与卡组","meta":{"paths":["lp0hx8"]},"content":"2186790348献祭了：2张二星  1张四星  获得1760P点，当前P点数为46010","timestamp":1778849768038}
{"id":66190,"type":"success","level":1,"name":"抽卡与卡组","meta":{"paths":["lp0hx8"]},"content":"2186790348献祭了：2张二星  1张三星  获得1120P点，当前P点数为45930","timestamp":1778849775536}
{"id":66264,"type":"success","level":1,"name":"抽卡与卡组","meta":{"paths":["lp0hx8"]},"content":"2186790348献祭了：2张二星  1张三星  获得1120P点，当前P点数为45850","timestamp":1778849787863}
{"id":66325,"type":"success","level":1,"name":"抽卡与卡组","meta":{"paths":["lp0hx8"]},"content":"2186790348献祭了：3张二星  获得840P点，当前P点数为45490","timestamp":1778849796361}
{"id":66366,"type":"success","level":1,"name":"抽卡与卡组","meta":{"paths":["lp0hx8"]},"content":"2186790348献祭了：3张二星  获得840P点，当前P点数为45130","timestamp":1778849803939}
{"id":66440,"type":"success","level":1,"name":"抽卡与卡组","meta":{"paths":["lp0hx8"]},"content":"2186790348献祭了：1张二星  1张三星  1张FES  获得2840P点，当前P点数为46770","timestamp":1778849835058}
{"id":66481,"type":"success","level":1,"name":"抽卡与卡组","meta":{"paths":["lp0hx8"]},"content":"2186790348献祭了：2张二星  1张三星  获得1120P点，当前P点数为46690","timestamp":1778849843039}
{"id":66546,"type":"success","level":1,"name":"抽卡与卡组","meta":{"paths":["lp0hx8"]},"content":"2186790348献祭了：3张二星  获得840P点，当前P点数为46330","timestamp":1778849850958}
{"id":66617,"type":"success","level":1,"name":"抽卡与卡组","meta":{"paths":["lp0hx8"]},"content":"2186790348献祭了：2张二星  1张三星  获得1120P点，当前P点数为46250","timestamp":1778849858933}
{"id":66670,"type":"success","level":1,"name":"抽卡与卡组","meta":{"paths":["lp0hx8"]},"content":"2186790348献祭了：3张三星  获得1680P点，当前P点数为46730","timestamp":1778849865636}
{"id":66723,"type":"success","level":1,"name":"抽卡与卡组","meta":{"paths":["lp0hx8"]},"content":"2186790348献祭了：3张二星  获得840P点，当前P点数为46370","timestamp":1778849872448}
{"id":66799,"type":"success","level":1,"name":"抽卡与卡组","meta":{"paths":["lp0hx8"]},"content":"2186790348献祭了：3张二星  获得840P点，当前P点数为46010","timestamp":1778849890856}
{"id":66927,"type":"success","level":1,"name":"抽卡与卡组","meta":{"paths":["lp0hx8"]},"content":"2186790348献祭了：3张二星  获得840P点，当前P点数为45650","timestamp":1778849930739}
{"id":66968,"type":"success","level":1,"name":"抽卡与卡组","meta":{"paths":["lp0hx8"]},"content":"2186790348献祭了：3张二星  获得840P点，当前P点数为45290","timestamp":1778849941751}
{"id":67299,"type":"success","level":1,"name":"抽卡与卡组","meta":{"paths":["lp0hx8"]},"content":"2186790348献祭了：2张二星  1张四星  获得1760P点，当前P点数为45850","timestamp":1778850044830}
{"id":67346,"type":"success","level":1,"name":"抽卡与卡组","meta":{"paths":["lp0hx8"]},"content":"2186790348献祭了：2张二星  1张三星  获得1120P点，当前P点数为45770","timestamp":1778850052260}
{"id":67394,"type":"success","level":1,"name":"抽卡与卡组","meta":{"paths":["lp0hx8"]},"content":"2186790348献祭了：2张二星  1张三星  获得1120P点，当前P点数为45690","timestamp":1778850059336}
{"id":67442,"type":"success","level":1,"name":"抽卡与卡组","meta":{"paths":["lp0hx8"]},"content":"2186790348献祭了：1张二星  2张三星  获得1400P点，当前P点数为45890","timestamp":1778850065942}
{"id":67510,"type":"success","level":1,"name":"抽卡与卡组","meta":{"paths":["lp0hx8"]},"content":"2186790348献祭了：3张二星  获得840P点，当前P点数为45530","timestamp":1778850072260}
{"id":67552,"type":"success","level":1,"name":"抽卡与卡组","meta":{"paths":["lp0hx8"]},"content":"2186790348献祭了：2张二星  1张三星  获得1120P点，当前P点数为45450","timestamp":1778850079470}
{"id":67710,"type":"success","level":1,"name":"抽卡与卡组","meta":{"paths":["lp0hx8"]},"content":"2186790348献祭了：3张二星  获得840P点，当前P点数为45090","timestamp":1778850114366}
{"id":67769,"type":"success","level":1,"name":"抽卡与卡组","meta":{"paths":["lp0hx8"]},"content":"2186790348献祭了：2张二星  1张三星  获得1120P点，当前P点数为45010","timestamp":1778850122136}
{"id":67864,"type":"success","level":1,"name":"抽卡与卡组","meta":{"paths":["lp0hx8"]},"content":"2186790348献祭了：3张三星  获得1680P点，当前P点数为45490","timestamp":1778850133963}
{"id":67929,"type":"success","level":1,"name":"抽卡与卡组","meta":{"paths":["lp0hx8"]},"content":"2186790348献祭了：3张二星  获得840P点，当前P点数为45130","timestamp":1778850141562}
{"id":68032,"type":"success","level":1,"name":"抽卡与卡组","meta":{"paths":["lp0hx8"]},"content":"2186790348献祭了：3张二星  获得840P点，当前P点数为44770","timestamp":1778850152333}
{"id":68109,"type":"success","level":1,"name":"抽卡与卡组","meta":{"paths":["lp0hx8"]},"content":"2186790348献祭了：2张二星  1张三星  获得1120P点，当前P点数为44690","timestamp":1778850162131}
{"id":68185,"type":"success","level":1,"name":"抽卡与卡组","meta":{"paths":["lp0hx8"]},"content":"2186790348献祭了：3张二星  获得840P点，当前P点数为44330","timestamp":1778850171336}
{"id":68233,"type":"success","level":1,"name":"抽卡与卡组","meta":{"paths":["lp0hx8"]},"content":"2186790348献祭了：2张二星  1张三星  获得1120P点，当前P点数为44250","timestamp":1778850179857}
{"id":68302,"type":"success","level":1,"name":"抽卡与卡组","meta":{"paths":["lp0hx8"]},"content":"2186790348献祭了：2张二星  1张三星  获得1120P点，当前P点数为44170","timestamp":1778850188369}
{"id":68350,"type":"success","level":1,"name":"抽卡与卡组","meta":{"paths":["lp0hx8"]},"content":"2186790348献祭了：2张二星  1张三星  获得1120P点，当前P点数为44090","timestamp":1778850195550}
{"id":68398,"type":"success","level":1,"name":"抽卡与卡组","meta":{"paths":["lp0hx8"]},"content":"2186790348献祭了：2张二星  1张三星  获得1120P点，当前P点数为44010","timestamp":1778850203036}
{"id":68448,"type":"success","level":1,"name":"抽卡与卡组","meta":{"paths":["lp0hx8"]},"content":"2186790348献祭了：2张二星  1张三星  获得1120P点，当前P点数为43930","timestamp":1778850210342}
{"id":68511,"type":"success","level":1,"name":"抽卡与卡组","meta":{"paths":["lp0hx8"]},"content":"2186790348献祭了：1张二星  2张三星  获得1400P点，当前P点数为44130","timestamp":1778850219273}
{"id":68702,"type":"success","level":1,"name":"抽卡与卡组","meta":{"paths":["lp0hx8"]},"content":"2186790348献祭了：3张二星  获得840P点，当前P点数为43770","timestamp":1778850251936}
{"id":68749,"type":"success","level":1,"name":"抽卡与卡组","meta":{"paths":["lp0hx8"]},"content":"2186790348献祭了：1张二星  2张三星  获得1400P点，当前P点数为43970","timestamp":1778850258861}
{"id":68816,"type":"success","level":1,"name":"抽卡与卡组","meta":{"paths":["lp0hx8"]},"content":"2186790348献祭了：2张二星  1张三星  获得1120P点，当前P点数为43890","timestamp":1778850265857}
{"id":68863,"type":"success","level":1,"name":"抽卡与卡组","meta":{"paths":["lp0hx8"]},"content":"2186790348献祭了：3张二星  获得840P点，当前P点数为43530","timestamp":1778850272033}
{"id":68973,"type":"success","level":1,"name":"抽卡与卡组","meta":{"paths":["lp0hx8"]},"content":"2186790348献祭了：3张二星  获得840P点，当前P点数为43170","timestamp":1778850284553}
{"id":69046,"type":"success","level":1,"name":"抽卡与卡组","meta":{"paths":["lp0hx8"]},"content":"2186790348献祭了：3张二星  获得840P点，当前P点数为42810","timestamp":1778850291751}
{"id":69101,"type":"success","level":1,"name":"抽卡与卡组","meta":{"paths":["lp0hx8"]},"content":"2186790348献祭了：2张二星  1张三星  获得1120P点，当前P点数为42730","timestamp":1778850300234}
{"id":69248,"type":"success","level":1,"name":"抽卡与卡组","meta":{"paths":["lp0hx8"]},"content":"2186790348献祭了：2张二星  1张三星  获得1120P点，当前P点数为42650","timestamp":1778850317533}
{"id":69312,"type":"success","level":1,"name":"抽卡与卡组","meta":{"paths":["lp0hx8"]},"content":"2186790348献祭了：2张二星  1张三星  获得1120P点，当前P点数为42570","timestamp":1778850324836}
{"id":69393,"type":"success","level":1,"name":"抽卡与卡组","meta":{"paths":["lp0hx8"]},"content":"2186790348献祭了：1张二星  2张三星  获得1400P点，当前P点数为42770","timestamp":1778850332361}
{"id":69453,"type":"success","level":1,"name":"抽卡与卡组","meta":{"paths":["lp0hx8"]},"content":"2186790348献祭了：2张二星  1张三星  获得1120P点，当前P点数为42690","timestamp":1778850339048}
{"id":69526,"type":"success","level":1,"name":"抽卡与卡组","meta":{"paths":["lp0hx8"]},"content":"2186790348献祭了：3张二星  获得840P点，当前P点数为42330","timestamp":1778850348539}
{"id":69579,"type":"success","level":1,"name":"抽卡与卡组","meta":{"paths":["lp0hx8"]},"content":"2186790348献祭了：3张二星  获得840P点，当前P点数为41970","timestamp":1778850355759}
{"id":69646,"type":"success","level":1,"name":"抽卡与卡组","meta":{"paths":["lp0hx8"]},"content":"2186790348献祭了：2张二星  1张三星  获得1120P点，当前P点数为41890","timestamp":1778850363030}
{"id":69728,"type":"success","level":1,"name":"抽卡与卡组","meta":{"paths":["lp0hx8"]},"content":"2186790348献祭了：2张二星  1张三星  获得1120P点，当前P点数为41810","timestamp":1778850369351}
{"id":69799,"type":"success","level":1,"name":"抽卡与卡组","meta":{"paths":["lp0hx8"]},"content":"2186790348献祭了：2张二星  1张三星  获得1120P点，当前P点数为41730","timestamp":1778850377935}
{"id":69946,"type":"success","level":1,"name":"抽卡与卡组","meta":{"paths":["lp0hx8"]},"content":"2186790348献祭了：1张二星  1张四星  1张FES  获得3480P点，当前P点数为44010","timestamp":1778850402729}
{"id":70021,"type":"success","level":1,"name":"抽卡与卡组","meta":{"paths":["lp0hx8"]},"content":"2186790348献祭了：3张二星  获得840P点，当前P点数为43650","timestamp":1778850410158}
{"id":70170,"type":"success","level":1,"name":"抽卡与卡组","meta":{"paths":["lp0hx8"]},"content":"2186790348献祭了：2张二星  1张四星  获得1760P点，当前P点数为44210","timestamp":1778850428965}
{"id":70569,"type":"success","level":1,"name":"抽卡与卡组","meta":{"paths":["lp0hx8"]},"content":"3633026539献祭了：3张二星  获得840P点，当前P点数为933","timestamp":1778850568535}
{"id":70635,"type":"success","level":1,"name":"抽卡与卡组","meta":{"paths":["lp0hx8"]},"content":"2186790348献祭了：1张二星  1张三星  1张四星  获得2040P点，当前P点数为45050","timestamp":1778850597761}
{"id":70699,"type":"success","level":1,"name":"抽卡与卡组","meta":{"paths":["lp0hx8"]},"content":"2186790348献祭了：1张二星  2张三星  获得1400P点，当前P点数为45250","timestamp":1778850604637}
{"id":70754,"type":"error","level":1,"name":"签到","meta":{"paths":["lp0hx8"]},"content":"986054920签到失败！原因：该用户已经签到","timestamp":1778850614661}
{"id":70765,"type":"success","level":1,"name":"抽卡与卡组","meta":{"paths":["lp0hx8"]},"content":"2186790348献祭了：1张二星  2张三星  获得1400P点，当前P点数为45450","timestamp":1778850618835}
{"id":85978,"type":"success","level":1,"name":"签到","meta":{"paths":["lp0hx8"]},"content":"1012113121完成了一次签到！","timestamp":1778860812444}
{"id":86304,"type":"success","level":1,"name":"签到","meta":{"paths":["lp0hx8"]},"content":"2334828455完成了一次签到！","timestamp":1778860920267}
{"id":86610,"type":"success","level":1,"name":"签到","meta":{"paths":["lp0hx8"]},"content":"2628075910完成了一次签到！","timestamp":1778861112727}
{"id":86643,"type":"success","level":1,"name":"签到","meta":{"paths":["lp0hx8"]},"content":"2085287779完成了一次签到！","timestamp":1778861118633}
{"id":86677,"type":"info","level":2,"name":"签到","meta":{"paths":["lp0hx8"]},"content":"已更新2085287779的抢劫次数和记录","timestamp":1778861128428}
{"id":86704,"type":"success","level":1,"name":"签到","meta":{"paths":["lp0hx8"]},"content":"2085287779抢了2628075910的388P点！","timestamp":1778861128932}
{"id":86705,"type":"info","level":2,"name":"签到","meta":{"paths":["lp0hx8"]},"content":"2085287779今天的抢劫记录为388   |    剩余抢劫次数为2","timestamp":1778861128933}
{"id":86810,"type":"success","level":1,"name":"签到","meta":{"paths":["lp0hx8"]},"content":"3633026539完成了一次签到！","timestamp":1778861163540}
{"id":86827,"type":"info","level":2,"name":"签到","meta":{"paths":["lp0hx8"]},"content":"已更新2628075910的抢劫次数和记录","timestamp":1778861166716}
{"id":86848,"type":"success","level":1,"name":"签到","meta":{"paths":["lp0hx8"]},"content":"2628075910抢了2085287779的498P点！","timestamp":1778861167151}
{"id":86849,"type":"info","level":2,"name":"签到","meta":{"paths":["lp0hx8"]},"content":"2628075910今天的抢劫记录为498   |    剩余抢劫次数为2","timestamp":1778861167153}
{"id":86902,"type":"success","level":1,"name":"签到","meta":{"paths":["lp0hx8"]},"content":"2085287779抢了2628075910的331P点！","timestamp":1778861178737}
{"id":86903,"type":"info","level":2,"name":"签到","meta":{"paths":["lp0hx8"]},"content":"2085287779今天的抢劫记录为-6135   |    剩余抢劫次数为1","timestamp":1778861178739}
{"id":86983,"type":"success","level":1,"name":"签到","meta":{"paths":["lp0hx8"]},"content":"2628075910抢劫2085287779失败！失去了227P点！","timestamp":1778861190642}
{"id":86984,"type":"info","level":2,"name":"签到","meta":{"paths":["lp0hx8"]},"content":"2628075910今天的抢劫记录为-46642   |    剩余抢劫次数为1","timestamp":1778861190644}
{"id":87134,"type":"success","level":1,"name":"签到","meta":{"paths":["lp0hx8"]},"content":"3997019972完成了一次签到！","timestamp":1778861235632}
{"id":87836,"type":"success","level":1,"name":"抽卡与卡组","meta":{"paths":["lp0hx8"]},"content":"2085287779献祭了：2张二星  1张三星  获得1120P点，当前P点数为7807","timestamp":1778861513329}
{"id":87873,"type":"success","level":1,"name":"签到","meta":{"paths":["lp0hx8"]},"content":"1652933285完成了一次签到！","timestamp":1778861521028}
{"id":87953,"type":"success","level":1,"name":"签到","meta":{"paths":["lp0hx8"]},"content":"3980423768完成了一次签到！","timestamp":1778861535832}
{"id":88043,"type":"info","level":2,"name":"抽卡与卡组","meta":{"paths":["lp0hx8"]},"content":"1569181511抽到了一张❀三星☄卡，剩余8P点","timestamp":1778861548318}
{"id":88156,"type":"success","level":1,"name":"签到","meta":{"paths":["lp0hx8"]},"content":"1569181511完成了一次签到！","timestamp":1778861560027}
{"id":88187,"type":"warn","level":2,"name":"session","meta":{},"content":"Error: Error with request send_group_msg, args: {\"group_id\":1091191330,\"message\":[{\"type\":\"image\",\"data\":{\"file\":\"/root/lezskabot/cards/1/202.png\",\"cache\":0}},{\"type\":\"at\",\"data\":{\"qq\":\"1569181511\"}},{\"type\":\"text\",\"data\":{\"text\":\"☆二星★\\n此卡在你手中，请手动加入卡组\\n你还有1967P点\\n也就是4抽。\\n请仔细阅读“抽卡帮助”！\"}}]}, retcode: 1200\n    at _Internal._get (/root/lezskabot/koishi/koishi-app/node_modules/koishi-plugin-adapter-onebot/lib/index.js:119:11)\n    at process.processTicksAndRejections (node:internal/process/task_queues:95:5)\n    at async _Internal.<computed> [as sendGroupMsg] (/root/lezskabot/koishi/koishi-app/node_modules/koishi-plugin-adapter-onebot/lib/index.js:162:20)\n    at async OneBotMessageEncoder.flush (/root/lezskabot/koishi/koishi-app/node_modules/koishi-plugin-adapter-onebot/lib/index.js:771:338)\n    at async OneBotMessageEncoder.send (/root/lezskabot/koishi/koishi-app/node_modules/@satorijs/core/lib/index.cjs:755:5)\n    at async Proxy.sendMessage (/root/lezskabot/koishi/koishi-app/node_modules/@satorijs/core/lib/index.cjs:487:22)\n    at async _Command.eval (eval at <anonymous> (/root/lezskabot/koishi/koishi-app/node_modules/koishi-plugin-blockly-null/lib/index.js:1:1), <anonymous>:302:15)\n    at async Array.<anonymous> (/root/lezskabot/koishi/koishi-app/node_modules/@koishijs/core/lib/index.cjs:1079:14)\n    at async _Command.execute (/root/lezskabot/koishi/koishi-app/node_modules/@koishijs/core/lib/index.cjs:1093:22)\n    at async /root/lezskabot/koishi/koishi-app/node_modules/@koishijs/core/lib/index.cjs:2049:22","timestamp":1778861565315}
{"id":88189,"type":"info","level":2,"name":"抽卡与卡组","meta":{"paths":["lp0hx8"]},"content":"1569181511抽到了一张☆二星★卡，剩余1967P点","timestamp":1778861565324}
{"id":88205,"type":"info","level":2,"name":"签到","meta":{"paths":["lp0hx8"]},"content":"已更新3980423768的抢劫次数和记录","timestamp":1778861565541}
{"id":88226,"type":"warn","level":2,"name":"session","meta":{},"content":"Error: Error with request send_group_msg, args: {\"group_id\":1091191330,\"message\":[{\"type\":\"at\",\"data\":{\"qq\":\"3980423768\"}},{\"type\":\"text\",\"data\":{\"text\":\"   恭喜你从对方手里抢到454P点！\\n你现在有767P点\\n对方还剩1513P点\\n你还剩2次抢P点次数！\"}}]}, retcode: 1200\n    at _Internal._get (/root/lezskabot/koishi/koishi-app/node_modules/koishi-plugin-adapter-onebot/lib/index.js:119:11)\n    at process.processTicksAndRejections (node:internal/process/task_queues:95:5)\n    at async _Internal.<computed> [as sendGroupMsg] (/root/lezskabot/koishi/koishi-app/node_modules/koishi-plugin-adapter-onebot/lib/index.js:162:20)\n    at async OneBotMessageEncoder.flush (/root/lezskabot/koishi/koishi-app/node_modules/koishi-plugin-adapter-onebot/lib/index.js:771:338)\n    at async OneBotMessageEncoder.send (/root/lezskabot/koishi/koishi-app/node_modules/@satorijs/core/lib/index.cjs:755:5)\n    at async Proxy.sendMessage (/root/lezskabot/koishi/koishi-app/node_modules/@satorijs/core/lib/index.cjs:487:22)\n    at async _Command.eval (eval at <anonymous> (/root/lezskabot/koishi/koishi-app/node_modules/koishi-plugin-blockly-null/lib/index.js:1:1), <anonymous>:306:29)\n    at async Array.<anonymous> (/root/lezskabot/koishi/koishi-app/node_modules/@koishijs/core/lib/index.cjs:1079:14)\n    at async _Command.execute (/root/lezskabot/koishi/koishi-app/node_modules/@koishijs/core/lib/index.cjs:1093:22)\n    at async /root/lezskabot/koishi/koishi-app/node_modules/@koishijs/core/lib/index.cjs:2049:22","timestamp":1778861566039}
{"id":88227,"type":"success","level":1,"name":"签到","meta":{"paths":["lp0hx8"]},"content":"3980423768抢了1569181511的454P点！","timestamp":1778861566041}
{"id":88228,"type":"info","level":2,"name":"签到","meta":{"paths":["lp0hx8"]},"content":"3980423768今天的抢劫记录为454   |    剩余抢劫次数为2","timestamp":1778861566042}
{"id":88247,"type":"info","level":2,"name":"抽卡与卡组","meta":{"paths":["lp0hx8"]},"content":"2628075910抽到了一张♔♕四星(?)♕♔卡，剩余40755P点","timestamp":1778861567633}
{"id":88288,"type":"warn","level":2,"name":"session","meta":{},"content":"Error: Error with request send_group_msg, args: {\"group_id\":1091191330,\"message\":[{\"type\":\"at\",\"data\":{\"qq\":\"1296434423\"}},{\"type\":\"text\",\"data\":{\"text\":\"签到成功！你收到了2499P点！ 现在你已经有2750P点力！\\nP点可用来抽卡（见“抽卡帮助”）\"}}]}, retcode: 1200\n    at _Internal._get (/root/lezskabot/koishi/koishi-app/node_modules/koishi-plugin-adapter-onebot/lib/index.js:119:11)\n    at process.processTicksAndRejections (node:internal/process/task_queues:95:5)\n    at async _Internal.<computed> [as sendGroupMsg] (/root/lezskabot/koishi/koishi-app/node_modules/koishi-plugin-adapter-onebot/lib/index.js:162:20)\n    at async OneBotMessageEncoder.flush (/root/lezskabot/koishi/koishi-app/node_modules/koishi-plugin-adapter-onebot/lib/index.js:771:338)\n    at async OneBotMessageEncoder.send (/root/lezskabot/koishi/koishi-app/node_modules/@satorijs/core/lib/index.cjs:755:5)\n    at async Proxy.sendMessage (/root/lezskabot/koishi/koishi-app/node_modules/@satorijs/core/lib/index.cjs:487:22)\n    at async _Command.eval (eval at <anonymous> (/root/lezskabot/koishi/koishi-app/node_modules/koishi-plugin-blockly-null/lib/index.js:1:1), <anonymous>:372:19)\n    at async Array.<anonymous> (/root/lezskabot/koishi/koishi-app/node_modules/@koishijs/core/lib/index.cjs:1079:14)\n    at async _Command.execute (/root/lezskabot/koishi/koishi-app/node_modules/@koishijs/core/lib/index.cjs:1093:22)\n    at async /root/lezskabot/koishi/koishi-app/node_modules/@koishijs/core/lib/index.cjs:2049:22","timestamp":1778861569434}
{"id":88291,"type":"success","level":1,"name":"签到","meta":{"paths":["lp0hx8"]},"content":"1296434423完成了一次签到！","timestamp":1778861569447}
{"id":88305,"type":"warn","level":2,"name":"session","meta":{},"content":"Error: Error with request send_group_msg, args: {\"group_id\":1091191330,\"message\":[{\"type\":\"image\",\"data\":{\"file\":\"/root/lezskabot/cards/1/107.png\",\"cache\":0}},{\"type\":\"at\",\"data\":{\"qq\":\"3980423768\"}},{\"type\":\"text\",\"data\":{\"text\":\"☆二星★\\n此卡在你手中，请手动加入卡组\\n你还有367P点\\n也就是0抽。\\n请仔细阅读“抽卡帮助”！\"}}]}, retcode: 1200\n    at _Internal._get (/root/lezskabot/koishi/koishi-app/node_modules/koishi-plugin-adapter-onebot/lib/index.js:119:11)\n    at process.processTicksAndRejections (node:internal/process/task_queues:95:5)\n    at async _Internal.<computed> [as sendGroupMsg] (/root/lezskabot/koishi/koishi-app/node_modules/koishi-plugin-adapter-onebot/lib/index.js:162:20)\n    at async OneBotMessageEncoder.flush (/root/lezskabot/koishi/koishi-app/node_modules/koishi-plugin-adapter-onebot/lib/index.js:771:338)\n    at async OneBotMessageEncoder.send (/root/lezskabot/koishi/koishi-app/node_modules/@satorijs/core/lib/index.cjs:755:5)\n    at async Proxy.sendMessage (/root/lezskabot/koishi/koishi-app/node_modules/@satorijs/core/lib/index.cjs:487:22)\n    at async _Command.eval (eval at <anonymous> (/root/lezskabot/koishi/koishi-app/node_modules/koishi-plugin-blockly-null/lib/index.js:1:1), <anonymous>:302:15)\n    at async Array.<anonymous> (/root/lezskabot/koishi/koishi-app/node_modules/@koishijs/core/lib/index.cjs:1079:14)\n    at async _Command.execute (/root/lezskabot/koishi/koishi-app/node_modules/@koishijs/core/lib/index.cjs:1093:22)\n    at async /root/lezskabot/koishi/koishi-app/node_modules/@koishijs/core/lib/index.cjs:2049:22","timestamp":1778861570632}
{"id":88307,"type":"info","level":2,"name":"抽卡与卡组","meta":{"paths":["lp0hx8"]},"content":"3980423768抽到了一张☆二星★卡，剩余367P点","timestamp":1778861570638}
{"id":88339,"type":"info","level":2,"name":"签到","meta":{"paths":["lp0hx8"]},"content":"已更新1569181511的抢劫次数和记录","timestamp":1778861575229}
{"id":88360,"type":"warn","level":2,"name":"session","meta":{},"content":"Error: Error with request send_group_msg, args: {\"group_id\":1091191330,\"message\":[{\"type\":\"at\",\"data\":{\"qq\":\"1569181511\"}},{\"type\":\"text\",\"data\":{\"text\":\"   恭喜你从对方手里抢到309P点！\\n你现在有1822P点\\n对方还剩58P点\\n你还剩2次抢P点次数！\"}}]}, retcode: 1200\n    at _Internal._get (/root/lezskabot/koishi/koishi-app/node_modules/koishi-plugin-adapter-onebot/lib/index.js:119:11)\n    at process.processTicksAndRejections (node:internal/process/task_queues:95:5)\n    at async _Internal.<computed> [as sendGroupMsg] (/root/lezskabot/koishi/koishi-app/node_modules/koishi-plugin-adapter-onebot/lib/index.js:162:20)\n    at async OneBotMessageEncoder.flush (/root/lezskabot/koishi/koishi-app/node_modules/koishi-plugin-adapter-onebot/lib/index.js:771:338)\n    at async OneBotMessageEncoder.send (/root/lezskabot/koishi/koishi-app/node_modules/@satorijs/core/lib/index.cjs:755:5)\n    at async Proxy.sendMessage (/root/lezskabot/koishi/koishi-app/node_modules/@satorijs/core/lib/index.cjs:487:22)\n    at async _Command.eval (eval at <anonymous> (/root/lezskabot/koishi/koishi-app/node_modules/koishi-plugin-blockly-null/lib/index.js:1:1), <anonymous>:306:29)\n    at async Array.<anonymous> (/root/lezskabot/koishi/koishi-app/node_modules/@koishijs/core/lib/index.cjs:1079:14)\n    at async _Command.execute (/root/lezskabot/koishi/koishi-app/node_modules/@koishijs/core/lib/index.cjs:1093:22)\n    at async /root/lezskabot/koishi/koishi-app/node_modules/@koishijs/core/lib/index.cjs:2049:22","timestamp":1778861575830}
{"id":88361,"type":"success","level":1,"name":"签到","meta":{"paths":["lp0hx8"]},"content":"1569181511抢了3980423768的309P点！","timestamp":1778861575833}
{"id":88362,"type":"info","level":2,"name":"签到","meta":{"paths":["lp0hx8"]},"content":"1569181511今天的抢劫记录为309   |    剩余抢劫次数为2","timestamp":1778861575834}
{"id":88385,"type":"warn","level":2,"name":"session","meta":{},"content":"Error: Error with request send_group_msg, args: {\"group_id\":1091191330,\"message\":[{\"type\":\"text\",\"data\":{\"text\":\"输入要献祭的卡在卡组中的位置，用空格隔开（可献祭3~8张卡）\"}}]}, retcode: 1200\n    at _Internal._get (/root/lezskabot/koishi/koishi-app/node_modules/koishi-plugin-adapter-onebot/lib/index.js:119:11)\n    at process.processTicksAndRejections (node:internal/process/task_queues:95:5)\n    at async _Internal.<computed> [as sendGroupMsg] (/root/lezskabot/koishi/koishi-app/node_modules/koishi-plugin-adapter-onebot/lib/index.js:162:20)\n    at async OneBotMessageEncoder.flush (/root/lezskabot/koishi/koishi-app/node_modules/koishi-plugin-adapter-onebot/lib/index.js:771:338)\n    at async OneBotMessageEncoder.send (/root/lezskabot/koishi/koishi-app/node_modules/@satorijs/core/lib/index.cjs:755:5)\n    at async Proxy.sendMessage (/root/lezskabot/koishi/koishi-app/node_modules/@satorijs/core/lib/index.cjs:487:22)\n    at async _Command.eval (eval at <anonymous> (/root/lezskabot/koishi/koishi-app/node_modules/koishi-plugin-blockly-null/lib/index.js:1:1), <anonymous>:354:11)\n    at async Array.<anonymous> (/root/lezskabot/koishi/koishi-app/node_modules/@koishijs/core/lib/index.cjs:1079:14)\n    at async _Command.execute (/root/lezskabot/koishi/koishi-app/node_modules/@koishijs/core/lib/index.cjs:1093:22)\n    at async /root/lezskabot/koishi/koishi-app/node_modules/@koishijs/core/lib/index.cjs:2049:22","timestamp":1778861580738}
{"id":88406,"type":"success","level":1,"name":"签到","meta":{"paths":["lp0hx8"]},"content":"3023612212完成了一次签到！","timestamp":1778861582762}
{"id":88434,"type":"error","level":1,"name":"抽卡与卡组","meta":{"paths":["lp0hx8"]},"content":"3980423768抽卡失败，积分不足","timestamp":1778861587452}
{"id":88453,"type":"info","level":2,"name":"抽卡与卡组","meta":{"paths":["lp0hx8"]},"content":"1569181511抽到了一张☆二星★卡，剩余1422P点","timestamp":1778861588911}
{"id":88497,"type":"error","level":1,"name":"签到","meta":{"paths":["lp0hx8"]},"content":"1296434423签到失败！原因：该用户已经签到","timestamp":1778861593425}
{"id":88501,"type":"info","level":2,"name":"抽卡与卡组","meta":{"paths":["lp0hx8"]},"content":"1569181511抽到了一张❀三星☄卡，剩余1022P点","timestamp":1778861594720}
{"id":88594,"type":"info","level":2,"name":"抽卡与卡组","meta":{"paths":["lp0hx8"]},"content":"1569181511抽到了一张☆二星★卡，剩余622P点","timestamp":1778861602120}
{"id":88597,"type":"warn","level":2,"name":"session","meta":{},"content":"Error: Error with request send_group_msg, args: {\"group_id\":1091191330,\"message\":[{\"type\":\"at\",\"data\":{\"qq\":\"1296434423\"}},{\"type\":\"text\",\"data\":{\"text\":\"真可惜呢花光了也没抽到\\n你还有350P点\\n最后一次抽卡结果：\\n☆二星★\"}},{\"type\":\"image\",\"data\":{\"file\":\"/root/lezskabot/cards/1/114.png\",\"cache\":0}}]}, retcode: 1200\n    at _Internal._get (/root/lezskabot/koishi/koishi-app/node_modules/koishi-plugin-adapter-onebot/lib/index.js:119:11)\n    at process.processTicksAndRejections (node:internal/process/task_queues:95:5)\n    at async _Internal.<computed> [as sendGroupMsg] (/root/lezskabot/koishi/koishi-app/node_modules/koishi-plugin-adapter-onebot/lib/index.js:162:20)\n    at async OneBotMessageEncoder.flush (/root/lezskabot/koishi/koishi-app/node_modules/koishi-plugin-adapter-onebot/lib/index.js:771:338)\n    at async OneBotMessageEncoder.send (/root/lezskabot/koishi/koishi-app/node_modules/@satorijs/core/lib/index.cjs:755:5)\n    at async Proxy.sendMessage (/root/lezskabot/koishi/koishi-app/node_modules/@satorijs/core/lib/index.cjs:487:22)\n    at async /root/lezskabot/koishi/koishi-app/node_modules/@koishijs/core/lib/index.cjs:2051:7\n    at async Proxy.withScope (/root/lezskabot/koishi/koishi-app/node_modules/@koishijs/core/lib/index.cjs:1958:22)\n    at async next (/root/lezskabot/koishi/koishi-app/node_modules/@koishijs/core/lib/index.cjs:827:16)\n    at async next (/root/lezskabot/koishi/koishi-app/node_modules/@koishijs/core/lib/index.cjs:827:16)","timestamp":1778861602819}
{"id":88649,"type":"warn","level":2,"name":"session","meta":{},"content":"Error: Error with request send_group_msg, args: {\"group_id\":1091191330,\"message\":[{\"type\":\"at\",\"data\":{\"qq\":\"1652933285\"}},{\"type\":\"text\",\"data\":{\"text\":\"你献祭了：\\n3张二星\\n1张三星\\n获得1400P点！\\n当前P点数6494\"}}]}, retcode: 1200\n    at _Internal._get (/root/lezskabot/koishi/koishi-app/node_modules/koishi-plugin-adapter-onebot/lib/index.js:119:11)\n    at process.processTicksAndRejections (node:internal/process/task_queues:95:5)\n    at async _Internal.<computed> [as sendGroupMsg] (/root/lezskabot/koishi/koishi-app/node_modules/koishi-plugin-adapter-onebot/lib/index.js:162:20)\n    at async OneBotMessageEncoder.flush (/root/lezskabot/koishi/koishi-app/node_modules/koishi-plugin-adapter-onebot/lib/index.js:771:338)\n    at async OneBotMessageEncoder.send (/root/lezskabot/koishi/koishi-app/node_modules/@satorijs/core/lib/index.cjs:755:5)\n    at async Proxy.sendMessage (/root/lezskabot/koishi/koishi-app/node_modules/@satorijs/core/lib/index.cjs:487:22)\n    at async _Command.eval (eval at <anonymous> (/root/lezskabot/koishi/koishi-app/node_modules/koishi-plugin-blockly-null/lib/index.js:1:1), <anonymous>:396:17)\n    at async Array.<anonymous> (/root/lezskabot/koishi/koishi-app/node_modules/@koishijs/core/lib/index.cjs:1079:14)\n    at async _Command.execute (/root/lezskabot/koishi/koishi-app/node_modules/@koishijs/core/lib/index.cjs:1093:22)\n    at async /root/lezskabot/koishi/koishi-app/node_modules/@koishijs/core/lib/index.cjs:2049:22","timestamp":1778861605033}
{"id":88651,"type":"success","level":1,"name":"抽卡与卡组","meta":{"paths":["lp0hx8"]},"content":"1652933285献祭了：3张二星  1张三星  获得1400P点，当前P点数为6494","timestamp":1778861605036}
{"id":88657,"type":"warn","level":2,"name":"session","meta":{},"content":"Error: Error with request send_group_msg, args: {\"group_id\":1091191330,\"message\":[{\"type\":\"image\",\"data\":{\"file\":\"/root/lezskabot/cards/1/133.png\",\"cache\":0}},{\"type\":\"at\",\"data\":{\"qq\":\"1569181511\"}},{\"type\":\"text\",\"data\":{\"text\":\"☆二星★\\n此卡在你手中，请手动加入卡组\\n你还有222P点\\n也就是0抽。\\n请仔细阅读“抽卡帮助”！\"}}]}, retcode: 1200\n    at _Internal._get (/root/lezskabot/koishi/koishi-app/node_modules/koishi-plugin-adapter-onebot/lib/index.js:119:11)\n    at process.processTicksAndRejections (node:internal/process/task_queues:95:5)\n    at async _Internal.<computed> [as sendGroupMsg] (/root/lezskabot/koishi/koishi-app/node_modules/koishi-plugin-adapter-onebot/lib/index.js:162:20)\n    at async OneBotMessageEncoder.flush (/root/lezskabot/koishi/koishi-app/node_modules/koishi-plugin-adapter-onebot/lib/index.js:771:338)\n    at async OneBotMessageEncoder.send (/root/lezskabot/koishi/koishi-app/node_modules/@satorijs/core/lib/index.cjs:755:5)\n    at async Proxy.sendMessage (/root/lezskabot/koishi/koishi-app/node_modules/@satorijs/core/lib/index.cjs:487:22)\n    at async _Command.eval (eval at <anonymous> (/root/lezskabot/koishi/koishi-app/node_modules/koishi-plugin-blockly-null/lib/index.js:1:1), <anonymous>:302:15)\n    at async Array.<anonymous> (/root/lezskabot/koishi/koishi-app/node_modules/@koishijs/core/lib/index.cjs:1079:14)\n    at async _Command.execute (/root/lezskabot/koishi/koishi-app/node_modules/@koishijs/core/lib/index.cjs:1093:22)\n    at async /root/lezskabot/koishi/koishi-app/node_modules/@koishijs/core/lib/index.cjs:2049:22","timestamp":1778861605225}
{"id":88659,"type":"info","level":2,"name":"抽卡与卡组","meta":{"paths":["lp0hx8"]},"content":"1569181511抽到了一张☆二星★卡，剩余222P点","timestamp":1778861605232}
{"id":88687,"type":"warn","level":2,"name":"session","meta":{},"content":"Error: Error with request send_group_msg, args: {\"group_id\":1091191330,\"message\":[{\"type\":\"at\",\"data\":{\"qq\":\"1569181511\"}},{\"type\":\"text\",\"data\":{\"text\":\"   抢劫失败！你失去了81P点！\\n你现在有141P点\\n你还剩1次抢P点次数！\"}}]}, retcode: 1200\n    at _Internal._get (/root/lezskabot/koishi/koishi-app/node_modules/koishi-plugin-adapter-onebot/lib/index.js:119:11)\n    at process.processTicksAndRejections (node:internal/process/task_queues:95:5)\n    at async _Internal.<computed> [as sendGroupMsg] (/root/lezskabot/koishi/koishi-app/node_modules/koishi-plugin-adapter-onebot/lib/index.js:162:20)\n    at async OneBotMessageEncoder.flush (/root/lezskabot/koishi/koishi-app/node_modules/koishi-plugin-adapter-onebot/lib/index.js:771:338)\n    at async OneBotMessageEncoder.send (/root/lezskabot/koishi/koishi-app/node_modules/@satorijs/core/lib/index.cjs:755:5)\n    at async Proxy.sendMessage (/root/lezskabot/koishi/koishi-app/node_modules/@satorijs/core/lib/index.cjs:487:22)\n    at async _Command.eval (eval at <anonymous> (/root/lezskabot/koishi/koishi-app/node_modules/koishi-plugin-blockly-null/lib/index.js:1:1), <anonymous>:325:31)\n    at async Array.<anonymous> (/root/lezskabot/koishi/koishi-app/node_modules/@koishijs/core/lib/index.cjs:1079:14)\n    at async _Command.execute (/root/lezskabot/koishi/koishi-app/node_modules/@koishijs/core/lib/index.cjs:1093:22)\n    at async /root/lezskabot/koishi/koishi-app/node_modules/@koishijs/core/lib/index.cjs:2049:22","timestamp":1778861610414}
{"id":88688,"type":"success","level":1,"name":"签到","meta":{"paths":["lp0hx8"]},"content":"1569181511抢劫1652933285失败！失去了81P点！","timestamp":1778861610415}
{"id":88689,"type":"info","level":2,"name":"签到","meta":{"paths":["lp0hx8"]},"content":"1569181511今天的抢劫记录为228   |    剩余抢劫次数为1","timestamp":1778861610416}
{"id":88746,"type":"warn","level":2,"name":"session","meta":{},"content":"Error: Error with request send_group_msg, args: {\"group_id\":1091191330,\"message\":[{\"type\":\"text\",\"data\":{\"text\":\"你抽到了：\\n3张二星  \\n1张三星  \\n一共4张卡\\n已存入你卡组的第3, 5, 7, 8位\\n你还有4894P点\"}}]}, retcode: 1200\n    at _Internal._get (/root/lezskabot/koishi/koishi-app/node_modules/koishi-plugin-adapter-onebot/lib/index.js:119:11)\n    at process.processTicksAndRejections (node:internal/process/task_queues:95:5)\n    at async _Internal.<computed> [as sendGroupMsg] (/root/lezskabot/koishi/koishi-app/node_modules/koishi-plugin-adapter-onebot/lib/index.js:162:20)\n    at async OneBotMessageEncoder.flush (/root/lezskabot/koishi/koishi-app/node_modules/koishi-plugin-adapter-onebot/lib/index.js:771:338)\n    at async OneBotMessageEncoder.send (/root/lezskabot/koishi/koishi-app/node_modules/@satorijs/core/lib/index.cjs:755:5)\n    at async Proxy.sendMessage (/root/lezskabot/koishi/koishi-app/node_modules/@satorijs/core/lib/index.cjs:487:22)\n    at async /root/lezskabot/koishi/koishi-app/node_modules/@koishijs/core/lib/index.cjs:2051:7\n    at async Proxy.withScope (/root/lezskabot/koishi/koishi-app/node_modules/@koishijs/core/lib/index.cjs:1958:22)\n    at async next (/root/lezskabot/koishi/koishi-app/node_modules/@koishijs/core/lib/index.cjs:827:16)\n    at async next (/root/lezskabot/koishi/koishi-app/node_modules/@koishijs/core/lib/index.cjs:827:16)","timestamp":1778861619544}
{"id":88762,"type":"warn","level":2,"name":"session","meta":{},"content":"Error: Error with request send_group_msg, args: {\"group_id\":1091191330,\"message\":[{\"type\":\"at\",\"data\":{\"qq\":\"1296434423\"}},{\"type\":\"text\",\"data\":{\"text\":\" 输入抽卡目标：（三星、四星、FES）\"}}]}, retcode: 1200\n    at _Internal._get (/root/lezskabot/koishi/koishi-app/node_modules/koishi-plugin-adapter-onebot/lib/index.js:119:11)\n    at process.processTicksAndRejections (node:internal/process/task_queues:95:5)\n    at async _Internal.<computed> [as sendGroupMsg] (/root/lezskabot/koishi/koishi-app/node_modules/koishi-plugin-adapter-onebot/lib/index.js:162:20)\n    at async OneBotMessageEncoder.flush (/root/lezskabot/koishi/koishi-app/node_modules/koishi-plugin-adapter-onebot/lib/index.js:771:338)\n    at async OneBotMessageEncoder.send (/root/lezskabot/koishi/koishi-app/node_modules/@satorijs/core/lib/index.cjs:755:5)\n    at async Proxy.sendMessage (/root/lezskabot/koishi/koishi-app/node_modules/@satorijs/core/lib/index.cjs:487:22)\n    at async _Command.eval (eval at <anonymous> (/root/lezskabot/koishi/koishi-app/node_modules/koishi-plugin-blockly-null/lib/index.js:1:1), <anonymous>:114:5)\n    at async Array.<anonymous> (/root/lezskabot/koishi/koishi-app/node_modules/@koishijs/core/lib/index.cjs:1079:14)\n    at async _Command.execute (/root/lezskabot/koishi/koishi-app/node_modules/@koishijs/core/lib/index.cjs:1093:22)\n    at async /root/lezskabot/koishi/koishi-app/node_modules/@koishijs/core/lib/index.cjs:2049:22","timestamp":1778861623425}
{"id":88787,"type":"warn","level":2,"name":"session","meta":{},"content":"Error: Error with request send_group_msg, args: {\"group_id\":1091191330,\"message\":[{\"type\":\"at\",\"data\":{\"qq\":\"3980423768\"}},{\"type\":\"text\",\"data\":{\"text\":\"你当前的卡组为\\n1-稀有度： ☆二星★\"}},{\"type\":\"image\",\"data\":{\"file\":\"/root/lezskabot/cards/1/107.png\",\"cache\":0}},{\"type\":\"text\",\"data\":{\"text\":\"2-稀有度： ❀三星☄\"}},{\"type\":\"image\",\"data\":{\"file\":\"/root/lezskabot/cards/2/81.png\",\"cache\":0}},{\"type\":\"text\",\"data\":{\"text\":\"3-稀有度： ☂FES☃\"}},{\"type\":\"image\",\"data\":{\"file\":\"/root/lezskabot/cards/4/8.png\",\"cache\":0}},{\"type\":\"text\",\"data\":{\"text\":\"4-稀有度： ♔♕四星(?)♕♔\"}},{\"type\":\"image\",\"data\":{\"file\":\"/root/lezskabot/cards/3/43.png\",\"cache\":0}},{\"type\":\"text\",\"data\":{\"text\":\"5-稀有度： ☂FES☃\"}},{\"type\":\"image\",\"data\":{\"file\":\"/root/lezskabot/cards/4/3.png\",\"cache\":0}},{\"type\":\"text\",\"data\":{\"text\":\"6-稀有度： ☂FES☃\"}},{\"type\":\"image\",\"data\":{\"file\":\"/root/lezskabot/cards/4/5.png\",\"cache\":0}},{\"type\":\"text\",\"data\":{\"text\":\"7-稀有度： ☂FES☃\"}},{\"type\":\"image\",\"data\":{\"file\":\"/root/lezskabot/cards/4/21.png\",\"cache\":0}},{\"type\":\"text\",\"data\":{\"text\":\"8-稀有度： ☂FES☃\"}},{\"type\":\"image\",\"data\":{\"file\":\"/root/lezskabot/cards/4/21.png\",\"cache\":0}}]}, retcode: 1200\n    at _Internal._get (/root/lezskabot/koishi/koishi-app/node_modules/koishi-plugin-adapter-onebot/lib/index.js:119:11)\n    at process.processTicksAndRejections (node:internal/process/task_queues:95:5)\n    at async _Internal.<computed> [as sendGroupMsg] (/root/lezskabot/koishi/koishi-app/node_modules/koishi-plugin-adapter-onebot/lib/index.js:162:20)\n    at async OneBotMessageEncoder.flush (/root/lezskabot/koishi/koishi-app/node_modules/koishi-plugin-adapter-onebot/lib/index.js:771:338)\n    at async OneBotMessageEncoder.send (/root/lezskabot/koishi/koishi-app/node_modules/@satorijs/core/lib/index.cjs:755:5)\n    at async Proxy.sendMessage (/root/lezskabot/koishi/koishi-app/node_modules/@satorijs/core/lib/index.cjs:487:22)\n    at async _Command.eval (eval at <anonymous> (/root/lezskabot/koishi/koishi-app/node_modules/koishi-plugin-blockly-null/lib/index.js:1:1), <anonymous>:105:9)\n    at async Array.<anonymous> (/root/lezskabot/koishi/koishi-app/node_modules/@koishijs/core/lib/index.cjs:1079:14)\n    at async _Command.execute (/root/lezskabot/koishi/koishi-app/node_modules/@koishijs/core/lib/index.cjs:1093:22)\n    at async /root/lezskabot/koishi/koishi-app/node_modules/@koishijs/core/lib/index.cjs:2049:22","timestamp":1778861634630}
{"id":88789,"type":"warn","level":2,"name":"session","meta":{},"content":"Error: Error with request send_group_msg, args: {\"group_id\":1091191330,\"message\":[{\"type\":\"at\",\"data\":{\"qq\":\"1296434423\"}},{\"type\":\"text\",\"data\":{\"text\":\"  你输入的啥啊笨蛋\"}}]}, retcode: 1200\n    at _Internal._get (/root/lezskabot/koishi/koishi-app/node_modules/koishi-plugin-adapter-onebot/lib/index.js:119:11)\n    at process.processTicksAndRejections (node:internal/process/task_queues:95:5)\n    at async _Internal.<computed> [as sendGroupMsg] (/root/lezskabot/koishi/koishi-app/node_modules/koishi-plugin-adapter-onebot/lib/index.js:162:20)\n    at async OneBotMessageEncoder.flush (/root/lezskabot/koishi/koishi-app/node_modules/koishi-plugin-adapter-onebot/lib/index.js:771:338)\n    at async OneBotMessageEncoder.send (/root/lezskabot/koishi/koishi-app/node_modules/@satorijs/core/lib/index.cjs:755:5)\n    at async Proxy.sendMessage (/root/lezskabot/koishi/koishi-app/node_modules/@satorijs/core/lib/index.cjs:487:22)\n    at async /root/lezskabot/koishi/koishi-app/node_modules/@koishijs/core/lib/index.cjs:2051:7\n    at async Proxy.withScope (/root/lezskabot/koishi/koishi-app/node_modules/@koishijs/core/lib/index.cjs:1958:22)\n    at async next (/root/lezskabot/koishi/koishi-app/node_modules/@koishijs/core/lib/index.cjs:827:16)\n    at async next (/root/lezskabot/koishi/koishi-app/node_modules/@koishijs/core/lib/index.cjs:827:16)","timestamp":1778861635024}
{"id":88825,"type":"warn","level":2,"name":"session","meta":{},"content":"Error: Error with request send_group_msg, args: {\"group_id\":1091191330,\"message\":[{\"type\":\"at\",\"data\":{\"qq\":\"3980423768\"}},{\"type\":\"text\",\"data\":{\"text\":\"你当前的卡组为\\n1-稀有度： ☆二星★\"}},{\"type\":\"image\",\"data\":{\"file\":\"/root/lezskabot/cards/1/107.png\",\"cache\":0}},{\"type\":\"text\",\"data\":{\"text\":\"2-稀有度： ❀三星☄\"}},{\"type\":\"image\",\"data\":{\"file\":\"/root/lezskabot/cards/2/81.png\",\"cache\":0}},{\"type\":\"text\",\"data\":{\"text\":\"3-稀有度： ☂FES☃\"}},{\"type\":\"image\",\"data\":{\"file\":\"/root/lezskabot/cards/4/8.png\",\"cache\":0}},{\"type\":\"text\",\"data\":{\"text\":\"4-稀有度： ♔♕四星(?)♕♔\"}},{\"type\":\"image\",\"data\":{\"file\":\"/root/lezskabot/cards/3/43.png\",\"cache\":0}},{\"type\":\"text\",\"data\":{\"text\":\"5-稀有度： ☂FES☃\"}},{\"type\":\"image\",\"data\":{\"file\":\"/root/lezskabot/cards/4/3.png\",\"cache\":0}},{\"type\":\"text\",\"data\":{\"text\":\"6-稀有度： ☂FES☃\"}},{\"type\":\"image\",\"data\":{\"file\":\"/root/lezskabot/cards/4/5.png\",\"cache\":0}},{\"type\":\"text\",\"data\":{\"text\":\"7-稀有度： ☂FES☃\"}},{\"type\":\"image\",\"data\":{\"file\":\"/root/lezskabot/cards/4/21.png\",\"cache\":0}},{\"type\":\"text\",\"data\":{\"text\":\"8-稀有度： ☂FES☃\"}},{\"type\":\"image\",\"data\":{\"file\":\"/root/lezskabot/cards/4/21.png\",\"cache\":0}}]}, retcode: 1200\n    at _Internal._get (/root/lezskabot/koishi/koishi-app/node_modules/koishi-plugin-adapter-onebot/lib/index.js:119:11)\n    at process.processTicksAndRejections (node:internal/process/task_queues:95:5)\n    at async _Internal.<computed> [as sendGroupMsg] (/root/lezskabot/koishi/koishi-app/node_modules/koishi-plugin-adapter-onebot/lib/index.js:162:20)\n    at async OneBotMessageEncoder.flush (/root/lezskabot/koishi/koishi-app/node_modules/koishi-plugin-adapter-onebot/lib/index.js:771:338)\n    at async OneBotMessageEncoder.send (/root/lezskabot/koishi/koishi-app/node_modules/@satorijs/core/lib/index.cjs:755:5)\n    at async Proxy.sendMessage (/root/lezskabot/koishi/koishi-app/node_modules/@satorijs/core/lib/index.cjs:487:22)\n    at async _Command.eval (eval at <anonymous> (/root/lezskabot/koishi/koishi-app/node_modules/koishi-plugin-blockly-null/lib/index.js:1:1), <anonymous>:105:9)\n    at async Array.<anonymous> (/root/lezskabot/koishi/koishi-app/node_modules/@koishijs/core/lib/index.cjs:1079:14)\n    at async _Command.execute (/root/lezskabot/koishi/koishi-app/node_modules/@koishijs/core/lib/index.cjs:1093:22)\n    at async /root/lezskabot/koishi/koishi-app/node_modules/@koishijs/core/lib/index.cjs:2049:22","timestamp":1778861639432}
{"id":88896,"type":"success","level":1,"name":"抽卡与卡组","meta":{"paths":["lp0hx8"]},"content":"2628075910献祭了：2张二星  2张四星  获得2960P点，当前P点数为42515","timestamp":1778861661125}
{"id":88938,"type":"success","level":1,"name":"签到","meta":{"paths":["lp0hx8"]},"content":"3980423768抢了1652933285的473P点！","timestamp":1778861667614}
{"id":88939,"type":"info","level":2,"name":"签到","meta":{"paths":["lp0hx8"]},"content":"3980423768今天的抢劫记录为560   |    剩余抢劫次数为1","timestamp":1778861667615}
{"id":88965,"type":"info","level":2,"name":"抽卡与卡组","meta":{"paths":["lp0hx8"]},"content":"3980423768抽到了一张❀三星☄卡，剩余131P点","timestamp":1778861672345}
{"id":89036,"type":"success","level":1,"name":"签到","meta":{"paths":["lp0hx8"]},"content":"3980423768抢劫1652933285失败！失去了所有P点！","timestamp":1778861684324}
{"id":89037,"type":"info","level":2,"name":"签到","meta":{"paths":["lp0hx8"]},"content":"3980423768今天的抢劫记录为429   |    剩余抢劫次数为0","timestamp":1778861684325}
{"id":89053,"type":"error","level":1,"name":"抽卡与卡组","meta":{"paths":["lp0hx8"]},"content":"1296434423抽卡失败，积分不足","timestamp":1778861687617}
{"id":89428,"type":"success","level":1,"name":"抽卡与卡组","meta":{"paths":["lp0hx8"]},"content":"1652933285献祭了：3张二星  1张三星  获得1400P点，当前P点数为5821","timestamp":1778861787129}
{"id":90461,"type":"success","level":1,"name":"抽卡与卡组","meta":{"paths":["lp0hx8"]},"content":"1652933285献祭了：4张二星  获得1120P点，当前P点数为5341","timestamp":1778862096031}
{"id":90552,"type":"info","level":2,"name":"签到","meta":{"paths":["lp0hx8"]},"content":"1652933285向1296434423赠送了2888个P点","timestamp":1778862115046}
{"id":90781,"type":"success","level":1,"name":"签到","meta":{"paths":["lp0hx8"]},"content":"978229136完成了一次签到！","timestamp":1778862278922}
{"id":90816,"type":"success","level":1,"name":"签到","meta":{"paths":["lp0hx8"]},"content":"2718246309完成了一次签到！","timestamp":1778862289415}
{"id":93533,"type":"success","level":1,"name":"签到","meta":{"paths":["lp0hx8"]},"content":"2558144075完成了一次签到！","timestamp":1778863332014}
