{"id":233663,"type":"success","level":1,"name":"签到","meta":{"paths":["lp0hx8"]},"content":"3534850564完成了一次签到！","timestamp":1778198930915}
{"id":233823,"type":"success","level":1,"name":"签到","meta":{"paths":["lp0hx8"]},"content":"2980858358完成了一次签到！","timestamp":1778199278702}
{"id":234063,"type":"success","level":1,"name":"签到","meta":{"paths":["lp0hx8"]},"content":"3366143939完成了一次签到！","timestamp":1778199753881}
{"id":234166,"type":"success","level":1,"name":"签到","meta":{"paths":["lp0hx8"]},"content":"3862674159完成了一次签到！","timestamp":1778199998215}
{"id":234201,"type":"error","level":1,"name":"签到","meta":{"paths":["lp0hx8"]},"content":"3389530537签到失败！原因：该用户已经签到","timestamp":1778200164918}
{"id":234242,"type":"success","level":1,"name":"签到","meta":{"paths":["lp0hx8"]},"content":"2958587735完成了一次签到！","timestamp":1778200283760}
{"id":234464,"type":"info","level":2,"name":"抽卡与卡组","meta":{"paths":["lp0hx8"]},"content":"3389530537抽到了一张❀三星☄卡，剩余927P点","timestamp":1778201007339}
{"id":234484,"type":"info","level":2,"name":"抽卡与卡组","meta":{"paths":["lp0hx8"]},"content":"3389530537抽到了一张☆二星★卡，剩余527P点","timestamp":1778201015495}
{"id":234503,"type":"info","level":2,"name":"抽卡与卡组","meta":{"paths":["lp0hx8"]},"content":"3389530537抽到了一张☆二星★卡，剩余127P点","timestamp":1778201020229}
{"id":234605,"type":"error","level":1,"name":"抽卡与卡组","meta":{"paths":["lp0hx8"]},"content":"3867496831抽卡失败，积分不足","timestamp":1778201313283}
{"id":234628,"type":"success","level":1,"name":"签到","meta":{"paths":["lp0hx8"]},"content":"3867496831完成了一次签到！","timestamp":1778201323319}
{"id":234864,"type":"error","level":1,"name":"抽卡与卡组","meta":{"paths":["lp0hx8"]},"content":"2087761550抽卡失败，积分不足","timestamp":1778202000924}
{"id":235015,"type":"success","level":1,"name":"签到","meta":{"paths":["lp0hx8"]},"content":"1652933285完成了一次签到！","timestamp":1778202636754}
{"id":235473,"type":"success","level":1,"name":"签到","meta":{"paths":["lp0hx8"]},"content":"3984730928完成了一次签到！","timestamp":1778203490922}
{"id":236740,"type":"success","level":1,"name":"签到","meta":{"paths":["lp0hx8"]},"content":"3044937168完成了一次签到！","timestamp":1778207021279}
{"id":237724,"type":"success","level":1,"name":"签到","meta":{"paths":["lp0hx8"]},"content":"3980423768完成了一次签到！","timestamp":1778208164624}
{"id":237812,"type":"success","level":1,"name":"抽卡与卡组","meta":{"paths":["lp0hx8"]},"content":"3980423768献祭了：3张二星  获得840P点，当前P点数为2716","timestamp":1778208198585}
{"id":237866,"type":"success","level":1,"name":"抽卡与卡组","meta":{"paths":["lp0hx8"]},"content":"3980423768献祭了：2张二星  1张四星  获得1760P点，当前P点数为3276","timestamp":1778208234177}
{"id":237907,"type":"success","level":1,"name":"抽卡与卡组","meta":{"paths":["lp0hx8"]},"content":"3980423768献祭了：3张二星  获得840P点，当前P点数为2916","timestamp":1778208243887}
{"id":237962,"type":"success","level":1,"name":"抽卡与卡组","meta":{"paths":["lp0hx8"]},"content":"3980423768献祭了：3张二星  获得840P点，当前P点数为2556","timestamp":1778208255784}
{"id":238037,"type":"info","level":2,"name":"签到","meta":{"paths":["lp0hx8"]},"content":"已更新1029033118的抢劫次数和记录","timestamp":1778208318237}
{"id":238053,"type":"success","level":1,"name":"签到","meta":{"paths":["lp0hx8"]},"content":"1029033118抢劫3980423768失败！失去了43P点！","timestamp":1778208318915}
{"id":238054,"type":"info","level":2,"name":"签到","meta":{"paths":["lp0hx8"]},"content":"1029033118今天的抢劫记录为-43   |    剩余抢劫次数为2","timestamp":1778208318918}
{"id":238087,"type":"success","level":1,"name":"签到","meta":{"paths":["lp0hx8"]},"content":"1029033118抢了3980423768的492P点！","timestamp":1778208324778}
{"id":238088,"type":"info","level":2,"name":"签到","meta":{"paths":["lp0hx8"]},"content":"1029033118今天的抢劫记录为449   |    剩余抢劫次数为1","timestamp":1778208324779}
{"id":238122,"type":"success","level":1,"name":"签到","meta":{"paths":["lp0hx8"]},"content":"1029033118抢了3980423768的214P点！","timestamp":1778208329268}
{"id":238123,"type":"info","level":2,"name":"签到","meta":{"paths":["lp0hx8"]},"content":"1029033118今天的抢劫记录为663   |    剩余抢劫次数为0","timestamp":1778208329270}
{"id":238163,"type":"error","level":1,"name":"抽卡与卡组","meta":{"paths":["lp0hx8"]},"content":"1029033118抽卡失败，积分不足","timestamp":1778208346832}
{"id":238229,"type":"info","level":2,"name":"签到","meta":{"paths":["lp0hx8"]},"content":"1652933285向1029033118赠送了36个P点","timestamp":1778208412073}
{"id":238407,"type":"info","level":2,"name":"签到","meta":{"paths":["lp0hx8"]},"content":"已更新3980423768的抢劫次数和记录","timestamp":1778208502316}
{"id":238425,"type":"success","level":1,"name":"签到","meta":{"paths":["lp0hx8"]},"content":"3980423768抢了1029033118的113P点！","timestamp":1778208502931}
{"id":238426,"type":"info","level":2,"name":"签到","meta":{"paths":["lp0hx8"]},"content":"3980423768今天的抢劫记录为113   |    剩余抢劫次数为2","timestamp":1778208502933}
{"id":238460,"type":"success","level":1,"name":"签到","meta":{"paths":["lp0hx8"]},"content":"3980423768抢了1029033118的288P点！","timestamp":1778208514425}
{"id":238461,"type":"info","level":2,"name":"签到","meta":{"paths":["lp0hx8"]},"content":"3980423768今天的抢劫记录为400   |    剩余抢劫次数为1","timestamp":1778208514427}
{"id":238501,"type":"success","level":1,"name":"签到","meta":{"paths":["lp0hx8"]},"content":"971217490抢了3980423768的99P点！","timestamp":1778208519606}
{"id":238502,"type":"info","level":2,"name":"签到","meta":{"paths":["lp0hx8"]},"content":"971217490今天的抢劫记录为99   |    剩余抢劫次数为0","timestamp":1778208519606}
{"id":238513,"type":"success","level":1,"name":"抽卡与卡组","meta":{"paths":["lp0hx8"]},"content":"1652933285献祭了：2张二星  1张三星  1张四星  获得2320P点，当前P点数为3529","timestamp":1778208522103}
{"id":238614,"type":"info","level":2,"name":"签到","meta":{"paths":["lp0hx8"]},"content":"已更新1652933285的抢劫次数和记录","timestamp":1778208552178}
{"id":238632,"type":"success","level":1,"name":"签到","meta":{"paths":["lp0hx8"]},"content":"1652933285抢了3980423768的29P点！","timestamp":1778208552904}
{"id":238633,"type":"info","level":2,"name":"签到","meta":{"paths":["lp0hx8"]},"content":"1652933285今天的抢劫记录为29   |    剩余抢劫次数为2","timestamp":1778208552905}
{"id":238676,"type":"success","level":1,"name":"抽卡与卡组","meta":{"paths":["lp0hx8"]},"content":"3980423768献祭了：3张二星  获得840P点，当前P点数为1762","timestamp":1778208567365}
{"id":238914,"type":"info","level":2,"name":"签到","meta":{"paths":["lp0hx8"]},"content":"1652933285向1029033118赠送了400个P点","timestamp":1778208759082}
{"id":239458,"type":"success","level":1,"name":"抽卡与卡组","meta":{"paths":["lp0hx8"]},"content":"3980423768献祭了：2张二星  1张四星  获得1760P点，当前P点数为2322","timestamp":1778209476115}
{"id":239503,"type":"info","level":2,"name":"签到","meta":{"paths":["lp0hx8"]},"content":"3980423768向1029033118赠送了800个P点","timestamp":1778209485797}
{"id":239671,"type":"info","level":2,"name":"签到","meta":{"paths":["lp0hx8"]},"content":"1652933285向1029033118赠送了1200个P点","timestamp":1778209574465}
{"id":239682,"type":"success","level":1,"name":"抽卡与卡组","meta":{"paths":["lp0hx8"]},"content":"3980423768献祭了：2张二星  1张四星  获得1760P点，当前P点数为2082","timestamp":1778209578359}
{"id":239748,"type":"success","level":1,"name":"抽卡与卡组","meta":{"paths":["lp0hx8"]},"content":"3980423768献祭了：3张三星  获得1680P点，当前P点数为2562","timestamp":1778209592815}
{"id":249499,"type":"success","level":1,"name":"签到","meta":{"paths":["lp0hx8"]},"content":"2627939216完成了一次签到！","timestamp":1778216358632}
{"id":249546,"type":"success","level":1,"name":"签到","meta":{"paths":["lp0hx8"]},"content":"3161689072完成了一次签到！","timestamp":1778216363737}
{"id":250807,"type":"error","level":1,"name":"抽卡与卡组","meta":{"paths":["lp0hx8"]},"content":"3995085039抽卡失败，积分不足","timestamp":1778216855488}
{"id":250864,"type":"success","level":1,"name":"签到","meta":{"paths":["lp0hx8"]},"content":"3995085039完成了一次签到！","timestamp":1778216877854}
{"id":251279,"type":"success","level":1,"name":"签到","meta":{"paths":["lp0hx8"]},"content":"1820639552完成了一次签到！","timestamp":1778217093752}
{"id":252611,"type":"success","level":1,"name":"签到","meta":{"paths":["lp0hx8"]},"content":"526076285完成了一次签到！","timestamp":1778217625317}
{"id":253142,"type":"success","level":1,"name":"签到","meta":{"paths":["lp0hx8"]},"content":"3536694017完成了一次签到！","timestamp":1778217777030}
{"id":269660,"type":"success","level":1,"name":"签到","meta":{"paths":["lp0hx8"]},"content":"2856202014完成了一次签到！","timestamp":1778233617856}
{"id":269697,"type":"success","level":1,"name":"签到","meta":{"paths":["lp0hx8"]},"content":"3903118786完成了一次签到！","timestamp":1778233625712}
{"id":269743,"type":"info","level":2,"name":"抽卡与卡组","meta":{"paths":["lp0hx8"]},"content":"3903118786抽到了一张☆二星★卡，剩余1910P点","timestamp":1778233635604}
{"id":269773,"type":"info","level":2,"name":"抽卡与卡组","meta":{"paths":["lp0hx8"]},"content":"3903118786抽到了一张☆二星★卡，剩余1510P点","timestamp":1778233639374}
{"id":269819,"type":"info","level":2,"name":"抽卡与卡组","meta":{"paths":["lp0hx8"]},"content":"3903118786抽到了一张☆二星★卡，剩余1110P点","timestamp":1778233644699}
{"id":269856,"type":"info","level":2,"name":"抽卡与卡组","meta":{"paths":["lp0hx8"]},"content":"2856202014抽到了一张☆二星★卡，剩余3461P点","timestamp":1778233647881}
{"id":269913,"type":"success","level":1,"name":"签到","meta":{"paths":["lp0hx8"]},"content":"2276942246完成了一次签到！","timestamp":1778233653243}
{"id":269927,"type":"info","level":2,"name":"抽卡与卡组","meta":{"paths":["lp0hx8"]},"content":"3903118786抽到了一张❀三星☄卡，剩余710P点","timestamp":1778233655873}
{"id":269988,"type":"info","level":2,"name":"抽卡与卡组","meta":{"paths":["lp0hx8"]},"content":"3903118786抽到了一张☆二星★卡，剩余310P点","timestamp":1778233666724}
{"id":270137,"type":"success","level":1,"name":"抽卡与卡组","meta":{"paths":["lp0hx8"]},"content":"2276942246献祭了：4张二星  获得1120P点，当前P点数为5488","timestamp":1778233707317}
{"id":270208,"type":"info","level":2,"name":"抽卡与卡组","meta":{"paths":["lp0hx8"]},"content":"2085287779抽到了一张☆二星★卡，剩余1537P点","timestamp":1778233722935}
{"id":270277,"type":"success","level":1,"name":"抽卡与卡组","meta":{"paths":["lp0hx8"]},"content":"2276942246献祭了：4张二星  获得1120P点，当前P点数为5008","timestamp":1778233734218}
{"id":270387,"type":"info","level":2,"name":"抽卡与卡组","meta":{"paths":["lp0hx8"]},"content":"2856202014抽到了一张❀三星☄卡，剩余3061P点","timestamp":1778233750797}
{"id":270505,"type":"success","level":1,"name":"抽卡与卡组","meta":{"paths":["lp0hx8"]},"content":"2085287779献祭了：2张二星  1张三星  获得1120P点，当前P点数为2657","timestamp":1778233765248}
{"id":270516,"type":"success","level":1,"name":"抽卡与卡组","meta":{"paths":["lp0hx8"]},"content":"2276942246献祭了：3张二星  获得840P点，当前P点数为4248","timestamp":1778233766542}
{"id":270601,"type":"error","level":1,"name":"抽卡与卡组","meta":{"paths":["lp0hx8"]},"content":"3903118786抽卡失败，积分不足","timestamp":1778233771080}
{"id":270628,"type":"info","level":2,"name":"抽卡与卡组","meta":{"paths":["lp0hx8"]},"content":"2085287779抽到了一张❀三星☄卡，剩余2257P点","timestamp":1778233774511}
{"id":270710,"type":"info","level":2,"name":"抽卡与卡组","meta":{"paths":["lp0hx8"]},"content":"2085287779抽到了一张☆二星★卡，剩余1857P点","timestamp":1778233788051}
{"id":270765,"type":"success","level":1,"name":"抽卡与卡组","meta":{"paths":["lp0hx8"]},"content":"2276942246献祭了：2张二星  1张三星  获得1120P点，当前P点数为4168","timestamp":1778233800382}
{"id":270837,"type":"info","level":2,"name":"抽卡与卡组","meta":{"paths":["lp0hx8"]},"content":"2276942246抽到了一张♔♕四星(?)♕♔卡，剩余3768P点","timestamp":1778233823889}
{"id":270957,"type":"info","level":2,"name":"抽卡与卡组","meta":{"paths":["lp0hx8"]},"content":"2276942246抽到了一张♔♕四星(?)♕♔卡，剩余3368P点","timestamp":1778233845124}
{"id":270998,"type":"info","level":2,"name":"抽卡与卡组","meta":{"paths":["lp0hx8"]},"content":"2085287779抽到了一张☆二星★卡，剩余1457P点","timestamp":1778233848551}
{"id":271154,"type":"info","level":2,"name":"抽卡与卡组","meta":{"paths":["lp0hx8"]},"content":"2856202014抽到了一张☆二星★卡，剩余2661P点","timestamp":1778233891339}
{"id":271208,"type":"info","level":2,"name":"抽卡与卡组","meta":{"paths":["lp0hx8"]},"content":"2856202014抽到了一张❀三星☄卡，剩余2261P点","timestamp":1778233901234}
{"id":271303,"type":"success","level":1,"name":"抽卡与卡组","meta":{"paths":["lp0hx8"]},"content":"2085287779献祭了：2张二星  5张三星  获得3360P点，当前P点数为4817","timestamp":1778233941049}
{"id":271491,"type":"success","level":1,"name":"抽卡与卡组","meta":{"paths":["lp0hx8"]},"content":"2085287779献祭了：5张二星  1张三星  获得1960P点，当前P点数为3977","timestamp":1778233979491}
{"id":271982,"type":"error","level":1,"name":"签到","meta":{"paths":["lp0hx8"]},"content":"1029033118抢劫失败！该用户今天抢劫次数已用完","timestamp":1778234267801}
{"id":272172,"type":"error","level":1,"name":"抽卡与卡组","meta":{"paths":["lp0hx8"]},"content":"1029033118抽卡失败，积分不足","timestamp":1778234381802}
{"id":272199,"type":"success","level":1,"name":"签到","meta":{"paths":["lp0hx8"]},"content":"1029033118完成了一次签到！","timestamp":1778234386889}
{"id":272620,"type":"success","level":1,"name":"抽卡与卡组","meta":{"paths":["lp0hx8"]},"content":"1029033118献祭了：6张二星  1张三星  获得2240P点，当前P点数为4980","timestamp":1778234549819}
{"id":272694,"type":"success","level":1,"name":"抽卡与卡组","meta":{"paths":["lp0hx8"]},"content":"1029033118献祭了：6张二星  1张三星  获得2240P点，当前P点数为4420","timestamp":1778234573501}
{"id":272842,"type":"success","level":1,"name":"抽卡与卡组","meta":{"paths":["lp0hx8"]},"content":"1029033118献祭了：5张二星  2张三星  获得2520P点，当前P点数为4140","timestamp":1778234594922}
{"id":273100,"type":"success","level":1,"name":"抽卡与卡组","meta":{"paths":["lp0hx8"]},"content":"1029033118献祭了：5张二星  1张三星  2张四星  获得4360P点，当前P点数为5700","timestamp":1778234636864}
{"id":273187,"type":"info","level":2,"name":"抽卡与卡组","meta":{"paths":["lp0hx8"]},"content":"956937232抽到了一张☆二星★卡，剩余1424P点","timestamp":1778234676836}
{"id":273439,"type":"success","level":1,"name":"抽卡与卡组","meta":{"paths":["lp0hx8"]},"content":"3980423768献祭了：3张二星  获得840P点，当前P点数为2202","timestamp":1778234773504}
{"id":273462,"type":"error","level":1,"name":"签到","meta":{"paths":["lp0hx8"]},"content":"2628075910签到失败！原因：该用户已经签到","timestamp":1778234778224}
{"id":273509,"type":"success","level":1,"name":"抽卡与卡组","meta":{"paths":["lp0hx8"]},"content":"3980423768献祭了：2张二星  1张三星  获得1120P点，当前P点数为2122","timestamp":1778234786212}
{"id":273549,"type":"warn","level":2,"name":"session","meta":{},"content":"Error: Error with request send_group_msg, args: {\"group_id\":1091191330,\"message\":[{\"type\":\"text\",\"data\":{\"text\":\"输入要献祭的卡在卡组中的位置，用空格隔开（可献祭3~8张卡）\"}}]}, retcode: 1200\n    at _Internal._get (/root/lezskabot/koishi/koishi-app/node_modules/koishi-plugin-adapter-onebot/lib/index.js:119:11)\n    at process.processTicksAndRejections (node:internal/process/task_queues:95:5)\n    at async _Internal.<computed> [as sendGroupMsg] (/root/lezskabot/koishi/koishi-app/node_modules/koishi-plugin-adapter-onebot/lib/index.js:162:20)\n    at async OneBotMessageEncoder.flush (/root/lezskabot/koishi/koishi-app/node_modules/koishi-plugin-adapter-onebot/lib/index.js:771:338)\n    at async OneBotMessageEncoder.send (/root/lezskabot/koishi/koishi-app/node_modules/@satorijs/core/lib/index.cjs:755:5)\n    at async Proxy.sendMessage (/root/lezskabot/koishi/koishi-app/node_modules/@satorijs/core/lib/index.cjs:487:22)\n    at async _Command.eval (eval at <anonymous> (/root/lezskabot/koishi/koishi-app/node_modules/koishi-plugin-blockly-null/lib/index.js:1:1), <anonymous>:354:11)\n    at async Array.<anonymous> (/root/lezskabot/koishi/koishi-app/node_modules/@koishijs/core/lib/index.cjs:1079:14)\n    at async _Command.execute (/root/lezskabot/koishi/koishi-app/node_modules/@koishijs/core/lib/index.cjs:1093:22)\n    at async /root/lezskabot/koishi/koishi-app/node_modules/@koishijs/core/lib/index.cjs:2049:22","timestamp":1778234794118}
{"id":273565,"type":"warn","level":2,"name":"session","meta":{},"content":"Error: Error with request send_group_msg, args: {\"group_id\":1091191330,\"message\":[{\"type\":\"at\",\"data\":{\"qq\":\"3980423768\"}},{\"type\":\"text\",\"data\":{\"text\":\"你献祭了：\\n3张二星\\n获得840P点！\\n当前P点数1762\"}}]}, retcode: 1200\n    at _Internal._get (/root/lezskabot/koishi/koishi-app/node_modules/koishi-plugin-adapter-onebot/lib/index.js:119:11)\n    at process.processTicksAndRejections (node:internal/process/task_queues:95:5)\n    at async _Internal.<computed> [as sendGroupMsg] (/root/lezskabot/koishi/koishi-app/node_modules/koishi-plugin-adapter-onebot/lib/index.js:162:20)\n    at async OneBotMessageEncoder.flush (/root/lezskabot/koishi/koishi-app/node_modules/koishi-plugin-adapter-onebot/lib/index.js:771:338)\n    at async OneBotMessageEncoder.send (/root/lezskabot/koishi/koishi-app/node_modules/@satorijs/core/lib/index.cjs:755:5)\n    at async Proxy.sendMessage (/root/lezskabot/koishi/koishi-app/node_modules/@satorijs/core/lib/index.cjs:487:22)\n    at async _Command.eval (eval at <anonymous> (/root/lezskabot/koishi/koishi-app/node_modules/koishi-plugin-blockly-null/lib/index.js:1:1), <anonymous>:396:17)\n    at async Array.<anonymous> (/root/lezskabot/koishi/koishi-app/node_modules/@koishijs/core/lib/index.cjs:1079:14)\n    at async _Command.execute (/root/lezskabot/koishi/koishi-app/node_modules/@koishijs/core/lib/index.cjs:1093:22)\n    at async /root/lezskabot/koishi/koishi-app/node_modules/@koishijs/core/lib/index.cjs:2049:22","timestamp":1778234798187}
{"id":273567,"type":"success","level":1,"name":"抽卡与卡组","meta":{"paths":["lp0hx8"]},"content":"3980423768献祭了：3张二星  获得840P点，当前P点数为1762","timestamp":1778234798191}
{"id":273698,"type":"success","level":1,"name":"抽卡与卡组","meta":{"paths":["lp0hx8"]},"content":"971217490献祭了：4张二星  1张三星  获得1680P点，当前P点数为1779","timestamp":1778234846622}
{"id":274063,"type":"success","level":1,"name":"抽卡与卡组","meta":{"paths":["lp0hx8"]},"content":"3980423768献祭了：1张二星  2张三星  获得1400P点，当前P点数为1962","timestamp":1778235015695}
{"id":274159,"type":"info","level":2,"name":"签到","meta":{"paths":["lp0hx8"]},"content":"已更新3055983840的抢劫次数和记录","timestamp":1778235061722}
{"id":274177,"type":"success","level":1,"name":"签到","meta":{"paths":["lp0hx8"]},"content":"3055983840抢了956937232的88P点！","timestamp":1778235062478}
{"id":274178,"type":"info","level":2,"name":"签到","meta":{"paths":["lp0hx8"]},"content":"3055983840今天的抢劫记录为88   |    剩余抢劫次数为2","timestamp":1778235062479}
{"id":274235,"type":"success","level":1,"name":"签到","meta":{"paths":["lp0hx8"]},"content":"3055983840抢劫971217490失败！失去了102P点！","timestamp":1778235073461}
{"id":274236,"type":"info","level":2,"name":"签到","meta":{"paths":["lp0hx8"]},"content":"3055983840今天的抢劫记录为-14   |    剩余抢劫次数为1","timestamp":1778235073464}
{"id":274336,"type":"success","level":1,"name":"签到","meta":{"paths":["lp0hx8"]},"content":"3980423768抢了971217490的369P点！","timestamp":1778235096874}
{"id":274337,"type":"info","level":2,"name":"签到","meta":{"paths":["lp0hx8"]},"content":"3980423768今天的抢劫记录为579   |    剩余抢劫次数为0","timestamp":1778235096876}
{"id":274492,"type":"success","level":1,"name":"签到","meta":{"paths":["lp0hx8"]},"content":"1012113121完成了一次签到！","timestamp":1778235115475}
{"id":274551,"type":"success","level":1,"name":"抽卡与卡组","meta":{"paths":["lp0hx8"]},"content":"3980423768献祭了：2张二星  1张三星  获得1120P点，当前P点数为2061","timestamp":1778235123145}
{"id":274651,"type":"success","level":1,"name":"签到","meta":{"paths":["lp0hx8"]},"content":"3055983840抢了956937232的58P点！","timestamp":1778235147195}
{"id":274652,"type":"info","level":2,"name":"签到","meta":{"paths":["lp0hx8"]},"content":"3055983840今天的抢劫记录为44   |    剩余抢劫次数为0","timestamp":1778235147197}
{"id":274746,"type":"info","level":2,"name":"签到","meta":{"paths":["lp0hx8"]},"content":"已更新1012113121的抢劫次数和记录","timestamp":1778235178330}
{"id":274800,"type":"success","level":1,"name":"抽卡与卡组","meta":{"paths":["lp0hx8"]},"content":"3980423768献祭了：1张二星  2张三星  获得1400P点，当前P点数为2261","timestamp":1778235193465}
{"id":275217,"type":"success","level":1,"name":"抽卡与卡组","meta":{"paths":["lp0hx8"]},"content":"2085287779献祭了：2张二星  2张三星  获得1680P点，当前P点数为3257","timestamp":1778235339096}
{"id":275344,"type":"success","level":1,"name":"抽卡与卡组","meta":{"paths":["lp0hx8"]},"content":"2085287779献祭了：4张二星  获得1120P点，当前P点数为2777","timestamp":1778235377736}
{"id":276798,"type":"success","level":1,"name":"抽卡与卡组","meta":{"paths":["lp0hx8"]},"content":"2628075910献祭了：6张二星  获得1680P点，当前P点数为3844","timestamp":1778235927373}
{"id":277910,"type":"success","level":1,"name":"抽卡与卡组","meta":{"paths":["lp0hx8"]},"content":"2628075910献祭了：4张二星  1张三星  获得1680P点，当前P点数为3124","timestamp":1778236328619}
{"id":293358,"type":"error","level":1,"name":"绑定id","meta":{"paths":["lp0hx8"]},"content":"3196320549输入错误id：7540332656488241935，id过短","timestamp":1778244473200}
{"id":293447,"type":"success","level":1,"name":"签到","meta":{"paths":["lp0hx8"]},"content":"2186790348完成了一次签到！","timestamp":1778244515823}
{"id":293635,"type":"info","level":2,"name":"绑定id","meta":{"paths":["lp0hx8"]},"content":"用户3196320549绑定了cnid：7540332656488241935","timestamp":1778244608877}
{"id":293769,"type":"info","level":2,"name":"绑定id","meta":{"paths":["lp0hx8"]},"content":"用户3993126914绑定了id：648099010394259464","timestamp":1778244714210}
{"id":293892,"type":"info","level":2,"name":"绑定id","meta":{"paths":["lp0hx8"]},"content":"用户3196320549绑定了cnid：7540332656488241935","timestamp":1778244794042}
{"id":293943,"type":"info","level":2,"name":"绑定id","meta":{"paths":["lp0hx8"]},"content":"用户3196320549绑定了cnid：7540332656488241935","timestamp":1778244842050}
{"id":294667,"type":"info","level":2,"name":"绑定id","meta":{"paths":["lp0hx8"]},"content":"用户3993126914绑定了id：648099010394259464","timestamp":1778245396548}
{"id":294691,"type":"info","level":2,"name":"绑定id","meta":{"paths":["lp0hx8"]},"content":"用户1614776394绑定了twid：7243477905144290049","timestamp":1778245421967}
{"id":294738,"type":"success","level":1,"name":"签到","meta":{"paths":["lp0hx8"]},"content":"3944879187完成了一次签到！","timestamp":1778245435249}
{"id":294802,"type":"info","level":2,"name":"绑定id","meta":{"paths":["lp0hx8"]},"content":"用户3993126914绑定了id：648099010394259464","timestamp":1778245451982}
{"id":294891,"type":"success","level":1,"name":"签到","meta":{"paths":["lp0hx8"]},"content":"1963408278完成了一次签到！","timestamp":1778245467593}
{"id":294974,"type":"info","level":2,"name":"绑定id","meta":{"paths":["lp0hx8"]},"content":"用户1614776394绑定了twid：7243477905144290049","timestamp":1778245486025}
{"id":294999,"type":"error","level":1,"name":"签到","meta":{"paths":["lp0hx8"]},"content":"3995085039签到失败！原因：该用户已经签到","timestamp":1778245486874}
{"id":295079,"type":"info","level":2,"name":"抽卡与卡组","meta":{"paths":["lp0hx8"]},"content":"1963408278抽到了一张❀三星☄卡，剩余5694P点","timestamp":1778245509812}
{"id":295089,"type":"info","level":2,"name":"绑定id","meta":{"paths":["lp0hx8"]},"content":"用户1614776394绑定了twid：7243477905144290049","timestamp":1778245515654}
{"id":295123,"type":"info","level":2,"name":"抽卡与卡组","meta":{"paths":["lp0hx8"]},"content":"1963408278抽到了一张❀三星☄卡，剩余5294P点","timestamp":1778245518166}
{"id":295151,"type":"info","level":2,"name":"抽卡与卡组","meta":{"paths":["lp0hx8"]},"content":"1963408278抽到了一张☆二星★卡，剩余4894P点","timestamp":1778245524361}
{"id":295189,"type":"info","level":2,"name":"抽卡与卡组","meta":{"paths":["lp0hx8"]},"content":"1963408278抽到了一张☆二星★卡，剩余4494P点","timestamp":1778245530327}
{"id":295243,"type":"info","level":2,"name":"抽卡与卡组","meta":{"paths":["lp0hx8"]},"content":"1963408278抽到了一张☆二星★卡，剩余4094P点","timestamp":1778245540711}
{"id":295265,"type":"info","level":2,"name":"绑定id","meta":{"paths":["lp0hx8"]},"content":"用户1614776394绑定了twid：7243477905144290049","timestamp":1778245548240}
{"id":295294,"type":"info","level":2,"name":"抽卡与卡组","meta":{"paths":["lp0hx8"]},"content":"1963408278抽到了一张☆二星★卡，剩余3694P点","timestamp":1778245549071}
{"id":295394,"type":"info","level":2,"name":"抽卡与卡组","meta":{"paths":["lp0hx8"]},"content":"1963408278抽到了一张☆二星★卡，剩余3294P点","timestamp":1778245599229}
{"id":295414,"type":"info","level":2,"name":"抽卡与卡组","meta":{"paths":["lp0hx8"]},"content":"1963408278抽到了一张☆二星★卡，剩余2894P点","timestamp":1778245608573}
{"id":295441,"type":"info","level":2,"name":"抽卡与卡组","meta":{"paths":["lp0hx8"]},"content":"1963408278抽到了一张❀三星☄卡，剩余2494P点","timestamp":1778245614344}
{"id":295462,"type":"success","level":1,"name":"签到","meta":{"paths":["lp0hx8"]},"content":"3385275057完成了一次签到！","timestamp":1778245618027}
{"id":295672,"type":"info","level":2,"name":"抽卡与卡组","meta":{"paths":["lp0hx8"]},"content":"3385275057抽到了一张☆二星★卡，剩余1356P点","timestamp":1778245683740}
{"id":295700,"type":"info","level":2,"name":"抽卡与卡组","meta":{"paths":["lp0hx8"]},"content":"3385275057抽到了一张☆二星★卡，剩余956P点","timestamp":1778245687521}
{"id":295739,"type":"info","level":2,"name":"抽卡与卡组","meta":{"paths":["lp0hx8"]},"content":"3385275057抽到了一张❀三星☄卡，剩余556P点","timestamp":1778245690992}
{"id":295763,"type":"info","level":2,"name":"抽卡与卡组","meta":{"paths":["lp0hx8"]},"content":"3385275057抽到了一张☆二星★卡，剩余156P点","timestamp":1778245695244}
{"id":296188,"type":"error","level":1,"name":"抽卡与卡组","meta":{"paths":["lp0hx8"]},"content":"1963408278抽卡失败，积分不足","timestamp":1778245872481}
{"id":296336,"type":"info","level":2,"name":"抽卡与卡组","meta":{"paths":["lp0hx8"]},"content":"3944879187抽到了一张☆二星★卡，剩余6136P点","timestamp":1778245914188}
{"id":296396,"type":"info","level":2,"name":"抽卡与卡组","meta":{"paths":["lp0hx8"]},"content":"3944879187抽到了一张☆二星★卡，剩余5736P点","timestamp":1778245928651}
{"id":296573,"type":"info","level":2,"name":"抽卡与卡组","meta":{"paths":["lp0hx8"]},"content":"3944879187抽到了一张☆二星★卡，剩余5336P点","timestamp":1778245967891}
{"id":296597,"type":"info","level":2,"name":"抽卡与卡组","meta":{"paths":["lp0hx8"]},"content":"3944879187抽到了一张☆二星★卡，剩余4936P点","timestamp":1778245971157}
{"id":296781,"type":"success","level":1,"name":"签到","meta":{"paths":["lp0hx8"]},"content":"2792910079完成了一次签到！","timestamp":1778246025311}
{"id":308369,"type":"warn","level":2,"name":"command","meta":{},"content":"送p点 有跌\nTypeError: Cannot read properties of undefined (reading 'attrs')\n    at _Command.eval (eval at <anonymous> (/root/lezskabot/koishi/koishi-app/node_modules/koishi-plugin-blockly-null/lib/index.js:1:1), <anonymous>:104:93)\n    at Array.<anonymous> (/root/lezskabot/koishi/koishi-app/node_modules/@koishijs/core/lib/index.cjs:1079:27)\n    at argv.next (/root/lezskabot/koishi/koishi-app/node_modules/@koishijs/core/lib/index.cjs:1090:30)\n    at _Command.execute (/root/lezskabot/koishi/koishi-app/node_modules/@koishijs/core/lib/index.cjs:1093:33)\n    at process.processTicksAndRejections (node:internal/process/task_queues:95:5)\n    at async /root/lezskabot/koishi/koishi-app/node_modules/@koishijs/core/lib/index.cjs:2049:22\n    at async Proxy.withScope (/root/lezskabot/koishi/koishi-app/node_modules/@koishijs/core/lib/index.cjs:1958:22)\n    at async next (/root/lezskabot/koishi/koishi-app/node_modules/@koishijs/core/lib/index.cjs:827:16)\n    at async next (/root/lezskabot/koishi/koishi-app/node_modules/@koishijs/core/lib/index.cjs:827:16)\n    at async next (/root/lezskabot/koishi/koishi-app/node_modules/@koishijs/core/lib/index.cjs:827:16)","timestamp":1778249232482}
{"id":311571,"type":"error","level":1,"name":"签到","meta":{"paths":["lp0hx8"]},"content":"2250804603签到失败！原因：该用户已经签到","timestamp":1778249862634}
{"id":314476,"type":"info","level":2,"name":"绑定id","meta":{"paths":["lp0hx8"]},"content":"用户3764379512绑定了cnid：7505617382367320872","timestamp":1778250837464}
{"id":314890,"type":"info","level":2,"name":"绑定id","meta":{"paths":["lp0hx8"]},"content":"用户3764379512绑定了cnid：7505617382367320872","timestamp":1778250968208}
{"id":321747,"type":"success","level":1,"name":"签到","meta":{"paths":["lp0hx8"]},"content":"1569181511完成了一次签到！","timestamp":1778252841740}
{"id":321811,"type":"info","level":2,"name":"签到","meta":{"paths":["lp0hx8"]},"content":"已更新1569181511的抢劫次数和记录","timestamp":1778252852308}
{"id":321827,"type":"success","level":1,"name":"签到","meta":{"paths":["lp0hx8"]},"content":"1569181511抢劫3980423768失败！失去了169P点！","timestamp":1778252852696}
{"id":321828,"type":"info","level":2,"name":"签到","meta":{"paths":["lp0hx8"]},"content":"1569181511今天的抢劫记录为-169   |    剩余抢劫次数为2","timestamp":1778252852697}
{"id":321879,"type":"success","level":1,"name":"签到","meta":{"paths":["lp0hx8"]},"content":"3967681268完成了一次签到！","timestamp":1778252856183}
{"id":321938,"type":"success","level":1,"name":"签到","meta":{"paths":["lp0hx8"]},"content":"1569181511抢了1012113121的70P点！","timestamp":1778252861246}
{"id":321939,"type":"info","level":2,"name":"签到","meta":{"paths":["lp0hx8"]},"content":"1569181511今天的抢劫记录为-99   |    剩余抢劫次数为1","timestamp":1778252861246}
{"id":322043,"type":"success","level":1,"name":"签到","meta":{"paths":["lp0hx8"]},"content":"1569181511抢劫3986092865失败！失去了193P点！","timestamp":1778252876014}
{"id":322044,"type":"info","level":2,"name":"签到","meta":{"paths":["lp0hx8"]},"content":"1569181511今天的抢劫记录为-292   |    剩余抢劫次数为0","timestamp":1778252876015}
{"id":322138,"type":"success","level":1,"name":"签到","meta":{"paths":["lp0hx8"]},"content":"1012113121抢劫1569181511失败！失去了197P点！","timestamp":1778252894547}
{"id":322139,"type":"info","level":2,"name":"签到","meta":{"paths":["lp0hx8"]},"content":"1012113121今天的抢劫记录为-197   |    剩余抢劫次数为2","timestamp":1778252894549}
{"id":322469,"type":"info","level":2,"name":"抽卡与卡组","meta":{"paths":["lp0hx8"]},"content":"1569181511抽到了一张❀三星☄卡，剩余873P点","timestamp":1778253005432}
{"id":331434,"type":"success","level":1,"name":"签到","meta":{"paths":["lp0hx8"]},"content":"29053789完成了一次签到！","timestamp":1778255595777}
{"id":332959,"type":"success","level":1,"name":"签到","meta":{"paths":["lp0hx8"]},"content":"2221639610完成了一次签到！","timestamp":1778255933690}
{"id":333442,"type":"info","level":2,"name":"签到","meta":{"paths":["lp0hx8"]},"content":"已更新1029033118的抢劫次数和记录","timestamp":1778256021224}
{"id":333477,"type":"success","level":1,"name":"签到","meta":{"paths":["lp0hx8"]},"content":"3055983840完成了一次签到！","timestamp":1778256023827}
{"id":333687,"type":"success","level":1,"name":"签到","meta":{"paths":["lp0hx8"]},"content":"1029033118抢劫3055983840失败！失去了124P点！","timestamp":1778256044434}
{"id":333688,"type":"info","level":2,"name":"签到","meta":{"paths":["lp0hx8"]},"content":"1029033118今天的抢劫记录为-124   |    剩余抢劫次数为2","timestamp":1778256044436}
{"id":333727,"type":"success","level":1,"name":"签到","meta":{"paths":["lp0hx8"]},"content":"1029033118抢了3055983840的180P点！","timestamp":1778256049273}
{"id":333728,"type":"info","level":2,"name":"签到","meta":{"paths":["lp0hx8"]},"content":"1029033118今天的抢劫记录为56   |    剩余抢劫次数为1","timestamp":1778256049274}
{"id":333763,"type":"success","level":1,"name":"签到","meta":{"paths":["lp0hx8"]},"content":"2513983517完成了一次签到！","timestamp":1778256051533}
{"id":333804,"type":"success","level":1,"name":"签到","meta":{"paths":["lp0hx8"]},"content":"3389530537完成了一次签到！","timestamp":1778256053394}
{"id":333839,"type":"success","level":1,"name":"签到","meta":{"paths":["lp0hx8"]},"content":"1029033118抢劫3055983840失败！失去了51P点！","timestamp":1778256054952}
{"id":333840,"type":"info","level":2,"name":"签到","meta":{"paths":["lp0hx8"]},"content":"1029033118今天的抢劫记录为5   |    剩余抢劫次数为0","timestamp":1778256054954}
{"id":333909,"type":"success","level":1,"name":"签到","meta":{"paths":["lp0hx8"]},"content":"1029033118完成了一次签到！","timestamp":1778256060884}
{"id":333931,"type":"success","level":1,"name":"签到","meta":{"paths":["lp0hx8"]},"content":"2334828455完成了一次签到！","timestamp":1778256063316}
{"id":334027,"type":"info","level":2,"name":"签到","meta":{"paths":["lp0hx8"]},"content":"已更新3055983840的抢劫次数和记录","timestamp":1778256075817}
{"id":334057,"type":"warn","level":2,"name":"session","meta":{},"content":"Error: Error with request send_group_msg, args: {\"group_id\":1091191330,\"message\":[{\"type\":\"at\",\"data\":{\"qq\":\"3055983840\"}},{\"type\":\"text\",\"data\":{\"text\":\"   抢劫失败！你失去了77P点！\\n你现在有4559P点\\n你还剩2次抢P点次数！\"}}]}, retcode: 1200\n    at _Internal._get (/root/lezskabot/koishi/koishi-app/node_modules/koishi-plugin-adapter-onebot/lib/index.js:119:11)\n    at process.processTicksAndRejections (node:internal/process/task_queues:95:5)\n    at async _Internal.<computed> [as sendGroupMsg] (/root/lezskabot/koishi/koishi-app/node_modules/koishi-plugin-adapter-onebot/lib/index.js:162:20)\n    at async OneBotMessageEncoder.flush (/root/lezskabot/koishi/koishi-app/node_modules/koishi-plugin-adapter-onebot/lib/index.js:771:338)\n    at async OneBotMessageEncoder.send (/root/lezskabot/koishi/koishi-app/node_modules/@satorijs/core/lib/index.cjs:755:5)\n    at async Proxy.sendMessage (/root/lezskabot/koishi/koishi-app/node_modules/@satorijs/core/lib/index.cjs:487:22)\n    at async _Command.eval (eval at <anonymous> (/root/lezskabot/koishi/koishi-app/node_modules/koishi-plugin-blockly-null/lib/index.js:1:1), <anonymous>:300:29)\n    at async Array.<anonymous> (/root/lezskabot/koishi/koishi-app/node_modules/@koishijs/core/lib/index.cjs:1079:14)\n    at async _Command.execute (/root/lezskabot/koishi/koishi-app/node_modules/@koishijs/core/lib/index.cjs:1093:22)\n    at async /root/lezskabot/koishi/koishi-app/node_modules/@koishijs/core/lib/index.cjs:2049:22","timestamp":1778256076349}
{"id":334058,"type":"success","level":1,"name":"签到","meta":{"paths":["lp0hx8"]},"content":"3055983840抢劫1029033118失败！失去了77P点！","timestamp":1778256076351}
{"id":334059,"type":"info","level":2,"name":"签到","meta":{"paths":["lp0hx8"]},"content":"3055983840今天的抢劫记录为-77   |    剩余抢劫次数为2","timestamp":1778256076352}
{"id":334091,"type":"warn","level":2,"name":"session","meta":{},"content":"Error: Error with request send_group_msg, args: {\"group_id\":1091191330,\"message\":[{\"type\":\"text\",\"data\":{\"text\":\"输入赠送点数\"}}]}, retcode: 1200\n    at _Internal._get (/root/lezskabot/koishi/koishi-app/node_modules/koishi-plugin-adapter-onebot/lib/index.js:119:11)\n    at process.processTicksAndRejections (node:internal/process/task_queues:95:5)\n    at async _Internal.<computed> [as sendGroupMsg] (/root/lezskabot/koishi/koishi-app/node_modules/koishi-plugin-adapter-onebot/lib/index.js:162:20)\n    at async OneBotMessageEncoder.flush (/root/lezskabot/koishi/koishi-app/node_modules/koishi-plugin-adapter-onebot/lib/index.js:771:338)\n    at async OneBotMessageEncoder.send (/root/lezskabot/koishi/koishi-app/node_modules/@satorijs/core/lib/index.cjs:755:5)\n    at async Proxy.sendMessage (/root/lezskabot/koishi/koishi-app/node_modules/@satorijs/core/lib/index.cjs:487:22)\n    at async _Command.eval (eval at <anonymous> (/root/lezskabot/koishi/koishi-app/node_modules/koishi-plugin-blockly-null/lib/index.js:1:1), <anonymous>:168:23)\n    at async Array.<anonymous> (/root/lezskabot/koishi/koishi-app/node_modules/@koishijs/core/lib/index.cjs:1079:14)\n    at async _Command.execute (/root/lezskabot/koishi/koishi-app/node_modules/@koishijs/core/lib/index.cjs:1093:22)\n    at async /root/lezskabot/koishi/koishi-app/node_modules/@koishijs/core/lib/index.cjs:2049:22","timestamp":1778256077578}
{"id":334121,"type":"info","level":2,"name":"签到","meta":{"paths":["lp0hx8"]},"content":"已更新3911816075的抢劫次数和记录","timestamp":1778256078347}
{"id":334145,"type":"warn","level":2,"name":"session","meta":{},"content":"Error: Error with request send_group_msg, args: {\"group_id\":1091191330,\"message\":[{\"type\":\"at\",\"data\":{\"qq\":\"3911816075\"}},{\"type\":\"text\",\"data\":{\"text\":\"   恭喜你从对方手里抢到496P点！\\n你现在有578P点\\n对方还剩1166P点\\n你还剩2次抢P点次数！\"}}]}, retcode: 1200\n    at _Internal._get (/root/lezskabot/koishi/koishi-app/node_modules/koishi-plugin-adapter-onebot/lib/index.js:119:11)\n    at process.processTicksAndRejections (node:internal/process/task_queues:95:5)\n    at async _Internal.<computed> [as sendGroupMsg] (/root/lezskabot/koishi/koishi-app/node_modules/koishi-plugin-adapter-onebot/lib/index.js:162:20)\n    at async OneBotMessageEncoder.flush (/root/lezskabot/koishi/koishi-app/node_modules/koishi-plugin-adapter-onebot/lib/index.js:771:338)\n    at async OneBotMessageEncoder.send (/root/lezskabot/koishi/koishi-app/node_modules/@satorijs/core/lib/index.cjs:755:5)\n    at async Proxy.sendMessage (/root/lezskabot/koishi/koishi-app/node_modules/@satorijs/core/lib/index.cjs:487:22)\n    at async _Command.eval (eval at <anonymous> (/root/lezskabot/koishi/koishi-app/node_modules/koishi-plugin-blockly-null/lib/index.js:1:1), <anonymous>:281:27)\n    at async Array.<anonymous> (/root/lezskabot/koishi/koishi-app/node_modules/@koishijs/core/lib/index.cjs:1079:14)\n    at async _Command.execute (/root/lezskabot/koishi/koishi-app/node_modules/@koishijs/core/lib/index.cjs:1093:22)\n    at async /root/lezskabot/koishi/koishi-app/node_modules/@koishijs/core/lib/index.cjs:2049:22","timestamp":1778256078835}
{"id":334146,"type":"success","level":1,"name":"签到","meta":{"paths":["lp0hx8"]},"content":"3911816075抢了2334828455的496P点！","timestamp":1778256078837}
{"id":334147,"type":"info","level":2,"name":"签到","meta":{"paths":["lp0hx8"]},"content":"3911816075今天的抢劫记录为496   |    剩余抢劫次数为2","timestamp":1778256078838}
{"id":334215,"type":"success","level":1,"name":"抽卡与卡组","meta":{"paths":["lp0hx8"]},"content":"1029033118献祭了：8张二星  获得2240P点，当前P点数为7647","timestamp":1778256093600}
{"id":334236,"type":"success","level":1,"name":"签到","meta":{"paths":["lp0hx8"]},"content":"29053789完成了一次签到！","timestamp":1778256095969}
{"id":334307,"type":"success","level":1,"name":"签到","meta":{"paths":["lp0hx8"]},"content":"3911816075抢了1029033118的343P点！","timestamp":1778256099078}
{"id":334308,"type":"info","level":2,"name":"签到","meta":{"paths":["lp0hx8"]},"content":"3911816075今天的抢劫记录为839   |    剩余抢劫次数为1","timestamp":1778256099080}
{"id":334337,"type":"success","level":1,"name":"签到","meta":{"paths":["lp0hx8"]},"content":"971217490完成了一次签到！","timestamp":1778256100676}
{"id":334413,"type":"success","level":1,"name":"签到","meta":{"paths":["lp0hx8"]},"content":"3911816075抢了971217490的4P点！","timestamp":1778256109981}
{"id":334414,"type":"info","level":2,"name":"签到","meta":{"paths":["lp0hx8"]},"content":"3911816075今天的抢劫记录为843   |    剩余抢劫次数为0","timestamp":1778256109981}
{"id":334465,"type":"success","level":1,"name":"抽卡与卡组","meta":{"paths":["lp0hx8"]},"content":"1029033118献祭了：7张二星  1张三星  获得2520P点，当前P点数为6624","timestamp":1778256116918}
{"id":334568,"type":"warn","level":2,"name":"session","meta":{},"content":"Error: Error with request send_group_msg, args: {\"group_id\":1091191330,\"message\":[{\"type\":\"text\",\"data\":{\"text\":\"他的P点已经不到100了你还抢！大坏蛋！\"}}]}, retcode: 1200\n    at _Internal._get (/root/lezskabot/koishi/koishi-app/node_modules/koishi-plugin-adapter-onebot/lib/index.js:119:11)\n    at process.processTicksAndRejections (node:internal/process/task_queues:95:5)\n    at async _Internal.<computed> [as sendGroupMsg] (/root/lezskabot/koishi/koishi-app/node_modules/koishi-plugin-adapter-onebot/lib/index.js:162:20)\n    at async OneBotMessageEncoder.flush (/root/lezskabot/koishi/koishi-app/node_modules/koishi-plugin-adapter-onebot/lib/index.js:771:338)\n    at async OneBotMessageEncoder.send (/root/lezskabot/koishi/koishi-app/node_modules/@satorijs/core/lib/index.cjs:755:5)\n    at async Proxy.sendMessage (/root/lezskabot/koishi/koishi-app/node_modules/@satorijs/core/lib/index.cjs:487:22)\n    at async /root/lezskabot/koishi/koishi-app/node_modules/@koishijs/core/lib/index.cjs:2051:7\n    at async Proxy.withScope (/root/lezskabot/koishi/koishi-app/node_modules/@koishijs/core/lib/index.cjs:1958:22)\n    at async /root/lezskabot/koishi/koishi-app/node_modules/koishi-plugin-anti-space/lib/index.js:63:20\n    at async next (/root/lezskabot/koishi/koishi-app/node_modules/@koishijs/core/lib/index.cjs:827:16)","timestamp":1778256123954}
{"id":334582,"type":"warn","level":2,"name":"session","meta":{},"content":"Error: Error with request send_group_msg, args: {\"group_id\":1091191330,\"message\":[{\"type\":\"image\",\"data\":{\"file\":\"/root/lezskabot/cards/2/133.png\",\"cache\":0}},{\"type\":\"at\",\"data\":{\"qq\":\"971217490\"}},{\"type\":\"text\",\"data\":{\"text\":\"❀三星☄\\n你还有40P点\\n也就是0抽。\\n请仔细阅读“抽卡帮助”！\\n此卡已自动存入你卡组的第8位\"}}]}, retcode: 1200\n    at _Internal._get (/root/lezskabot/koishi/koishi-app/node_modules/koishi-plugin-adapter-onebot/lib/index.js:119:11)\n    at process.processTicksAndRejections (node:internal/process/task_queues:95:5)\n    at async _Internal.<computed> [as sendGroupMsg] (/root/lezskabot/koishi/koishi-app/node_modules/koishi-plugin-adapter-onebot/lib/index.js:162:20)\n    at async OneBotMessageEncoder.flush (/root/lezskabot/koishi/koishi-app/node_modules/koishi-plugin-adapter-onebot/lib/index.js:771:338)\n    at async OneBotMessageEncoder.send (/root/lezskabot/koishi/koishi-app/node_modules/@satorijs/core/lib/index.cjs:755:5)\n    at async Proxy.sendMessage (/root/lezskabot/koishi/koishi-app/node_modules/@satorijs/core/lib/index.cjs:487:22)\n    at async _Command.eval (eval at <anonymous> (/root/lezskabot/koishi/koishi-app/node_modules/koishi-plugin-blockly-null/lib/index.js:1:1), <anonymous>:293:21)\n    at async Array.<anonymous> (/root/lezskabot/koishi/koishi-app/node_modules/@koishijs/core/lib/index.cjs:1079:14)\n    at async _Command.execute (/root/lezskabot/koishi/koishi-app/node_modules/@koishijs/core/lib/index.cjs:1093:22)\n    at async /root/lezskabot/koishi/koishi-app/node_modules/@koishijs/core/lib/index.cjs:2049:22","timestamp":1778256124551}
{"id":334588,"type":"info","level":2,"name":"抽卡与卡组","meta":{"paths":["lp0hx8"]},"content":"971217490抽到了一张❀三星☄卡，剩余40P点","timestamp":1778256124569}
{"id":334619,"type":"warn","level":2,"name":"session","meta":{},"content":"Error: Error with request send_group_msg, args: {\"group_id\":1091191330,\"message\":[{\"type\":\"text\",\"data\":{\"text\":\"你抽到了：\\n6张二星  \\n1张三星  \\n1张四星  \\n一共8张卡\\n已存入你卡组的第1, 2, 3, 4, 5, 6, 7, 8位\\n你还有3424P点\"}}]}, retcode: 1200\n    at _Internal._get (/root/lezskabot/koishi/koishi-app/node_modules/koishi-plugin-adapter-onebot/lib/index.js:119:11)\n    at process.processTicksAndRejections (node:internal/process/task_queues:95:5)\n    at async _Internal.<computed> [as sendGroupMsg] (/root/lezskabot/koishi/koishi-app/node_modules/koishi-plugin-adapter-onebot/lib/index.js:162:20)\n    at async OneBotMessageEncoder.flush (/root/lezskabot/koishi/koishi-app/node_modules/koishi-plugin-adapter-onebot/lib/index.js:771:338)\n    at async OneBotMessageEncoder.send (/root/lezskabot/koishi/koishi-app/node_modules/@satorijs/core/lib/index.cjs:755:5)\n    at async Proxy.sendMessage (/root/lezskabot/koishi/koishi-app/node_modules/@satorijs/core/lib/index.cjs:487:22)\n    at async /root/lezskabot/koishi/koishi-app/node_modules/@koishijs/core/lib/index.cjs:2051:7\n    at async Proxy.withScope (/root/lezskabot/koishi/koishi-app/node_modules/@koishijs/core/lib/index.cjs:1958:22)\n    at async next (/root/lezskabot/koishi/koishi-app/node_modules/@koishijs/core/lib/index.cjs:827:16)\n    at async next (/root/lezskabot/koishi/koishi-app/node_modules/@koishijs/core/lib/index.cjs:827:16)","timestamp":1778256125157}
{"id":334709,"type":"success","level":1,"name":"签到","meta":{"paths":["lp0hx8"]},"content":"2018283414完成了一次签到！","timestamp":1778256132510}
{"id":334719,"type":"warn","level":2,"name":"session","meta":{},"content":"Error: Error with request send_group_msg, args: {\"group_id\":1091191330,\"message\":[{\"type\":\"image\",\"data\":{\"file\":\"/root/lezskabot/cards/2/13.png\",\"cache\":0}},{\"type\":\"at\",\"data\":{\"qq\":\"1029033118\"}},{\"type\":\"text\",\"data\":{\"text\":\"❀三星☄\\n此卡在你手中，请手动加入卡组\\n你还有3024P点\\n也就是7抽。\\n请仔细阅读“抽卡帮助”！\"}}]}, retcode: 1200\n    at _Internal._get (/root/lezskabot/koishi/koishi-app/node_modules/koishi-plugin-adapter-onebot/lib/index.js:119:11)\n    at process.processTicksAndRejections (node:internal/process/task_queues:95:5)\n    at async _Internal.<computed> [as sendGroupMsg] (/root/lezskabot/koishi/koishi-app/node_modules/koishi-plugin-adapter-onebot/lib/index.js:162:20)\n    at async OneBotMessageEncoder.flush (/root/lezskabot/koishi/koishi-app/node_modules/koishi-plugin-adapter-onebot/lib/index.js:771:338)\n    at async OneBotMessageEncoder.send (/root/lezskabot/koishi/koishi-app/node_modules/@satorijs/core/lib/index.cjs:755:5)\n    at async Proxy.sendMessage (/root/lezskabot/koishi/koishi-app/node_modules/@satorijs/core/lib/index.cjs:487:22)\n    at async _Command.eval (eval at <anonymous> (/root/lezskabot/koishi/koishi-app/node_modules/koishi-plugin-blockly-null/lib/index.js:1:1), <anonymous>:302:15)\n    at async Array.<anonymous> (/root/lezskabot/koishi/koishi-app/node_modules/@koishijs/core/lib/index.cjs:1079:14)\n    at async _Command.execute (/root/lezskabot/koishi/koishi-app/node_modules/@koishijs/core/lib/index.cjs:1093:22)\n    at async /root/lezskabot/koishi/koishi-app/node_modules/@koishijs/core/lib/index.cjs:2049:22","timestamp":1778256133284}
{"id":334721,"type":"info","level":2,"name":"抽卡与卡组","meta":{"paths":["lp0hx8"]},"content":"1029033118抽到了一张❀三星☄卡，剩余3024P点","timestamp":1778256133292}
{"id":334737,"type":"info","level":2,"name":"签到","meta":{"paths":["lp0hx8"]},"content":"已更新1950232183的抢劫次数和记录","timestamp":1778256133631}
{"id":334753,"type":"warn","level":2,"name":"session","meta":{},"content":"Error: Error with request send_group_msg, args: {\"group_id\":1091191330,\"message\":[{\"type\":\"text\",\"data\":{\"text\":\"他的P点已经不到100了你还抢！大坏蛋！\"}}]}, retcode: 1200\n    at _Internal._get (/root/lezskabot/koishi/koishi-app/node_modules/koishi-plugin-adapter-onebot/lib/index.js:119:11)\n    at process.processTicksAndRejections (node:internal/process/task_queues:95:5)\n    at async _Internal.<computed> [as sendGroupMsg] (/root/lezskabot/koishi/koishi-app/node_modules/koishi-plugin-adapter-onebot/lib/index.js:162:20)\n    at async OneBotMessageEncoder.flush (/root/lezskabot/koishi/koishi-app/node_modules/koishi-plugin-adapter-onebot/lib/index.js:771:338)\n    at async OneBotMessageEncoder.send (/root/lezskabot/koishi/koishi-app/node_modules/@satorijs/core/lib/index.cjs:755:5)\n    at async Proxy.sendMessage (/root/lezskabot/koishi/koishi-app/node_modules/@satorijs/core/lib/index.cjs:487:22)\n    at async /root/lezskabot/koishi/koishi-app/node_modules/@koishijs/core/lib/index.cjs:2051:7\n    at async Proxy.withScope (/root/lezskabot/koishi/koishi-app/node_modules/@koishijs/core/lib/index.cjs:1958:22)\n    at async /root/lezskabot/koishi/koishi-app/node_modules/koishi-plugin-anti-space/lib/index.js:63:20\n    at async next (/root/lezskabot/koishi/koishi-app/node_modules/@koishijs/core/lib/index.cjs:827:16)","timestamp":1778256133922}
{"id":335025,"type":"success","level":1,"name":"签到","meta":{"paths":["lp0hx8"]},"content":"1652933285完成了一次签到！","timestamp":1778256161270}
{"id":335103,"type":"info","level":2,"name":"签到","meta":{"paths":["lp0hx8"]},"content":"已更新29053789的抢劫次数和记录","timestamp":1778256166903}
{"id":335119,"type":"success","level":1,"name":"签到","meta":{"paths":["lp0hx8"]},"content":"29053789抢了1652933285的683P点！","timestamp":1778256167328}
{"id":335120,"type":"info","level":2,"name":"签到","meta":{"paths":["lp0hx8"]},"content":"29053789今天的抢劫记录为683   |    剩余抢劫次数为3","timestamp":1778256167328}
{"id":335157,"type":"success","level":1,"name":"签到","meta":{"paths":["lp0hx8"]},"content":"2994459542完成了一次签到！","timestamp":1778256173588}
{"id":335270,"type":"info","level":2,"name":"签到","meta":{"paths":["lp0hx8"]},"content":"已更新1652933285的抢劫次数和记录","timestamp":1778256190387}
{"id":335289,"type":"success","level":1,"name":"签到","meta":{"paths":["lp0hx8"]},"content":"1652933285抢了29053789的297P点！","timestamp":1778256190996}
{"id":335290,"type":"info","level":2,"name":"签到","meta":{"paths":["lp0hx8"]},"content":"1652933285今天的抢劫记录为297   |    剩余抢劫次数为2","timestamp":1778256190998}
{"id":335329,"type":"info","level":2,"name":"签到","meta":{"paths":["lp0hx8"]},"content":"已更新971217490的抢劫次数和记录","timestamp":1778256197865}
{"id":335345,"type":"success","level":1,"name":"签到","meta":{"paths":["lp0hx8"]},"content":"971217490抢劫29053789失败！失去了所有P点！","timestamp":1778256198411}
{"id":335346,"type":"info","level":2,"name":"签到","meta":{"paths":["lp0hx8"]},"content":"971217490今天的抢劫记录为-40   |    剩余抢劫次数为2","timestamp":1778256198414}
{"id":335546,"type":"success","level":1,"name":"签到","meta":{"paths":["lp0hx8"]},"content":"971217490抢了29053789的42P点！","timestamp":1778256222237}
{"id":335547,"type":"info","level":2,"name":"签到","meta":{"paths":["lp0hx8"]},"content":"971217490今天的抢劫记录为2   |    剩余抢劫次数为0","timestamp":1778256222238}
{"id":335788,"type":"info","level":2,"name":"签到","meta":{"paths":["lp0hx8"]},"content":"1652933285向971217490赠送了328个P点","timestamp":1778256265645}
{"id":335831,"type":"success","level":1,"name":"签到","meta":{"paths":["lp0hx8"]},"content":"3055983840抢了29053789的302P点！","timestamp":1778256271256}
{"id":335832,"type":"info","level":2,"name":"签到","meta":{"paths":["lp0hx8"]},"content":"3055983840今天的抢劫记录为225   |    剩余抢劫次数为1","timestamp":1778256271258}
{"id":335906,"type":"success","level":1,"name":"签到","meta":{"paths":["lp0hx8"]},"content":"1950232183抢了971217490的358P点！","timestamp":1778256280151}
{"id":335907,"type":"info","level":2,"name":"签到","meta":{"paths":["lp0hx8"]},"content":"1950232183今天的抢劫记录为358   |    剩余抢劫次数为2","timestamp":1778256280153}
{"id":335972,"type":"success","level":1,"name":"签到","meta":{"paths":["lp0hx8"]},"content":"1652933285抢了1950232183的143P点！","timestamp":1778256288301}
{"id":335973,"type":"info","level":2,"name":"签到","meta":{"paths":["lp0hx8"]},"content":"1652933285今天的抢劫记录为440   |    剩余抢劫次数为1","timestamp":1778256288303}
{"id":336041,"type":"info","level":2,"name":"签到","meta":{"paths":["lp0hx8"]},"content":"1652933285向971217490赠送了143个P点","timestamp":1778256298478}
{"id":336114,"type":"info","level":2,"name":"签到","meta":{"paths":["lp0hx8"]},"content":"29053789向971217490赠送了10000个P点","timestamp":1778256311020}
{"id":336166,"type":"info","level":2,"name":"签到","meta":{"paths":["lp0hx8"]},"content":"3911816075向971217490赠送了600个P点","timestamp":1778256316394}
{"id":336236,"type":"info","level":2,"name":"签到","meta":{"paths":["lp0hx8"]},"content":"已更新1012113121的抢劫次数和记录","timestamp":1778256325749}
{"id":336253,"type":"success","level":1,"name":"签到","meta":{"paths":["lp0hx8"]},"content":"1012113121抢劫971217490失败！失去了214P点！","timestamp":1778256326051}
{"id":336254,"type":"info","level":2,"name":"签到","meta":{"paths":["lp0hx8"]},"content":"1012113121今天的抢劫记录为-214   |    剩余抢劫次数为2","timestamp":1778256326052}
{"id":336287,"type":"warn","level":2,"name":"session","meta":{},"content":"Error: Error with request send_group_msg, args: {\"group_id\":1091191330,\"message\":[{\"type\":\"at\",\"data\":{\"qq\":\"2334828455\"}},{\"type\":\"text\",\"data\":{\"text\":\"  你现在总共就1166的P点，你想送他1226个P点，舔之前也要先看看自己钱包吧baka！\"}}]}, retcode: 1200\n    at _Internal._get (/root/lezskabot/koishi/koishi-app/node_modules/koishi-plugin-adapter-onebot/lib/index.js:119:11)\n    at process.processTicksAndRejections (node:internal/process/task_queues:95:5)\n    at async _Internal.<computed> [as sendGroupMsg] (/root/lezskabot/koishi/koishi-app/node_modules/koishi-plugin-adapter-onebot/lib/index.js:162:20)\n    at async OneBotMessageEncoder.flush (/root/lezskabot/koishi/koishi-app/node_modules/koishi-plugin-adapter-onebot/lib/index.js:771:338)\n    at async OneBotMessageEncoder.send (/root/lezskabot/koishi/koishi-app/node_modules/@satorijs/core/lib/index.cjs:755:5)\n    at async Proxy.sendMessage (/root/lezskabot/koishi/koishi-app/node_modules/@satorijs/core/lib/index.cjs:487:22)\n    at async _Command.eval (eval at <anonymous> (/root/lezskabot/koishi/koishi-app/node_modules/koishi-plugin-blockly-null/lib/index.js:1:1), <anonymous>:178:29)\n    at async Array.<anonymous> (/root/lezskabot/koishi/koishi-app/node_modules/@koishijs/core/lib/index.cjs:1079:14)\n    at async _Command.execute (/root/lezskabot/koishi/koishi-app/node_modules/@koishijs/core/lib/index.cjs:1093:22)\n    at async /root/lezskabot/koishi/koishi-app/node_modules/@koishijs/core/lib/index.cjs:2049:22","timestamp":1778256331950}
{"id":336288,"type":"info","level":2,"name":"签到","meta":{"paths":["lp0hx8"]},"content":"2334828455向3986092865赠送了1226个P点","timestamp":1778256331953}
{"id":336316,"type":"warn","level":2,"name":"session","meta":{},"content":"Error: Error with request send_group_msg, args: {\"group_id\":1091191330,\"message\":[{\"type\":\"text\",\"data\":{\"text\":\"输入赠送点数\"}}]}, retcode: 1200\n    at _Internal._get (/root/lezskabot/koishi/koishi-app/node_modules/koishi-plugin-adapter-onebot/lib/index.js:119:11)\n    at process.processTicksAndRejections (node:internal/process/task_queues:95:5)\n    at async _Internal.<computed> [as sendGroupMsg] (/root/lezskabot/koishi/koishi-app/node_modules/koishi-plugin-adapter-onebot/lib/index.js:162:20)\n    at async OneBotMessageEncoder.flush (/root/lezskabot/koishi/koishi-app/node_modules/koishi-plugin-adapter-onebot/lib/index.js:771:338)\n    at async OneBotMessageEncoder.send (/root/lezskabot/koishi/koishi-app/node_modules/@satorijs/core/lib/index.cjs:755:5)\n    at async Proxy.sendMessage (/root/lezskabot/koishi/koishi-app/node_modules/@satorijs/core/lib/index.cjs:487:22)\n    at async _Command.eval (eval at <anonymous> (/root/lezskabot/koishi/koishi-app/node_modules/koishi-plugin-blockly-null/lib/index.js:1:1), <anonymous>:168:23)\n    at async Array.<anonymous> (/root/lezskabot/koishi/koishi-app/node_modules/@koishijs/core/lib/index.cjs:1079:14)\n    at async _Command.execute (/root/lezskabot/koishi/koishi-app/node_modules/@koishijs/core/lib/index.cjs:1093:22)\n    at async /root/lezskabot/koishi/koishi-app/node_modules/@koishijs/core/lib/index.cjs:2049:22","timestamp":1778256332401}
{"id":336348,"type":"warn","level":2,"name":"session","meta":{},"content":"Error: Error with request send_group_msg, args: {\"group_id\":1091191330,\"message\":[{\"type\":\"at\",\"data\":{\"qq\":\"3911816075\"}},{\"type\":\"text\",\"data\":{\"text\":\"输入的什么玩意？baka！\"}}]}, retcode: 1200\n    at _Internal._get (/root/lezskabot/koishi/koishi-app/node_modules/koishi-plugin-adapter-onebot/lib/index.js:119:11)\n    at process.processTicksAndRejections (node:internal/process/task_queues:95:5)\n    at async _Internal.<computed> [as sendGroupMsg] (/root/lezskabot/koishi/koishi-app/node_modules/koishi-plugin-adapter-onebot/lib/index.js:162:20)\n    at async OneBotMessageEncoder.flush (/root/lezskabot/koishi/koishi-app/node_modules/koishi-plugin-adapter-onebot/lib/index.js:771:338)\n    at async OneBotMessageEncoder.send (/root/lezskabot/koishi/koishi-app/node_modules/@satorijs/core/lib/index.cjs:755:5)\n    at async Proxy.sendMessage (/root/lezskabot/koishi/koishi-app/node_modules/@satorijs/core/lib/index.cjs:487:22)\n    at async _Command.eval (eval at <anonymous> (/root/lezskabot/koishi/koishi-app/node_modules/koishi-plugin-blockly-null/lib/index.js:1:1), <anonymous>:194:27)\n    at async Array.<anonymous> (/root/lezskabot/koishi/koishi-app/node_modules/@koishijs/core/lib/index.cjs:1079:14)\n    at async _Command.execute (/root/lezskabot/koishi/koishi-app/node_modules/@koishijs/core/lib/index.cjs:1093:22)\n    at async /root/lezskabot/koishi/koishi-app/node_modules/@koishijs/core/lib/index.cjs:2049:22","timestamp":1778256338268}
{"id":336503,"type":"success","level":1,"name":"签到","meta":{"paths":["lp0hx8"]},"content":"1012113121完成了一次签到！","timestamp":1778256359464}
{"id":336542,"type":"success","level":1,"name":"签到","meta":{"paths":["lp0hx8"]},"content":"29053789抢了1012113121的910P点！","timestamp":1778256364477}
{"id":336543,"type":"info","level":2,"name":"签到","meta":{"paths":["lp0hx8"]},"content":"29053789今天的抢劫记录为1593   |    剩余抢劫次数为3","timestamp":1778256364478}
{"id":336614,"type":"success","level":1,"name":"签到","meta":{"paths":["lp0hx8"]},"content":"1012113121抢劫29053789失败！失去了58P点！","timestamp":1778256373041}
{"id":336615,"type":"info","level":2,"name":"签到","meta":{"paths":["lp0hx8"]},"content":"1012113121今天的抢劫记录为-272   |    剩余抢劫次数为1","timestamp":1778256373042}
{"id":336880,"type":"success","level":1,"name":"签到","meta":{"paths":["lp0hx8"]},"content":"1950232183抢了971217490的259P点！","timestamp":1778256426103}
{"id":336881,"type":"info","level":2,"name":"签到","meta":{"paths":["lp0hx8"]},"content":"1950232183今天的抢劫记录为617   |    剩余抢劫次数为1","timestamp":1778256426104}
{"id":336934,"type":"info","level":2,"name":"抽卡与卡组","meta":{"paths":["lp0hx8"]},"content":"3055983840抽到了一张♔♕四星(?)♕♔卡，剩余2061P点","timestamp":1778256433411}
{"id":337165,"type":"success","level":1,"name":"签到","meta":{"paths":["lp0hx8"]},"content":"1950232183抢了3911816075的206P点！","timestamp":1778256489203}
{"id":337166,"type":"info","level":2,"name":"签到","meta":{"paths":["lp0hx8"]},"content":"1950232183今天的抢劫记录为823   |    剩余抢劫次数为0","timestamp":1778256489204}
{"id":337359,"type":"error","level":1,"name":"签到","meta":{"paths":["lp0hx8"]},"content":"1029033118抢劫失败！该用户今天抢劫次数已用完","timestamp":1778256546371}
{"id":337397,"type":"error","level":1,"name":"签到","meta":{"paths":["lp0hx8"]},"content":"1029033118抢劫失败！该用户今天抢劫次数已用完","timestamp":1778256557015}
{"id":337440,"type":"error","level":1,"name":"签到","meta":{"paths":["lp0hx8"]},"content":"3911816075抢劫失败！该用户今天抢劫次数已用完","timestamp":1778256564900}
{"id":337483,"type":"success","level":1,"name":"签到","meta":{"paths":["lp0hx8"]},"content":"29053789抢了1029033118的505P点！","timestamp":1778256568178}
{"id":337484,"type":"info","level":2,"name":"签到","meta":{"paths":["lp0hx8"]},"content":"29053789今天的抢劫记录为2098   |    剩余抢劫次数为3","timestamp":1778256568180}
{"id":337653,"type":"success","level":1,"name":"抽卡与卡组","meta":{"paths":["lp0hx8"]},"content":"1652933285献祭了：3张二星  1张三星  1张四星  获得2600P点，当前P点数为3233","timestamp":1778256626621}
{"id":337712,"type":"success","level":1,"name":"签到","meta":{"paths":["lp0hx8"]},"content":"3986092865完成了一次签到！","timestamp":1778256635149}
{"id":337790,"type":"success","level":1,"name":"抽卡与卡组","meta":{"paths":["lp0hx8"]},"content":"3986092865献祭了：3张二星  获得840P点，当前P点数为2926","timestamp":1778256655652}
{"id":337827,"type":"warn","level":2,"name":"session","meta":{},"content":"Error: Error with request send_group_msg, args: {\"group_id\":1091191330,\"message\":[{\"type\":\"image\",\"data\":{\"file\":\"/root/lezskabot/cards/4/14.png\",\"cache\":0}},{\"type\":\"at\",\"data\":{\"qq\":\"29053789\"}},{\"type\":\"text\",\"data\":{\"text\":\"☂FES☃\\n此卡在你手中，请手动加入卡组\\n你还有105271P点\\n也就是263抽。\\n请仔细阅读“抽卡帮助”！\"}}]}, retcode: 1200\n    at _Internal._get (/root/lezskabot/koishi/koishi-app/node_modules/koishi-plugin-adapter-onebot/lib/index.js:119:11)\n    at process.processTicksAndRejections (node:internal/process/task_queues:95:5)\n    at async _Internal.<computed> [as sendGroupMsg] (/root/lezskabot/koishi/koishi-app/node_modules/koishi-plugin-adapter-onebot/lib/index.js:162:20)\n    at async OneBotMessageEncoder.flush (/root/lezskabot/koishi/koishi-app/node_modules/koishi-plugin-adapter-onebot/lib/index.js:771:338)\n    at async OneBotMessageEncoder.send (/root/lezskabot/koishi/koishi-app/node_modules/@satorijs/core/lib/index.cjs:755:5)\n    at async Proxy.sendMessage (/root/lezskabot/koishi/koishi-app/node_modules/@satorijs/core/lib/index.cjs:487:22)\n    at async _Command.eval (eval at <anonymous> (/root/lezskabot/koishi/koishi-app/node_modules/koishi-plugin-blockly-null/lib/index.js:1:1), <anonymous>:217:21)\n    at async Array.<anonymous> (/root/lezskabot/koishi/koishi-app/node_modules/@koishijs/core/lib/index.cjs:1079:14)\n    at async _Command.execute (/root/lezskabot/koishi/koishi-app/node_modules/@koishijs/core/lib/index.cjs:1093:22)\n    at async /root/lezskabot/koishi/koishi-app/node_modules/@koishijs/core/lib/index.cjs:2049:22","timestamp":1778256663029}
{"id":337829,"type":"info","level":2,"name":"抽卡与卡组","meta":{"paths":["lp0hx8"]},"content":"29053789抽到了一张☂FES☃卡，剩余105271P点","timestamp":1778256663033}
{"id":337859,"type":"warn","level":2,"name":"session","meta":{},"content":"Error: Error with request send_group_msg, args: {\"group_id\":1091191330,\"message\":[{\"type\":\"text\",\"data\":{\"text\":\"你抽到了：\\n2张二星  \\n1张三星  \\n一共3张卡\\n已存入你卡组的第3, 4, 6位\\n你还有1726P点\"}}]}, retcode: 1200\n    at _Internal._get (/root/lezskabot/koishi/koishi-app/node_modules/koishi-plugin-adapter-onebot/lib/index.js:119:11)\n    at process.processTicksAndRejections (node:internal/process/task_queues:95:5)\n    at async _Internal.<computed> [as sendGroupMsg] (/root/lezskabot/koishi/koishi-app/node_modules/koishi-plugin-adapter-onebot/lib/index.js:162:20)\n    at async OneBotMessageEncoder.flush (/root/lezskabot/koishi/koishi-app/node_modules/koishi-plugin-adapter-onebot/lib/index.js:771:338)\n    at async OneBotMessageEncoder.send (/root/lezskabot/koishi/koishi-app/node_modules/@satorijs/core/lib/index.cjs:755:5)\n    at async Proxy.sendMessage (/root/lezskabot/koishi/koishi-app/node_modules/@satorijs/core/lib/index.cjs:487:22)\n    at async /root/lezskabot/koishi/koishi-app/node_modules/@koishijs/core/lib/index.cjs:2051:7\n    at async Proxy.withScope (/root/lezskabot/koishi/koishi-app/node_modules/@koishijs/core/lib/index.cjs:1958:22)\n    at async next (/root/lezskabot/koishi/koishi-app/node_modules/@koishijs/core/lib/index.cjs:827:16)\n    at async next (/root/lezskabot/koishi/koishi-app/node_modules/@koishijs/core/lib/index.cjs:827:16)","timestamp":1778256663913}
{"id":337861,"type":"warn","level":2,"name":"session","meta":{},"content":"Error: Error with request send_group_msg, args: {\"group_id\":1091191330,\"message\":[{\"type\":\"text\",\"data\":{\"text\":\"输入要献祭的卡在卡组中的位置，用空格隔开（可献祭3~8张卡）\"}}]}, retcode: 1200\n    at _Internal._get (/root/lezskabot/koishi/koishi-app/node_modules/koishi-plugin-adapter-onebot/lib/index.js:119:11)\n    at process.processTicksAndRejections (node:internal/process/task_queues:95:5)\n    at async _Internal.<computed> [as sendGroupMsg] (/root/lezskabot/koishi/koishi-app/node_modules/koishi-plugin-adapter-onebot/lib/index.js:162:20)\n    at async OneBotMessageEncoder.flush (/root/lezskabot/koishi/koishi-app/node_modules/koishi-plugin-adapter-onebot/lib/index.js:771:338)\n    at async OneBotMessageEncoder.send (/root/lezskabot/koishi/koishi-app/node_modules/@satorijs/core/lib/index.cjs:755:5)\n    at async Proxy.sendMessage (/root/lezskabot/koishi/koishi-app/node_modules/@satorijs/core/lib/index.cjs:487:22)\n    at async _Command.eval (eval at <anonymous> (/root/lezskabot/koishi/koishi-app/node_modules/koishi-plugin-blockly-null/lib/index.js:1:1), <anonymous>:354:11)\n    at async Array.<anonymous> (/root/lezskabot/koishi/koishi-app/node_modules/@koishijs/core/lib/index.cjs:1079:14)\n    at async _Command.execute (/root/lezskabot/koishi/koishi-app/node_modules/@koishijs/core/lib/index.cjs:1093:22)\n    at async /root/lezskabot/koishi/koishi-app/node_modules/@koishijs/core/lib/index.cjs:2049:22","timestamp":1778256663965}
{"id":337871,"type":"warn","level":2,"name":"session","meta":{},"content":"Error: Error with request send_group_msg, args: {\"group_id\":1091191330,\"message\":[{\"type\":\"at\",\"data\":{\"qq\":\"3055983840\"}},{\"type\":\"text\",\"data\":{\"text\":\"你献祭了：\\n3张二星\\n获得840P点！\\n当前P点数901\"}}]}, retcode: 1200\n    at _Internal._get (/root/lezskabot/koishi/koishi-app/node_modules/koishi-plugin-adapter-onebot/lib/index.js:119:11)\n    at process.processTicksAndRejections (node:internal/process/task_queues:95:5)\n    at async _Internal.<computed> [as sendGroupMsg] (/root/lezskabot/koishi/koishi-app/node_modules/koishi-plugin-adapter-onebot/lib/index.js:162:20)\n    at async OneBotMessageEncoder.flush (/root/lezskabot/koishi/koishi-app/node_modules/koishi-plugin-adapter-onebot/lib/index.js:771:338)\n    at async OneBotMessageEncoder.send (/root/lezskabot/koishi/koishi-app/node_modules/@satorijs/core/lib/index.cjs:755:5)\n    at async Proxy.sendMessage (/root/lezskabot/koishi/koishi-app/node_modules/@satorijs/core/lib/index.cjs:487:22)\n    at async _Command.eval (eval at <anonymous> (/root/lezskabot/koishi/koishi-app/node_modules/koishi-plugin-blockly-null/lib/index.js:1:1), <anonymous>:396:17)\n    at async Array.<anonymous> (/root/lezskabot/koishi/koishi-app/node_modules/@koishijs/core/lib/index.cjs:1079:14)\n    at async _Command.execute (/root/lezskabot/koishi/koishi-app/node_modules/@koishijs/core/lib/index.cjs:1093:22)\n    at async /root/lezskabot/koishi/koishi-app/node_modules/@koishijs/core/lib/index.cjs:2049:22","timestamp":1778256665449}
{"id":337873,"type":"success","level":1,"name":"抽卡与卡组","meta":{"paths":["lp0hx8"]},"content":"3055983840献祭了：3张二星  获得840P点，当前P点数为901","timestamp":1778256665456}
{"id":337916,"type":"warn","level":2,"name":"session","meta":{},"content":"Error: Error with request send_group_msg, args: {\"group_id\":1091191330,\"message\":[{\"type\":\"at\",\"data\":{\"qq\":\"1652933285\"}},{\"type\":\"text\",\"data\":{\"text\":\"献祭数量不足3个\"}}]}, retcode: 1200\n    at _Internal._get (/root/lezskabot/koishi/koishi-app/node_modules/koishi-plugin-adapter-onebot/lib/index.js:119:11)\n    at process.processTicksAndRejections (node:internal/process/task_queues:95:5)\n    at async _Internal.<computed> [as sendGroupMsg] (/root/lezskabot/koishi/koishi-app/node_modules/koishi-plugin-adapter-onebot/lib/index.js:162:20)\n    at async OneBotMessageEncoder.flush (/root/lezskabot/koishi/koishi-app/node_modules/koishi-plugin-adapter-onebot/lib/index.js:771:338)\n    at async OneBotMessageEncoder.send (/root/lezskabot/koishi/koishi-app/node_modules/@satorijs/core/lib/index.cjs:755:5)\n    at async Proxy.sendMessage (/root/lezskabot/koishi/koishi-app/node_modules/@satorijs/core/lib/index.cjs:487:22)\n    at async /root/lezskabot/koishi/koishi-app/node_modules/@koishijs/core/lib/index.cjs:2051:7\n    at async Proxy.withScope (/root/lezskabot/koishi/koishi-app/node_modules/@koishijs/core/lib/index.cjs:1958:22)\n    at async next (/root/lezskabot/koishi/koishi-app/node_modules/@koishijs/core/lib/index.cjs:827:16)\n    at async next (/root/lezskabot/koishi/koishi-app/node_modules/@koishijs/core/lib/index.cjs:827:16)","timestamp":1778256677203}
{"id":337935,"type":"warn","level":2,"name":"session","meta":{},"content":"Error: Error with request send_group_msg, args: {\"group_id\":1091191330,\"message\":[{\"type\":\"at\",\"data\":{\"qq\":\"3986092865\"}},{\"type\":\"text\",\"data\":{\"text\":\"你当前的卡组为\\n1-稀有度： ♔♕四星(?)♕♔\"}},{\"type\":\"image\",\"data\":{\"file\":\"/root/lezskabot/cards/3/655.png\",\"cache\":0}},{\"type\":\"text\",\"data\":{\"text\":\"2-稀有度： ♔♕四星(?)♕♔\"}},{\"type\":\"image\",\"data\":{\"file\":\"/root/lezskabot/cards/3/290.png\",\"cache\":0}},{\"type\":\"text\",\"data\":{\"text\":\"3-稀有度： ☆二星★\"}},{\"type\":\"image\",\"data\":{\"file\":\"/root/lezskabot/cards/1/148.png\",\"cache\":0}},{\"type\":\"text\",\"data\":{\"text\":\"4-稀有度： ❀三星☄\"}},{\"type\":\"image\",\"data\":{\"file\":\"/root/lezskabot/cards/2/35.png\",\"cache\":0}},{\"type\":\"text\",\"data\":{\"text\":\"5-稀有度： ♔♕四星(?)♕♔\"}},{\"type\":\"image\",\"data\":{\"file\":\"/root/lezskabot/cards/3/296.png\",\"cache\":0}},{\"type\":\"text\",\"data\":{\"text\":\"6-稀有度： ☆二星★\"}},{\"type\":\"image\",\"data\":{\"file\":\"/root/lezskabot/cards/1/75.png\",\"cache\":0}},{\"type\":\"text\",\"data\":{\"text\":\"7-稀有度： ☂FES☃\"}},{\"type\":\"image\",\"data\":{\"file\":\"/root/lezskabot/cards/4/21.png\",\"cache\":0}},{\"type\":\"text\",\"data\":{\"text\":\"8-稀有度： ☂FES☃\"}},{\"type\":\"image\",\"data\":{\"file\":\"/root/lezskabot/cards/4/7.png\",\"cache\":0}}]}, retcode: 1200\n    at _Internal._get (/root/lezskabot/koishi/koishi-app/node_modules/koishi-plugin-adapter-onebot/lib/index.js:119:11)\n    at process.processTicksAndRejections (node:internal/process/task_queues:95:5)\n    at async _Internal.<computed> [as sendGroupMsg] (/root/lezskabot/koishi/koishi-app/node_modules/koishi-plugin-adapter-onebot/lib/index.js:162:20)\n    at async OneBotMessageEncoder.flush (/root/lezskabot/koishi/koishi-app/node_modules/koishi-plugin-adapter-onebot/lib/index.js:771:338)\n    at async OneBotMessageEncoder.send (/root/lezskabot/koishi/koishi-app/node_modules/@satorijs/core/lib/index.cjs:755:5)\n    at async Proxy.sendMessage (/root/lezskabot/koishi/koishi-app/node_modules/@satorijs/core/lib/index.cjs:487:22)\n    at async _Command.eval (eval at <anonymous> (/root/lezskabot/koishi/koishi-app/node_modules/koishi-plugin-blockly-null/lib/index.js:1:1), <anonymous>:105:9)\n    at async Array.<anonymous> (/root/lezskabot/koishi/koishi-app/node_modules/@koishijs/core/lib/index.cjs:1079:14)\n    at async _Command.execute (/root/lezskabot/koishi/koishi-app/node_modules/@koishijs/core/lib/index.cjs:1093:22)\n    at async /root/lezskabot/koishi/koishi-app/node_modules/@koishijs/core/lib/index.cjs:2049:22","timestamp":1778256684779}
{"id":338101,"type":"success","level":1,"name":"抽卡与卡组","meta":{"paths":["lp0hx8"]},"content":"3986092865献祭了：2张二星  1张三星  获得1120P点，当前P点数为2846","timestamp":1778256754848}
{"id":338184,"type":"success","level":1,"name":"签到","meta":{"paths":["lp0hx8"]},"content":"1820639552完成了一次签到！","timestamp":1778256764434}
{"id":338203,"type":"success","level":1,"name":"抽卡与卡组","meta":{"paths":["lp0hx8"]},"content":"3986092865献祭了：2张二星  1张三星  获得1120P点，当前P点数为2766","timestamp":1778256765332}
{"id":338296,"type":"success","level":1,"name":"抽卡与卡组","meta":{"paths":["lp0hx8"]},"content":"1652933285献祭了：4张二星  1张三星  获得1680P点，当前P点数为2913","timestamp":1778256782827}
{"id":338389,"type":"success","level":1,"name":"抽卡与卡组","meta":{"paths":["lp0hx8"]},"content":"971217490献祭了：3张二星  1张三星  获得1400P点，当前P点数为11896","timestamp":1778256804748}
{"id":338471,"type":"success","level":1,"name":"抽卡与卡组","meta":{"paths":["lp0hx8"]},"content":"1652933285献祭了：2张二星  3张三星  获得2240P点，当前P点数为3153","timestamp":1778256824390}
{"id":338526,"type":"warn","level":2,"name":"session","meta":{},"content":"Error: Error with request send_group_msg, args: {\"group_id\":1091191330,\"message\":[{\"type\":\"text\",\"data\":{\"text\":\"你抽到了：\\n2张二星  \\n1张三星  \\n一共3张卡\\n已存入你卡组的第3, 4, 6位\\n你还有1566P点\"}}]}, retcode: 1200\n    at _Internal._get (/root/lezskabot/koishi/koishi-app/node_modules/koishi-plugin-adapter-onebot/lib/index.js:119:11)\n    at process.processTicksAndRejections (node:internal/process/task_queues:95:5)\n    at async _Internal.<computed> [as sendGroupMsg] (/root/lezskabot/koishi/koishi-app/node_modules/koishi-plugin-adapter-onebot/lib/index.js:162:20)\n    at async OneBotMessageEncoder.flush (/root/lezskabot/koishi/koishi-app/node_modules/koishi-plugin-adapter-onebot/lib/index.js:771:338)\n    at async OneBotMessageEncoder.send (/root/lezskabot/koishi/koishi-app/node_modules/@satorijs/core/lib/index.cjs:755:5)\n    at async Proxy.sendMessage (/root/lezskabot/koishi/koishi-app/node_modules/@satorijs/core/lib/index.cjs:487:22)\n    at async /root/lezskabot/koishi/koishi-app/node_modules/@koishijs/core/lib/index.cjs:2051:7\n    at async Proxy.withScope (/root/lezskabot/koishi/koishi-app/node_modules/@koishijs/core/lib/index.cjs:1958:22)\n    at async next (/root/lezskabot/koishi/koishi-app/node_modules/@koishijs/core/lib/index.cjs:827:16)\n    at async next (/root/lezskabot/koishi/koishi-app/node_modules/@koishijs/core/lib/index.cjs:827:16)","timestamp":1778256827791}
{"id":338631,"type":"success","level":1,"name":"抽卡与卡组","meta":{"paths":["lp0hx8"]},"content":"1652933285献祭了：3张二星  2张三星  获得1960P点，当前P点数为3113","timestamp":1778256850697}
{"id":338669,"type":"success","level":1,"name":"抽卡与卡组","meta":{"paths":["lp0hx8"]},"content":"3986092865献祭了：2张二星  1张三星  获得1120P点，当前P点数为2686","timestamp":1778256869007}
{"id":338724,"type":"success","level":1,"name":"抽卡与卡组","meta":{"paths":["lp0hx8"]},"content":"3986092865献祭了：2张二星  1张三星  获得1120P点，当前P点数为2606","timestamp":1778256881291}
{"id":338793,"type":"success","level":1,"name":"抽卡与卡组","meta":{"paths":["lp0hx8"]},"content":"3986092865献祭了：2张二星  1张三星  获得1120P点，当前P点数为2526","timestamp":1778256909376}
{"id":338934,"type":"success","level":1,"name":"抽卡与卡组","meta":{"paths":["lp0hx8"]},"content":"1652933285献祭了：4张二星  1张三星  获得1680P点，当前P点数为2793","timestamp":1778256945789}
{"id":338979,"type":"success","level":1,"name":"签到","meta":{"paths":["lp0hx8"]},"content":"914880737完成了一次签到！","timestamp":1778256949691}
{"id":339140,"type":"warn","level":2,"name":"command","meta":{},"content":"献祭 \nTypeError: Cannot read properties of undefined (reading 'split')\n    at _Command.eval (eval at <anonymous> (/root/lezskabot/koishi/koishi-app/node_modules/koishi-plugin-blockly-null/lib/index.js:1:1), <anonymous>:356:55)\n    at async Array.<anonymous> (/root/lezskabot/koishi/koishi-app/node_modules/@koishijs/core/lib/index.cjs:1079:14)\n    at async _Command.execute (/root/lezskabot/koishi/koishi-app/node_modules/@koishijs/core/lib/index.cjs:1093:22)\n    at async /root/lezskabot/koishi/koishi-app/node_modules/@koishijs/core/lib/index.cjs:2049:22\n    at async Proxy.withScope (/root/lezskabot/koishi/koishi-app/node_modules/@koishijs/core/lib/index.cjs:1958:22)\n    at async next (/root/lezskabot/koishi/koishi-app/node_modules/@koishijs/core/lib/index.cjs:827:16)\n    at async next (/root/lezskabot/koishi/koishi-app/node_modules/@koishijs/core/lib/index.cjs:827:16)\n    at async next (/root/lezskabot/koishi/koishi-app/node_modules/@koishijs/core/lib/index.cjs:827:16)\n    at async next (/root/lezskabot/koishi/koishi-app/node_modules/@koishijs/core/lib/index.cjs:827:16)\n    at async Processor._handleMessage (/root/lezskabot/koishi/koishi-app/node_modules/@koishijs/core/lib/index.cjs:838:22)","timestamp":1778256978636}
{"id":339220,"type":"success","level":1,"name":"抽卡与卡组","meta":{"paths":["lp0hx8"]},"content":"3986092865献祭了：2张二星  1张三星  获得1120P点，当前P点数为2446","timestamp":1778256993454}
{"id":339349,"type":"success","level":1,"name":"签到","meta":{"paths":["lp0hx8"]},"content":"1509417679完成了一次签到！","timestamp":1778257020672}
{"id":340834,"type":"success","level":1,"name":"签到","meta":{"paths":["lp0hx8"]},"content":"3267282483完成了一次签到！","timestamp":1778257268750}
{"id":343745,"type":"success","level":1,"name":"签到","meta":{"paths":["lp0hx8"]},"content":"3044937168完成了一次签到！","timestamp":1778258222899}
{"id":346784,"type":"error","level":1,"name":"抽卡与卡组","meta":{"paths":["lp0hx8"]},"content":"956937232抽卡失败，积分不足","timestamp":1778259779813}
{"id":346813,"type":"success","level":1,"name":"签到","meta":{"paths":["lp0hx8"]},"content":"956937232完成了一次签到！","timestamp":1778259783451}
{"id":346878,"type":"success","level":1,"name":"签到","meta":{"paths":["lp0hx8"]},"content":"978229136完成了一次签到！","timestamp":1778259799594}
{"id":346924,"type":"info","level":2,"name":"抽卡与卡组","meta":{"paths":["lp0hx8"]},"content":"978229136抽到了一张☆二星★卡，剩余6666P点","timestamp":1778259811850}
{"id":346960,"type":"success","level":1,"name":"签到","meta":{"paths":["lp0hx8"]},"content":"3055983840抢劫956937232失败！失去了260P点！","timestamp":1778259816278}
{"id":346961,"type":"info","level":2,"name":"签到","meta":{"paths":["lp0hx8"]},"content":"3055983840今天的抢劫记录为-35   |    剩余抢劫次数为0","timestamp":1778259816279}
{"id":346983,"type":"success","level":1,"name":"签到","meta":{"paths":["lp0hx8"]},"content":"3568930598完成了一次签到！","timestamp":1778259821890}
{"id":347280,"type":"success","level":1,"name":"抽卡与卡组","meta":{"paths":["lp0hx8"]},"content":"1652933285献祭了：2张二星  2张三星  1张四星  获得2880P点，当前P点数为3673","timestamp":1778259933307}
{"id":347337,"type":"info","level":2,"name":"签到","meta":{"paths":["lp0hx8"]},"content":"971217490向1652933285赠送了3000个P点","timestamp":1778259939966}
{"id":347481,"type":"info","level":2,"name":"签到","meta":{"paths":["lp0hx8"]},"content":"971217490向3911816075赠送了3000个P点","timestamp":1778259982055}
{"id":347532,"type":"success","level":1,"name":"抽卡与卡组","meta":{"paths":["lp0hx8"]},"content":"1652933285献祭了：5张二星  获得1400P点，当前P点数为6073","timestamp":1778260007524}
{"id":347610,"type":"info","level":2,"name":"抽卡与卡组","meta":{"paths":["lp0hx8"]},"content":"971217490抽到了一张❀三星☄卡，剩余3096P点","timestamp":1778260029862}
{"id":347672,"type":"success","level":1,"name":"抽卡与卡组","meta":{"paths":["lp0hx8"]},"content":"1652933285献祭了：2张二星  1张三星  获得1120P点，当前P点数为5193","timestamp":1778260057462}
{"id":347702,"type":"info","level":2,"name":"抽卡与卡组","meta":{"paths":["lp0hx8"]},"content":"1652933285抽到了一张☆二星★卡，剩余4793P点","timestamp":1778260066676}
{"id":347773,"type":"success","level":1,"name":"抽卡与卡组","meta":{"paths":["lp0hx8"]},"content":"956937232献祭了：2张二星  1张三星  获得1120P点，当前P点数为1121","timestamp":1778260091197}
{"id":347817,"type":"success","level":1,"name":"抽卡与卡组","meta":{"paths":["lp0hx8"]},"content":"1012113121献祭了：6张二星  2张三星  获得2800P点，当前P点数为17233","timestamp":1778260100025}
{"id":347833,"type":"info","level":2,"name":"抽卡与卡组","meta":{"paths":["lp0hx8"]},"content":"1652933285抽到了一张❀三星☄卡，剩余4393P点","timestamp":1778260102555}
{"id":347860,"type":"warn","level":2,"name":"session","meta":{},"content":"Error: Error with request send_group_msg, args: {\"group_id\":1091191330,\"message\":[{\"type\":\"at\",\"data\":{\"qq\":\"1652933285\"}},{\"type\":\"text\",\"data\":{\"text\":\" 输入抽卡目标：（三星、四星、FES）\"}}]}, retcode: 1200\n    at _Internal._get (/root/lezskabot/koishi/koishi-app/node_modules/koishi-plugin-adapter-onebot/lib/index.js:119:11)\n    at process.processTicksAndRejections (node:internal/process/task_queues:95:5)\n    at async _Internal.<computed> [as sendGroupMsg] (/root/lezskabot/koishi/koishi-app/node_modules/koishi-plugin-adapter-onebot/lib/index.js:162:20)\n    at async OneBotMessageEncoder.flush (/root/lezskabot/koishi/koishi-app/node_modules/koishi-plugin-adapter-onebot/lib/index.js:771:338)\n    at async OneBotMessageEncoder.send (/root/lezskabot/koishi/koishi-app/node_modules/@satorijs/core/lib/index.cjs:755:5)\n    at async Proxy.sendMessage (/root/lezskabot/koishi/koishi-app/node_modules/@satorijs/core/lib/index.cjs:487:22)\n    at async _Command.eval (eval at <anonymous> (/root/lezskabot/koishi/koishi-app/node_modules/koishi-plugin-blockly-null/lib/index.js:1:1), <anonymous>:114:5)\n    at async Array.<anonymous> (/root/lezskabot/koishi/koishi-app/node_modules/@koishijs/core/lib/index.cjs:1079:14)\n    at async _Command.execute (/root/lezskabot/koishi/koishi-app/node_modules/@koishijs/core/lib/index.cjs:1093:22)\n    at async /root/lezskabot/koishi/koishi-app/node_modules/@koishijs/core/lib/index.cjs:2049:22","timestamp":1778260116216}
{"id":347879,"type":"warn","level":2,"name":"session","meta":{},"content":"Error: Error with request send_group_msg, args: {\"group_id\":1091191330,\"message\":[{\"type\":\"at\",\"data\":{\"qq\":\"971217490\"}},{\"type\":\"text\",\"data\":{\"text\":\"你当前的卡组为\\n1-稀有度： ♔♕四星(?)♕♔\"}},{\"type\":\"image\",\"data\":{\"file\":\"/root/lezskabot/cards/3/698.png\",\"cache\":0}},{\"type\":\"text\",\"data\":{\"text\":\"2-稀有度： ☆二星★\"}},{\"type\":\"image\",\"data\":{\"file\":\"/root/lezskabot/cards/1/239.png\",\"cache\":0}},{\"type\":\"text\",\"data\":{\"text\":\"3-稀有度： ♔♕四星(?)♕♔\"}},{\"type\":\"image\",\"data\":{\"file\":\"/root/lezskabot/cards/3/521.png\",\"cache\":0}},{\"type\":\"text\",\"data\":{\"text\":\"4-稀有度： ☆二星★\"}},{\"type\":\"image\",\"data\":{\"file\":\"/root/lezskabot/cards/1/94.png\",\"cache\":0}},{\"type\":\"text\",\"data\":{\"text\":\"5-稀有度： ☆二星★\"}},{\"type\":\"image\",\"data\":{\"file\":\"/root/lezskabot/cards/1/117.png\",\"cache\":0}},{\"type\":\"text\",\"data\":{\"text\":\"6-稀有度： ♔♕四星(?)♕♔\"}},{\"type\":\"image\",\"data\":{\"file\":\"/root/lezskabot/cards/3/249.png\",\"cache\":0}},{\"type\":\"text\",\"data\":{\"text\":\"7-稀有度： ☆二星★\"}},{\"type\":\"image\",\"data\":{\"file\":\"/root/lezskabot/cards/1/29.png\",\"cache\":0}},{\"type\":\"text\",\"data\":{\"text\":\"8-稀有度： ❀三星☄\"}},{\"type\":\"image\",\"data\":{\"file\":\"/root/lezskabot/cards/2/133.png\",\"cache\":0}}]}, retcode: 1200\n    at _Internal._get (/root/lezskabot/koishi/koishi-app/node_modules/koishi-plugin-adapter-onebot/lib/index.js:119:11)\n    at process.processTicksAndRejections (node:internal/process/task_queues:95:5)\n    at async _Internal.<computed> [as sendGroupMsg] (/root/lezskabot/koishi/koishi-app/node_modules/koishi-plugin-adapter-onebot/lib/index.js:162:20)\n    at async OneBotMessageEncoder.flush (/root/lezskabot/koishi/koishi-app/node_modules/koishi-plugin-adapter-onebot/lib/index.js:771:338)\n    at async OneBotMessageEncoder.send (/root/lezskabot/koishi/koishi-app/node_modules/@satorijs/core/lib/index.cjs:755:5)\n    at async Proxy.sendMessage (/root/lezskabot/koishi/koishi-app/node_modules/@satorijs/core/lib/index.cjs:487:22)\n    at async _Command.eval (eval at <anonymous> (/root/lezskabot/koishi/koishi-app/node_modules/koishi-plugin-blockly-null/lib/index.js:1:1), <anonymous>:105:9)\n    at async Array.<anonymous> (/root/lezskabot/koishi/koishi-app/node_modules/@koishijs/core/lib/index.cjs:1079:14)\n    at async _Command.execute (/root/lezskabot/koishi/koishi-app/node_modules/@koishijs/core/lib/index.cjs:1093:22)\n    at async /root/lezskabot/koishi/koishi-app/node_modules/@koishijs/core/lib/index.cjs:2049:22","timestamp":1778260120349}
{"id":347890,"type":"warn","level":2,"name":"session","meta":{},"content":"Error: Error with request send_group_msg, args: {\"group_id\":1091191330,\"message\":[{\"type\":\"at\",\"data\":{\"qq\":\"1652933285\"}},{\"type\":\"text\",\"data\":{\"text\":\"  你输入的啥啊笨蛋\"}}]}, retcode: 1200\n    at _Internal._get (/root/lezskabot/koishi/koishi-app/node_modules/koishi-plugin-adapter-onebot/lib/index.js:119:11)\n    at process.processTicksAndRejections (node:internal/process/task_queues:95:5)\n    at async _Internal.<computed> [as sendGroupMsg] (/root/lezskabot/koishi/koishi-app/node_modules/koishi-plugin-adapter-onebot/lib/index.js:162:20)\n    at async OneBotMessageEncoder.flush (/root/lezskabot/koishi/koishi-app/node_modules/koishi-plugin-adapter-onebot/lib/index.js:771:338)\n    at async OneBotMessageEncoder.send (/root/lezskabot/koishi/koishi-app/node_modules/@satorijs/core/lib/index.cjs:755:5)\n    at async Proxy.sendMessage (/root/lezskabot/koishi/koishi-app/node_modules/@satorijs/core/lib/index.cjs:487:22)\n    at async /root/lezskabot/koishi/koishi-app/node_modules/@koishijs/core/lib/index.cjs:2051:7\n    at async Proxy.withScope (/root/lezskabot/koishi/koishi-app/node_modules/@koishijs/core/lib/index.cjs:1958:22)\n    at async next (/root/lezskabot/koishi/koishi-app/node_modules/@koishijs/core/lib/index.cjs:827:16)\n    at async next (/root/lezskabot/koishi/koishi-app/node_modules/@koishijs/core/lib/index.cjs:827:16)","timestamp":1778260126279}
{"id":347925,"type":"info","level":2,"name":"抽卡与卡组","meta":{"paths":["lp0hx8"]},"content":"1012113121抽到了一张☂FES☃卡，剩余10033P点","timestamp":1778260136207}
{"id":347997,"type":"success","level":1,"name":"抽卡与卡组","meta":{"paths":["lp0hx8"]},"content":"971217490献祭了：4张二星  获得1120P点，当前P点数为4216","timestamp":1778260160538}
{"id":348070,"type":"warn","level":2,"name":"session","meta":{},"content":"Error: Error with request send_group_msg, args: {\"group_id\":1091191330,\"message\":[{\"type\":\"text\",\"data\":{\"text\":\"输入要献祭的卡在卡组中的位置，用空格隔开（可献祭3~8张卡）\"}}]}, retcode: 1200\n    at _Internal._get (/root/lezskabot/koishi/koishi-app/node_modules/koishi-plugin-adapter-onebot/lib/index.js:119:11)\n    at process.processTicksAndRejections (node:internal/process/task_queues:95:5)\n    at async _Internal.<computed> [as sendGroupMsg] (/root/lezskabot/koishi/koishi-app/node_modules/koishi-plugin-adapter-onebot/lib/index.js:162:20)\n    at async OneBotMessageEncoder.flush (/root/lezskabot/koishi/koishi-app/node_modules/koishi-plugin-adapter-onebot/lib/index.js:771:338)\n    at async OneBotMessageEncoder.send (/root/lezskabot/koishi/koishi-app/node_modules/@satorijs/core/lib/index.cjs:755:5)\n    at async Proxy.sendMessage (/root/lezskabot/koishi/koishi-app/node_modules/@satorijs/core/lib/index.cjs:487:22)\n    at async _Command.eval (eval at <anonymous> (/root/lezskabot/koishi/koishi-app/node_modules/koishi-plugin-blockly-null/lib/index.js:1:1), <anonymous>:354:11)\n    at async Array.<anonymous> (/root/lezskabot/koishi/koishi-app/node_modules/@koishijs/core/lib/index.cjs:1079:14)\n    at async _Command.execute (/root/lezskabot/koishi/koishi-app/node_modules/@koishijs/core/lib/index.cjs:1093:22)\n    at async /root/lezskabot/koishi/koishi-app/node_modules/@koishijs/core/lib/index.cjs:2049:22","timestamp":1778260177797}
{"id":348089,"type":"warn","level":2,"name":"session","meta":{},"content":"Error: Error with request send_group_msg, args: {\"group_id\":1091191330,\"message\":[{\"type\":\"at\",\"data\":{\"qq\":\"971217490\"}},{\"type\":\"text\",\"data\":{\"text\":\"你献祭了：\\n4张二星\\n获得1120P点！\\n当前P点数3736\"}}]}, retcode: 1200\n    at _Internal._get (/root/lezskabot/koishi/koishi-app/node_modules/koishi-plugin-adapter-onebot/lib/index.js:119:11)\n    at process.processTicksAndRejections (node:internal/process/task_queues:95:5)\n    at async _Internal.<computed> [as sendGroupMsg] (/root/lezskabot/koishi/koishi-app/node_modules/koishi-plugin-adapter-onebot/lib/index.js:162:20)\n    at async OneBotMessageEncoder.flush (/root/lezskabot/koishi/koishi-app/node_modules/koishi-plugin-adapter-onebot/lib/index.js:771:338)\n    at async OneBotMessageEncoder.send (/root/lezskabot/koishi/koishi-app/node_modules/@satorijs/core/lib/index.cjs:755:5)\n    at async Proxy.sendMessage (/root/lezskabot/koishi/koishi-app/node_modules/@satorijs/core/lib/index.cjs:487:22)\n    at async _Command.eval (eval at <anonymous> (/root/lezskabot/koishi/koishi-app/node_modules/koishi-plugin-blockly-null/lib/index.js:1:1), <anonymous>:396:17)\n    at async Array.<anonymous> (/root/lezskabot/koishi/koishi-app/node_modules/@koishijs/core/lib/index.cjs:1079:14)\n    at async _Command.execute (/root/lezskabot/koishi/koishi-app/node_modules/@koishijs/core/lib/index.cjs:1093:22)\n    at async /root/lezskabot/koishi/koishi-app/node_modules/@koishijs/core/lib/index.cjs:2049:22","timestamp":1778260187520}
{"id":348091,"type":"success","level":1,"name":"抽卡与卡组","meta":{"paths":["lp0hx8"]},"content":"971217490献祭了：4张二星  获得1120P点，当前P点数为3736","timestamp":1778260187525}
{"id":348246,"type":"success","level":1,"name":"抽卡与卡组","meta":{"paths":["lp0hx8"]},"content":"971217490献祭了：4张二星  获得1120P点，当前P点数为3256","timestamp":1778260216720}
{"id":348315,"type":"success","level":1,"name":"签到","meta":{"paths":["lp0hx8"]},"content":"1329863603完成了一次签到！","timestamp":1778260232884}
{"id":348449,"type":"success","level":1,"name":"抽卡与卡组","meta":{"paths":["lp0hx8"]},"content":"971217490献祭了：3张二星  获得840P点，当前P点数为2496","timestamp":1778260285119}
{"id":348522,"type":"success","level":1,"name":"签到","meta":{"paths":["lp0hx8"]},"content":"2597125814完成了一次签到！","timestamp":1778260304177}
{"id":348593,"type":"success","level":1,"name":"抽卡与卡组","meta":{"paths":["lp0hx8"]},"content":"971217490献祭了：2张二星  1张三星  获得1120P点，当前P点数为2416","timestamp":1778260341048}
{"id":349183,"type":"success","level":1,"name":"签到","meta":{"paths":["lp0hx8"]},"content":"167505290完成了一次签到！","timestamp":1778260765702}
{"id":350223,"type":"success","level":1,"name":"签到","meta":{"paths":["lp0hx8"]},"content":"1789330834完成了一次签到！","timestamp":1778261992289}
{"id":350723,"type":"success","level":1,"name":"签到","meta":{"paths":["lp0hx8"]},"content":"629832381完成了一次签到！","timestamp":1778262906470}
{"id":350967,"type":"success","level":1,"name":"签到","meta":{"paths":["lp0hx8"]},"content":"2558144075完成了一次签到！","timestamp":1778263496977}
{"id":356197,"type":"success","level":1,"name":"签到","meta":{"paths":["lp0hx8"]},"content":"2858787094完成了一次签到！","timestamp":1778278108842}
{"id":356438,"type":"success","level":1,"name":"签到","meta":{"paths":["lp0hx8"]},"content":"1569181511完成了一次签到！","timestamp":1778279077540}
{"id":356454,"type":"info","level":2,"name":"签到","meta":{"paths":["lp0hx8"]},"content":"已更新1569181511的抢劫次数和记录","timestamp":1778279085713}
{"id":356472,"type":"success","level":1,"name":"签到","meta":{"paths":["lp0hx8"]},"content":"1569181511抢了3980423768的130P点！","timestamp":1778279086384}
{"id":356473,"type":"info","level":2,"name":"签到","meta":{"paths":["lp0hx8"]},"content":"1569181511今天的抢劫记录为130   |    剩余抢劫次数为2","timestamp":1778279086386}
{"id":356500,"type":"success","level":1,"name":"签到","meta":{"paths":["lp0hx8"]},"content":"1569181511抢劫956937232失败！失去了229P点！","timestamp":1778279093145}
{"id":356501,"type":"info","level":2,"name":"签到","meta":{"paths":["lp0hx8"]},"content":"1569181511今天的抢劫记录为-99   |    剩余抢劫次数为1","timestamp":1778279093147}
{"id":356528,"type":"success","level":1,"name":"签到","meta":{"paths":["lp0hx8"]},"content":"1569181511抢劫956937232失败！失去了208P点！","timestamp":1778279101746}
{"id":356529,"type":"info","level":2,"name":"签到","meta":{"paths":["lp0hx8"]},"content":"1569181511今天的抢劫记录为-307   |    剩余抢劫次数为0","timestamp":1778279101757}
{"id":356915,"type":"success","level":1,"name":"签到","meta":{"paths":["lp0hx8"]},"content":"2250804603完成了一次签到！","timestamp":1778282071529}
{"id":356937,"type":"success","level":1,"name":"签到","meta":{"paths":["lp0hx8"]},"content":"3479543026完成了一次签到！","timestamp":1778282098693}
{"id":357090,"type":"success","level":1,"name":"签到","meta":{"paths":["lp0hx8"]},"content":"2085287779完成了一次签到！","timestamp":1778282633709}
{"id":357595,"type":"success","level":1,"name":"签到","meta":{"paths":["lp0hx8"]},"content":"3534850564完成了一次签到！","timestamp":1778284519413}
{"id":357664,"type":"success","level":1,"name":"签到","meta":{"paths":["lp0hx8"]},"content":"366837668完成了一次签到！","timestamp":1778284662478}
