{"id":675748,"type":"info","level":2,"name":"抽卡与卡组","meta":{"paths":["lp0hx8"]},"content":"3161689072抽到了一张☆二星★卡，剩余831P点","timestamp":1778775229100}
{"id":675775,"type":"info","level":2,"name":"抽卡与卡组","meta":{"paths":["lp0hx8"]},"content":"3161689072抽到了一张☆二星★卡，剩余431P点","timestamp":1778775233611}
{"id":675820,"type":"info","level":2,"name":"抽卡与卡组","meta":{"paths":["lp0hx8"]},"content":"3161689072抽到了一张❀三星☄卡，剩余31P点","timestamp":1778775238267}
{"id":675840,"type":"error","level":1,"name":"抽卡与卡组","meta":{"paths":["lp0hx8"]},"content":"1012113121抽卡失败，积分不足","timestamp":1778775243664}
{"id":676040,"type":"info","level":2,"name":"抽卡与卡组","meta":{"paths":["lp0hx8"]},"content":"3409638283抽到了一张☆二星★卡，剩余4738P点","timestamp":1778775272585}
{"id":676085,"type":"info","level":2,"name":"抽卡与卡组","meta":{"paths":["lp0hx8"]},"content":"3409638283抽到了一张☆二星★卡，剩余4338P点","timestamp":1778775278333}
{"id":676087,"type":"warn","level":2,"name":"session","meta":{},"content":"Error: Error with request send_group_msg, args: {\"group_id\":1091191330,\"message\":[{\"type\":\"at\",\"data\":{\"qq\":\"3055983840\"}},{\"type\":\"text\",\"data\":{\"text\":\"你当前的卡组为\\n1-稀有度： ♔♕四星(?)♕♔\"}},{\"type\":\"image\",\"data\":{\"file\":\"/root/lezskabot/cards/3/398.png\",\"cache\":0}},{\"type\":\"text\",\"data\":{\"text\":\"2-稀有度： ❀三星☄\"}},{\"type\":\"image\",\"data\":{\"file\":\"/root/lezskabot/cards/2/101.png\",\"cache\":0}},{\"type\":\"text\",\"data\":{\"text\":\"3-稀有度： ❀三星☄\"}},{\"type\":\"image\",\"data\":{\"file\":\"/root/lezskabot/cards/2/96.png\",\"cache\":0}},{\"type\":\"text\",\"data\":{\"text\":\"4-稀有度： ♔♕四星(?)♕♔\"}},{\"type\":\"image\",\"data\":{\"file\":\"/root/lezskabot/cards/3/139.png\",\"cache\":0}},{\"type\":\"text\",\"data\":{\"text\":\"5-没有卡牌\\n6-稀有度： ☂FES☃\"}},{\"type\":\"image\",\"data\":{\"file\":\"/root/lezskabot/cards/4/9.png\",\"cache\":0}},{\"type\":\"text\",\"data\":{\"text\":\"7-没有卡牌\\n8-稀有度： ❀三星☄\"}},{\"type\":\"image\",\"data\":{\"file\":\"/root/lezskabot/cards/2/84.png\",\"cache\":0}}]}, retcode: 1200\n    at _Internal._get (/root/lezskabot/koishi/koishi-app/node_modules/koishi-plugin-adapter-onebot/lib/index.js:119:11)\n    at process.processTicksAndRejections (node:internal/process/task_queues:95:5)\n    at async _Internal.<computed> [as sendGroupMsg] (/root/lezskabot/koishi/koishi-app/node_modules/koishi-plugin-adapter-onebot/lib/index.js:162:20)\n    at async OneBotMessageEncoder.flush (/root/lezskabot/koishi/koishi-app/node_modules/koishi-plugin-adapter-onebot/lib/index.js:771:338)\n    at async OneBotMessageEncoder.send (/root/lezskabot/koishi/koishi-app/node_modules/@satorijs/core/lib/index.cjs:755:5)\n    at async Proxy.sendMessage (/root/lezskabot/koishi/koishi-app/node_modules/@satorijs/core/lib/index.cjs:487:22)\n    at async _Command.eval (eval at <anonymous> (/root/lezskabot/koishi/koishi-app/node_modules/koishi-plugin-blockly-null/lib/index.js:1:1), <anonymous>:105:9)\n    at async Array.<anonymous> (/root/lezskabot/koishi/koishi-app/node_modules/@koishijs/core/lib/index.cjs:1079:14)\n    at async _Command.execute (/root/lezskabot/koishi/koishi-app/node_modules/@koishijs/core/lib/index.cjs:1093:22)\n    at async /root/lezskabot/koishi/koishi-app/node_modules/@koishijs/core/lib/index.cjs:2049:22","timestamp":1778775279959}
{"id":676117,"type":"info","level":2,"name":"抽卡与卡组","meta":{"paths":["lp0hx8"]},"content":"3409638283抽到了一张☆二星★卡，剩余3938P点","timestamp":1778775282795}
{"id":676154,"type":"success","level":1,"name":"签到","meta":{"paths":["lp0hx8"]},"content":"1569181511完成了一次签到！","timestamp":1778775294511}
{"id":676191,"type":"success","level":1,"name":"签到","meta":{"paths":["lp0hx8"]},"content":"3980423768完成了一次签到！","timestamp":1778775298243}
{"id":676205,"type":"info","level":2,"name":"抽卡与卡组","meta":{"paths":["lp0hx8"]},"content":"1569181511抽到了一张❀三星☄卡，剩余1474P点","timestamp":1778775299382}
{"id":676249,"type":"info","level":2,"name":"签到","meta":{"paths":["lp0hx8"]},"content":"已更新1569181511的抢劫次数和记录","timestamp":1778775303800}
{"id":676271,"type":"success","level":1,"name":"签到","meta":{"paths":["lp0hx8"]},"content":"1569181511抢了3980423768的134P点！","timestamp":1778775304168}
{"id":676272,"type":"info","level":2,"name":"签到","meta":{"paths":["lp0hx8"]},"content":"1569181511今天的抢劫记录为134   |    剩余抢劫次数为2","timestamp":1778775304172}
{"id":676360,"type":"info","level":2,"name":"抽卡与卡组","meta":{"paths":["lp0hx8"]},"content":"1569181511抽到了一张☆二星★卡，剩余1208P点","timestamp":1778775314060}
{"id":676403,"type":"info","level":2,"name":"抽卡与卡组","meta":{"paths":["lp0hx8"]},"content":"1569181511抽到了一张☆二星★卡，剩余808P点","timestamp":1778775318425}
{"id":676429,"type":"info","level":2,"name":"签到","meta":{"paths":["lp0hx8"]},"content":"已更新3980423768的抢劫次数和记录","timestamp":1778775318804}
{"id":676454,"type":"warn","level":2,"name":"session","meta":{},"content":"Error: Error with request send_group_msg, args: {\"group_id\":1091191330,\"message\":[{\"type\":\"at\",\"data\":{\"qq\":\"3980423768\"}},{\"type\":\"text\",\"data\":{\"text\":\"   抢劫失败！你失去了40P点！\\n你现在有353P点\\n你还剩2次抢P点次数！\"}}]}, retcode: 1200\n    at _Internal._get (/root/lezskabot/koishi/koishi-app/node_modules/koishi-plugin-adapter-onebot/lib/index.js:119:11)\n    at process.processTicksAndRejections (node:internal/process/task_queues:95:5)\n    at async _Internal.<computed> [as sendGroupMsg] (/root/lezskabot/koishi/koishi-app/node_modules/koishi-plugin-adapter-onebot/lib/index.js:162:20)\n    at async OneBotMessageEncoder.flush (/root/lezskabot/koishi/koishi-app/node_modules/koishi-plugin-adapter-onebot/lib/index.js:771:338)\n    at async OneBotMessageEncoder.send (/root/lezskabot/koishi/koishi-app/node_modules/@satorijs/core/lib/index.cjs:755:5)\n    at async Proxy.sendMessage (/root/lezskabot/koishi/koishi-app/node_modules/@satorijs/core/lib/index.cjs:487:22)\n    at async _Command.eval (eval at <anonymous> (/root/lezskabot/koishi/koishi-app/node_modules/koishi-plugin-blockly-null/lib/index.js:1:1), <anonymous>:325:31)\n    at async Array.<anonymous> (/root/lezskabot/koishi/koishi-app/node_modules/@koishijs/core/lib/index.cjs:1079:14)\n    at async _Command.execute (/root/lezskabot/koishi/koishi-app/node_modules/@koishijs/core/lib/index.cjs:1093:22)\n    at async /root/lezskabot/koishi/koishi-app/node_modules/@koishijs/core/lib/index.cjs:2049:22","timestamp":1778775319117}
{"id":676455,"type":"success","level":1,"name":"签到","meta":{"paths":["lp0hx8"]},"content":"3980423768抢劫1569181511失败！失去了40P点！","timestamp":1778775319121}
{"id":676456,"type":"info","level":2,"name":"签到","meta":{"paths":["lp0hx8"]},"content":"3980423768今天的抢劫记录为-40   |    剩余抢劫次数为2","timestamp":1778775319122}
{"id":676459,"type":"success","level":1,"name":"抽卡与卡组","meta":{"paths":["lp0hx8"]},"content":"971217490献祭了：4张二星  获得1120P点，当前P点数为3122","timestamp":1778775319305}
{"id":676461,"type":"warn","level":2,"name":"session","meta":{},"content":"Error: Error with request send_group_msg, args: {\"group_id\":1091191330,\"message\":[{\"type\":\"at\",\"data\":{\"qq\":\"3055983840\"}},{\"type\":\"text\",\"data\":{\"text\":\"你当前的卡组为\\n1-稀有度： ♔♕四星(?)♕♔\"}},{\"type\":\"image\",\"data\":{\"file\":\"/root/lezskabot/cards/3/398.png\",\"cache\":0}},{\"type\":\"text\",\"data\":{\"text\":\"2-稀有度： ❀三星☄\"}},{\"type\":\"image\",\"data\":{\"file\":\"/root/lezskabot/cards/2/101.png\",\"cache\":0}},{\"type\":\"text\",\"data\":{\"text\":\"3-稀有度： ❀三星☄\"}},{\"type\":\"image\",\"data\":{\"file\":\"/root/lezskabot/cards/2/96.png\",\"cache\":0}},{\"type\":\"text\",\"data\":{\"text\":\"4-稀有度： ♔♕四星(?)♕♔\"}},{\"type\":\"image\",\"data\":{\"file\":\"/root/lezskabot/cards/3/139.png\",\"cache\":0}},{\"type\":\"text\",\"data\":{\"text\":\"5-没有卡牌\\n6-稀有度： ☂FES☃\"}},{\"type\":\"image\",\"data\":{\"file\":\"/root/lezskabot/cards/4/9.png\",\"cache\":0}},{\"type\":\"text\",\"data\":{\"text\":\"7-没有卡牌\\n8-稀有度： ❀三星☄\"}},{\"type\":\"image\",\"data\":{\"file\":\"/root/lezskabot/cards/2/84.png\",\"cache\":0}}]}, retcode: 1200\n    at _Internal._get (/root/lezskabot/koishi/koishi-app/node_modules/koishi-plugin-adapter-onebot/lib/index.js:119:11)\n    at process.processTicksAndRejections (node:internal/process/task_queues:95:5)\n    at async _Internal.<computed> [as sendGroupMsg] (/root/lezskabot/koishi/koishi-app/node_modules/koishi-plugin-adapter-onebot/lib/index.js:162:20)\n    at async OneBotMessageEncoder.flush (/root/lezskabot/koishi/koishi-app/node_modules/koishi-plugin-adapter-onebot/lib/index.js:771:338)\n    at async OneBotMessageEncoder.send (/root/lezskabot/koishi/koishi-app/node_modules/@satorijs/core/lib/index.cjs:755:5)\n    at async Proxy.sendMessage (/root/lezskabot/koishi/koishi-app/node_modules/@satorijs/core/lib/index.cjs:487:22)\n    at async _Command.eval (eval at <anonymous> (/root/lezskabot/koishi/koishi-app/node_modules/koishi-plugin-blockly-null/lib/index.js:1:1), <anonymous>:105:9)\n    at async Array.<anonymous> (/root/lezskabot/koishi/koishi-app/node_modules/@koishijs/core/lib/index.cjs:1079:14)\n    at async _Command.execute (/root/lezskabot/koishi/koishi-app/node_modules/@koishijs/core/lib/index.cjs:1093:22)\n    at async /root/lezskabot/koishi/koishi-app/node_modules/@koishijs/core/lib/index.cjs:2049:22","timestamp":1778775320061}
{"id":676479,"type":"warn","level":2,"name":"session","meta":{},"content":"Error: Error with request send_group_msg, args: {\"group_id\":1091191330,\"message\":[{\"type\":\"image\",\"data\":{\"file\":\"/root/lezskabot/cards/1/107.png\",\"cache\":0}},{\"type\":\"at\",\"data\":{\"qq\":\"1569181511\"}},{\"type\":\"text\",\"data\":{\"text\":\"☆二星★\\n此卡在你手中，请手动加入卡组\\n你还有408P点\\n也就是1抽。\\n请仔细阅读“抽卡帮助”！\"}}]}, retcode: 1200\n    at _Internal._get (/root/lezskabot/koishi/koishi-app/node_modules/koishi-plugin-adapter-onebot/lib/index.js:119:11)\n    at process.processTicksAndRejections (node:internal/process/task_queues:95:5)\n    at async _Internal.<computed> [as sendGroupMsg] (/root/lezskabot/koishi/koishi-app/node_modules/koishi-plugin-adapter-onebot/lib/index.js:162:20)\n    at async OneBotMessageEncoder.flush (/root/lezskabot/koishi/koishi-app/node_modules/koishi-plugin-adapter-onebot/lib/index.js:771:338)\n    at async OneBotMessageEncoder.send (/root/lezskabot/koishi/koishi-app/node_modules/@satorijs/core/lib/index.cjs:755:5)\n    at async Proxy.sendMessage (/root/lezskabot/koishi/koishi-app/node_modules/@satorijs/core/lib/index.cjs:487:22)\n    at async _Command.eval (eval at <anonymous> (/root/lezskabot/koishi/koishi-app/node_modules/koishi-plugin-blockly-null/lib/index.js:1:1), <anonymous>:302:15)\n    at async Array.<anonymous> (/root/lezskabot/koishi/koishi-app/node_modules/@koishijs/core/lib/index.cjs:1079:14)\n    at async _Command.execute (/root/lezskabot/koishi/koishi-app/node_modules/@koishijs/core/lib/index.cjs:1093:22)\n    at async /root/lezskabot/koishi/koishi-app/node_modules/@koishijs/core/lib/index.cjs:2049:22","timestamp":1778775322731}
{"id":676481,"type":"info","level":2,"name":"抽卡与卡组","meta":{"paths":["lp0hx8"]},"content":"1569181511抽到了一张☆二星★卡，剩余408P点","timestamp":1778775322736}
{"id":676494,"type":"warn","level":2,"name":"session","meta":{},"content":"Error: Error with request send_group_msg, args: {\"group_id\":1091191330,\"message\":[{\"type\":\"text\",\"data\":{\"text\":\"当前积分为353点，不够一抽。一抽要400呢\"}}]}, retcode: 1200\n    at _Internal._get (/root/lezskabot/koishi/koishi-app/node_modules/koishi-plugin-adapter-onebot/lib/index.js:119:11)\n    at process.processTicksAndRejections (node:internal/process/task_queues:95:5)\n    at async _Internal.<computed> [as sendGroupMsg] (/root/lezskabot/koishi/koishi-app/node_modules/koishi-plugin-adapter-onebot/lib/index.js:162:20)\n    at async OneBotMessageEncoder.flush (/root/lezskabot/koishi/koishi-app/node_modules/koishi-plugin-adapter-onebot/lib/index.js:771:338)\n    at async OneBotMessageEncoder.send (/root/lezskabot/koishi/koishi-app/node_modules/@satorijs/core/lib/index.cjs:755:5)\n    at async Proxy.sendMessage (/root/lezskabot/koishi/koishi-app/node_modules/@satorijs/core/lib/index.cjs:487:22)\n    at async _Command.eval (eval at <anonymous> (/root/lezskabot/koishi/koishi-app/node_modules/koishi-plugin-blockly-null/lib/index.js:1:1), <anonymous>:311:11)\n    at async Array.<anonymous> (/root/lezskabot/koishi/koishi-app/node_modules/@koishijs/core/lib/index.cjs:1079:14)\n    at async _Command.execute (/root/lezskabot/koishi/koishi-app/node_modules/@koishijs/core/lib/index.cjs:1093:22)\n    at async /root/lezskabot/koishi/koishi-app/node_modules/@koishijs/core/lib/index.cjs:2049:22","timestamp":1778775325125}
{"id":676495,"type":"error","level":1,"name":"抽卡与卡组","meta":{"paths":["lp0hx8"]},"content":"3980423768抽卡失败，积分不足","timestamp":1778775325128}
{"id":676568,"type":"warn","level":2,"name":"session","meta":{},"content":"Error: Error with request send_group_msg, args: {\"group_id\":1091191330,\"message\":[{\"type\":\"at\",\"data\":{\"qq\":\"3980423768\"}},{\"type\":\"text\",\"data\":{\"text\":\"你当前的卡组为\\n1-稀有度： ☆二星★\"}},{\"type\":\"image\",\"data\":{\"file\":\"/root/lezskabot/cards/1/81.png\",\"cache\":0}},{\"type\":\"text\",\"data\":{\"text\":\"2-稀有度： ❀三星☄\"}},{\"type\":\"image\",\"data\":{\"file\":\"/root/lezskabot/cards/2/81.png\",\"cache\":0}},{\"type\":\"text\",\"data\":{\"text\":\"3-稀有度： ☂FES☃\"}},{\"type\":\"image\",\"data\":{\"file\":\"/root/lezskabot/cards/4/8.png\",\"cache\":0}},{\"type\":\"text\",\"data\":{\"text\":\"4-稀有度： ♔♕四星(?)♕♔\"}},{\"type\":\"image\",\"data\":{\"file\":\"/root/lezskabot/cards/3/43.png\",\"cache\":0}},{\"type\":\"text\",\"data\":{\"text\":\"5-稀有度： ☂FES☃\"}},{\"type\":\"image\",\"data\":{\"file\":\"/root/lezskabot/cards/4/3.png\",\"cache\":0}},{\"type\":\"text\",\"data\":{\"text\":\"6-稀有度： ☂FES☃\"}},{\"type\":\"image\",\"data\":{\"file\":\"/root/lezskabot/cards/4/5.png\",\"cache\":0}},{\"type\":\"text\",\"data\":{\"text\":\"7-稀有度： ☂FES☃\"}},{\"type\":\"image\",\"data\":{\"file\":\"/root/lezskabot/cards/4/21.png\",\"cache\":0}},{\"type\":\"text\",\"data\":{\"text\":\"8-稀有度： ☂FES☃\"}},{\"type\":\"image\",\"data\":{\"file\":\"/root/lezskabot/cards/4/21.png\",\"cache\":0}}]}, retcode: 1200\n    at _Internal._get (/root/lezskabot/koishi/koishi-app/node_modules/koishi-plugin-adapter-onebot/lib/index.js:119:11)\n    at process.processTicksAndRejections (node:internal/process/task_queues:95:5)\n    at async _Internal.<computed> [as sendGroupMsg] (/root/lezskabot/koishi/koishi-app/node_modules/koishi-plugin-adapter-onebot/lib/index.js:162:20)\n    at async OneBotMessageEncoder.flush (/root/lezskabot/koishi/koishi-app/node_modules/koishi-plugin-adapter-onebot/lib/index.js:771:338)\n    at async OneBotMessageEncoder.send (/root/lezskabot/koishi/koishi-app/node_modules/@satorijs/core/lib/index.cjs:755:5)\n    at async Proxy.sendMessage (/root/lezskabot/koishi/koishi-app/node_modules/@satorijs/core/lib/index.cjs:487:22)\n    at async _Command.eval (eval at <anonymous> (/root/lezskabot/koishi/koishi-app/node_modules/koishi-plugin-blockly-null/lib/index.js:1:1), <anonymous>:105:9)\n    at async Array.<anonymous> (/root/lezskabot/koishi/koishi-app/node_modules/@koishijs/core/lib/index.cjs:1079:14)\n    at async _Command.execute (/root/lezskabot/koishi/koishi-app/node_modules/@koishijs/core/lib/index.cjs:1093:22)\n    at async /root/lezskabot/koishi/koishi-app/node_modules/@koishijs/core/lib/index.cjs:2049:22","timestamp":1778775337087}
{"id":676582,"type":"error","level":1,"name":"抽卡与卡组","meta":{"paths":["lp0hx8"]},"content":"3903344267抽卡失败，积分不足","timestamp":1778775341332}
{"id":676596,"type":"warn","level":2,"name":"session","meta":{},"content":"Error: Error with request send_group_msg, args: {\"group_id\":1091191330,\"message\":[{\"type\":\"at\",\"data\":{\"qq\":\"3980423768\"}},{\"type\":\"text\",\"data\":{\"text\":\"你当前的卡组为\\n1-稀有度： ☆二星★\"}},{\"type\":\"image\",\"data\":{\"file\":\"/root/lezskabot/cards/1/81.png\",\"cache\":0}},{\"type\":\"text\",\"data\":{\"text\":\"2-稀有度： ❀三星☄\"}},{\"type\":\"image\",\"data\":{\"file\":\"/root/lezskabot/cards/2/81.png\",\"cache\":0}},{\"type\":\"text\",\"data\":{\"text\":\"3-稀有度： ☂FES☃\"}},{\"type\":\"image\",\"data\":{\"file\":\"/root/lezskabot/cards/4/8.png\",\"cache\":0}},{\"type\":\"text\",\"data\":{\"text\":\"4-稀有度： ♔♕四星(?)♕♔\"}},{\"type\":\"image\",\"data\":{\"file\":\"/root/lezskabot/cards/3/43.png\",\"cache\":0}},{\"type\":\"text\",\"data\":{\"text\":\"5-稀有度： ☂FES☃\"}},{\"type\":\"image\",\"data\":{\"file\":\"/root/lezskabot/cards/4/3.png\",\"cache\":0}},{\"type\":\"text\",\"data\":{\"text\":\"6-稀有度： ☂FES☃\"}},{\"type\":\"image\",\"data\":{\"file\":\"/root/lezskabot/cards/4/5.png\",\"cache\":0}},{\"type\":\"text\",\"data\":{\"text\":\"7-稀有度： ☂FES☃\"}},{\"type\":\"image\",\"data\":{\"file\":\"/root/lezskabot/cards/4/21.png\",\"cache\":0}},{\"type\":\"text\",\"data\":{\"text\":\"8-稀有度： ☂FES☃\"}},{\"type\":\"image\",\"data\":{\"file\":\"/root/lezskabot/cards/4/21.png\",\"cache\":0}}]}, retcode: 1200\n    at _Internal._get (/root/lezskabot/koishi/koishi-app/node_modules/koishi-plugin-adapter-onebot/lib/index.js:119:11)\n    at process.processTicksAndRejections (node:internal/process/task_queues:95:5)\n    at async _Internal.<computed> [as sendGroupMsg] (/root/lezskabot/koishi/koishi-app/node_modules/koishi-plugin-adapter-onebot/lib/index.js:162:20)\n    at async OneBotMessageEncoder.flush (/root/lezskabot/koishi/koishi-app/node_modules/koishi-plugin-adapter-onebot/lib/index.js:771:338)\n    at async OneBotMessageEncoder.send (/root/lezskabot/koishi/koishi-app/node_modules/@satorijs/core/lib/index.cjs:755:5)\n    at async Proxy.sendMessage (/root/lezskabot/koishi/koishi-app/node_modules/@satorijs/core/lib/index.cjs:487:22)\n    at async _Command.eval (eval at <anonymous> (/root/lezskabot/koishi/koishi-app/node_modules/koishi-plugin-blockly-null/lib/index.js:1:1), <anonymous>:105:9)\n    at async Array.<anonymous> (/root/lezskabot/koishi/koishi-app/node_modules/@koishijs/core/lib/index.cjs:1079:14)\n    at async _Command.execute (/root/lezskabot/koishi/koishi-app/node_modules/@koishijs/core/lib/index.cjs:1093:22)\n    at async /root/lezskabot/koishi/koishi-app/node_modules/@koishijs/core/lib/index.cjs:2049:22","timestamp":1778775353453}
{"id":676623,"type":"success","level":1,"name":"抽卡与卡组","meta":{"paths":["lp0hx8"]},"content":"971217490献祭了：3张二星  获得840P点，当前P点数为2362","timestamp":1778775358393}
{"id":676692,"type":"success","level":1,"name":"签到","meta":{"paths":["lp0hx8"]},"content":"3267282483完成了一次签到！","timestamp":1778775363104}
{"id":676697,"type":"success","level":1,"name":"签到","meta":{"paths":["lp0hx8"]},"content":"3903344267完成了一次签到！","timestamp":1778775363290}
{"id":676751,"type":"success","level":1,"name":"抽卡与卡组","meta":{"paths":["lp0hx8"]},"content":"971217490献祭了：1张二星  2张三星  获得1400P点，当前P点数为2562","timestamp":1778775372626}
{"id":676763,"type":"success","level":1,"name":"抽卡与卡组","meta":{"paths":["lp0hx8"]},"content":"2628075910献祭了：3张二星  1张三星  获得1400P点，当前P点数为43238","timestamp":1778775377203}
{"id":676807,"type":"info","level":2,"name":"抽卡与卡组","meta":{"paths":["lp0hx8"]},"content":"3903344267抽到了一张☆二星★卡，剩余2599P点","timestamp":1778775379094}
{"id":676853,"type":"success","level":1,"name":"抽卡与卡组","meta":{"paths":["lp0hx8"]},"content":"971217490献祭了：2张二星  1张三星  获得1120P点，当前P点数为2482","timestamp":1778775387357}
{"id":676920,"type":"success","level":1,"name":"抽卡与卡组","meta":{"paths":["lp0hx8"]},"content":"971217490献祭了：3张二星  获得840P点，当前P点数为2122","timestamp":1778775397881}
{"id":676998,"type":"success","level":1,"name":"抽卡与卡组","meta":{"paths":["lp0hx8"]},"content":"971217490献祭了：3张二星  获得840P点，当前P点数为1762","timestamp":1778775408508}
{"id":677056,"type":"success","level":1,"name":"抽卡与卡组","meta":{"paths":["lp0hx8"]},"content":"2628075910献祭了：4张二星  获得1120P点，当前P点数为42758","timestamp":1778775413717}
{"id":677094,"type":"success","level":1,"name":"抽卡与卡组","meta":{"paths":["lp0hx8"]},"content":"971217490献祭了：2张二星  1张三星  获得1120P点，当前P点数为1682","timestamp":1778775418749}
{"id":677179,"type":"success","level":1,"name":"抽卡与卡组","meta":{"paths":["lp0hx8"]},"content":"971217490献祭了：1张二星  2张三星  获得1400P点，当前P点数为1882","timestamp":1778775426582}
{"id":677230,"type":"success","level":1,"name":"抽卡与卡组","meta":{"paths":["lp0hx8"]},"content":"2628075910献祭了：4张二星  获得1120P点，当前P点数为42278","timestamp":1778775430048}
{"id":677251,"type":"success","level":1,"name":"抽卡与卡组","meta":{"paths":["lp0hx8"]},"content":"971217490献祭了：3张二星  获得840P点，当前P点数为1522","timestamp":1778775434276}
{"id":677330,"type":"success","level":1,"name":"抽卡与卡组","meta":{"paths":["lp0hx8"]},"content":"2628075910献祭了：3张二星  1张三星  获得1400P点，当前P点数为42078","timestamp":1778775442111}
{"id":677438,"type":"success","level":1,"name":"抽卡与卡组","meta":{"paths":["lp0hx8"]},"content":"971217490献祭了：2张二星  1张三星  获得1120P点，当前P点数为1442","timestamp":1778775456514}
{"id":677505,"type":"success","level":1,"name":"抽卡与卡组","meta":{"paths":["lp0hx8"]},"content":"971217490献祭了：3张二星  获得840P点，当前P点数为1082","timestamp":1778775466795}
{"id":677516,"type":"success","level":1,"name":"抽卡与卡组","meta":{"paths":["lp0hx8"]},"content":"2628075910献祭了：2张二星  1张三星  1张四星  获得2320P点，当前P点数为42798","timestamp":1778775467524}
{"id":677768,"type":"info","level":2,"name":"签到","meta":{"paths":["lp0hx8"]},"content":"986054920向2628075910赠送了1000个P点","timestamp":1778775577974}
{"id":677807,"type":"info","level":2,"name":"签到","meta":{"paths":["lp0hx8"]},"content":"986054920向2276942246赠送了1000个P点","timestamp":1778775588745}
{"id":677952,"type":"success","level":1,"name":"签到","meta":{"paths":["lp0hx8"]},"content":"1820639552完成了一次签到！","timestamp":1778775633342}
{"id":678327,"type":"error","level":1,"name":"签到","meta":{"paths":["lp0hx8"]},"content":"2188730297抢劫失败！该用户今天抢劫次数已用完","timestamp":1778775788696}
{"id":679682,"type":"success","level":1,"name":"签到","meta":{"paths":["lp0hx8"]},"content":"629832381完成了一次签到！","timestamp":1778776452198}
{"id":679783,"type":"success","level":1,"name":"签到","meta":{"paths":["lp0hx8"]},"content":"167505290完成了一次签到！","timestamp":1778776488552}
{"id":679830,"type":"info","level":2,"name":"抽卡与卡组","meta":{"paths":["lp0hx8"]},"content":"629832381抽到了一张☆二星★卡，剩余16021P点","timestamp":1778776497649}
{"id":679895,"type":"info","level":2,"name":"抽卡与卡组","meta":{"paths":["lp0hx8"]},"content":"629832381抽到了一张❀三星☄卡，剩余15621P点","timestamp":1778776520618}
{"id":680065,"type":"success","level":1,"name":"抽卡与卡组","meta":{"paths":["lp0hx8"]},"content":"629832381献祭了：4张二星  获得1120P点，当前P点数为16741","timestamp":1778776585966}
{"id":680110,"type":"info","level":2,"name":"抽卡与卡组","meta":{"paths":["lp0hx8"]},"content":"629832381抽到了一张❀三星☄卡，剩余16341P点","timestamp":1778776599848}
{"id":680153,"type":"info","level":2,"name":"抽卡与卡组","meta":{"paths":["lp0hx8"]},"content":"629832381抽到了一张❀三星☄卡，剩余15941P点","timestamp":1778776609119}
{"id":680185,"type":"info","level":2,"name":"抽卡与卡组","meta":{"paths":["lp0hx8"]},"content":"629832381抽到了一张☆二星★卡，剩余15541P点","timestamp":1778776615195}
{"id":680216,"type":"info","level":2,"name":"抽卡与卡组","meta":{"paths":["lp0hx8"]},"content":"629832381抽到了一张☆二星★卡，剩余15141P点","timestamp":1778776620757}
{"id":680258,"type":"success","level":1,"name":"签到","meta":{"paths":["lp0hx8"]},"content":"2956414337完成了一次签到！","timestamp":1778776622533}
{"id":680312,"type":"error","level":1,"name":"抽卡与卡组","meta":{"paths":["lp0hx8"]},"content":"1652933285抽卡失败，积分不足","timestamp":1778776628270}
{"id":680320,"type":"info","level":2,"name":"抽卡与卡组","meta":{"paths":["lp0hx8"]},"content":"2956414337抽到了一张☆二星★卡，剩余3799P点","timestamp":1778776628780}
{"id":680367,"type":"info","level":2,"name":"抽卡与卡组","meta":{"paths":["lp0hx8"]},"content":"2956414337抽到了一张☆二星★卡，剩余3399P点","timestamp":1778776636154}
{"id":680405,"type":"info","level":2,"name":"抽卡与卡组","meta":{"paths":["lp0hx8"]},"content":"2956414337抽到了一张☆二星★卡，剩余2999P点","timestamp":1778776639243}
{"id":680435,"type":"info","level":2,"name":"抽卡与卡组","meta":{"paths":["lp0hx8"]},"content":"2956414337抽到了一张☆二星★卡，剩余2599P点","timestamp":1778776642518}
{"id":680459,"type":"info","level":2,"name":"抽卡与卡组","meta":{"paths":["lp0hx8"]},"content":"2956414337抽到了一张❀三星☄卡，剩余2199P点","timestamp":1778776645954}
{"id":680480,"type":"success","level":1,"name":"签到","meta":{"paths":["lp0hx8"]},"content":"2961801540完成了一次签到！","timestamp":1778776646403}
{"id":680504,"type":"info","level":2,"name":"抽卡与卡组","meta":{"paths":["lp0hx8"]},"content":"2956414337抽到了一张❀三星☄卡，剩余1799P点","timestamp":1778776649334}
{"id":680524,"type":"error","level":1,"name":"抽卡与卡组","meta":{"paths":["lp0hx8"]},"content":"1764237756抽卡失败，积分不足","timestamp":1778776651854}
{"id":680549,"type":"info","level":2,"name":"抽卡与卡组","meta":{"paths":["lp0hx8"]},"content":"2956414337抽到了一张☆二星★卡，剩余1399P点","timestamp":1778776653012}
{"id":680589,"type":"info","level":2,"name":"抽卡与卡组","meta":{"paths":["lp0hx8"]},"content":"2956414337抽到了一张❀三星☄卡，剩余999P点","timestamp":1778776655975}
{"id":680641,"type":"info","level":2,"name":"抽卡与卡组","meta":{"paths":["lp0hx8"]},"content":"2956414337抽到了一张❀三星☄卡，剩余599P点","timestamp":1778776662248}
{"id":680645,"type":"info","level":2,"name":"抽卡与卡组","meta":{"paths":["lp0hx8"]},"content":"2018283414抽到了一张☆二星★卡，剩余6367P点","timestamp":1778776663791}
{"id":680670,"type":"info","level":2,"name":"抽卡与卡组","meta":{"paths":["lp0hx8"]},"content":"2956414337抽到了一张☆二星★卡，剩余199P点","timestamp":1778776666610}
{"id":680707,"type":"info","level":2,"name":"抽卡与卡组","meta":{"paths":["lp0hx8"]},"content":"2018283414抽到了一张☆二星★卡，剩余5967P点","timestamp":1778776674502}
{"id":680752,"type":"info","level":2,"name":"抽卡与卡组","meta":{"paths":["lp0hx8"]},"content":"2018283414抽到了一张☆二星★卡，剩余5567P点","timestamp":1778776679697}
{"id":680783,"type":"info","level":2,"name":"抽卡与卡组","meta":{"paths":["lp0hx8"]},"content":"2018283414抽到了一张☆二星★卡，剩余5167P点","timestamp":1778776685028}
{"id":680802,"type":"info","level":2,"name":"抽卡与卡组","meta":{"paths":["lp0hx8"]},"content":"2018283414抽到了一张❀三星☄卡，剩余4767P点","timestamp":1778776689958}
{"id":680842,"type":"info","level":2,"name":"抽卡与卡组","meta":{"paths":["lp0hx8"]},"content":"2018283414抽到了一张☆二星★卡，剩余4367P点","timestamp":1778776697125}
{"id":680867,"type":"info","level":2,"name":"抽卡与卡组","meta":{"paths":["lp0hx8"]},"content":"2018283414抽到了一张☆二星★卡，剩余3967P点","timestamp":1778776703780}
{"id":680886,"type":"info","level":2,"name":"抽卡与卡组","meta":{"paths":["lp0hx8"]},"content":"629832381抽到了一张☆二星★卡，剩余14741P点","timestamp":1778776707818}
{"id":680905,"type":"info","level":2,"name":"抽卡与卡组","meta":{"paths":["lp0hx8"]},"content":"2018283414抽到了一张☆二星★卡，剩余3567P点","timestamp":1778776709607}
{"id":680952,"type":"info","level":2,"name":"抽卡与卡组","meta":{"paths":["lp0hx8"]},"content":"629832381抽到了一张❀三星☄卡，剩余14341P点","timestamp":1778776715651}
{"id":680955,"type":"info","level":2,"name":"抽卡与卡组","meta":{"paths":["lp0hx8"]},"content":"2018283414抽到了一张☆二星★卡，剩余3167P点","timestamp":1778776716438}
{"id":680992,"type":"info","level":2,"name":"抽卡与卡组","meta":{"paths":["lp0hx8"]},"content":"2018283414抽到了一张☆二星★卡，剩余2767P点","timestamp":1778776721899}
{"id":681011,"type":"info","level":2,"name":"抽卡与卡组","meta":{"paths":["lp0hx8"]},"content":"2018283414抽到了一张☆二星★卡，剩余2367P点","timestamp":1778776726590}
{"id":681048,"type":"info","level":2,"name":"抽卡与卡组","meta":{"paths":["lp0hx8"]},"content":"2018283414抽到了一张❀三星☄卡，剩余1967P点","timestamp":1778776733322}
{"id":681206,"type":"info","level":2,"name":"抽卡与卡组","meta":{"paths":["lp0hx8"]},"content":"629832381抽到了一张☆二星★卡，剩余13941P点","timestamp":1778776824613}
{"id":681672,"type":"info","level":2,"name":"签到","meta":{"paths":["lp0hx8"]},"content":"已更新29053789的抢劫次数和记录","timestamp":1778777033088}
{"id":681691,"type":"success","level":1,"name":"签到","meta":{"paths":["lp0hx8"]},"content":"29053789抢了1012113121的875P点！","timestamp":1778777033373}
{"id":681692,"type":"info","level":2,"name":"签到","meta":{"paths":["lp0hx8"]},"content":"29053789今天的抢劫记录为109   |    剩余抢劫次数为3","timestamp":1778777033374}
{"id":682109,"type":"success","level":1,"name":"签到","meta":{"paths":["lp0hx8"]},"content":"3195536621完成了一次签到！","timestamp":1778777229030}
{"id":682527,"type":"success","level":1,"name":"签到","meta":{"paths":["lp0hx8"]},"content":"3903949840完成了一次签到！","timestamp":1778777398107}
{"id":682556,"type":"info","level":2,"name":"抽卡与卡组","meta":{"paths":["lp0hx8"]},"content":"3903949840抽到了一张☆二星★卡，剩余2711P点","timestamp":1778777402700}
{"id":682871,"type":"success","level":1,"name":"签到","meta":{"paths":["lp0hx8"]},"content":"29053789抢了3980423768的270P点！","timestamp":1778777525161}
{"id":682872,"type":"info","level":2,"name":"签到","meta":{"paths":["lp0hx8"]},"content":"29053789今天的抢劫记录为379   |    剩余抢劫次数为3","timestamp":1778777525162}
{"id":683339,"type":"error","level":1,"name":"签到","meta":{"paths":["lp0hx8"]},"content":"3903949840签到失败！原因：该用户已经签到","timestamp":1778777738811}
{"id":686906,"type":"success","level":1,"name":"签到","meta":{"paths":["lp0hx8"]},"content":"3497892115完成了一次签到！","timestamp":1778780975647}
{"id":687075,"type":"info","level":2,"name":"抽卡与卡组","meta":{"paths":["lp0hx8"]},"content":"3497892115抽到了一张♔♕四星(?)♕♔卡，剩余3557P点","timestamp":1778781203486}
{"id":687116,"type":"info","level":2,"name":"抽卡与卡组","meta":{"paths":["lp0hx8"]},"content":"3497892115抽到了一张☂FES☃卡，剩余3157P点","timestamp":1778781218407}
{"id":687179,"type":"info","level":2,"name":"抽卡与卡组","meta":{"paths":["lp0hx8"]},"content":"3497892115抽到了一张♔♕四星(?)♕♔卡，剩余1557P点","timestamp":1778781249322}
{"id":687204,"type":"info","level":2,"name":"抽卡与卡组","meta":{"paths":["lp0hx8"]},"content":"3497892115抽到了一张☆二星★卡，剩余1157P点","timestamp":1778781261293}
{"id":687228,"type":"info","level":2,"name":"抽卡与卡组","meta":{"paths":["lp0hx8"]},"content":"3497892115抽到了一张☆二星★卡，剩余757P点","timestamp":1778781265346}
{"id":687252,"type":"info","level":2,"name":"抽卡与卡组","meta":{"paths":["lp0hx8"]},"content":"3497892115抽到了一张❀三星☄卡，剩余357P点","timestamp":1778781269409}
{"id":688978,"type":"success","level":1,"name":"签到","meta":{"paths":["lp0hx8"]},"content":"908531782完成了一次签到！","timestamp":1778782788504}
{"id":689565,"type":"warn","level":2,"name":"session","meta":{},"content":"Error: Error with request send_group_msg, args: {\"group_id\":1091191330,\"message\":[{\"type\":\"text\",\"data\":{\"text\":\"睡觉啊，求你让我实践你的话语，体验你的道。在真理的路上与你同行，有真平安和属灵的智慧临到我，赞美睡觉是我的圣女，在天国的背景下，荣耀睡觉的名。我确信因睡觉的宝血，已经洗去我一切的罪，在信心成长的路上我的睡觉使我仰望他，也使我的福杯满溢。愿睡觉的慈爱和大能，使渴慕你的人得永生的确信和安慰。\"}}]}, retcode: 1200\n    at _Internal._get (/root/lezskabot/koishi/koishi-app/node_modules/koishi-plugin-adapter-onebot/lib/index.js:119:11)\n    at process.processTicksAndRejections (node:internal/process/task_queues:95:5)\n    at async _Internal.<computed> [as sendGroupMsg] (/root/lezskabot/koishi/koishi-app/node_modules/koishi-plugin-adapter-onebot/lib/index.js:162:20)\n    at async OneBotMessageEncoder.flush (/root/lezskabot/koishi/koishi-app/node_modules/koishi-plugin-adapter-onebot/lib/index.js:771:338)\n    at async OneBotMessageEncoder.send (/root/lezskabot/koishi/koishi-app/node_modules/@satorijs/core/lib/index.cjs:755:5)\n    at async Proxy.sendMessage (/root/lezskabot/koishi/koishi-app/node_modules/@satorijs/core/lib/index.cjs:487:22)\n    at async /root/lezskabot/koishi/koishi-app/node_modules/@koishijs/core/lib/index.cjs:2051:7\n    at async Proxy.withScope (/root/lezskabot/koishi/koishi-app/node_modules/@koishijs/core/lib/index.cjs:1958:22)\n    at async next (/root/lezskabot/koishi/koishi-app/node_modules/@koishijs/core/lib/index.cjs:827:16)\n    at async next (/root/lezskabot/koishi/koishi-app/node_modules/@koishijs/core/lib/index.cjs:827:16)","timestamp":1778783476281}
{"id":690137,"type":"info","level":2,"name":"抽卡与卡组","meta":{"paths":["lp0hx8"]},"content":"1820639552抽到了一张☆二星★卡，剩余5087P点","timestamp":1778784431677}
{"id":690162,"type":"info","level":2,"name":"抽卡与卡组","meta":{"paths":["lp0hx8"]},"content":"1820639552抽到了一张☆二星★卡，剩余4687P点","timestamp":1778784436583}
{"id":690981,"type":"success","level":1,"name":"签到","meta":{"paths":["lp0hx8"]},"content":"3663735613完成了一次签到！","timestamp":1778790182783}
{"id":691554,"type":"success","level":1,"name":"签到","meta":{"paths":["lp0hx8"]},"content":"2858787094完成了一次签到！","timestamp":1778796539017}
{"id":691642,"type":"success","level":1,"name":"签到","meta":{"paths":["lp0hx8"]},"content":"2250804603完成了一次签到！","timestamp":1778796595888}
{"id":691826,"type":"error","level":1,"name":"签到","meta":{"paths":["lp0hx8"]},"content":"366837668签到失败！原因：该用户已经签到","timestamp":1778798996334}
{"id":692101,"type":"error","level":1,"name":"抽卡与卡组","meta":{"paths":["lp0hx8"]},"content":"908531782抽卡失败，积分不足","timestamp":1778799949537}
{"id":692127,"type":"error","level":1,"name":"抽卡与卡组","meta":{"paths":["lp0hx8"]},"content":"908531782抽卡失败，积分不足","timestamp":1778800037326}
{"id":692212,"type":"success","level":1,"name":"签到","meta":{"paths":["lp0hx8"]},"content":"3534850564完成了一次签到！","timestamp":1778800523551}
{"id":692316,"type":"success","level":1,"name":"签到","meta":{"paths":["lp0hx8"]},"content":"1602618344完成了一次签到！","timestamp":1778801238509}
{"id":692667,"type":"success","level":1,"name":"签到","meta":{"paths":["lp0hx8"]},"content":"1969859341完成了一次签到！","timestamp":1778801887893}
{"id":692722,"type":"info","level":2,"name":"抽卡与卡组","meta":{"paths":["lp0hx8"]},"content":"1969859341抽到了一张☆二星★卡，剩余7099P点","timestamp":1778801908445}
{"id":692763,"type":"info","level":2,"name":"抽卡与卡组","meta":{"paths":["lp0hx8"]},"content":"1969859341抽到了一张☆二星★卡，剩余6299P点","timestamp":1778801910400}
{"id":692770,"type":"info","level":2,"name":"抽卡与卡组","meta":{"paths":["lp0hx8"]},"content":"1969859341抽到了一张❀三星☄卡，剩余6299P点","timestamp":1778801911692}
{"id":692810,"type":"info","level":2,"name":"抽卡与卡组","meta":{"paths":["lp0hx8"]},"content":"1969859341抽到了一张☆二星★卡，剩余5899P点","timestamp":1778801935798}
{"id":692831,"type":"success","level":1,"name":"抽卡与卡组","meta":{"paths":["lp0hx8"]},"content":"1969859341献祭了：3张二星  获得840P点，当前P点数为6739","timestamp":1778801947025}
{"id":692872,"type":"info","level":2,"name":"抽卡与卡组","meta":{"paths":["lp0hx8"]},"content":"1969859341抽到了一张☆二星★卡，剩余5939P点","timestamp":1778801952578}
{"id":692896,"type":"info","level":2,"name":"抽卡与卡组","meta":{"paths":["lp0hx8"]},"content":"1969859341抽到了一张☆二星★卡，剩余5539P点","timestamp":1778801953219}
{"id":692903,"type":"info","level":2,"name":"抽卡与卡组","meta":{"paths":["lp0hx8"]},"content":"1969859341抽到了一张☆二星★卡，剩余5539P点","timestamp":1778801954495}
{"id":693016,"type":"success","level":1,"name":"签到","meta":{"paths":["lp0hx8"]},"content":"1509417679完成了一次签到！","timestamp":1778802679545}
{"id":693158,"type":"success","level":1,"name":"签到","meta":{"paths":["lp0hx8"]},"content":"3389530537完成了一次签到！","timestamp":1778802779446}
