{"id":420016,"type":"success","level":1,"name":"签到","meta":{"paths":["lp0hx8"]},"content":"813013693完成了一次签到！","timestamp":1778631541462}
{"id":420728,"type":"success","level":1,"name":"签到","meta":{"paths":["lp0hx8"]},"content":"2856202014完成了一次签到！","timestamp":1778634353833}
{"id":420762,"type":"info","level":2,"name":"抽卡与卡组","meta":{"paths":["lp0hx8"]},"content":"2856202014抽到了一张☆二星★卡，剩余14309P点","timestamp":1778634371955}
{"id":421511,"type":"success","level":1,"name":"签到","meta":{"paths":["lp0hx8"]},"content":"2433884076完成了一次签到！","timestamp":1778635571371}
{"id":421608,"type":"success","level":1,"name":"签到","meta":{"paths":["lp0hx8"]},"content":"1569181511完成了一次签到！","timestamp":1778635685972}
{"id":421627,"type":"info","level":2,"name":"抽卡与卡组","meta":{"paths":["lp0hx8"]},"content":"1569181511抽到了一张☆二星★卡，剩余2133P点","timestamp":1778635690020}
{"id":421647,"type":"info","level":2,"name":"抽卡与卡组","meta":{"paths":["lp0hx8"]},"content":"1569181511抽到了一张❀三星☄卡，剩余1733P点","timestamp":1778635693013}
{"id":421666,"type":"info","level":2,"name":"抽卡与卡组","meta":{"paths":["lp0hx8"]},"content":"1569181511抽到了一张❀三星☄卡，剩余1333P点","timestamp":1778635696655}
{"id":421690,"type":"info","level":2,"name":"抽卡与卡组","meta":{"paths":["lp0hx8"]},"content":"2658604288抽到了一张☆二星★卡，剩余2851P点","timestamp":1778635709813}
{"id":421720,"type":"info","level":2,"name":"抽卡与卡组","meta":{"paths":["lp0hx8"]},"content":"2658604288抽到了一张❀三星☄卡，剩余2451P点","timestamp":1778635720910}
{"id":421921,"type":"info","level":2,"name":"抽卡与卡组","meta":{"paths":["lp0hx8"]},"content":"1569181511抽到了一张☆二星★卡，剩余933P点","timestamp":1778635879680}
{"id":421948,"type":"info","level":2,"name":"抽卡与卡组","meta":{"paths":["lp0hx8"]},"content":"1569181511抽到了一张☆二星★卡，剩余533P点","timestamp":1778635886721}
{"id":422079,"type":"info","level":2,"name":"抽卡与卡组","meta":{"paths":["lp0hx8"]},"content":"1569181511抽到了一张☆二星★卡，剩余133P点","timestamp":1778635983243}
{"id":422159,"type":"info","level":2,"name":"签到","meta":{"paths":["lp0hx8"]},"content":"已更新1569181511的抢劫次数和记录","timestamp":1778636025072}
{"id":422180,"type":"success","level":1,"name":"签到","meta":{"paths":["lp0hx8"]},"content":"1569181511抢了2188730297的39P点！","timestamp":1778636025651}
{"id":422181,"type":"info","level":2,"name":"签到","meta":{"paths":["lp0hx8"]},"content":"1569181511今天的抢劫记录为39   |    剩余抢劫次数为2","timestamp":1778636025652}
{"id":422220,"type":"success","level":1,"name":"签到","meta":{"paths":["lp0hx8"]},"content":"1569181511抢了2658604288的246P点！","timestamp":1778636040345}
{"id":422221,"type":"info","level":2,"name":"签到","meta":{"paths":["lp0hx8"]},"content":"1569181511今天的抢劫记录为285   |    剩余抢劫次数为1","timestamp":1778636040355}
{"id":422252,"type":"info","level":2,"name":"抽卡与卡组","meta":{"paths":["lp0hx8"]},"content":"1569181511抽到了一张❀三星☄卡，剩余18P点","timestamp":1778636048850}
{"id":422381,"type":"success","level":1,"name":"抽卡与卡组","meta":{"paths":["lp0hx8"]},"content":"2433884076献祭了：6张二星  1张三星  1张四星  获得3440P点，当前P点数为5779","timestamp":1778636129105}
{"id":422468,"type":"success","level":1,"name":"抽卡与卡组","meta":{"paths":["lp0hx8"]},"content":"2433884076献祭了：8张二星  获得2240P点，当前P点数为4819","timestamp":1778636147230}
{"id":422588,"type":"success","level":1,"name":"抽卡与卡组","meta":{"paths":["lp0hx8"]},"content":"2433884076献祭了：6张二星  1张三星  1张四星  获得3440P点，当前P点数为5059","timestamp":1778636188896}
{"id":422618,"type":"info","level":2,"name":"抽卡与卡组","meta":{"paths":["lp0hx8"]},"content":"2658604288抽到了一张☆二星★卡，剩余1805P点","timestamp":1778636191380}
{"id":422709,"type":"error","level":1,"name":"签到","meta":{"paths":["lp0hx8"]},"content":"2085287779签到失败！原因：该用户已经签到","timestamp":1778636201264}
{"id":422712,"type":"success","level":1,"name":"抽卡与卡组","meta":{"paths":["lp0hx8"]},"content":"2433884076献祭了：6张二星  2张三星  获得2800P点，当前P点数为4659","timestamp":1778636201550}
{"id":422740,"type":"success","level":1,"name":"签到","meta":{"paths":["lp0hx8"]},"content":"1569181511抢劫2658604288失败！失去了所有P点！","timestamp":1778636205279}
{"id":422741,"type":"info","level":2,"name":"签到","meta":{"paths":["lp0hx8"]},"content":"1569181511今天的抢劫记录为267   |    剩余抢劫次数为0","timestamp":1778636205280}
{"id":422866,"type":"success","level":1,"name":"抽卡与卡组","meta":{"paths":["lp0hx8"]},"content":"2433884076献祭了：4张二星  3张三星  1张四星  获得4000P点，当前P点数为5459","timestamp":1778636225880}
{"id":422938,"type":"success","level":1,"name":"抽卡与卡组","meta":{"paths":["lp0hx8"]},"content":"2433884076献祭了：5张二星  3张三星  获得3080P点，当前P点数为5339","timestamp":1778636236319}
{"id":423029,"type":"success","level":1,"name":"抽卡与卡组","meta":{"paths":["lp0hx8"]},"content":"2433884076献祭了：7张二星  1张三星  获得2520P点，当前P点数为4659","timestamp":1778636245326}
{"id":423168,"type":"success","level":1,"name":"抽卡与卡组","meta":{"paths":["lp0hx8"]},"content":"2433884076献祭了：2张二星  4张三星  获得2800P点，当前P点数为4259","timestamp":1778636277237}
{"id":423230,"type":"success","level":1,"name":"抽卡与卡组","meta":{"paths":["lp0hx8"]},"content":"2433884076献祭了：5张二星  1张三星  2张四星  获得4360P点，当前P点数为6219","timestamp":1778636291769}
{"id":423287,"type":"success","level":1,"name":"抽卡与卡组","meta":{"paths":["lp0hx8"]},"content":"2433884076献祭了：7张二星  1张三星  获得2520P点，当前P点数为5539","timestamp":1778636302340}
{"id":423338,"type":"success","level":1,"name":"抽卡与卡组","meta":{"paths":["lp0hx8"]},"content":"2433884076献祭了：7张二星  1张三星  获得2520P点，当前P点数为4859","timestamp":1778636310794}
{"id":423417,"type":"success","level":1,"name":"抽卡与卡组","meta":{"paths":["lp0hx8"]},"content":"2433884076献祭了：5张二星  3张三星  获得3080P点，当前P点数为4739","timestamp":1778636321677}
{"id":424353,"type":"success","level":1,"name":"抽卡与卡组","meta":{"paths":["lp0hx8"]},"content":"971217490献祭了：4张二星  1张三星  获得1680P点，当前P点数为2203","timestamp":1778637340920}
{"id":424448,"type":"success","level":1,"name":"抽卡与卡组","meta":{"paths":["lp0hx8"]},"content":"971217490献祭了：3张二星  1张三星  获得1400P点，当前P点数为1603","timestamp":1778637417210}
{"id":424488,"type":"success","level":1,"name":"抽卡与卡组","meta":{"paths":["lp0hx8"]},"content":"971217490献祭了：3张二星  1张三星  获得1400P点，当前P点数为1403","timestamp":1778637432867}
{"id":425972,"type":"info","level":2,"name":"抽卡与卡组","meta":{"paths":["lp0hx8"]},"content":"2856202014抽到了一张♔♕四星(?)♕♔卡，剩余12709P点","timestamp":1778638615112}
{"id":426042,"type":"info","level":2,"name":"抽卡与卡组","meta":{"paths":["lp0hx8"]},"content":"2856202014抽到了一张♔♕四星(?)♕♔卡，剩余5109P点","timestamp":1778638666996}
{"id":426752,"type":"success","level":1,"name":"签到","meta":{"paths":["lp0hx8"]},"content":"3536694017完成了一次签到！","timestamp":1778639266676}
{"id":426788,"type":"info","level":2,"name":"抽卡与卡组","meta":{"paths":["lp0hx8"]},"content":"3536694017抽到了一张☆二星★卡，剩余16902P点","timestamp":1778639288906}
{"id":426943,"type":"error","level":1,"name":"签到","meta":{"paths":["lp0hx8"]},"content":"1296434423签到失败！原因：该用户已经签到","timestamp":1778639394227}
{"id":427044,"type":"success","level":1,"name":"签到","meta":{"paths":["lp0hx8"]},"content":"782766016完成了一次签到！","timestamp":1778639447452}
{"id":427104,"type":"info","level":2,"name":"抽卡与卡组","meta":{"paths":["lp0hx8"]},"content":"782766016抽到了一张☆二星★卡，剩余1978P点","timestamp":1778639467505}
{"id":427130,"type":"info","level":2,"name":"抽卡与卡组","meta":{"paths":["lp0hx8"]},"content":"782766016抽到了一张☆二星★卡，剩余1578P点","timestamp":1778639476614}
{"id":427153,"type":"info","level":2,"name":"抽卡与卡组","meta":{"paths":["lp0hx8"]},"content":"782766016抽到了一张☆二星★卡，剩余1178P点","timestamp":1778639482110}
{"id":427176,"type":"info","level":2,"name":"抽卡与卡组","meta":{"paths":["lp0hx8"]},"content":"782766016抽到了一张☆二星★卡，剩余778P点","timestamp":1778639485356}
{"id":427195,"type":"info","level":2,"name":"抽卡与卡组","meta":{"paths":["lp0hx8"]},"content":"782766016抽到了一张☆二星★卡，剩余378P点","timestamp":1778639490057}
{"id":427713,"type":"success","level":1,"name":"签到","meta":{"paths":["lp0hx8"]},"content":"986054920完成了一次签到！","timestamp":1778640507073}
{"id":427862,"type":"success","level":1,"name":"抽卡与卡组","meta":{"paths":["lp0hx8"]},"content":"2433884076献祭了：4张二星  4张三星  获得3360P点，当前P点数为4899","timestamp":1778640679281}
{"id":429523,"type":"info","level":2,"name":"抽卡与卡组","meta":{"paths":["lp0hx8"]},"content":"3534850564抽到了一张☆二星★卡，剩余18123P点","timestamp":1778642400408}
{"id":429826,"type":"info","level":2,"name":"抽卡与卡组","meta":{"paths":["lp0hx8"]},"content":"978229136抽到了一张☆二星★卡，剩余17315P点","timestamp":1778642678320}
{"id":437277,"type":"info","level":2,"name":"抽卡与卡组","meta":{"paths":["lp0hx8"]},"content":"813013693抽到了一张☆二星★卡，剩余879P点","timestamp":1778647988936}
{"id":437309,"type":"info","level":2,"name":"抽卡与卡组","meta":{"paths":["lp0hx8"]},"content":"813013693抽到了一张❀三星☄卡，剩余479P点","timestamp":1778647992185}
{"id":437357,"type":"info","level":2,"name":"抽卡与卡组","meta":{"paths":["lp0hx8"]},"content":"813013693抽到了一张❀三星☄卡，剩余79P点","timestamp":1778647999671}
{"id":443855,"type":"success","level":1,"name":"签到","meta":{"paths":["lp0hx8"]},"content":"526076285完成了一次签到！","timestamp":1778654652677}
{"id":444043,"type":"success","level":1,"name":"签到","meta":{"paths":["lp0hx8"]},"content":"3995085039完成了一次签到！","timestamp":1778654817507}
{"id":444102,"type":"success","level":1,"name":"签到","meta":{"paths":["lp0hx8"]},"content":"3409638283完成了一次签到！","timestamp":1778654838815}
{"id":444267,"type":"error","level":1,"name":"签到","meta":{"paths":["lp0hx8"]},"content":"3389530537签到失败！原因：该用户已经签到","timestamp":1778655043480}
{"id":444443,"type":"success","level":1,"name":"签到","meta":{"paths":["lp0hx8"]},"content":"3026137282完成了一次签到！","timestamp":1778655208529}
{"id":444555,"type":"success","level":1,"name":"签到","meta":{"paths":["lp0hx8"]},"content":"3867496831完成了一次签到！","timestamp":1778655512249}
{"id":448187,"type":"error","level":1,"name":"抽卡与卡组","meta":{"paths":["lp0hx8"]},"content":"3366143939抽卡失败，积分不足","timestamp":1778658415146}
{"id":448204,"type":"success","level":1,"name":"抽卡与卡组","meta":{"paths":["lp0hx8"]},"content":"1820639552献祭了：4张二星  获得1120P点，当前P点数为14316","timestamp":1778658418996}
{"id":448272,"type":"info","level":2,"name":"抽卡与卡组","meta":{"paths":["lp0hx8"]},"content":"1820639552抽到了一张♔♕四星(?)♕♔卡，剩余13916P点","timestamp":1778658436924}
{"id":448299,"type":"error","level":1,"name":"抽卡与卡组","meta":{"paths":["lp0hx8"]},"content":"2018283414抽卡失败，积分不足","timestamp":1778658448971}
{"id":448320,"type":"info","level":2,"name":"抽卡与卡组","meta":{"paths":["lp0hx8"]},"content":"1820639552抽到了一张♔♕四星(?)♕♔卡，剩余13116P点","timestamp":1778658453649}
{"id":448576,"type":"error","level":1,"name":"抽卡与卡组","meta":{"paths":["lp0hx8"]},"content":"1602618344抽卡失败，积分不足","timestamp":1778658575665}
{"id":448616,"type":"success","level":1,"name":"签到","meta":{"paths":["lp0hx8"]},"content":"1602618344完成了一次签到！","timestamp":1778658583813}
{"id":448716,"type":"error","level":1,"name":"抽卡与卡组","meta":{"paths":["lp0hx8"]},"content":"782766016抽卡失败，积分不足","timestamp":1778658606545}
{"id":448736,"type":"info","level":2,"name":"抽卡与卡组","meta":{"paths":["lp0hx8"]},"content":"1602618344抽到了一张☆二星★卡，剩余620P点","timestamp":1778658609582}
{"id":448791,"type":"info","level":2,"name":"抽卡与卡组","meta":{"paths":["lp0hx8"]},"content":"1602618344抽到了一张☆二星★卡，剩余220P点","timestamp":1778658615657}
{"id":448795,"type":"success","level":1,"name":"签到","meta":{"paths":["lp0hx8"]},"content":"3497892115完成了一次签到！","timestamp":1778658615972}
{"id":448973,"type":"success","level":1,"name":"抽卡与卡组","meta":{"paths":["lp0hx8"]},"content":"1602618344献祭了：8张二星  获得2240P点，当前P点数为2460","timestamp":1778658660895}
{"id":449372,"type":"error","level":1,"name":"签到","meta":{"paths":["lp0hx8"]},"content":"971217490签到失败！原因：该用户已经签到","timestamp":1778658767061}
{"id":449567,"type":"error","level":1,"name":"签到","meta":{"paths":["lp0hx8"]},"content":"1296434423签到失败！原因：该用户已经签到","timestamp":1778658795809}
{"id":449631,"type":"success","level":1,"name":"签到","meta":{"paths":["lp0hx8"]},"content":"3980423768完成了一次签到！","timestamp":1778658810092}
{"id":449657,"type":"error","level":1,"name":"签到","meta":{"paths":["lp0hx8"]},"content":"1652933285签到失败！原因：该用户已经签到","timestamp":1778658819183}
{"id":449732,"type":"error","level":1,"name":"签到","meta":{"paths":["lp0hx8"]},"content":"2188730297签到失败！原因：该用户已经签到","timestamp":1778658834498}
{"id":455060,"type":"success","level":1,"name":"签到","meta":{"paths":["lp0hx8"]},"content":"3161689072完成了一次签到！","timestamp":1778660649062}
{"id":455146,"type":"info","level":2,"name":"抽卡与卡组","meta":{"paths":["lp0hx8"]},"content":"3161689072抽到了一张☆二星★卡，剩余1905P点","timestamp":1778660671950}
{"id":455177,"type":"info","level":2,"name":"抽卡与卡组","meta":{"paths":["lp0hx8"]},"content":"3161689072抽到了一张❀三星☄卡，剩余1505P点","timestamp":1778660677014}
{"id":455259,"type":"info","level":2,"name":"抽卡与卡组","meta":{"paths":["lp0hx8"]},"content":"3161689072抽到了一张☆二星★卡，剩余1105P点","timestamp":1778660691718}
{"id":455284,"type":"info","level":2,"name":"抽卡与卡组","meta":{"paths":["lp0hx8"]},"content":"3161689072抽到了一张☆二星★卡，剩余705P点","timestamp":1778660696569}
{"id":455309,"type":"info","level":2,"name":"抽卡与卡组","meta":{"paths":["lp0hx8"]},"content":"3161689072抽到了一张❀三星☄卡，剩余305P点","timestamp":1778660701096}
{"id":456133,"type":"success","level":1,"name":"签到","meta":{"paths":["lp0hx8"]},"content":"3247534886完成了一次签到！","timestamp":1778661079411}
{"id":456211,"type":"success","level":1,"name":"签到","meta":{"paths":["lp0hx8"]},"content":"2660665725完成了一次签到！","timestamp":1778661113373}
{"id":460666,"type":"info","level":2,"name":"签到","meta":{"paths":["lp0hx8"]},"content":"已更新956937232的抢劫次数和记录","timestamp":1778662903626}
{"id":460714,"type":"info","level":2,"name":"签到","meta":{"paths":["lp0hx8"]},"content":"已更新3980423768的抢劫次数和记录","timestamp":1778662913914}
{"id":460784,"type":"error","level":1,"name":"签到","meta":{"paths":["lp0hx8"]},"content":"2188730297抢劫失败！该用户今天抢劫次数已用完","timestamp":1778662924293}
{"id":460816,"type":"info","level":2,"name":"抽卡与卡组","meta":{"paths":["lp0hx8"]},"content":"3980423768抽到了一张♔♕四星(?)♕♔卡，剩余1225P点","timestamp":1778662931415}
{"id":460877,"type":"error","level":1,"name":"抽卡与卡组","meta":{"paths":["lp0hx8"]},"content":"1012113121抽卡失败，积分不足","timestamp":1778662948039}
{"id":460945,"type":"warn","level":2,"name":"session","meta":{},"content":"Error: Error with request send_group_msg, args: {\"group_id\":1091191330,\"message\":[{\"type\":\"at\",\"data\":{\"qq\":\"3980423768\"}},{\"type\":\"text\",\"data\":{\"text\":\"你当前的卡组为\\n1-稀有度： ♔♕四星(?)♕♔\"}},{\"type\":\"image\",\"data\":{\"file\":\"/root/lezskabot/cards/3/676.png\",\"cache\":0}},{\"type\":\"text\",\"data\":{\"text\":\"2-稀有度： ♔♕四星(?)♕♔\"}},{\"type\":\"image\",\"data\":{\"file\":\"/root/lezskabot/cards/3/458.png\",\"cache\":0}},{\"type\":\"text\",\"data\":{\"text\":\"3-稀有度： ♔♕四星(?)♕♔\"}},{\"type\":\"image\",\"data\":{\"file\":\"/root/lezskabot/cards/3/634.png\",\"cache\":0}},{\"type\":\"text\",\"data\":{\"text\":\"4-稀有度： ♔♕四星(?)♕♔\"}},{\"type\":\"image\",\"data\":{\"file\":\"/root/lezskabot/cards/3/51.png\",\"cache\":0}},{\"type\":\"text\",\"data\":{\"text\":\"5-稀有度： ♔♕四星(?)♕♔\"}},{\"type\":\"image\",\"data\":{\"file\":\"/root/lezskabot/cards/3/43.png\",\"cache\":0}},{\"type\":\"text\",\"data\":{\"text\":\"6-稀有度： ☂FES☃\"}},{\"type\":\"image\",\"data\":{\"file\":\"/root/lezskabot/cards/4/3.png\",\"cache\":0}},{\"type\":\"text\",\"data\":{\"text\":\"7-稀有度： ☂FES☃\"}},{\"type\":\"image\",\"data\":{\"file\":\"/root/lezskabot/cards/4/5.png\",\"cache\":0}},{\"type\":\"text\",\"data\":{\"text\":\"8-稀有度： ☂FES☃\"}},{\"type\":\"image\",\"data\":{\"file\":\"/root/lezskabot/cards/4/21.png\",\"cache\":0}}]}, retcode: 1200\n    at _Internal._get (/root/lezskabot/koishi/koishi-app/node_modules/koishi-plugin-adapter-onebot/lib/index.js:119:11)\n    at process.processTicksAndRejections (node:internal/process/task_queues:95:5)\n    at async _Internal.<computed> [as sendGroupMsg] (/root/lezskabot/koishi/koishi-app/node_modules/koishi-plugin-adapter-onebot/lib/index.js:162:20)\n    at async OneBotMessageEncoder.flush (/root/lezskabot/koishi/koishi-app/node_modules/koishi-plugin-adapter-onebot/lib/index.js:771:338)\n    at async OneBotMessageEncoder.send (/root/lezskabot/koishi/koishi-app/node_modules/@satorijs/core/lib/index.cjs:755:5)\n    at async Proxy.sendMessage (/root/lezskabot/koishi/koishi-app/node_modules/@satorijs/core/lib/index.cjs:487:22)\n    at async _Command.eval (eval at <anonymous> (/root/lezskabot/koishi/koishi-app/node_modules/koishi-plugin-blockly-null/lib/index.js:1:1), <anonymous>:105:9)\n    at async Array.<anonymous> (/root/lezskabot/koishi/koishi-app/node_modules/@koishijs/core/lib/index.cjs:1079:14)\n    at async _Command.execute (/root/lezskabot/koishi/koishi-app/node_modules/@koishijs/core/lib/index.cjs:1093:22)\n    at async /root/lezskabot/koishi/koishi-app/node_modules/@koishijs/core/lib/index.cjs:2049:22","timestamp":1778662961146}
{"id":465819,"type":"warn","level":2,"name":"app","meta":{"paths":["2xa68a"]},"content":"Error: property database is not registered, declare it as `inject` to suppress this warning\n    at _Command.<anonymous> (/root/lezskabot/koishi/koishi-app/node_modules/koishi-plugin-rizgame-guess-letters/lib/index.js:125:32)\n    at Array.<anonymous> (/root/lezskabot/koishi/koishi-app/node_modules/@koishijs/core/lib/index.cjs:1079:27)\n    at argv.next (/root/lezskabot/koishi/koishi-app/node_modules/@koishijs/core/lib/index.cjs:1090:30)\n    at _Command.execute (/root/lezskabot/koishi/koishi-app/node_modules/@koishijs/core/lib/index.cjs:1093:33)\n    at process.processTicksAndRejections (node:internal/process/task_queues:95:5)\n    at async /root/lezskabot/koishi/koishi-app/node_modules/@koishijs/core/lib/index.cjs:2049:22\n    at async Proxy.withScope (/root/lezskabot/koishi/koishi-app/node_modules/@koishijs/core/lib/index.cjs:1958:22)\n    at async next (/root/lezskabot/koishi/koishi-app/node_modules/@koishijs/core/lib/index.cjs:827:16)\n    at async next (/root/lezskabot/koishi/koishi-app/node_modules/@koishijs/core/lib/index.cjs:827:16)","timestamp":1778665881168}
{"id":469925,"type":"success","level":1,"name":"签到","meta":{"paths":["lp0hx8"]},"content":"3997019972完成了一次签到！","timestamp":1778667984788}
{"id":470060,"type":"success","level":1,"name":"抽卡与卡组","meta":{"paths":["lp0hx8"]},"content":"3997019972献祭了：2张二星  2张三星  获得1680P点，当前P点数为4563","timestamp":1778668019379}
{"id":470130,"type":"success","level":1,"name":"抽卡与卡组","meta":{"paths":["lp0hx8"]},"content":"3997019972献祭了：3张二星  1张三星  获得1400P点，当前P点数为4363","timestamp":1778668048740}
{"id":470179,"type":"info","level":2,"name":"抽卡与卡组","meta":{"paths":["lp0hx8"]},"content":"3997019972抽到了一张♔♕四星(?)♕♔卡，剩余3963P点","timestamp":1778668063493}
{"id":470293,"type":"info","level":2,"name":"抽卡与卡组","meta":{"paths":["lp0hx8"]},"content":"3997019972抽到了一张♔♕四星(?)♕♔卡，剩余1563P点","timestamp":1778668128094}
{"id":470432,"type":"info","level":2,"name":"抽卡与卡组","meta":{"paths":["lp0hx8"]},"content":"3997019972抽到了一张♔♕四星(?)♕♔卡，剩余1163P点","timestamp":1778668178126}
{"id":470617,"type":"info","level":2,"name":"抽卡与卡组","meta":{"paths":["lp0hx8"]},"content":"3997019972抽到了一张♔♕四星(?)♕♔卡，剩余763P点","timestamp":1778668223739}
{"id":470877,"type":"success","level":1,"name":"抽卡与卡组","meta":{"paths":["lp0hx8"]},"content":"3980423768献祭了：4张四星  获得4800P点，当前P点数为6025","timestamp":1778668320508}
{"id":470934,"type":"info","level":2,"name":"抽卡与卡组","meta":{"paths":["lp0hx8"]},"content":"3980423768抽到了一张☂FES☃卡，剩余4025P点","timestamp":1778668334068}
{"id":471195,"type":"info","level":2,"name":"抽卡与卡组","meta":{"paths":["lp0hx8"]},"content":"3980423768抽到了一张☂FES☃卡，剩余1225P点","timestamp":1778668433744}
{"id":471299,"type":"success","level":1,"name":"签到","meta":{"paths":["lp0hx8"]},"content":"3980423768抢劫3997019972失败！失去了所有P点！","timestamp":1778668495956}
{"id":471300,"type":"info","level":2,"name":"签到","meta":{"paths":["lp0hx8"]},"content":"3980423768今天的抢劫记录为-25   |    剩余抢劫次数为2","timestamp":1778668495958}
{"id":471345,"type":"success","level":1,"name":"签到","meta":{"paths":["lp0hx8"]},"content":"3980423768抢了3997019972的148P点！","timestamp":1778668504137}
{"id":471346,"type":"info","level":2,"name":"签到","meta":{"paths":["lp0hx8"]},"content":"3980423768今天的抢劫记录为123   |    剩余抢劫次数为1","timestamp":1778668504138}
{"id":471384,"type":"success","level":1,"name":"签到","meta":{"paths":["lp0hx8"]},"content":"3980423768抢了3997019972的199P点！","timestamp":1778668510787}
{"id":471385,"type":"info","level":2,"name":"签到","meta":{"paths":["lp0hx8"]},"content":"3980423768今天的抢劫记录为322   |    剩余抢劫次数为0","timestamp":1778668510789}
{"id":471408,"type":"info","level":2,"name":"签到","meta":{"paths":["lp0hx8"]},"content":"已更新3997019972的抢劫次数和记录","timestamp":1778668518821}
{"id":471429,"type":"success","level":1,"name":"签到","meta":{"paths":["lp0hx8"]},"content":"3997019972抢了3980423768的277P点！","timestamp":1778668519365}
{"id":471430,"type":"info","level":2,"name":"签到","meta":{"paths":["lp0hx8"]},"content":"3997019972今天的抢劫记录为277   |    剩余抢劫次数为2","timestamp":1778668519366}
{"id":471517,"type":"info","level":2,"name":"抽卡与卡组","meta":{"paths":["lp0hx8"]},"content":"3997019972抽到了一张❀三星☄卡，剩余293P点","timestamp":1778668569430}
{"id":486406,"type":"success","level":1,"name":"签到","meta":{"paths":["lp0hx8"]},"content":"3603412760完成了一次签到！","timestamp":1778677968452}
{"id":489257,"type":"success","level":1,"name":"签到","meta":{"paths":["lp0hx8"]},"content":"3840729373完成了一次签到！","timestamp":1778679468503}
{"id":489412,"type":"info","level":2,"name":"抽卡与卡组","meta":{"paths":["lp0hx8"]},"content":"629832381抽到了一张☆二星★卡，剩余14103P点","timestamp":1778679508579}
{"id":489593,"type":"success","level":1,"name":"签到","meta":{"paths":["lp0hx8"]},"content":"3988136739完成了一次签到！","timestamp":1778679598435}
{"id":489656,"type":"info","level":2,"name":"抽卡与卡组","meta":{"paths":["lp0hx8"]},"content":"3988136739抽到了一张☆二星★卡，剩余7470P点","timestamp":1778679605477}
{"id":489835,"type":"success","level":1,"name":"抽卡与卡组","meta":{"paths":["lp0hx8"]},"content":"3988136739献祭了：5张二星  获得1400P点，当前P点数为6470","timestamp":1778679664053}
{"id":489995,"type":"success","level":1,"name":"抽卡与卡组","meta":{"paths":["lp0hx8"]},"content":"3988136739献祭了：2张二星  1张三星  获得1120P点，当前P点数为5590","timestamp":1778679737839}
{"id":490945,"type":"success","level":1,"name":"签到","meta":{"paths":["lp0hx8"]},"content":"3940650338完成了一次签到！","timestamp":1778680109373}
{"id":490996,"type":"success","level":1,"name":"签到","meta":{"paths":["lp0hx8"]},"content":"167505290完成了一次签到！","timestamp":1778680116841}
{"id":491151,"type":"info","level":2,"name":"抽卡与卡组","meta":{"paths":["lp0hx8"]},"content":"167505290抽到了一张☆二星★卡，剩余2960P点","timestamp":1778680141074}
{"id":491212,"type":"error","level":1,"name":"签到","meta":{"paths":["lp0hx8"]},"content":"2221639610签到失败！原因：该用户已经签到","timestamp":1778680155638}
{"id":495644,"type":"success","level":1,"name":"抽卡与卡组","meta":{"paths":["lp0hx8"]},"content":"366837668献祭了：3张二星  1张四星  获得2040P点，当前P点数为10586","timestamp":1778681917191}
{"id":495687,"type":"success","level":1,"name":"抽卡与卡组","meta":{"paths":["lp0hx8"]},"content":"366837668献祭了：2张二星  2张三星  获得1680P点，当前P点数为10666","timestamp":1778681932923}
{"id":495746,"type":"error","level":1,"name":"签到","meta":{"paths":["lp0hx8"]},"content":"2186790348签到失败！原因：该用户已经签到","timestamp":1778681943340}
{"id":495749,"type":"success","level":1,"name":"抽卡与卡组","meta":{"paths":["lp0hx8"]},"content":"366837668献祭了：3张二星  1张三星  获得1400P点，当前P点数为10466","timestamp":1778681943400}
{"id":495891,"type":"success","level":1,"name":"抽卡与卡组","meta":{"paths":["lp0hx8"]},"content":"366837668献祭了：4张二星  获得1120P点，当前P点数为9986","timestamp":1778681977918}
{"id":495948,"type":"success","level":1,"name":"抽卡与卡组","meta":{"paths":["lp0hx8"]},"content":"366837668献祭了：3张二星  1张三星  获得1400P点，当前P点数为9786","timestamp":1778681991573}
{"id":496012,"type":"success","level":1,"name":"抽卡与卡组","meta":{"paths":["lp0hx8"]},"content":"366837668献祭了：3张二星  1张三星  获得1400P点，当前P点数为9586","timestamp":1778682000687}
{"id":496219,"type":"success","level":1,"name":"抽卡与卡组","meta":{"paths":["lp0hx8"]},"content":"366837668献祭了：3张二星  1张三星  获得1400P点，当前P点数为9386","timestamp":1778682057863}
{"id":496289,"type":"success","level":1,"name":"抽卡与卡组","meta":{"paths":["lp0hx8"]},"content":"366837668献祭了：3张二星  1张三星  获得1400P点，当前P点数为9186","timestamp":1778682068771}
{"id":496372,"type":"success","level":1,"name":"抽卡与卡组","meta":{"paths":["lp0hx8"]},"content":"366837668献祭了：4张二星  获得1120P点，当前P点数为8706","timestamp":1778682083490}
{"id":496455,"type":"success","level":1,"name":"抽卡与卡组","meta":{"paths":["lp0hx8"]},"content":"366837668献祭了：1张二星  3张三星  获得1960P点，当前P点数为9066","timestamp":1778682098531}
{"id":496542,"type":"success","level":1,"name":"抽卡与卡组","meta":{"paths":["lp0hx8"]},"content":"366837668献祭了：3张二星  1张三星  获得1400P点，当前P点数为8866","timestamp":1778682113809}
{"id":496557,"type":"error","level":1,"name":"抽卡与卡组","meta":{"paths":["lp0hx8"]},"content":"473244969抽卡失败，积分不足","timestamp":1778682115614}
{"id":496602,"type":"success","level":1,"name":"签到","meta":{"paths":["lp0hx8"]},"content":"473244969完成了一次签到！","timestamp":1778682120122}
{"id":496643,"type":"success","level":1,"name":"抽卡与卡组","meta":{"paths":["lp0hx8"]},"content":"366837668献祭了：3张二星  1张三星  获得1400P点，当前P点数为8666","timestamp":1778682125509}
{"id":496817,"type":"success","level":1,"name":"抽卡与卡组","meta":{"paths":["lp0hx8"]},"content":"2186790348献祭了：2张二星  2张四星  获得2960P点，当前P点数为27798","timestamp":1778682174053}
{"id":496911,"type":"success","level":1,"name":"抽卡与卡组","meta":{"paths":["lp0hx8"]},"content":"366837668献祭了：4张二星  获得1120P点，当前P点数为8186","timestamp":1778682195164}
{"id":497011,"type":"success","level":1,"name":"抽卡与卡组","meta":{"paths":["lp0hx8"]},"content":"2186790348献祭了：3张二星  1张三星  获得1400P点，当前P点数为27598","timestamp":1778682212383}
{"id":497076,"type":"success","level":1,"name":"抽卡与卡组","meta":{"paths":["lp0hx8"]},"content":"2186790348献祭了：3张二星  1张三星  获得1400P点，当前P点数为27398","timestamp":1778682218375}
{"id":497125,"type":"success","level":1,"name":"抽卡与卡组","meta":{"paths":["lp0hx8"]},"content":"2186790348献祭了：3张二星  1张三星  获得1400P点，当前P点数为27198","timestamp":1778682226143}
{"id":497174,"type":"success","level":1,"name":"抽卡与卡组","meta":{"paths":["lp0hx8"]},"content":"2186790348献祭了：2张二星  2张三星  获得1680P点，当前P点数为27278","timestamp":1778682233302}
{"id":497238,"type":"success","level":1,"name":"抽卡与卡组","meta":{"paths":["lp0hx8"]},"content":"2186790348献祭了：2张二星  2张三星  获得1680P点，当前P点数为27358","timestamp":1778682239851}
{"id":497305,"type":"success","level":1,"name":"抽卡与卡组","meta":{"paths":["lp0hx8"]},"content":"2186790348献祭了：4张二星  获得1120P点，当前P点数为26878","timestamp":1778682245664}
{"id":497366,"type":"success","level":1,"name":"抽卡与卡组","meta":{"paths":["lp0hx8"]},"content":"2186790348献祭了：4张二星  获得1120P点，当前P点数为26398","timestamp":1778682251461}
{"id":497437,"type":"success","level":1,"name":"抽卡与卡组","meta":{"paths":["lp0hx8"]},"content":"2186790348献祭了：4张二星  获得1120P点，当前P点数为25918","timestamp":1778682259065}
{"id":497560,"type":"success","level":1,"name":"抽卡与卡组","meta":{"paths":["lp0hx8"]},"content":"366837668献祭了：1张二星  3张三星  获得1960P点，当前P点数为8546","timestamp":1778682291226}
{"id":497572,"type":"success","level":1,"name":"抽卡与卡组","meta":{"paths":["lp0hx8"]},"content":"2186790348献祭了：4张二星  获得1120P点，当前P点数为25438","timestamp":1778682292628}
{"id":497639,"type":"success","level":1,"name":"抽卡与卡组","meta":{"paths":["lp0hx8"]},"content":"2186790348献祭了：3张二星  1张三星  获得1400P点，当前P点数为25238","timestamp":1778682298226}
{"id":497684,"type":"success","level":1,"name":"抽卡与卡组","meta":{"paths":["lp0hx8"]},"content":"2186790348献祭了：4张二星  获得1120P点，当前P点数为24758","timestamp":1778682304009}
{"id":497745,"type":"success","level":1,"name":"签到","meta":{"paths":["lp0hx8"]},"content":"366837668完成了一次签到！","timestamp":1778682311528}
{"id":497749,"type":"success","level":1,"name":"抽卡与卡组","meta":{"paths":["lp0hx8"]},"content":"2186790348献祭了：2张二星  2张三星  获得1680P点，当前P点数为24838","timestamp":1778682311803}
{"id":497811,"type":"success","level":1,"name":"抽卡与卡组","meta":{"paths":["lp0hx8"]},"content":"2186790348献祭了：3张二星  1张三星  获得1400P点，当前P点数为24638","timestamp":1778682317702}
{"id":497872,"type":"success","level":1,"name":"抽卡与卡组","meta":{"paths":["lp0hx8"]},"content":"2186790348献祭了：4张二星  获得1120P点，当前P点数为24158","timestamp":1778682324785}
{"id":497927,"type":"success","level":1,"name":"抽卡与卡组","meta":{"paths":["lp0hx8"]},"content":"2186790348献祭了：3张二星  1张三星  获得1400P点，当前P点数为23958","timestamp":1778682330132}
{"id":497970,"type":"success","level":1,"name":"抽卡与卡组","meta":{"paths":["lp0hx8"]},"content":"2186790348献祭了：3张二星  1张三星  获得1400P点，当前P点数为23758","timestamp":1778682336255}
{"id":498015,"type":"success","level":1,"name":"抽卡与卡组","meta":{"paths":["lp0hx8"]},"content":"2186790348献祭了：2张二星  2张三星  获得1680P点，当前P点数为23838","timestamp":1778682342090}
{"id":498060,"type":"success","level":1,"name":"抽卡与卡组","meta":{"paths":["lp0hx8"]},"content":"2186790348献祭了：1张二星  3张三星  获得1960P点，当前P点数为24198","timestamp":1778682347883}
{"id":498149,"type":"success","level":1,"name":"抽卡与卡组","meta":{"paths":["lp0hx8"]},"content":"2186790348献祭了：1张二星  2张三星  1张四星  获得2600P点，当前P点数为25198","timestamp":1778682363895}
{"id":498287,"type":"success","level":1,"name":"抽卡与卡组","meta":{"paths":["lp0hx8"]},"content":"2186790348献祭了：3张三星  1张四星  获得2880P点，当前P点数为26478","timestamp":1778682390386}
{"id":498388,"type":"success","level":1,"name":"抽卡与卡组","meta":{"paths":["lp0hx8"]},"content":"2186790348献祭了：2张二星  2张三星  获得1680P点，当前P点数为26558","timestamp":1778682413951}
{"id":498450,"type":"success","level":1,"name":"抽卡与卡组","meta":{"paths":["lp0hx8"]},"content":"2186790348献祭了：4张二星  获得1120P点，当前P点数为26078","timestamp":1778682422104}
{"id":498596,"type":"success","level":1,"name":"抽卡与卡组","meta":{"paths":["lp0hx8"]},"content":"2186790348献祭了：3张二星  1张四星  获得2040P点，当前P点数为26518","timestamp":1778682492410}
{"id":498646,"type":"success","level":1,"name":"抽卡与卡组","meta":{"paths":["lp0hx8"]},"content":"2186790348献祭了：3张二星  1张三星  获得1400P点，当前P点数为26318","timestamp":1778682500404}
{"id":498689,"type":"success","level":1,"name":"抽卡与卡组","meta":{"paths":["lp0hx8"]},"content":"2186790348献祭了：2张二星  2张三星  获得1680P点，当前P点数为26398","timestamp":1778682506024}
{"id":498799,"type":"success","level":1,"name":"抽卡与卡组","meta":{"paths":["lp0hx8"]},"content":"2186790348献祭了：2张二星  1张三星  1张四星  获得2320P点，当前P点数为27118","timestamp":1778682529998}
{"id":498866,"type":"success","level":1,"name":"抽卡与卡组","meta":{"paths":["lp0hx8"]},"content":"2186790348献祭了：2张二星  2张三星  获得1680P点，当前P点数为27198","timestamp":1778682536529}
{"id":498928,"type":"success","level":1,"name":"抽卡与卡组","meta":{"paths":["lp0hx8"]},"content":"2186790348献祭了：3张二星  1张三星  获得1400P点，当前P点数为26998","timestamp":1778682542039}
{"id":498977,"type":"success","level":1,"name":"抽卡与卡组","meta":{"paths":["lp0hx8"]},"content":"2186790348献祭了：2张二星  2张三星  获得1680P点，当前P点数为27078","timestamp":1778682550578}
{"id":499039,"type":"success","level":1,"name":"抽卡与卡组","meta":{"paths":["lp0hx8"]},"content":"2186790348献祭了：3张二星  1张三星  获得1400P点，当前P点数为26878","timestamp":1778682556887}
{"id":499088,"type":"success","level":1,"name":"抽卡与卡组","meta":{"paths":["lp0hx8"]},"content":"2186790348献祭了：1张二星  3张三星  获得1960P点，当前P点数为27238","timestamp":1778682563261}
{"id":499155,"type":"success","level":1,"name":"抽卡与卡组","meta":{"paths":["lp0hx8"]},"content":"2186790348献祭了：3张二星  1张三星  获得1400P点，当前P点数为27038","timestamp":1778682574151}
{"id":499210,"type":"success","level":1,"name":"抽卡与卡组","meta":{"paths":["lp0hx8"]},"content":"2186790348献祭了：3张二星  1张三星  获得1400P点，当前P点数为26838","timestamp":1778682580606}
{"id":499326,"type":"success","level":1,"name":"抽卡与卡组","meta":{"paths":["lp0hx8"]},"content":"2186790348献祭了：2张二星  1张三星  1张四星  获得2320P点，当前P点数为27558","timestamp":1778682600654}
{"id":499404,"type":"success","level":1,"name":"抽卡与卡组","meta":{"paths":["lp0hx8"]},"content":"2186790348献祭了：4张二星  获得1120P点，当前P点数为27078","timestamp":1778682608058}
{"id":499489,"type":"success","level":1,"name":"抽卡与卡组","meta":{"paths":["lp0hx8"]},"content":"2186790348献祭了：4张二星  获得1120P点，当前P点数为26598","timestamp":1778682615756}
{"id":499551,"type":"success","level":1,"name":"抽卡与卡组","meta":{"paths":["lp0hx8"]},"content":"2186790348献祭了：2张二星  2张三星  获得1680P点，当前P点数为26678","timestamp":1778682622514}
{"id":499635,"type":"success","level":1,"name":"抽卡与卡组","meta":{"paths":["lp0hx8"]},"content":"2186790348献祭了：3张二星  1张三星  获得1400P点，当前P点数为26478","timestamp":1778682630400}
{"id":499702,"type":"success","level":1,"name":"抽卡与卡组","meta":{"paths":["lp0hx8"]},"content":"2186790348献祭了：3张二星  1张三星  获得1400P点，当前P点数为26278","timestamp":1778682636169}
{"id":500003,"type":"success","level":1,"name":"抽卡与卡组","meta":{"paths":["lp0hx8"]},"content":"2186790348献祭了：4张二星  获得1120P点，当前P点数为25798","timestamp":1778682692579}
{"id":500104,"type":"success","level":1,"name":"抽卡与卡组","meta":{"paths":["lp0hx8"]},"content":"2186790348献祭了：2张二星  2张三星  获得1680P点，当前P点数为25878","timestamp":1778682701294}
{"id":500107,"type":"success","level":1,"name":"抽卡与卡组","meta":{"paths":["lp0hx8"]},"content":"2628075910献祭了：2张二星  2张四星  获得2960P点，当前P点数为16382","timestamp":1778682701355}
{"id":500156,"type":"success","level":1,"name":"抽卡与卡组","meta":{"paths":["lp0hx8"]},"content":"2186790348献祭了：4张二星  获得1120P点，当前P点数为25398","timestamp":1778682707413}
{"id":500217,"type":"success","level":1,"name":"抽卡与卡组","meta":{"paths":["lp0hx8"]},"content":"2186790348献祭了：2张二星  2张三星  获得1680P点，当前P点数为25478","timestamp":1778682714142}
{"id":500278,"type":"success","level":1,"name":"抽卡与卡组","meta":{"paths":["lp0hx8"]},"content":"2186790348献祭了：4张二星  获得1120P点，当前P点数为24998","timestamp":1778682721140}
{"id":500514,"type":"success","level":1,"name":"抽卡与卡组","meta":{"paths":["lp0hx8"]},"content":"2186790348献祭了：3张二星  获得840P点，当前P点数为24238","timestamp":1778682785841}
{"id":500584,"type":"success","level":1,"name":"抽卡与卡组","meta":{"paths":["lp0hx8"]},"content":"2186790348献祭了：2张二星  1张三星  获得1120P点，当前P点数为24158","timestamp":1778682809442}
{"id":500671,"type":"success","level":1,"name":"抽卡与卡组","meta":{"paths":["lp0hx8"]},"content":"2186790348献祭了：2张二星  1张三星  获得1120P点，当前P点数为24078","timestamp":1778682815561}
{"id":500723,"type":"success","level":1,"name":"抽卡与卡组","meta":{"paths":["lp0hx8"]},"content":"2628075910献祭了：4张二星  获得1120P点，当前P点数为15902","timestamp":1778682824506}
{"id":500735,"type":"success","level":1,"name":"抽卡与卡组","meta":{"paths":["lp0hx8"]},"content":"2186790348献祭了：3张二星  获得840P点，当前P点数为23718","timestamp":1778682825981}
{"id":500784,"type":"success","level":1,"name":"抽卡与卡组","meta":{"paths":["lp0hx8"]},"content":"2186790348献祭了：3张二星  获得840P点，当前P点数为23358","timestamp":1778682832023}
{"id":500850,"type":"success","level":1,"name":"抽卡与卡组","meta":{"paths":["lp0hx8"]},"content":"2186790348献祭了：1张二星  2张三星  获得1400P点，当前P点数为23558","timestamp":1778682838570}
{"id":500897,"type":"success","level":1,"name":"抽卡与卡组","meta":{"paths":["lp0hx8"]},"content":"2186790348献祭了：2张二星  1张三星  获得1120P点，当前P点数为23478","timestamp":1778682845332}
{"id":500963,"type":"success","level":1,"name":"抽卡与卡组","meta":{"paths":["lp0hx8"]},"content":"2186790348献祭了：2张二星  1张四星  获得1760P点，当前P点数为24038","timestamp":1778682861907}
{"id":501016,"type":"success","level":1,"name":"抽卡与卡组","meta":{"paths":["lp0hx8"]},"content":"2186790348献祭了：3张二星  获得840P点，当前P点数为23678","timestamp":1778682868825}
{"id":501069,"type":"success","level":1,"name":"抽卡与卡组","meta":{"paths":["lp0hx8"]},"content":"2186790348献祭了：2张二星  1张三星  获得1120P点，当前P点数为23598","timestamp":1778682877006}
{"id":501138,"type":"success","level":1,"name":"抽卡与卡组","meta":{"paths":["lp0hx8"]},"content":"2186790348献祭了：3张二星  获得840P点，当前P点数为23238","timestamp":1778682886402}
{"id":501201,"type":"success","level":1,"name":"抽卡与卡组","meta":{"paths":["lp0hx8"]},"content":"2186790348献祭了：2张二星  1张三星  获得1120P点，当前P点数为23158","timestamp":1778682894169}
{"id":501233,"type":"success","level":1,"name":"抽卡与卡组","meta":{"paths":["lp0hx8"]},"content":"2628075910献祭了：3张二星  1张三星  获得1400P点，当前P点数为15702","timestamp":1778682899226}
{"id":501278,"type":"success","level":1,"name":"抽卡与卡组","meta":{"paths":["lp0hx8"]},"content":"2186790348献祭了：2张二星  1张四星  获得1760P点，当前P点数为23718","timestamp":1778682912036}
{"id":501354,"type":"success","level":1,"name":"抽卡与卡组","meta":{"paths":["lp0hx8"]},"content":"2186790348献祭了：1张二星  2张三星  获得1400P点，当前P点数为23918","timestamp":1778682919738}
{"id":501429,"type":"success","level":1,"name":"抽卡与卡组","meta":{"paths":["lp0hx8"]},"content":"366837668献祭了：3张二星  1张三星  获得1400P点，当前P点数为11313","timestamp":1778682925051}
{"id":501441,"type":"success","level":1,"name":"抽卡与卡组","meta":{"paths":["lp0hx8"]},"content":"2186790348献祭了：2张二星  1张三星  获得1120P点，当前P点数为23838","timestamp":1778682926905}
{"id":501452,"type":"success","level":1,"name":"抽卡与卡组","meta":{"paths":["lp0hx8"]},"content":"2628075910献祭了：4张二星  获得1120P点，当前P点数为15222","timestamp":1778682927836}
{"id":501497,"type":"error","level":1,"name":"签到","meta":{"paths":["lp0hx8"]},"content":"1969859341签到失败！原因：该用户已经签到","timestamp":1778682931333}
{"id":501556,"type":"success","level":1,"name":"抽卡与卡组","meta":{"paths":["lp0hx8"]},"content":"2186790348献祭了：3张二星  获得840P点，当前P点数为23478","timestamp":1778682934246}
{"id":501635,"type":"info","level":2,"name":"抽卡与卡组","meta":{"paths":["lp0hx8"]},"content":"1969859341抽到了一张☆二星★卡，剩余4556P点","timestamp":1778682939519}
{"id":501657,"type":"success","level":1,"name":"抽卡与卡组","meta":{"paths":["lp0hx8"]},"content":"2186790348献祭了：3张二星  获得840P点，当前P点数为23118","timestamp":1778682941406}
{"id":501699,"type":"info","level":2,"name":"抽卡与卡组","meta":{"paths":["lp0hx8"]},"content":"1969859341抽到了一张☆二星★卡，剩余4156P点","timestamp":1778682947927}
{"id":501740,"type":"info","level":2,"name":"抽卡与卡组","meta":{"paths":["lp0hx8"]},"content":"1969859341抽到了一张☆二星★卡，剩余3356P点","timestamp":1778682949923}
{"id":501748,"type":"info","level":2,"name":"抽卡与卡组","meta":{"paths":["lp0hx8"]},"content":"1969859341抽到了一张☆二星★卡，剩余3356P点","timestamp":1778682950696}
{"id":501791,"type":"info","level":2,"name":"抽卡与卡组","meta":{"paths":["lp0hx8"]},"content":"1969859341抽到了一张❀三星☄卡，剩余2956P点","timestamp":1778682952572}
{"id":501838,"type":"success","level":1,"name":"抽卡与卡组","meta":{"paths":["lp0hx8"]},"content":"2186790348献祭了：3张二星  获得840P点，当前P点数为22758","timestamp":1778682958211}
{"id":501904,"type":"success","level":1,"name":"抽卡与卡组","meta":{"paths":["lp0hx8"]},"content":"2186790348献祭了：3张三星  获得1680P点，当前P点数为23238","timestamp":1778682965212}
{"id":501949,"type":"success","level":1,"name":"抽卡与卡组","meta":{"paths":["lp0hx8"]},"content":"2186790348献祭了：2张二星  1张三星  获得1120P点，当前P点数为23158","timestamp":1778682972922}
{"id":501996,"type":"success","level":1,"name":"抽卡与卡组","meta":{"paths":["lp0hx8"]},"content":"2628075910献祭了：2张二星  1张三星  1张四星  获得2320P点，当前P点数为15942","timestamp":1778682978652}
{"id":502017,"type":"success","level":1,"name":"抽卡与卡组","meta":{"paths":["lp0hx8"]},"content":"2186790348献祭了：3张二星  获得840P点，当前P点数为22798","timestamp":1778682980039}
{"id":502065,"type":"success","level":1,"name":"抽卡与卡组","meta":{"paths":["lp0hx8"]},"content":"2186790348献祭了：2张二星  1张三星  获得1120P点，当前P点数为22718","timestamp":1778682987477}
{"id":502128,"type":"success","level":1,"name":"抽卡与卡组","meta":{"paths":["lp0hx8"]},"content":"2186790348献祭了：3张二星  获得840P点，当前P点数为22358","timestamp":1778682995083}
{"id":502181,"type":"success","level":1,"name":"抽卡与卡组","meta":{"paths":["lp0hx8"]},"content":"2186790348献祭了：3张二星  获得840P点，当前P点数为21998","timestamp":1778683001699}
{"id":502250,"type":"info","level":2,"name":"抽卡与卡组","meta":{"paths":["lp0hx8"]},"content":"1969859341抽到了一张☆二星★卡，剩余2556P点","timestamp":1778683008095}
{"id":502253,"type":"success","level":1,"name":"抽卡与卡组","meta":{"paths":["lp0hx8"]},"content":"2186790348献祭了：1张二星  2张三星  获得1400P点，当前P点数为22198","timestamp":1778683008106}
{"id":502283,"type":"info","level":2,"name":"抽卡与卡组","meta":{"paths":["lp0hx8"]},"content":"1969859341抽到了一张❀三星☄卡，剩余2156P点","timestamp":1778683009842}
{"id":502331,"type":"success","level":1,"name":"抽卡与卡组","meta":{"paths":["lp0hx8"]},"content":"2186790348献祭了：3张二星  获得840P点，当前P点数为21838","timestamp":1778683015482}
{"id":502399,"type":"success","level":1,"name":"抽卡与卡组","meta":{"paths":["lp0hx8"]},"content":"2186790348献祭了：3张二星  获得840P点，当前P点数为21478","timestamp":1778683023258}
{"id":502468,"type":"success","level":1,"name":"抽卡与卡组","meta":{"paths":["lp0hx8"]},"content":"2628075910献祭了：4张二星  获得1120P点，当前P点数为15462","timestamp":1778683030636}
{"id":502596,"type":"success","level":1,"name":"抽卡与卡组","meta":{"paths":["lp0hx8"]},"content":"2186790348献祭了：3张二星  获得840P点，当前P点数为21118","timestamp":1778683047590}
{"id":502669,"type":"success","level":1,"name":"抽卡与卡组","meta":{"paths":["lp0hx8"]},"content":"2628075910献祭了：2张二星  1张三星  1张FES  获得3120P点，当前P点数为16982","timestamp":1778683056674}
{"id":502690,"type":"success","level":1,"name":"抽卡与卡组","meta":{"paths":["lp0hx8"]},"content":"2186790348献祭了：1张二星  1张三星  1张四星  获得2040P点，当前P点数为21958","timestamp":1778683062848}
{"id":502803,"type":"success","level":1,"name":"抽卡与卡组","meta":{"paths":["lp0hx8"]},"content":"2186790348献祭了：2张二星  1张FES  获得2560P点，当前P点数为23318","timestamp":1778683099411}
{"id":502862,"type":"success","level":1,"name":"抽卡与卡组","meta":{"paths":["lp0hx8"]},"content":"2186790348献祭了：2张二星  1张三星  获得1120P点，当前P点数为23238","timestamp":1778683106482}
{"id":502909,"type":"success","level":1,"name":"抽卡与卡组","meta":{"paths":["lp0hx8"]},"content":"2186790348献祭了：3张二星  获得840P点，当前P点数为22878","timestamp":1778683113230}
{"id":502982,"type":"success","level":1,"name":"抽卡与卡组","meta":{"paths":["lp0hx8"]},"content":"2186790348献祭了：2张二星  1张三星  获得1120P点，当前P点数为22798","timestamp":1778683120771}
{"id":503056,"type":"success","level":1,"name":"抽卡与卡组","meta":{"paths":["lp0hx8"]},"content":"2186790348献祭了：2张二星  1张三星  获得1120P点，当前P点数为22718","timestamp":1778683129161}
{"id":503088,"type":"success","level":1,"name":"签到","meta":{"paths":["lp0hx8"]},"content":"3385275057完成了一次签到！","timestamp":1778683130212}
{"id":503099,"type":"success","level":1,"name":"抽卡与卡组","meta":{"paths":["lp0hx8"]},"content":"2628075910献祭了：2张二星  2张三星  获得1680P点，当前P点数为17062","timestamp":1778683132926}
{"id":503138,"type":"error","level":1,"name":"签到","meta":{"paths":["lp0hx8"]},"content":"3385275057签到失败！原因：该用户已经签到","timestamp":1778683142950}
{"id":503331,"type":"info","level":2,"name":"抽卡与卡组","meta":{"paths":["lp0hx8"]},"content":"3840729373抽到了一张❀三星☄卡，剩余2205P点","timestamp":1778683209097}
{"id":503433,"type":"info","level":2,"name":"抽卡与卡组","meta":{"paths":["lp0hx8"]},"content":"3840729373抽到了一张☆二星★卡，剩余1805P点","timestamp":1778683238171}
{"id":503479,"type":"info","level":2,"name":"抽卡与卡组","meta":{"paths":["lp0hx8"]},"content":"3840729373抽到了一张❀三星☄卡，剩余1405P点","timestamp":1778683247115}
{"id":509793,"type":"success","level":1,"name":"签到","meta":{"paths":["lp0hx8"]},"content":"1789330834完成了一次签到！","timestamp":1778684882500}
{"id":513725,"type":"success","level":1,"name":"签到","meta":{"paths":["lp0hx8"]},"content":"1962318808完成了一次签到！","timestamp":1778686140584}
{"id":513901,"type":"info","level":2,"name":"抽卡与卡组","meta":{"paths":["lp0hx8"]},"content":"1969859341抽到了一张❀三星☄卡，剩余1756P点","timestamp":1778686176529}
{"id":513963,"type":"info","level":2,"name":"抽卡与卡组","meta":{"paths":["lp0hx8"]},"content":"1969859341抽到了一张❀三星☄卡，剩余1356P点","timestamp":1778686184785}
{"id":514016,"type":"success","level":1,"name":"签到","meta":{"paths":["lp0hx8"]},"content":"1558713069完成了一次签到！","timestamp":1778686196721}
{"id":514725,"type":"info","level":2,"name":"抽卡与卡组","meta":{"paths":["lp0hx8"]},"content":"1969859341抽到了一张❀三星☄卡，剩余956P点","timestamp":1778686302055}
{"id":518024,"type":"error","level":1,"name":"签到","meta":{"paths":["lp0hx8"]},"content":"1012113121签到失败！原因：该用户已经签到","timestamp":1778687057074}
{"id":519063,"type":"error","level":1,"name":"绑定id","meta":{"paths":["lp0hx8"]},"content":"1494612814输入错误id：加id，id过短","timestamp":1778687442973}
{"id":519374,"type":"success","level":1,"name":"签到","meta":{"paths":["lp0hx8"]},"content":"1963408278完成了一次签到！","timestamp":1778687533412}
{"id":519976,"type":"info","level":2,"name":"绑定id","meta":{"paths":["lp0hx8"]},"content":"用户1602618344绑定了cnid：7445115497546324799","timestamp":1778687698549}
{"id":520463,"type":"info","level":2,"name":"绑定id","meta":{"paths":["lp0hx8"]},"content":"用户1602618344绑定了cnid：7445115497546324799","timestamp":1778687865870}
{"id":520514,"type":"info","level":2,"name":"绑定id","meta":{"paths":["lp0hx8"]},"content":"用户1602618344绑定了cnid：7445115497546324799","timestamp":1778687892819}
{"id":520913,"type":"success","level":1,"name":"签到","meta":{"paths":["lp0hx8"]},"content":"1969859341完成了一次签到！","timestamp":1778688025594}
{"id":520984,"type":"success","level":1,"name":"签到","meta":{"paths":["lp0hx8"]},"content":"3389530537完成了一次签到！","timestamp":1778688039793}
{"id":521079,"type":"success","level":1,"name":"签到","meta":{"paths":["lp0hx8"]},"content":"2994459542完成了一次签到！","timestamp":1778688051169}
{"id":521202,"type":"success","level":1,"name":"签到","meta":{"paths":["lp0hx8"]},"content":"3497892115完成了一次签到！","timestamp":1778688065733}
{"id":521362,"type":"success","level":1,"name":"签到","meta":{"paths":["lp0hx8"]},"content":"1012113121完成了一次签到！","timestamp":1778688088844}
{"id":521395,"type":"success","level":1,"name":"签到","meta":{"paths":["lp0hx8"]},"content":"956937232完成了一次签到！","timestamp":1778688091809}
{"id":521422,"type":"success","level":1,"name":"签到","meta":{"paths":["lp0hx8"]},"content":"971217490完成了一次签到！","timestamp":1778688094348}
{"id":521483,"type":"success","level":1,"name":"签到","meta":{"paths":["lp0hx8"]},"content":"2334828455完成了一次签到！","timestamp":1778688095212}
{"id":521493,"type":"success","level":1,"name":"签到","meta":{"paths":["lp0hx8"]},"content":"3663735613完成了一次签到！","timestamp":1778688095453}
{"id":521500,"type":"info","level":2,"name":"抽卡与卡组","meta":{"paths":["lp0hx8"]},"content":"3497892115抽到了一张☆二星★卡，剩余4215P点","timestamp":1778688095602}
{"id":521530,"type":"info","level":2,"name":"抽卡与卡组","meta":{"paths":["lp0hx8"]},"content":"3497892115抽到了一张☆二星★卡，剩余3815P点","timestamp":1778688098083}
{"id":521589,"type":"success","level":1,"name":"签到","meta":{"paths":["lp0hx8"]},"content":"629832381完成了一次签到！","timestamp":1778688100784}
{"id":521606,"type":"info","level":2,"name":"抽卡与卡组","meta":{"paths":["lp0hx8"]},"content":"3497892115抽到了一张☆二星★卡，剩余3415P点","timestamp":1778688101377}
{"id":521662,"type":"info","level":2,"name":"抽卡与卡组","meta":{"paths":["lp0hx8"]},"content":"3497892115抽到了一张☆二星★卡，剩余3015P点","timestamp":1778688105612}
{"id":521694,"type":"info","level":2,"name":"抽卡与卡组","meta":{"paths":["lp0hx8"]},"content":"2334828455抽到了一张❀三星☄卡，剩余2960P点","timestamp":1778688107625}
{"id":521800,"type":"success","level":1,"name":"签到","meta":{"paths":["lp0hx8"]},"content":"978229136完成了一次签到！","timestamp":1778688117872}
{"id":521819,"type":"warn","level":2,"name":"session","meta":{},"content":"Error: Error with request send_group_msg, args: {\"group_id\":1091191330,\"message\":[{\"type\":\"at\",\"data\":{\"qq\":\"2334828455\"}},{\"type\":\"text\",\"data\":{\"text\":\"你献祭了：\\n4张二星\\n3张三星\\n获得2800P点！\\n当前P点数5760\"}}]}, retcode: 1200\n    at _Internal._get (/root/lezskabot/koishi/koishi-app/node_modules/koishi-plugin-adapter-onebot/lib/index.js:119:11)\n    at process.processTicksAndRejections (node:internal/process/task_queues:95:5)\n    at async _Internal.<computed> [as sendGroupMsg] (/root/lezskabot/koishi/koishi-app/node_modules/koishi-plugin-adapter-onebot/lib/index.js:162:20)\n    at async OneBotMessageEncoder.flush (/root/lezskabot/koishi/koishi-app/node_modules/koishi-plugin-adapter-onebot/lib/index.js:771:338)\n    at async OneBotMessageEncoder.send (/root/lezskabot/koishi/koishi-app/node_modules/@satorijs/core/lib/index.cjs:755:5)\n    at async Proxy.sendMessage (/root/lezskabot/koishi/koishi-app/node_modules/@satorijs/core/lib/index.cjs:487:22)\n    at async _Command.eval (eval at <anonymous> (/root/lezskabot/koishi/koishi-app/node_modules/koishi-plugin-blockly-null/lib/index.js:1:1), <anonymous>:396:17)\n    at async Array.<anonymous> (/root/lezskabot/koishi/koishi-app/node_modules/@koishijs/core/lib/index.cjs:1079:14)\n    at async _Command.execute (/root/lezskabot/koishi/koishi-app/node_modules/@koishijs/core/lib/index.cjs:1093:22)\n    at async /root/lezskabot/koishi/koishi-app/node_modules/@koishijs/core/lib/index.cjs:2049:22","timestamp":1778688119300}
{"id":521821,"type":"success","level":1,"name":"抽卡与卡组","meta":{"paths":["lp0hx8"]},"content":"2334828455献祭了：4张二星  3张三星  获得2800P点，当前P点数为5760","timestamp":1778688119311}
{"id":521906,"type":"info","level":2,"name":"抽卡与卡组","meta":{"paths":["lp0hx8"]},"content":"3497892115抽到了一张❀三星☄卡，剩余1415P点","timestamp":1778688136934}
{"id":521932,"type":"warn","level":2,"name":"session","meta":{},"content":"Error: Error with request send_group_msg, args: {\"group_id\":1091191330,\"message\":[{\"type\":\"at\",\"data\":{\"qq\":\"956937232\"}},{\"type\":\"text\",\"data\":{\"text\":\" 输入抽卡目标：（三星、四星、FES）\"}}]}, retcode: 1200\n    at _Internal._get (/root/lezskabot/koishi/koishi-app/node_modules/koishi-plugin-adapter-onebot/lib/index.js:119:11)\n    at process.processTicksAndRejections (node:internal/process/task_queues:95:5)\n    at async _Internal.<computed> [as sendGroupMsg] (/root/lezskabot/koishi/koishi-app/node_modules/koishi-plugin-adapter-onebot/lib/index.js:162:20)\n    at async OneBotMessageEncoder.flush (/root/lezskabot/koishi/koishi-app/node_modules/koishi-plugin-adapter-onebot/lib/index.js:771:338)\n    at async OneBotMessageEncoder.send (/root/lezskabot/koishi/koishi-app/node_modules/@satorijs/core/lib/index.cjs:755:5)\n    at async Proxy.sendMessage (/root/lezskabot/koishi/koishi-app/node_modules/@satorijs/core/lib/index.cjs:487:22)\n    at async _Command.eval (eval at <anonymous> (/root/lezskabot/koishi/koishi-app/node_modules/koishi-plugin-blockly-null/lib/index.js:1:1), <anonymous>:114:5)\n    at async Array.<anonymous> (/root/lezskabot/koishi/koishi-app/node_modules/@koishijs/core/lib/index.cjs:1079:14)\n    at async _Command.execute (/root/lezskabot/koishi/koishi-app/node_modules/@koishijs/core/lib/index.cjs:1093:22)\n    at async /root/lezskabot/koishi/koishi-app/node_modules/@koishijs/core/lib/index.cjs:2049:22","timestamp":1778688139840}
{"id":521979,"type":"warn","level":2,"name":"session","meta":{},"content":"Error: Error with request send_group_msg, args: {\"group_id\":1091191330,\"message\":[{\"type\":\"at\",\"data\":{\"qq\":\"1296434423\"}},{\"type\":\"text\",\"data\":{\"text\":\"签到成功！你收到了4533P点！ 现在你已经有4533P点力！\\nP点可用来抽卡（见“抽卡帮助”）\"}}]}, retcode: 1200\n    at _Internal._get (/root/lezskabot/koishi/koishi-app/node_modules/koishi-plugin-adapter-onebot/lib/index.js:119:11)\n    at process.processTicksAndRejections (node:internal/process/task_queues:95:5)\n    at async _Internal.<computed> [as sendGroupMsg] (/root/lezskabot/koishi/koishi-app/node_modules/koishi-plugin-adapter-onebot/lib/index.js:162:20)\n    at async OneBotMessageEncoder.flush (/root/lezskabot/koishi/koishi-app/node_modules/koishi-plugin-adapter-onebot/lib/index.js:771:338)\n    at async OneBotMessageEncoder.send (/root/lezskabot/koishi/koishi-app/node_modules/@satorijs/core/lib/index.cjs:755:5)\n    at async Proxy.sendMessage (/root/lezskabot/koishi/koishi-app/node_modules/@satorijs/core/lib/index.cjs:487:22)\n    at async _Command.eval (eval at <anonymous> (/root/lezskabot/koishi/koishi-app/node_modules/koishi-plugin-blockly-null/lib/index.js:1:1), <anonymous>:372:19)\n    at async Array.<anonymous> (/root/lezskabot/koishi/koishi-app/node_modules/@koishijs/core/lib/index.cjs:1079:14)\n    at async _Command.execute (/root/lezskabot/koishi/koishi-app/node_modules/@koishijs/core/lib/index.cjs:1093:22)\n    at async /root/lezskabot/koishi/koishi-app/node_modules/@koishijs/core/lib/index.cjs:2049:22","timestamp":1778688142863}
{"id":521982,"type":"success","level":1,"name":"签到","meta":{"paths":["lp0hx8"]},"content":"1296434423完成了一次签到！","timestamp":1778688142867}
{"id":521989,"type":"info","level":2,"name":"抽卡与卡组","meta":{"paths":["lp0hx8"]},"content":"3497892115抽到了一张☆二星★卡，剩余1015P点","timestamp":1778688143698}
{"id":522014,"type":"info","level":2,"name":"抽卡与卡组","meta":{"paths":["lp0hx8"]},"content":"3497892115抽到了一张☆二星★卡，剩余615P点","timestamp":1778688147694}
{"id":522044,"type":"info","level":2,"name":"抽卡与卡组","meta":{"paths":["lp0hx8"]},"content":"3497892115抽到了一张☆二星★卡，剩余215P点","timestamp":1778688150359}
{"id":522081,"type":"success","level":1,"name":"签到","meta":{"paths":["lp0hx8"]},"content":"1602618344完成了一次签到！","timestamp":1778688155561}
{"id":522243,"type":"success","level":1,"name":"签到","meta":{"paths":["lp0hx8"]},"content":"2558144075完成了一次签到！","timestamp":1778688179487}
{"id":522298,"type":"success","level":1,"name":"抽卡与卡组","meta":{"paths":["lp0hx8"]},"content":"971217490献祭了：4张二星  获得1120P点，当前P点数为1825","timestamp":1778688187103}
{"id":522389,"type":"info","level":2,"name":"抽卡与卡组","meta":{"paths":["lp0hx8"]},"content":"2558144075抽到了一张☆二星★卡，剩余38396P点","timestamp":1778688195641}
{"id":522414,"type":"success","level":1,"name":"抽卡与卡组","meta":{"paths":["lp0hx8"]},"content":"971217490献祭了：4张二星  获得1120P点，当前P点数为1345","timestamp":1778688199005}
{"id":522459,"type":"error","level":1,"name":"抽卡与卡组","meta":{"paths":["lp0hx8"]},"content":"972292520抽卡失败，积分不足","timestamp":1778688206048}
{"id":522529,"type":"success","level":1,"name":"签到","meta":{"paths":["lp0hx8"]},"content":"972292520完成了一次签到！","timestamp":1778688214815}
{"id":522543,"type":"error","level":1,"name":"签到","meta":{"paths":["lp0hx8"]},"content":"1296434423签到失败！原因：该用户已经签到","timestamp":1778688215353}
{"id":522586,"type":"info","level":2,"name":"签到","meta":{"paths":["lp0hx8"]},"content":"已更新1012113121的抢劫次数和记录","timestamp":1778688218239}
{"id":522607,"type":"success","level":1,"name":"签到","meta":{"paths":["lp0hx8"]},"content":"1012113121抢了956937232的152P点！","timestamp":1778688218651}
{"id":522608,"type":"info","level":2,"name":"签到","meta":{"paths":["lp0hx8"]},"content":"1012113121今天的抢劫记录为152   |    剩余抢劫次数为2","timestamp":1778688218652}
{"id":522653,"type":"success","level":1,"name":"签到","meta":{"paths":["lp0hx8"]},"content":"3366143939完成了一次签到！","timestamp":1778688227669}
{"id":522712,"type":"warn","level":2,"name":"command","meta":{},"content":"献祭 1 2 3 4\nTypeError: Cannot read properties of null (reading 'split')\n    at _Command.eval (eval at <anonymous> (/root/lezskabot/koishi/koishi-app/node_modules/koishi-plugin-blockly-null/lib/index.js:1:1), <anonymous>:322:15)\n    at process.processTicksAndRejections (node:internal/process/task_queues:95:5)\n    at async Array.<anonymous> (/root/lezskabot/koishi/koishi-app/node_modules/@koishijs/core/lib/index.cjs:1079:14)\n    at async _Command.execute (/root/lezskabot/koishi/koishi-app/node_modules/@koishijs/core/lib/index.cjs:1093:22)\n    at async /root/lezskabot/koishi/koishi-app/node_modules/@koishijs/core/lib/index.cjs:2049:22\n    at async Proxy.withScope (/root/lezskabot/koishi/koishi-app/node_modules/@koishijs/core/lib/index.cjs:1958:22)\n    at async next (/root/lezskabot/koishi/koishi-app/node_modules/@koishijs/core/lib/index.cjs:827:16)\n    at async next (/root/lezskabot/koishi/koishi-app/node_modules/@koishijs/core/lib/index.cjs:827:16)\n    at async next (/root/lezskabot/koishi/koishi-app/node_modules/@koishijs/core/lib/index.cjs:827:16)\n    at async next (/root/lezskabot/koishi/koishi-app/node_modules/@koishijs/core/lib/index.cjs:827:16)","timestamp":1778688233202}
{"id":522791,"type":"warn","level":2,"name":"command","meta":{},"content":"献祭 \nTypeError: Cannot read properties of null (reading 'split')\n    at _Command.eval (eval at <anonymous> (/root/lezskabot/koishi/koishi-app/node_modules/koishi-plugin-blockly-null/lib/index.js:1:1), <anonymous>:322:15)\n    at process.processTicksAndRejections (node:internal/process/task_queues:95:5)\n    at async Array.<anonymous> (/root/lezskabot/koishi/koishi-app/node_modules/@koishijs/core/lib/index.cjs:1079:14)\n    at async _Command.execute (/root/lezskabot/koishi/koishi-app/node_modules/@koishijs/core/lib/index.cjs:1093:22)\n    at async /root/lezskabot/koishi/koishi-app/node_modules/@koishijs/core/lib/index.cjs:2049:22\n    at async Proxy.withScope (/root/lezskabot/koishi/koishi-app/node_modules/@koishijs/core/lib/index.cjs:1958:22)\n    at async next (/root/lezskabot/koishi/koishi-app/node_modules/@koishijs/core/lib/index.cjs:827:16)\n    at async next (/root/lezskabot/koishi/koishi-app/node_modules/@koishijs/core/lib/index.cjs:827:16)\n    at async next (/root/lezskabot/koishi/koishi-app/node_modules/@koishijs/core/lib/index.cjs:827:16)\n    at async next (/root/lezskabot/koishi/koishi-app/node_modules/@koishijs/core/lib/index.cjs:827:16)","timestamp":1778688246101}
{"id":522956,"type":"info","level":2,"name":"抽卡与卡组","meta":{"paths":["lp0hx8"]},"content":"972292520抽到了一张☆二星★卡，剩余576P点","timestamp":1778688262234}
{"id":523053,"type":"info","level":2,"name":"抽卡与卡组","meta":{"paths":["lp0hx8"]},"content":"972292520抽到了一张❀三星☄卡，剩余176P点","timestamp":1778688276028}
{"id":523095,"type":"info","level":2,"name":"抽卡与卡组","meta":{"paths":["lp0hx8"]},"content":"629832381抽到了一张☆二星★卡，剩余16047P点","timestamp":1778688281935}
{"id":523152,"type":"success","level":1,"name":"签到","meta":{"paths":["lp0hx8"]},"content":"1820639552完成了一次签到！","timestamp":1778688288870}
{"id":523224,"type":"success","level":1,"name":"签到","meta":{"paths":["lp0hx8"]},"content":"2980858358完成了一次签到！","timestamp":1778688296680}
{"id":523296,"type":"success","level":1,"name":"签到","meta":{"paths":["lp0hx8"]},"content":"3568930598完成了一次签到！","timestamp":1778688300864}
{"id":523580,"type":"info","level":2,"name":"抽卡与卡组","meta":{"paths":["lp0hx8"]},"content":"2558144075抽到了一张☆二星★卡，剩余37996P点","timestamp":1778688351351}
{"id":523637,"type":"info","level":2,"name":"抽卡与卡组","meta":{"paths":["lp0hx8"]},"content":"2558144075抽到了一张☆二星★卡，剩余37596P点","timestamp":1778688358263}
{"id":523719,"type":"info","level":2,"name":"抽卡与卡组","meta":{"paths":["lp0hx8"]},"content":"2558144075抽到了一张☆二星★卡，剩余37196P点","timestamp":1778688367851}
{"id":523811,"type":"info","level":2,"name":"抽卡与卡组","meta":{"paths":["lp0hx8"]},"content":"2558144075抽到了一张☆二星★卡，剩余36796P点","timestamp":1778688381801}
{"id":524012,"type":"info","level":2,"name":"抽卡与卡组","meta":{"paths":["lp0hx8"]},"content":"2558144075抽到了一张☆二星★卡，剩余36396P点","timestamp":1778688414447}
{"id":524099,"type":"info","level":2,"name":"抽卡与卡组","meta":{"paths":["lp0hx8"]},"content":"2558144075抽到了一张☆二星★卡，剩余35996P点","timestamp":1778688426766}
{"id":524172,"type":"info","level":2,"name":"抽卡与卡组","meta":{"paths":["lp0hx8"]},"content":"2558144075抽到了一张☆二星★卡，剩余35596P点","timestamp":1778688436270}
{"id":524248,"type":"info","level":2,"name":"抽卡与卡组","meta":{"paths":["lp0hx8"]},"content":"2558144075抽到了一张☆二星★卡，剩余35196P点","timestamp":1778688444382}
{"id":524353,"type":"info","level":2,"name":"抽卡与卡组","meta":{"paths":["lp0hx8"]},"content":"2558144075抽到了一张☆二星★卡，剩余34796P点","timestamp":1778688454910}
{"id":524454,"type":"warn","level":2,"name":"session","meta":{},"content":"Error: Error with request send_group_msg, args: {\"group_id\":1091191330,\"message\":[{\"type\":\"text\",\"data\":{\"text\":\"你抽到了：\\n一共0张卡\\n已存入你卡组的第位\\n你还有34796P点\"}}]}, retcode: 1200\n    at _Internal._get (/root/lezskabot/koishi/koishi-app/node_modules/koishi-plugin-adapter-onebot/lib/index.js:119:11)\n    at process.processTicksAndRejections (node:internal/process/task_queues:95:5)\n    at async _Internal.<computed> [as sendGroupMsg] (/root/lezskabot/koishi/koishi-app/node_modules/koishi-plugin-adapter-onebot/lib/index.js:162:20)\n    at async OneBotMessageEncoder.flush (/root/lezskabot/koishi/koishi-app/node_modules/koishi-plugin-adapter-onebot/lib/index.js:771:338)\n    at async OneBotMessageEncoder.send (/root/lezskabot/koishi/koishi-app/node_modules/@satorijs/core/lib/index.cjs:755:5)\n    at async Proxy.sendMessage (/root/lezskabot/koishi/koishi-app/node_modules/@satorijs/core/lib/index.cjs:487:22)\n    at async /root/lezskabot/koishi/koishi-app/node_modules/@koishijs/core/lib/index.cjs:2051:7\n    at async Proxy.withScope (/root/lezskabot/koishi/koishi-app/node_modules/@koishijs/core/lib/index.cjs:1958:22)\n    at async next (/root/lezskabot/koishi/koishi-app/node_modules/@koishijs/core/lib/index.cjs:827:16)\n    at async next (/root/lezskabot/koishi/koishi-app/node_modules/@koishijs/core/lib/index.cjs:827:16)","timestamp":1778688469421}
{"id":524676,"type":"info","level":2,"name":"抽卡与卡组","meta":{"paths":["lp0hx8"]},"content":"2558144075抽到了一张❀三星☄卡，剩余34396P点","timestamp":1778688527446}
{"id":524706,"type":"success","level":1,"name":"签到","meta":{"paths":["lp0hx8"]},"content":"2513983517完成了一次签到！","timestamp":1778688532961}
{"id":525607,"type":"info","level":2,"name":"抽卡与卡组","meta":{"paths":["lp0hx8"]},"content":"629832381抽到了一张☆二星★卡，剩余15647P点","timestamp":1778688732159}
{"id":525656,"type":"success","level":1,"name":"签到","meta":{"paths":["lp0hx8"]},"content":"1090073898完成了一次签到！","timestamp":1778688739971}
{"id":525681,"type":"info","level":2,"name":"抽卡与卡组","meta":{"paths":["lp0hx8"]},"content":"629832381抽到了一张❀三星☄卡，剩余15247P点","timestamp":1778688741940}
{"id":525738,"type":"info","level":2,"name":"抽卡与卡组","meta":{"paths":["lp0hx8"]},"content":"629832381抽到了一张☆二星★卡，剩余14847P点","timestamp":1778688749260}
{"id":525772,"type":"success","level":1,"name":"签到","meta":{"paths":["lp0hx8"]},"content":"3903949840完成了一次签到！","timestamp":1778688751720}
{"id":525799,"type":"info","level":2,"name":"抽卡与卡组","meta":{"paths":["lp0hx8"]},"content":"629832381抽到了一张❀三星☄卡，剩余14447P点","timestamp":1778688755381}
{"id":525991,"type":"success","level":1,"name":"签到","meta":{"paths":["lp0hx8"]},"content":"1652933285完成了一次签到！","timestamp":1778688803417}
{"id":526474,"type":"info","level":2,"name":"抽卡与卡组","meta":{"paths":["lp0hx8"]},"content":"1969859341抽到了一张❀三星☄卡，剩余4672P点","timestamp":1778688938986}
{"id":526498,"type":"info","level":2,"name":"抽卡与卡组","meta":{"paths":["lp0hx8"]},"content":"1969859341抽到了一张❀三星☄卡，剩余4272P点","timestamp":1778688944965}
{"id":526528,"type":"info","level":2,"name":"抽卡与卡组","meta":{"paths":["lp0hx8"]},"content":"1969859341抽到了一张❀三星☄卡，剩余3872P点","timestamp":1778688949210}
{"id":526558,"type":"info","level":2,"name":"抽卡与卡组","meta":{"paths":["lp0hx8"]},"content":"1969859341抽到了一张☆二星★卡，剩余3472P点","timestamp":1778688952848}
{"id":526794,"type":"info","level":2,"name":"抽卡与卡组","meta":{"paths":["lp0hx8"]},"content":"629832381抽到了一张☆二星★卡，剩余14047P点","timestamp":1778689063017}
{"id":526837,"type":"info","level":2,"name":"抽卡与卡组","meta":{"paths":["lp0hx8"]},"content":"629832381抽到了一张☆二星★卡，剩余13647P点","timestamp":1778689070431}
{"id":526877,"type":"info","level":2,"name":"抽卡与卡组","meta":{"paths":["lp0hx8"]},"content":"629832381抽到了一张☆二星★卡，剩余13247P点","timestamp":1778689077149}
{"id":526891,"type":"success","level":1,"name":"抽卡与卡组","meta":{"paths":["lp0hx8"]},"content":"1652933285献祭了：5张二星  获得1400P点，当前P点数为3331","timestamp":1778689083932}
{"id":526985,"type":"success","level":1,"name":"抽卡与卡组","meta":{"paths":["lp0hx8"]},"content":"1652933285献祭了：5张二星  获得1400P点，当前P点数为2731","timestamp":1778689097725}
{"id":527033,"type":"info","level":2,"name":"抽卡与卡组","meta":{"paths":["lp0hx8"]},"content":"3903949840抽到了一张❀三星☄卡，剩余9013P点","timestamp":1778689100954}
{"id":527064,"type":"success","level":1,"name":"抽卡与卡组","meta":{"paths":["lp0hx8"]},"content":"1652933285献祭了：5张二星  获得1400P点，当前P点数为2131","timestamp":1778689103629}
{"id":527224,"type":"success","level":1,"name":"抽卡与卡组","meta":{"paths":["lp0hx8"]},"content":"629832381献祭了：3张二星  获得840P点，当前P点数为14087","timestamp":1778689139754}
{"id":527359,"type":"success","level":1,"name":"抽卡与卡组","meta":{"paths":["lp0hx8"]},"content":"1652933285献祭了：3张二星  1张三星  1张四星  获得2600P点，当前P点数为2731","timestamp":1778689173195}
{"id":527436,"type":"success","level":1,"name":"抽卡与卡组","meta":{"paths":["lp0hx8"]},"content":"1652933285献祭了：4张二星  1张三星  获得1680P点，当前P点数为2411","timestamp":1778689184021}
{"id":527497,"type":"success","level":1,"name":"抽卡与卡组","meta":{"paths":["lp0hx8"]},"content":"1652933285献祭了：4张二星  1张三星  获得1680P点，当前P点数为2091","timestamp":1778689192672}
{"id":527550,"type":"success","level":1,"name":"抽卡与卡组","meta":{"paths":["lp0hx8"]},"content":"1652933285献祭了：2张二星  3张三星  获得2240P点，当前P点数为2331","timestamp":1778689199562}
{"id":527717,"type":"success","level":1,"name":"签到","meta":{"paths":["lp0hx8"]},"content":"2250804603完成了一次签到！","timestamp":1778689255557}
{"id":527758,"type":"success","level":1,"name":"抽卡与卡组","meta":{"paths":["lp0hx8"]},"content":"1652933285献祭了：2张二星  2张三星  获得1680P点，当前P点数为2011","timestamp":1778689270055}
{"id":527816,"type":"success","level":1,"name":"抽卡与卡组","meta":{"paths":["lp0hx8"]},"content":"1652933285献祭了：4张二星  1张FES  获得3120P点，当前P点数为3531","timestamp":1778689278251}
{"id":527934,"type":"success","level":1,"name":"签到","meta":{"paths":["lp0hx8"]},"content":"3980423768完成了一次签到！","timestamp":1778689308626}
{"id":527991,"type":"success","level":1,"name":"抽卡与卡组","meta":{"paths":["lp0hx8"]},"content":"1652933285献祭了：2张二星  2张三星  1张四星  获得2880P点，当前P点数为4411","timestamp":1778689317754}
{"id":527994,"type":"info","level":2,"name":"抽卡与卡组","meta":{"paths":["lp0hx8"]},"content":"3980423768抽到了一张☆二星★卡，剩余448P点","timestamp":1778689318533}
{"id":528035,"type":"info","level":2,"name":"抽卡与卡组","meta":{"paths":["lp0hx8"]},"content":"3980423768抽到了一张☆二星★卡，剩余48P点","timestamp":1778689322958}
{"id":528054,"type":"success","level":1,"name":"抽卡与卡组","meta":{"paths":["lp0hx8"]},"content":"1652933285献祭了：3张二星  2张三星  获得1960P点，当前P点数为4371","timestamp":1778689325360}
{"id":528113,"type":"success","level":1,"name":"抽卡与卡组","meta":{"paths":["lp0hx8"]},"content":"1652933285献祭了：4张二星  1张三星  获得1680P点，当前P点数为4051","timestamp":1778689331477}
{"id":528147,"type":"success","level":1,"name":"签到","meta":{"paths":["lp0hx8"]},"content":"2186790348完成了一次签到！","timestamp":1778689334079}
{"id":528205,"type":"success","level":1,"name":"抽卡与卡组","meta":{"paths":["lp0hx8"]},"content":"1652933285献祭了：4张二星  1张三星  获得1680P点，当前P点数为3731","timestamp":1778689340801}
{"id":528270,"type":"success","level":1,"name":"抽卡与卡组","meta":{"paths":["lp0hx8"]},"content":"1652933285献祭了：4张二星  1张三星  获得1680P点，当前P点数为3411","timestamp":1778689346500}
{"id":528318,"type":"success","level":1,"name":"抽卡与卡组","meta":{"paths":["lp0hx8"]},"content":"1652933285献祭了：3张二星  2张三星  获得1960P点，当前P点数为3371","timestamp":1778689352869}
{"id":528394,"type":"info","level":2,"name":"签到","meta":{"paths":["lp0hx8"]},"content":"已更新3980423768的抢劫次数和记录","timestamp":1778689359547}
{"id":528415,"type":"success","level":1,"name":"签到","meta":{"paths":["lp0hx8"]},"content":"3980423768抢了1652933285的294P点！","timestamp":1778689359945}
{"id":528416,"type":"info","level":2,"name":"签到","meta":{"paths":["lp0hx8"]},"content":"3980423768今天的抢劫记录为294   |    剩余抢劫次数为2","timestamp":1778689359947}
{"id":528427,"type":"success","level":1,"name":"抽卡与卡组","meta":{"paths":["lp0hx8"]},"content":"1652933285献祭了：3张二星  2张三星  获得1960P点，当前P点数为3037","timestamp":1778689360644}
{"id":528518,"type":"success","level":1,"name":"签到","meta":{"paths":["lp0hx8"]},"content":"3980423768抢劫2334828455失败！失去了110P点！","timestamp":1778689369003}
{"id":528519,"type":"info","level":2,"name":"签到","meta":{"paths":["lp0hx8"]},"content":"3980423768今天的抢劫记录为184   |    剩余抢劫次数为1","timestamp":1778689369004}
{"id":528573,"type":"success","level":1,"name":"签到","meta":{"paths":["lp0hx8"]},"content":"3980423768抢了3986092865的373P点！","timestamp":1778689377844}
{"id":528574,"type":"info","level":2,"name":"签到","meta":{"paths":["lp0hx8"]},"content":"3980423768今天的抢劫记录为557   |    剩余抢劫次数为0","timestamp":1778689377845}
{"id":528615,"type":"info","level":2,"name":"抽卡与卡组","meta":{"paths":["lp0hx8"]},"content":"3980423768抽到了一张☆二星★卡，剩余205P点","timestamp":1778689388073}
{"id":528707,"type":"success","level":1,"name":"抽卡与卡组","meta":{"paths":["lp0hx8"]},"content":"1652933285献祭了：2张二星  2张三星  获得1680P点，当前P点数为2717","timestamp":1778689406131}
{"id":528956,"type":"success","level":1,"name":"签到","meta":{"paths":["lp0hx8"]},"content":"1509417679完成了一次签到！","timestamp":1778689471487}
{"id":529029,"type":"success","level":1,"name":"抽卡与卡组","meta":{"paths":["lp0hx8"]},"content":"1652933285献祭了：1张二星  1张三星  1张四星  获得2040P点，当前P点数为3157","timestamp":1778689480188}
{"id":529101,"type":"info","level":2,"name":"抽卡与卡组","meta":{"paths":["lp0hx8"]},"content":"629832381抽到了一张❀三星☄卡，剩余13687P点","timestamp":1778689490906}
{"id":529112,"type":"success","level":1,"name":"抽卡与卡组","meta":{"paths":["lp0hx8"]},"content":"1652933285献祭了：2张二星  1张三星  获得1120P点，当前P点数为3077","timestamp":1778689492213}
{"id":529168,"type":"success","level":1,"name":"抽卡与卡组","meta":{"paths":["lp0hx8"]},"content":"1652933285献祭了：2张二星  1张三星  获得1120P点，当前P点数为2997","timestamp":1778689498472}
{"id":529439,"type":"success","level":1,"name":"签到","meta":{"paths":["lp0hx8"]},"content":"2658604288完成了一次签到！","timestamp":1778689542306}
{"id":529549,"type":"success","level":1,"name":"抽卡与卡组","meta":{"paths":["lp0hx8"]},"content":"1652933285献祭了：1张二星  1张三星  1张四星  获得2040P点，当前P点数为3837","timestamp":1778689552473}
{"id":529721,"type":"success","level":1,"name":"抽卡与卡组","meta":{"paths":["lp0hx8"]},"content":"1652933285献祭了：2张二星  1张FES  获得2560P点，当前P点数为5197","timestamp":1778689578577}
{"id":529788,"type":"success","level":1,"name":"抽卡与卡组","meta":{"paths":["lp0hx8"]},"content":"1652933285献祭了：3张二星  获得840P点，当前P点数为4837","timestamp":1778689590583}
{"id":529841,"type":"success","level":1,"name":"抽卡与卡组","meta":{"paths":["lp0hx8"]},"content":"1652933285献祭了：2张二星  1张三星  获得1120P点，当前P点数为4757","timestamp":1778689596948}
{"id":529945,"type":"success","level":1,"name":"抽卡与卡组","meta":{"paths":["lp0hx8"]},"content":"1652933285献祭了：2张二星  1张四星  获得1760P点，当前P点数为5317","timestamp":1778689613608}
{"id":530010,"type":"success","level":1,"name":"抽卡与卡组","meta":{"paths":["lp0hx8"]},"content":"1652933285献祭了：3张二星  获得840P点，当前P点数为4957","timestamp":1778689620661}
{"id":530067,"type":"success","level":1,"name":"抽卡与卡组","meta":{"paths":["lp0hx8"]},"content":"1652933285献祭了：3张二星  获得840P点，当前P点数为4597","timestamp":1778689627710}
{"id":530189,"type":"success","level":1,"name":"抽卡与卡组","meta":{"paths":["lp0hx8"]},"content":"1652933285献祭了：2张二星  1张三星  获得1120P点，当前P点数为4517","timestamp":1778689642000}
{"id":530241,"type":"success","level":1,"name":"抽卡与卡组","meta":{"paths":["lp0hx8"]},"content":"1652933285献祭了：3张二星  获得840P点，当前P点数为4157","timestamp":1778689647889}
{"id":530342,"type":"success","level":1,"name":"抽卡与卡组","meta":{"paths":["lp0hx8"]},"content":"1652933285献祭了：2张二星  1张三星  获得1120P点，当前P点数为4077","timestamp":1778689654513}
{"id":530399,"type":"success","level":1,"name":"抽卡与卡组","meta":{"paths":["lp0hx8"]},"content":"1652933285献祭了：3张二星  获得840P点，当前P点数为3717","timestamp":1778689661710}
{"id":530454,"type":"success","level":1,"name":"抽卡与卡组","meta":{"paths":["lp0hx8"]},"content":"1652933285献祭了：3张二星  获得840P点，当前P点数为3357","timestamp":1778689668696}
{"id":530555,"type":"success","level":1,"name":"抽卡与卡组","meta":{"paths":["lp0hx8"]},"content":"1652933285献祭了：2张二星  1张三星  获得1120P点，当前P点数为3277","timestamp":1778689685766}
{"id":531439,"type":"success","level":1,"name":"抽卡与卡组","meta":{"paths":["lp0hx8"]},"content":"1652933285献祭了：1张二星  2张四星  获得2680P点，当前P点数为2757","timestamp":1778689864226}
{"id":531551,"type":"success","level":1,"name":"抽卡与卡组","meta":{"paths":["lp0hx8"]},"content":"1652933285献祭了：3张二星  获得840P点，当前P点数为2397","timestamp":1778689871803}
{"id":531611,"type":"success","level":1,"name":"抽卡与卡组","meta":{"paths":["lp0hx8"]},"content":"1652933285献祭了：2张二星  1张三星  获得1120P点，当前P点数为2317","timestamp":1778689878444}
{"id":531674,"type":"success","level":1,"name":"抽卡与卡组","meta":{"paths":["lp0hx8"]},"content":"1652933285献祭了：3张二星  获得840P点，当前P点数为1957","timestamp":1778689884130}
{"id":531759,"type":"success","level":1,"name":"抽卡与卡组","meta":{"paths":["lp0hx8"]},"content":"1652933285献祭了：1张二星  2张三星  获得1400P点，当前P点数为2157","timestamp":1778689890788}
{"id":532023,"type":"success","level":1,"name":"抽卡与卡组","meta":{"paths":["lp0hx8"]},"content":"1652933285献祭了：2张二星  1张四星  获得1760P点，当前P点数为2717","timestamp":1778689928166}
{"id":532105,"type":"success","level":1,"name":"抽卡与卡组","meta":{"paths":["lp0hx8"]},"content":"1652933285献祭了：3张二星  获得840P点，当前P点数为2357","timestamp":1778689938969}
{"id":532185,"type":"success","level":1,"name":"抽卡与卡组","meta":{"paths":["lp0hx8"]},"content":"1652933285献祭了：2张二星  1张三星  获得1120P点，当前P点数为2277","timestamp":1778689946394}
{"id":532232,"type":"success","level":1,"name":"抽卡与卡组","meta":{"paths":["lp0hx8"]},"content":"1652933285献祭了：3张二星  获得840P点，当前P点数为1917","timestamp":1778689951778}
{"id":532316,"type":"success","level":1,"name":"抽卡与卡组","meta":{"paths":["lp0hx8"]},"content":"1652933285献祭了：2张二星  1张三星  获得1120P点，当前P点数为1837","timestamp":1778689961319}
{"id":532363,"type":"success","level":1,"name":"抽卡与卡组","meta":{"paths":["lp0hx8"]},"content":"1652933285献祭了：2张二星  1张三星  获得1120P点，当前P点数为1757","timestamp":1778689966963}
{"id":532527,"type":"success","level":1,"name":"抽卡与卡组","meta":{"paths":["lp0hx8"]},"content":"1652933285献祭了：2张二星  1张四星  获得1760P点，当前P点数为2317","timestamp":1778690012913}
{"id":532680,"type":"success","level":1,"name":"抽卡与卡组","meta":{"paths":["lp0hx8"]},"content":"1652933285献祭了：2张二星  1张四星  1张FES  获得3760P点，当前P点数为4877","timestamp":1778690043607}
{"id":532766,"type":"success","level":1,"name":"抽卡与卡组","meta":{"paths":["lp0hx8"]},"content":"1652933285献祭了：4张二星  获得1120P点，当前P点数为4397","timestamp":1778690054100}
{"id":532820,"type":"success","level":1,"name":"抽卡与卡组","meta":{"paths":["lp0hx8"]},"content":"1652933285献祭了：3张二星  1张三星  获得1400P点，当前P点数为4197","timestamp":1778690060233}
{"id":532883,"type":"success","level":1,"name":"抽卡与卡组","meta":{"paths":["lp0hx8"]},"content":"1652933285献祭了：1张二星  3张三星  获得1960P点，当前P点数为4557","timestamp":1778690065771}
{"id":532940,"type":"success","level":1,"name":"抽卡与卡组","meta":{"paths":["lp0hx8"]},"content":"1652933285献祭了：2张二星  2张三星  获得1680P点，当前P点数为4637","timestamp":1778690071556}
{"id":533003,"type":"success","level":1,"name":"抽卡与卡组","meta":{"paths":["lp0hx8"]},"content":"1652933285献祭了：4张二星  获得1120P点，当前P点数为4157","timestamp":1778690077574}
{"id":533072,"type":"success","level":1,"name":"抽卡与卡组","meta":{"paths":["lp0hx8"]},"content":"1652933285献祭了：4张二星  获得1120P点，当前P点数为3677","timestamp":1778690085855}
{"id":533137,"type":"success","level":1,"name":"抽卡与卡组","meta":{"paths":["lp0hx8"]},"content":"1652933285献祭了：4张二星  获得1120P点，当前P点数为3197","timestamp":1778690091213}
{"id":533180,"type":"success","level":1,"name":"抽卡与卡组","meta":{"paths":["lp0hx8"]},"content":"1652933285献祭了：4张二星  获得1120P点，当前P点数为2717","timestamp":1778690097199}
{"id":533306,"type":"success","level":1,"name":"抽卡与卡组","meta":{"paths":["lp0hx8"]},"content":"1652933285献祭了：2张二星  2张四星  获得2960P点，当前P点数为4077","timestamp":1778690123476}
{"id":533367,"type":"success","level":1,"name":"抽卡与卡组","meta":{"paths":["lp0hx8"]},"content":"1652933285献祭了：4张二星  获得1120P点，当前P点数为3597","timestamp":1778690130239}
{"id":533416,"type":"success","level":1,"name":"抽卡与卡组","meta":{"paths":["lp0hx8"]},"content":"1652933285献祭了：3张二星  1张三星  获得1400P点，当前P点数为3397","timestamp":1778690135337}
{"id":533491,"type":"success","level":1,"name":"抽卡与卡组","meta":{"paths":["lp0hx8"]},"content":"1652933285献祭了：1张二星  3张三星  获得1960P点，当前P点数为3757","timestamp":1778690140747}
{"id":533560,"type":"success","level":1,"name":"抽卡与卡组","meta":{"paths":["lp0hx8"]},"content":"1652933285献祭了：4张二星  获得1120P点，当前P点数为3277","timestamp":1778690146356}
{"id":533617,"type":"success","level":1,"name":"抽卡与卡组","meta":{"paths":["lp0hx8"]},"content":"1652933285献祭了：3张二星  1张三星  获得1400P点，当前P点数为3077","timestamp":1778690152162}
{"id":533690,"type":"success","level":1,"name":"抽卡与卡组","meta":{"paths":["lp0hx8"]},"content":"1652933285献祭了：4张二星  获得1120P点，当前P点数为2597","timestamp":1778690157447}
{"id":533787,"type":"success","level":1,"name":"抽卡与卡组","meta":{"paths":["lp0hx8"]},"content":"1652933285献祭了：4张二星  获得1120P点，当前P点数为2117","timestamp":1778690165614}
{"id":533855,"type":"success","level":1,"name":"抽卡与卡组","meta":{"paths":["lp0hx8"]},"content":"1652933285献祭了：3张二星  1张三星  获得1400P点，当前P点数为1917","timestamp":1778690171577}
{"id":533946,"type":"success","level":1,"name":"抽卡与卡组","meta":{"paths":["lp0hx8"]},"content":"1652933285献祭了：4张二星  获得1120P点，当前P点数为1437","timestamp":1778690179168}
{"id":535177,"type":"success","level":1,"name":"签到","meta":{"paths":["lp0hx8"]},"content":"986054920完成了一次签到！","timestamp":1778690560165}
{"id":535839,"type":"error","level":1,"name":"签到","meta":{"paths":["lp0hx8"]},"content":"1296434423签到失败！原因：该用户已经签到","timestamp":1778690821277}
{"id":536492,"type":"success","level":1,"name":"签到","meta":{"paths":["lp0hx8"]},"content":"2188730297完成了一次签到！","timestamp":1778690956403}
{"id":542009,"type":"success","level":1,"name":"签到","meta":{"paths":["lp0hx8"]},"content":"3055983840完成了一次签到！","timestamp":1778692664227}
{"id":543838,"type":"success","level":1,"name":"签到","meta":{"paths":["lp0hx8"]},"content":"3044937168完成了一次签到！","timestamp":1778695091649}
{"id":545001,"type":"success","level":1,"name":"签到","meta":{"paths":["lp0hx8"]},"content":"3247534886完成了一次签到！","timestamp":1778706291886}
{"id":545418,"type":"success","level":1,"name":"签到","meta":{"paths":["lp0hx8"]},"content":"2858787094完成了一次签到！","timestamp":1778709852971}
{"id":545435,"type":"info","level":2,"name":"抽卡与卡组","meta":{"paths":["lp0hx8"]},"content":"2858787094抽到了一张☆二星★卡，剩余4190P点","timestamp":1778709863604}
{"id":545452,"type":"info","level":2,"name":"抽卡与卡组","meta":{"paths":["lp0hx8"]},"content":"2858787094抽到了一张☆二星★卡，剩余3790P点","timestamp":1778709867049}
{"id":545469,"type":"info","level":2,"name":"抽卡与卡组","meta":{"paths":["lp0hx8"]},"content":"2858787094抽到了一张☆二星★卡，剩余3390P点","timestamp":1778709869881}
{"id":545486,"type":"info","level":2,"name":"抽卡与卡组","meta":{"paths":["lp0hx8"]},"content":"2858787094抽到了一张☆二星★卡，剩余2990P点","timestamp":1778709875044}
{"id":545503,"type":"info","level":2,"name":"抽卡与卡组","meta":{"paths":["lp0hx8"]},"content":"2858787094抽到了一张☆二星★卡，剩余2590P点","timestamp":1778709877590}
{"id":545520,"type":"info","level":2,"name":"抽卡与卡组","meta":{"paths":["lp0hx8"]},"content":"2858787094抽到了一张☆二星★卡，剩余2190P点","timestamp":1778709880807}
{"id":545537,"type":"info","level":2,"name":"抽卡与卡组","meta":{"paths":["lp0hx8"]},"content":"2858787094抽到了一张☆二星★卡，剩余1790P点","timestamp":1778709883142}
{"id":545554,"type":"info","level":2,"name":"抽卡与卡组","meta":{"paths":["lp0hx8"]},"content":"2858787094抽到了一张☆二星★卡，剩余1390P点","timestamp":1778709885616}
{"id":545571,"type":"info","level":2,"name":"抽卡与卡组","meta":{"paths":["lp0hx8"]},"content":"2858787094抽到了一张☆二星★卡，剩余990P点","timestamp":1778709888030}
{"id":545588,"type":"info","level":2,"name":"抽卡与卡组","meta":{"paths":["lp0hx8"]},"content":"2858787094抽到了一张☆二星★卡，剩余590P点","timestamp":1778709890234}
{"id":545605,"type":"info","level":2,"name":"抽卡与卡组","meta":{"paths":["lp0hx8"]},"content":"2858787094抽到了一张☆二星★卡，剩余190P点","timestamp":1778709894134}
{"id":545762,"type":"info","level":2,"name":"抽卡与卡组","meta":{"paths":["lp0hx8"]},"content":"3903949840抽到了一张❀三星☄卡，剩余8613P点","timestamp":1778711036302}
{"id":545791,"type":"info","level":2,"name":"抽卡与卡组","meta":{"paths":["lp0hx8"]},"content":"3903949840抽到了一张☆二星★卡，剩余8213P点","timestamp":1778711053784}
{"id":545939,"type":"success","level":1,"name":"签到","meta":{"paths":["lp0hx8"]},"content":"2221639610完成了一次签到！","timestamp":1778712141203}
{"id":545959,"type":"error","level":1,"name":"签到","meta":{"paths":["lp0hx8"]},"content":"2221639610签到失败！原因：该用户已经签到","timestamp":1778712208934}
{"id":545984,"type":"success","level":1,"name":"签到","meta":{"paths":["lp0hx8"]},"content":"3587117272完成了一次签到！","timestamp":1778712269887}
{"id":546036,"type":"info","level":2,"name":"抽卡与卡组","meta":{"paths":["lp0hx8"]},"content":"3587117272抽到了一张☆二星★卡，剩余1577P点","timestamp":1778712311966}
{"id":546047,"type":"error","level":1,"name":"抽卡与卡组","meta":{"paths":["lp0hx8"]},"content":"3818583945抽卡失败，积分不足","timestamp":1778712320001}
{"id":546085,"type":"info","level":2,"name":"抽卡与卡组","meta":{"paths":["lp0hx8"]},"content":"3587117272抽到了一张❀三星☄卡，剩余1177P点","timestamp":1778712328029}
{"id":546109,"type":"success","level":1,"name":"签到","meta":{"paths":["lp0hx8"]},"content":"3818583945完成了一次签到！","timestamp":1778712338205}
{"id":546141,"type":"info","level":2,"name":"抽卡与卡组","meta":{"paths":["lp0hx8"]},"content":"3818583945抽到了一张❀三星☄卡，剩余446P点","timestamp":1778712347111}
{"id":546165,"type":"info","level":2,"name":"抽卡与卡组","meta":{"paths":["lp0hx8"]},"content":"3587117272抽到了一张❀三星☄卡，剩余777P点","timestamp":1778712350776}
{"id":546176,"type":"error","level":1,"name":"抽卡与卡组","meta":{"paths":["lp0hx8"]},"content":"1804301928抽卡失败，积分不足","timestamp":1778712355681}
{"id":546207,"type":"info","level":2,"name":"抽卡与卡组","meta":{"paths":["lp0hx8"]},"content":"3818583945抽到了一张❀三星☄卡，剩余46P点","timestamp":1778712364048}
{"id":546231,"type":"info","level":2,"name":"抽卡与卡组","meta":{"paths":["lp0hx8"]},"content":"3587117272抽到了一张☆二星★卡，剩余377P点","timestamp":1778712366489}
{"id":546346,"type":"success","level":1,"name":"签到","meta":{"paths":["lp0hx8"]},"content":"366837668完成了一次签到！","timestamp":1778712588927}
{"id":546605,"type":"success","level":1,"name":"签到","meta":{"paths":["lp0hx8"]},"content":"2085287779完成了一次签到！","timestamp":1778713947924}
{"id":546696,"type":"success","level":1,"name":"签到","meta":{"paths":["lp0hx8"]},"content":"2018283414完成了一次签到！","timestamp":1778715123426}
{"id":547066,"type":"success","level":1,"name":"签到","meta":{"paths":["lp0hx8"]},"content":"3534850564完成了一次签到！","timestamp":1778716474031}
