{"id":204202,"type":"success","level":1,"name":"抽卡与卡组","meta":{"paths":["lp0hx8"]},"content":"2186790348献祭了：2张二星  1张三星  获得1120P点，当前P点数为24173","timestamp":1778482166378}
{"id":204227,"type":"success","level":1,"name":"抽卡与卡组","meta":{"paths":["lp0hx8"]},"content":"2628075910献祭了：4张二星  1张三星  1张四星  获得2880P点，当前P点数为9043","timestamp":1778482168602}
{"id":204276,"type":"success","level":1,"name":"抽卡与卡组","meta":{"paths":["lp0hx8"]},"content":"2186790348献祭了：2张二星  1张三星  获得1120P点，当前P点数为24093","timestamp":1778482174614}
{"id":204365,"type":"success","level":1,"name":"抽卡与卡组","meta":{"paths":["lp0hx8"]},"content":"2628075910献祭了：4张二星  2张三星  获得2240P点，当前P点数为8883","timestamp":1778482180807}
{"id":204368,"type":"success","level":1,"name":"抽卡与卡组","meta":{"paths":["lp0hx8"]},"content":"2186790348献祭了：3张二星  获得840P点，当前P点数为23733","timestamp":1778482180972}
{"id":204453,"type":"success","level":1,"name":"抽卡与卡组","meta":{"paths":["lp0hx8"]},"content":"2186790348献祭了：2张二星  1张三星  获得1120P点，当前P点数为23653","timestamp":1778482188470}
{"id":204460,"type":"success","level":1,"name":"抽卡与卡组","meta":{"paths":["lp0hx8"]},"content":"2628075910献祭了：5张二星  1张三星  获得1960P点，当前P点数为8443","timestamp":1778482188783}
{"id":204557,"type":"success","level":1,"name":"抽卡与卡组","meta":{"paths":["lp0hx8"]},"content":"2186790348献祭了：2张二星  1张三星  获得1120P点，当前P点数为23573","timestamp":1778482196545}
{"id":204568,"type":"success","level":1,"name":"抽卡与卡组","meta":{"paths":["lp0hx8"]},"content":"2628075910献祭了：3张二星  3张三星  获得2520P点，当前P点数为8563","timestamp":1778482197300}
{"id":204660,"type":"success","level":1,"name":"抽卡与卡组","meta":{"paths":["lp0hx8"]},"content":"2186790348献祭了：3张二星  获得840P点，当前P点数为23213","timestamp":1778482203880}
{"id":204730,"type":"success","level":1,"name":"抽卡与卡组","meta":{"paths":["lp0hx8"]},"content":"2186790348献祭了：2张二星  1张三星  获得1120P点，当前P点数为23133","timestamp":1778482211944}
{"id":204771,"type":"success","level":1,"name":"抽卡与卡组","meta":{"paths":["lp0hx8"]},"content":"2186790348献祭了：3张二星  获得840P点，当前P点数为22773","timestamp":1778482218118}
{"id":204821,"type":"success","level":1,"name":"抽卡与卡组","meta":{"paths":["lp0hx8"]},"content":"2186790348献祭了：3张二星  获得840P点，当前P点数为22413","timestamp":1778482223176}
{"id":204862,"type":"success","level":1,"name":"抽卡与卡组","meta":{"paths":["lp0hx8"]},"content":"2628075910献祭了：4张二星  1张三星  1张FES  获得3680P点，当前P点数为9843","timestamp":1778482224673}
{"id":204874,"type":"success","level":1,"name":"抽卡与卡组","meta":{"paths":["lp0hx8"]},"content":"2085287779献祭了：2张二星  2张三星  1张四星  获得2880P点，当前P点数为31163","timestamp":1778482225767}
{"id":204949,"type":"success","level":1,"name":"抽卡与卡组","meta":{"paths":["lp0hx8"]},"content":"2085287779献祭了：5张二星  获得1400P点，当前P点数为30563","timestamp":1778482232390}
{"id":205012,"type":"success","level":1,"name":"抽卡与卡组","meta":{"paths":["lp0hx8"]},"content":"2186790348献祭了：3张二星  获得840P点，当前P点数为22053","timestamp":1778482235626}
{"id":205015,"type":"success","level":1,"name":"抽卡与卡组","meta":{"paths":["lp0hx8"]},"content":"2628075910献祭了：6张二星  获得1680P点，当前P点数为9123","timestamp":1778482235674}
{"id":205107,"type":"success","level":1,"name":"抽卡与卡组","meta":{"paths":["lp0hx8"]},"content":"2186790348献祭了：3张二星  获得840P点，当前P点数为21693","timestamp":1778482242515}
{"id":205118,"type":"success","level":1,"name":"抽卡与卡组","meta":{"paths":["lp0hx8"]},"content":"2085287779献祭了：4张二星  1张三星  获得1680P点，当前P点数为30243","timestamp":1778482243477}
{"id":205188,"type":"success","level":1,"name":"抽卡与卡组","meta":{"paths":["lp0hx8"]},"content":"2085287779献祭了：4张二星  1张三星  获得1680P点，当前P点数为29923","timestamp":1778482253133}
{"id":205253,"type":"success","level":1,"name":"抽卡与卡组","meta":{"paths":["lp0hx8"]},"content":"2628075910献祭了：4张二星  1张三星  1张四星  获得2880P点，当前P点数为9603","timestamp":1778482256442}
{"id":205274,"type":"success","level":1,"name":"抽卡与卡组","meta":{"paths":["lp0hx8"]},"content":"2186790348献祭了：2张二星  1张三星  获得1120P点，当前P点数为21613","timestamp":1778482258119}
{"id":205353,"type":"success","level":1,"name":"抽卡与卡组","meta":{"paths":["lp0hx8"]},"content":"2628075910献祭了：4张二星  2张三星  获得2240P点，当前P点数为9443","timestamp":1778482269343}
{"id":205402,"type":"success","level":1,"name":"抽卡与卡组","meta":{"paths":["lp0hx8"]},"content":"2628075910献祭了：4张二星  2张三星  获得2240P点，当前P点数为9283","timestamp":1778482277670}
{"id":205461,"type":"success","level":1,"name":"抽卡与卡组","meta":{"paths":["lp0hx8"]},"content":"2186790348献祭了：1张二星  1张三星  1张四星  获得2040P点，当前P点数为22453","timestamp":1778482284180}
{"id":205512,"type":"success","level":1,"name":"抽卡与卡组","meta":{"paths":["lp0hx8"]},"content":"2186790348献祭了：1张二星  2张三星  获得1400P点，当前P点数为22653","timestamp":1778482290354}
{"id":205567,"type":"success","level":1,"name":"抽卡与卡组","meta":{"paths":["lp0hx8"]},"content":"2186790348献祭了：2张二星  1张三星  获得1120P点，当前P点数为22573","timestamp":1778482296855}
{"id":205578,"type":"success","level":1,"name":"抽卡与卡组","meta":{"paths":["lp0hx8"]},"content":"2628075910献祭了：2张二星  3张三星  1张四星  获得3440P点，当前P点数为10323","timestamp":1778482297837}
{"id":205645,"type":"success","level":1,"name":"抽卡与卡组","meta":{"paths":["lp0hx8"]},"content":"2186790348献祭了：2张二星  1张三星  获得1120P点，当前P点数为22493","timestamp":1778482303627}
{"id":205686,"type":"success","level":1,"name":"抽卡与卡组","meta":{"paths":["lp0hx8"]},"content":"2628075910献祭了：5张二星  1张三星  获得1960P点，当前P点数为9883","timestamp":1778482307176}
{"id":205733,"type":"success","level":1,"name":"抽卡与卡组","meta":{"paths":["lp0hx8"]},"content":"2186790348献祭了：3张二星  获得840P点，当前P点数为22133","timestamp":1778482310348}
{"id":205785,"type":"success","level":1,"name":"抽卡与卡组","meta":{"paths":["lp0hx8"]},"content":"2186790348献祭了：3张二星  获得840P点，当前P点数为21773","timestamp":1778482315910}
{"id":205833,"type":"success","level":1,"name":"抽卡与卡组","meta":{"paths":["lp0hx8"]},"content":"2186790348献祭了：3张二星  获得840P点，当前P点数为21413","timestamp":1778482321049}
{"id":205874,"type":"success","level":1,"name":"抽卡与卡组","meta":{"paths":["lp0hx8"]},"content":"2628075910献祭了：4张二星  1张三星  1张四星  获得2880P点，当前P点数为10363","timestamp":1778482324174}
{"id":205901,"type":"success","level":1,"name":"抽卡与卡组","meta":{"paths":["lp0hx8"]},"content":"2186790348献祭了：3张二星  获得840P点，当前P点数为21053","timestamp":1778482327072}
{"id":205953,"type":"success","level":1,"name":"抽卡与卡组","meta":{"paths":["lp0hx8"]},"content":"2628075910献祭了：5张二星  1张三星  获得1960P点，当前P点数为9923","timestamp":1778482333371}
{"id":206020,"type":"success","level":1,"name":"抽卡与卡组","meta":{"paths":["lp0hx8"]},"content":"2186790348献祭了：3张二星  获得840P点，当前P点数为20693","timestamp":1778482338180}
{"id":206061,"type":"success","level":1,"name":"抽卡与卡组","meta":{"paths":["lp0hx8"]},"content":"2628075910献祭了：5张二星  1张三星  获得1960P点，当前P点数为9483","timestamp":1778482341926}
{"id":206112,"type":"success","level":1,"name":"抽卡与卡组","meta":{"paths":["lp0hx8"]},"content":"2186790348献祭了：2张二星  1张三星  获得1120P点，当前P点数为20613","timestamp":1778482345688}
{"id":206153,"type":"success","level":1,"name":"抽卡与卡组","meta":{"paths":["lp0hx8"]},"content":"2628075910献祭了：6张二星  获得1680P点，当前P点数为8763","timestamp":1778482347993}
{"id":206204,"type":"success","level":1,"name":"抽卡与卡组","meta":{"paths":["lp0hx8"]},"content":"2186790348献祭了：3张二星  获得840P点，当前P点数为20253","timestamp":1778482351945}
{"id":206245,"type":"success","level":1,"name":"抽卡与卡组","meta":{"paths":["lp0hx8"]},"content":"2628075910献祭了：2张二星  4张三星  获得2800P点，当前P点数为9163","timestamp":1778482355800}
{"id":206292,"type":"success","level":1,"name":"抽卡与卡组","meta":{"paths":["lp0hx8"]},"content":"2186790348献祭了：3张二星  获得840P点，当前P点数为19893","timestamp":1778482358032}
{"id":206343,"type":"success","level":1,"name":"抽卡与卡组","meta":{"paths":["lp0hx8"]},"content":"2628075910献祭了：4张二星  2张三星  获得2240P点，当前P点数为9003","timestamp":1778482363947}
{"id":206354,"type":"success","level":1,"name":"抽卡与卡组","meta":{"paths":["lp0hx8"]},"content":"2186790348献祭了：2张二星  1张三星  获得1120P点，当前P点数为19813","timestamp":1778482364817}
{"id":206425,"type":"success","level":1,"name":"抽卡与卡组","meta":{"paths":["lp0hx8"]},"content":"2186790348献祭了：3张二星  获得840P点，当前P点数为19453","timestamp":1778482371178}
{"id":206470,"type":"success","level":1,"name":"抽卡与卡组","meta":{"paths":["lp0hx8"]},"content":"2628075910献祭了：4张二星  2张三星  获得2240P点，当前P点数为8843","timestamp":1778482374334}
{"id":206517,"type":"success","level":1,"name":"抽卡与卡组","meta":{"paths":["lp0hx8"]},"content":"2186790348献祭了：2张二星  1张三星  获得1120P点，当前P点数为19373","timestamp":1778482377014}
{"id":206569,"type":"success","level":1,"name":"抽卡与卡组","meta":{"paths":["lp0hx8"]},"content":"2628075910献祭了：3张二星  3张三星  获得2520P点，当前P点数为8963","timestamp":1778482382622}
{"id":206622,"type":"success","level":1,"name":"抽卡与卡组","meta":{"paths":["lp0hx8"]},"content":"2628075910献祭了：3张二星  3张三星  获得2520P点，当前P点数为9083","timestamp":1778482395252}
{"id":206643,"type":"success","level":1,"name":"抽卡与卡组","meta":{"paths":["lp0hx8"]},"content":"2186790348献祭了：2张三星  1张四星  获得2320P点，当前P点数为20493","timestamp":1778482396977}
{"id":206724,"type":"success","level":1,"name":"抽卡与卡组","meta":{"paths":["lp0hx8"]},"content":"2186790348献祭了：2张二星  1张三星  获得1120P点，当前P点数为20413","timestamp":1778482403251}
{"id":206803,"type":"success","level":1,"name":"抽卡与卡组","meta":{"paths":["lp0hx8"]},"content":"2186790348献祭了：2张二星  1张四星  获得1760P点，当前P点数为20973","timestamp":1778482422897}
{"id":206864,"type":"success","level":1,"name":"抽卡与卡组","meta":{"paths":["lp0hx8"]},"content":"2186790348献祭了：2张二星  1张三星  获得1120P点，当前P点数为20893","timestamp":1778482431019}
{"id":206875,"type":"success","level":1,"name":"抽卡与卡组","meta":{"paths":["lp0hx8"]},"content":"2628075910献祭了：3张二星  2张三星  1张四星  获得3160P点，当前P点数为9843","timestamp":1778482431696}
{"id":206966,"type":"success","level":1,"name":"抽卡与卡组","meta":{"paths":["lp0hx8"]},"content":"2186790348献祭了：3张二星  获得840P点，当前P点数为20533","timestamp":1778482439091}
{"id":207032,"type":"success","level":1,"name":"抽卡与卡组","meta":{"paths":["lp0hx8"]},"content":"2628075910献祭了：2张二星  3张三星  1张四星  获得3440P点，当前P点数为10883","timestamp":1778482451448}
{"id":207053,"type":"success","level":1,"name":"抽卡与卡组","meta":{"paths":["lp0hx8"]},"content":"2186790348献祭了：1张二星  1张三星  1张四星  获得2040P点，当前P点数为21373","timestamp":1778482459812}
{"id":207102,"type":"success","level":1,"name":"抽卡与卡组","meta":{"paths":["lp0hx8"]},"content":"2186790348献祭了：3张二星  获得840P点，当前P点数为21013","timestamp":1778482465571}
{"id":207143,"type":"success","level":1,"name":"抽卡与卡组","meta":{"paths":["lp0hx8"]},"content":"2186790348献祭了：3张二星  获得840P点，当前P点数为20653","timestamp":1778482471078}
{"id":207184,"type":"success","level":1,"name":"抽卡与卡组","meta":{"paths":["lp0hx8"]},"content":"2186790348献祭了：3张二星  获得840P点，当前P点数为20293","timestamp":1778482476550}
{"id":207231,"type":"success","level":1,"name":"抽卡与卡组","meta":{"paths":["lp0hx8"]},"content":"2186790348献祭了：2张二星  1张三星  获得1120P点，当前P点数为20213","timestamp":1778482481490}
{"id":207285,"type":"success","level":1,"name":"抽卡与卡组","meta":{"paths":["lp0hx8"]},"content":"2186790348献祭了：2张二星  1张四星  获得1760P点，当前P点数为20773","timestamp":1778482497466}
{"id":207330,"type":"success","level":1,"name":"抽卡与卡组","meta":{"paths":["lp0hx8"]},"content":"2186790348献祭了：2张二星  1张三星  获得1120P点，当前P点数为20693","timestamp":1778482502285}
{"id":207371,"type":"success","level":1,"name":"抽卡与卡组","meta":{"paths":["lp0hx8"]},"content":"2186790348献祭了：3张二星  获得840P点，当前P点数为20333","timestamp":1778482507496}
{"id":207417,"type":"success","level":1,"name":"抽卡与卡组","meta":{"paths":["lp0hx8"]},"content":"2186790348献祭了：2张二星  1张三星  获得1120P点，当前P点数为20253","timestamp":1778482512773}
{"id":207466,"type":"success","level":1,"name":"抽卡与卡组","meta":{"paths":["lp0hx8"]},"content":"2186790348献祭了：3张二星  获得840P点，当前P点数为19893","timestamp":1778482519378}
{"id":207513,"type":"success","level":1,"name":"抽卡与卡组","meta":{"paths":["lp0hx8"]},"content":"2186790348献祭了：3张二星  获得840P点，当前P点数为19533","timestamp":1778482524752}
{"id":207554,"type":"success","level":1,"name":"抽卡与卡组","meta":{"paths":["lp0hx8"]},"content":"2186790348献祭了：3张二星  获得840P点，当前P点数为19173","timestamp":1778482531467}
{"id":207595,"type":"success","level":1,"name":"抽卡与卡组","meta":{"paths":["lp0hx8"]},"content":"2186790348献祭了：1张二星  2张三星  获得1400P点，当前P点数为19373","timestamp":1778482537439}
{"id":207658,"type":"success","level":1,"name":"抽卡与卡组","meta":{"paths":["lp0hx8"]},"content":"2186790348献祭了：2张二星  1张四星  获得1760P点，当前P点数为19933","timestamp":1778482554647}
{"id":207742,"type":"success","level":1,"name":"抽卡与卡组","meta":{"paths":["lp0hx8"]},"content":"2186790348献祭了：3张二星  获得840P点，当前P点数为19573","timestamp":1778482588444}
{"id":207789,"type":"success","level":1,"name":"抽卡与卡组","meta":{"paths":["lp0hx8"]},"content":"2186790348献祭了：3张二星  获得840P点，当前P点数为19213","timestamp":1778482596072}
{"id":207837,"type":"success","level":1,"name":"抽卡与卡组","meta":{"paths":["lp0hx8"]},"content":"2628075910献祭了：4张二星  2张三星  获得2240P点，当前P点数为10723","timestamp":1778482605483}
{"id":207887,"type":"success","level":1,"name":"抽卡与卡组","meta":{"paths":["lp0hx8"]},"content":"2186790348献祭了：2张二星  1张三星  获得1120P点，当前P点数为19133","timestamp":1778482621950}
{"id":207928,"type":"success","level":1,"name":"抽卡与卡组","meta":{"paths":["lp0hx8"]},"content":"2186790348献祭了：3张二星  获得840P点，当前P点数为18773","timestamp":1778482627391}
{"id":207970,"type":"success","level":1,"name":"抽卡与卡组","meta":{"paths":["lp0hx8"]},"content":"2186790348献祭了：2张二星  1张三星  获得1120P点，当前P点数为18693","timestamp":1778482636017}
{"id":208011,"type":"success","level":1,"name":"抽卡与卡组","meta":{"paths":["lp0hx8"]},"content":"2186790348献祭了：1张二星  2张三星  获得1400P点，当前P点数为18893","timestamp":1778482643546}
{"id":208078,"type":"success","level":1,"name":"抽卡与卡组","meta":{"paths":["lp0hx8"]},"content":"2186790348献祭了：2张二星  1张三星  获得1120P点，当前P点数为18813","timestamp":1778482649724}
{"id":208134,"type":"success","level":1,"name":"抽卡与卡组","meta":{"paths":["lp0hx8"]},"content":"2186790348献祭了：3张二星  获得840P点，当前P点数为18453","timestamp":1778482656059}
{"id":208176,"type":"success","level":1,"name":"抽卡与卡组","meta":{"paths":["lp0hx8"]},"content":"2186790348献祭了：2张二星  1张三星  获得1120P点，当前P点数为18373","timestamp":1778482663979}
{"id":208227,"type":"success","level":1,"name":"抽卡与卡组","meta":{"paths":["lp0hx8"]},"content":"2628075910献祭了：5张二星  1张四星  获得2600P点，当前P点数为10923","timestamp":1778482669840}
{"id":208238,"type":"success","level":1,"name":"抽卡与卡组","meta":{"paths":["lp0hx8"]},"content":"2186790348献祭了：2张二星  1张三星  获得1120P点，当前P点数为18293","timestamp":1778482670386}
{"id":208283,"type":"success","level":1,"name":"抽卡与卡组","meta":{"paths":["lp0hx8"]},"content":"2186790348献祭了：3张二星  获得840P点，当前P点数为17933","timestamp":1778482675502}
{"id":208350,"type":"success","level":1,"name":"抽卡与卡组","meta":{"paths":["lp0hx8"]},"content":"2186790348献祭了：1张二星  2张三星  获得1400P点，当前P点数为18133","timestamp":1778482681344}
{"id":208397,"type":"success","level":1,"name":"抽卡与卡组","meta":{"paths":["lp0hx8"]},"content":"2628075910献祭了：5张二星  1张三星  获得1960P点，当前P点数为10483","timestamp":1778482685600}
{"id":208445,"type":"success","level":1,"name":"抽卡与卡组","meta":{"paths":["lp0hx8"]},"content":"2186790348献祭了：3张二星  获得840P点，当前P点数为17773","timestamp":1778482689932}
{"id":208490,"type":"success","level":1,"name":"抽卡与卡组","meta":{"paths":["lp0hx8"]},"content":"2628075910献祭了：4张二星  2张三星  获得2240P点，当前P点数为10323","timestamp":1778482695664}
{"id":208561,"type":"success","level":1,"name":"抽卡与卡组","meta":{"paths":["lp0hx8"]},"content":"2186790348献祭了：2张二星  1张四星  获得1760P点，当前P点数为18333","timestamp":1778482710423}
{"id":208602,"type":"success","level":1,"name":"抽卡与卡组","meta":{"paths":["lp0hx8"]},"content":"2186790348献祭了：2张二星  1张三星  获得1120P点，当前P点数为18253","timestamp":1778482717254}
{"id":208653,"type":"success","level":1,"name":"抽卡与卡组","meta":{"paths":["lp0hx8"]},"content":"2628075910献祭了：3张二星  2张三星  1张四星  获得3160P点，当前P点数为11083","timestamp":1778482721930}
{"id":208664,"type":"success","level":1,"name":"抽卡与卡组","meta":{"paths":["lp0hx8"]},"content":"2186790348献祭了：3张二星  获得840P点，当前P点数为17893","timestamp":1778482723424}
{"id":208705,"type":"success","level":1,"name":"抽卡与卡组","meta":{"paths":["lp0hx8"]},"content":"2186790348献祭了：3张二星  获得840P点，当前P点数为17533","timestamp":1778482728830}
{"id":208746,"type":"success","level":1,"name":"抽卡与卡组","meta":{"paths":["lp0hx8"]},"content":"2186790348献祭了：3张二星  获得840P点，当前P点数为17173","timestamp":1778482733434}
{"id":208827,"type":"success","level":1,"name":"抽卡与卡组","meta":{"paths":["lp0hx8"]},"content":"2186790348献祭了：2张二星  1张四星  获得1760P点，当前P点数为17733","timestamp":1778482754194}
{"id":208878,"type":"success","level":1,"name":"抽卡与卡组","meta":{"paths":["lp0hx8"]},"content":"2186790348献祭了：3张二星  获得840P点，当前P点数为17373","timestamp":1778482759726}
{"id":208889,"type":"success","level":1,"name":"抽卡与卡组","meta":{"paths":["lp0hx8"]},"content":"2628075910献祭了：1张二星  5张三星  获得3080P点，当前P点数为11763","timestamp":1778482760041}
{"id":208930,"type":"success","level":1,"name":"抽卡与卡组","meta":{"paths":["lp0hx8"]},"content":"2186790348献祭了：2张二星  1张三星  获得1120P点，当前P点数为17293","timestamp":1778482765260}
{"id":208971,"type":"success","level":1,"name":"抽卡与卡组","meta":{"paths":["lp0hx8"]},"content":"2186790348献祭了：1张二星  2张三星  获得1400P点，当前P点数为17493","timestamp":1778482769836}
{"id":209038,"type":"success","level":1,"name":"抽卡与卡组","meta":{"paths":["lp0hx8"]},"content":"2186790348献祭了：2张二星  1张三星  获得1120P点，当前P点数为17413","timestamp":1778482775784}
{"id":209079,"type":"success","level":1,"name":"抽卡与卡组","meta":{"paths":["lp0hx8"]},"content":"2628075910献祭了：6张二星  获得1680P点，当前P点数为11043","timestamp":1778482778289}
{"id":209126,"type":"success","level":1,"name":"抽卡与卡组","meta":{"paths":["lp0hx8"]},"content":"2186790348献祭了：3张二星  获得840P点，当前P点数为17053","timestamp":1778482781968}
{"id":209184,"type":"success","level":1,"name":"抽卡与卡组","meta":{"paths":["lp0hx8"]},"content":"2186790348献祭了：2张二星  1张三星  获得1120P点，当前P点数为16973","timestamp":1778482789320}
{"id":209226,"type":"success","level":1,"name":"抽卡与卡组","meta":{"paths":["lp0hx8"]},"content":"2186790348献祭了：3张二星  获得840P点，当前P点数为16613","timestamp":1778482797265}
{"id":209297,"type":"success","level":1,"name":"抽卡与卡组","meta":{"paths":["lp0hx8"]},"content":"2186790348献祭了：3张二星  获得840P点，当前P点数为16253","timestamp":1778482801875}
{"id":209329,"type":"success","level":1,"name":"抽卡与卡组","meta":{"paths":["lp0hx8"]},"content":"2628075910献祭了：4张二星  1张三星  1张四星  获得2880P点，当前P点数为11523","timestamp":1778482804932}
{"id":209350,"type":"success","level":1,"name":"抽卡与卡组","meta":{"paths":["lp0hx8"]},"content":"2186790348献祭了：2张二星  1张三星  获得1120P点，当前P点数为16173","timestamp":1778482807418}
{"id":209393,"type":"success","level":1,"name":"抽卡与卡组","meta":{"paths":["lp0hx8"]},"content":"2186790348献祭了：2张二星  1张三星  获得1120P点，当前P点数为16093","timestamp":1778482812315}
{"id":209471,"type":"success","level":1,"name":"抽卡与卡组","meta":{"paths":["lp0hx8"]},"content":"2628075910献祭了：5张二星  1张三星  获得1960P点，当前P点数为11083","timestamp":1778482822019}
{"id":209523,"type":"success","level":1,"name":"抽卡与卡组","meta":{"paths":["lp0hx8"]},"content":"2186790348献祭了：1张二星  1张三星  1张四星  获得2040P点，当前P点数为16933","timestamp":1778482832480}
{"id":209580,"type":"success","level":1,"name":"抽卡与卡组","meta":{"paths":["lp0hx8"]},"content":"2186790348献祭了：3张二星  获得840P点，当前P点数为16573","timestamp":1778482839031}
{"id":209635,"type":"success","level":1,"name":"抽卡与卡组","meta":{"paths":["lp0hx8"]},"content":"2186790348献祭了：2张二星  1张三星  获得1120P点，当前P点数为16493","timestamp":1778482844854}
{"id":209665,"type":"success","level":1,"name":"抽卡与卡组","meta":{"paths":["lp0hx8"]},"content":"2628075910献祭了：3张二星  2张三星  1张四星  获得3160P点，当前P点数为11843","timestamp":1778482846035}
{"id":209707,"type":"success","level":1,"name":"抽卡与卡组","meta":{"paths":["lp0hx8"]},"content":"2186790348献祭了：2张二星  1张三星  获得1120P点，当前P点数为16413","timestamp":1778482850923}
{"id":209748,"type":"success","level":1,"name":"抽卡与卡组","meta":{"paths":["lp0hx8"]},"content":"2186790348献祭了：3张二星  获得840P点，当前P点数为16053","timestamp":1778482856102}
{"id":209815,"type":"success","level":1,"name":"抽卡与卡组","meta":{"paths":["lp0hx8"]},"content":"2186790348献祭了：2张二星  1张三星  获得1120P点，当前P点数为15973","timestamp":1778482862908}
{"id":209867,"type":"success","level":1,"name":"抽卡与卡组","meta":{"paths":["lp0hx8"]},"content":"2186790348献祭了：2张二星  1张三星  获得1120P点，当前P点数为15893","timestamp":1778482868321}
{"id":209910,"type":"success","level":1,"name":"抽卡与卡组","meta":{"paths":["lp0hx8"]},"content":"2186790348献祭了：3张二星  获得840P点，当前P点数为15533","timestamp":1778482874471}
{"id":209960,"type":"success","level":1,"name":"抽卡与卡组","meta":{"paths":["lp0hx8"]},"content":"2628075910献祭了：5张二星  1张四星  获得2600P点，当前P点数为12043","timestamp":1778482879582}
{"id":209972,"type":"success","level":1,"name":"抽卡与卡组","meta":{"paths":["lp0hx8"]},"content":"2186790348献祭了：3张二星  获得840P点，当前P点数为15173","timestamp":1778482880951}
{"id":210069,"type":"success","level":1,"name":"抽卡与卡组","meta":{"paths":["lp0hx8"]},"content":"2186790348献祭了：1张二星  1张三星  1张四星  获得2040P点，当前P点数为16013","timestamp":1778482897166}
{"id":210110,"type":"success","level":1,"name":"抽卡与卡组","meta":{"paths":["lp0hx8"]},"content":"2628075910献祭了：5张二星  1张四星  获得2600P点，当前P点数为12243","timestamp":1778482900617}
{"id":210173,"type":"success","level":1,"name":"抽卡与卡组","meta":{"paths":["lp0hx8"]},"content":"2628075910献祭了：5张二星  1张三星  获得1960P点，当前P点数为11803","timestamp":1778482914152}
{"id":210227,"type":"success","level":1,"name":"抽卡与卡组","meta":{"paths":["lp0hx8"]},"content":"2628075910献祭了：3张二星  3张三星  获得2520P点，当前P点数为11923","timestamp":1778482921263}
{"id":210284,"type":"success","level":1,"name":"抽卡与卡组","meta":{"paths":["lp0hx8"]},"content":"2628075910献祭了：6张二星  获得1680P点，当前P点数为11203","timestamp":1778482928099}
{"id":210306,"type":"success","level":1,"name":"抽卡与卡组","meta":{"paths":["lp0hx8"]},"content":"2186790348献祭了：2张二星  1张四星  获得1760P点，当前P点数为16573","timestamp":1778482931959}
{"id":210401,"type":"success","level":1,"name":"抽卡与卡组","meta":{"paths":["lp0hx8"]},"content":"2186790348献祭了：2张二星  2张三星  获得1680P点，当前P点数为17053","timestamp":1778482945531}
{"id":210463,"type":"success","level":1,"name":"抽卡与卡组","meta":{"paths":["lp0hx8"]},"content":"2186790348献祭了：4张二星  获得1120P点，当前P点数为16573","timestamp":1778482957328}
{"id":210535,"type":"success","level":1,"name":"抽卡与卡组","meta":{"paths":["lp0hx8"]},"content":"2628075910献祭了：5张二星  获得1400P点，当前P点数为10203","timestamp":1778482965635}
{"id":210668,"type":"success","level":1,"name":"抽卡与卡组","meta":{"paths":["lp0hx8"]},"content":"2628075910献祭了：4张二星  获得1120P点，当前P点数为9323","timestamp":1778483041048}
{"id":210713,"type":"success","level":1,"name":"抽卡与卡组","meta":{"paths":["lp0hx8"]},"content":"2186790348献祭了：3张二星  1张四星  获得2040P点，当前P点数为17013","timestamp":1778483052466}
{"id":210741,"type":"success","level":1,"name":"抽卡与卡组","meta":{"paths":["lp0hx8"]},"content":"2628075910献祭了：1张二星  2张三星  1张四星  获得2600P点，当前P点数为10323","timestamp":1778483065623}
{"id":210844,"type":"success","level":1,"name":"抽卡与卡组","meta":{"paths":["lp0hx8"]},"content":"2186790348献祭了：3张二星  1张三星  获得1400P点，当前P点数为16813","timestamp":1778483088308}
{"id":210907,"type":"success","level":1,"name":"抽卡与卡组","meta":{"paths":["lp0hx8"]},"content":"2186790348献祭了：2张二星  2张三星  获得1680P点，当前P点数为16893","timestamp":1778483094234}
{"id":210956,"type":"success","level":1,"name":"抽卡与卡组","meta":{"paths":["lp0hx8"]},"content":"2186790348献祭了：3张二星  1张三星  获得1400P点，当前P点数为16693","timestamp":1778483099495}
{"id":211010,"type":"success","level":1,"name":"抽卡与卡组","meta":{"paths":["lp0hx8"]},"content":"2628075910献祭了：2张二星  1张三星  1张四星  获得2320P点，当前P点数为11043","timestamp":1778483105185}
{"id":211075,"type":"success","level":1,"name":"抽卡与卡组","meta":{"paths":["lp0hx8"]},"content":"2628075910献祭了：3张二星  1张三星  获得1400P点，当前P点数为10843","timestamp":1778483116913}
{"id":211096,"type":"success","level":1,"name":"抽卡与卡组","meta":{"paths":["lp0hx8"]},"content":"2186790348献祭了：3张二星  1张四星  获得2040P点，当前P点数为17133","timestamp":1778483118375}
{"id":211183,"type":"success","level":1,"name":"抽卡与卡组","meta":{"paths":["lp0hx8"]},"content":"2186790348献祭了：4张二星  获得1120P点，当前P点数为16653","timestamp":1778483126906}
{"id":211186,"type":"success","level":1,"name":"抽卡与卡组","meta":{"paths":["lp0hx8"]},"content":"2628075910献祭了：3张二星  1张三星  获得1400P点，当前P点数为10643","timestamp":1778483127051}
{"id":211301,"type":"success","level":1,"name":"抽卡与卡组","meta":{"paths":["lp0hx8"]},"content":"2186790348献祭了：4张二星  获得1120P点，当前P点数为16173","timestamp":1778483143647}
{"id":211345,"type":"success","level":1,"name":"抽卡与卡组","meta":{"paths":["lp0hx8"]},"content":"2186790348献祭了：4张二星  获得1120P点，当前P点数为15693","timestamp":1778483150667}
{"id":211404,"type":"success","level":1,"name":"抽卡与卡组","meta":{"paths":["lp0hx8"]},"content":"2186790348献祭了：2张二星  2张三星  获得1680P点，当前P点数为15773","timestamp":1778483158028}
{"id":211415,"type":"success","level":1,"name":"抽卡与卡组","meta":{"paths":["lp0hx8"]},"content":"2628075910献祭了：3张二星  1张四星  获得2040P点，当前P点数为11083","timestamp":1778483159211}
{"id":211458,"type":"success","level":1,"name":"抽卡与卡组","meta":{"paths":["lp0hx8"]},"content":"2186790348献祭了：3张二星  1张三星  获得1400P点，当前P点数为15573","timestamp":1778483164145}
{"id":211523,"type":"success","level":1,"name":"抽卡与卡组","meta":{"paths":["lp0hx8"]},"content":"2186790348献祭了：3张二星  1张三星  获得1400P点，当前P点数为15373","timestamp":1778483168514}
{"id":211567,"type":"success","level":1,"name":"抽卡与卡组","meta":{"paths":["lp0hx8"]},"content":"2628075910献祭了：4张二星  获得1120P点，当前P点数为10603","timestamp":1778483173134}
{"id":211627,"type":"success","level":1,"name":"抽卡与卡组","meta":{"paths":["lp0hx8"]},"content":"2628075910献祭了：2张二星  2张三星  获得1680P点，当前P点数为10683","timestamp":1778483181130}
{"id":211709,"type":"success","level":1,"name":"抽卡与卡组","meta":{"paths":["lp0hx8"]},"content":"2186790348献祭了：2张三星  2张四星  获得3520P点，当前P点数为17293","timestamp":1778483195839}
{"id":211720,"type":"success","level":1,"name":"抽卡与卡组","meta":{"paths":["lp0hx8"]},"content":"2628075910献祭了：3张二星  1张三星  获得1400P点，当前P点数为10483","timestamp":1778483196475}
{"id":211814,"type":"success","level":1,"name":"抽卡与卡组","meta":{"paths":["lp0hx8"]},"content":"2628075910献祭了：4张二星  1张四星  获得2320P点，当前P点数为11203","timestamp":1778483208968}
{"id":211860,"type":"success","level":1,"name":"抽卡与卡组","meta":{"paths":["lp0hx8"]},"content":"2628075910献祭了：4张二星  1张三星  获得1680P点，当前P点数为10883","timestamp":1778483219210}
{"id":211911,"type":"success","level":1,"name":"抽卡与卡组","meta":{"paths":["lp0hx8"]},"content":"2628075910献祭了：5张二星  获得1400P点，当前P点数为10283","timestamp":1778483228541}
{"id":211957,"type":"success","level":1,"name":"抽卡与卡组","meta":{"paths":["lp0hx8"]},"content":"2628075910献祭了：5张二星  获得1400P点，当前P点数为9683","timestamp":1778483235916}
{"id":212030,"type":"success","level":1,"name":"抽卡与卡组","meta":{"paths":["lp0hx8"]},"content":"2628075910献祭了：3张二星  1张三星  1张四星  获得2600P点，当前P点数为10283","timestamp":1778483260771}
{"id":212041,"type":"success","level":1,"name":"抽卡与卡组","meta":{"paths":["lp0hx8"]},"content":"2186790348献祭了：3张二星  获得840P点，当前P点数为16533","timestamp":1778483261393}
{"id":212137,"type":"success","level":1,"name":"抽卡与卡组","meta":{"paths":["lp0hx8"]},"content":"2628075910献祭了：3张二星  1张三星  1张四星  获得2600P点，当前P点数为10883","timestamp":1778483291395}
{"id":212224,"type":"success","level":1,"name":"抽卡与卡组","meta":{"paths":["lp0hx8"]},"content":"2628075910献祭了：3张二星  1张三星  1张四星  获得2600P点，当前P点数为11483","timestamp":1778483323230}
{"id":212247,"type":"success","level":1,"name":"抽卡与卡组","meta":{"paths":["lp0hx8"]},"content":"2186790348献祭了：2张二星  1张三星  1张四星  获得2320P点，当前P点数为17653","timestamp":1778483335336}
{"id":212327,"type":"success","level":1,"name":"抽卡与卡组","meta":{"paths":["lp0hx8"]},"content":"2186790348献祭了：4张二星  获得1120P点，当前P点数为17173","timestamp":1778483355983}
{"id":212386,"type":"success","level":1,"name":"抽卡与卡组","meta":{"paths":["lp0hx8"]},"content":"2628075910献祭了：3张二星  1张三星  1张四星  获得2600P点，当前P点数为12083","timestamp":1778483360968}
{"id":212434,"type":"success","level":1,"name":"抽卡与卡组","meta":{"paths":["lp0hx8"]},"content":"2628075910献祭了：5张二星  获得1400P点，当前P点数为11483","timestamp":1778483369233}
{"id":212502,"type":"success","level":1,"name":"抽卡与卡组","meta":{"paths":["lp0hx8"]},"content":"2186790348献祭了：3张二星  1张三星  获得1400P点，当前P点数为16973","timestamp":1778483379759}
{"id":212570,"type":"success","level":1,"name":"抽卡与卡组","meta":{"paths":["lp0hx8"]},"content":"2186790348献祭了：4张二星  获得1120P点，当前P点数为16493","timestamp":1778483391473}
{"id":212628,"type":"success","level":1,"name":"抽卡与卡组","meta":{"paths":["lp0hx8"]},"content":"2628075910献祭了：2张二星  2张三星  1张FES  获得3680P点，当前P点数为13163","timestamp":1778483394124}
{"id":212720,"type":"success","level":1,"name":"抽卡与卡组","meta":{"paths":["lp0hx8"]},"content":"2628075910献祭了：4张二星  1张三星  获得1680P点，当前P点数为12843","timestamp":1778483404207}
{"id":212776,"type":"success","level":1,"name":"抽卡与卡组","meta":{"paths":["lp0hx8"]},"content":"2186790348献祭了：3张二星  1张四星  获得2040P点，当前P点数为16933","timestamp":1778483412982}
{"id":212787,"type":"success","level":1,"name":"抽卡与卡组","meta":{"paths":["lp0hx8"]},"content":"2628075910献祭了：4张二星  1张三星  获得1680P点，当前P点数为12523","timestamp":1778483413303}
{"id":212854,"type":"success","level":1,"name":"抽卡与卡组","meta":{"paths":["lp0hx8"]},"content":"2186790348献祭了：4张二星  获得1120P点，当前P点数为16453","timestamp":1778483418324}
{"id":212897,"type":"success","level":1,"name":"抽卡与卡组","meta":{"paths":["lp0hx8"]},"content":"2628075910献祭了：4张二星  1张三星  获得1680P点，当前P点数为12203","timestamp":1778483420727}
{"id":212953,"type":"success","level":1,"name":"抽卡与卡组","meta":{"paths":["lp0hx8"]},"content":"2628075910献祭了：4张二星  1张三星  获得1680P点，当前P点数为11883","timestamp":1778483428517}
{"id":213003,"type":"success","level":1,"name":"抽卡与卡组","meta":{"paths":["lp0hx8"]},"content":"2628075910献祭了：4张二星  1张三星  获得1680P点，当前P点数为11563","timestamp":1778483438682}
{"id":213054,"type":"success","level":1,"name":"抽卡与卡组","meta":{"paths":["lp0hx8"]},"content":"2628075910献祭了：3张二星  2张三星  获得1960P点，当前P点数为11523","timestamp":1778483445880}
{"id":213131,"type":"success","level":1,"name":"抽卡与卡组","meta":{"paths":["lp0hx8"]},"content":"2186790348献祭了：3张二星  1张四星  获得2040P点，当前P点数为16893","timestamp":1778483475366}
{"id":213158,"type":"success","level":1,"name":"抽卡与卡组","meta":{"paths":["lp0hx8"]},"content":"2628075910献祭了：1张二星  3张三星  1张四星  获得3160P点，当前P点数为12683","timestamp":1778483479777}
{"id":213267,"type":"success","level":1,"name":"抽卡与卡组","meta":{"paths":["lp0hx8"]},"content":"2186790348献祭了：2张二星  2张三星  获得1680P点，当前P点数为16973","timestamp":1778483495449}
{"id":213320,"type":"success","level":1,"name":"抽卡与卡组","meta":{"paths":["lp0hx8"]},"content":"2186790348献祭了：3张二星  1张三星  获得1400P点，当前P点数为16773","timestamp":1778483502699}
{"id":213363,"type":"success","level":1,"name":"抽卡与卡组","meta":{"paths":["lp0hx8"]},"content":"2628075910献祭了：2张二星  2张三星  1张四星  获得2880P点，当前P点数为13563","timestamp":1778483505194}
{"id":213436,"type":"success","level":1,"name":"抽卡与卡组","meta":{"paths":["lp0hx8"]},"content":"2628075910献祭了：5张二星  获得1400P点，当前P点数为12963","timestamp":1778483520479}
{"id":213457,"type":"success","level":1,"name":"抽卡与卡组","meta":{"paths":["lp0hx8"]},"content":"2186790348献祭了：2张二星  1张三星  1张FES  获得3120P点，当前P点数为18293","timestamp":1778483521780}
{"id":213518,"type":"success","level":1,"name":"抽卡与卡组","meta":{"paths":["lp0hx8"]},"content":"2186790348献祭了：2张二星  2张三星  获得1680P点，当前P点数为18373","timestamp":1778483528115}
{"id":213606,"type":"success","level":1,"name":"抽卡与卡组","meta":{"paths":["lp0hx8"]},"content":"2186790348献祭了：3张二星  1张三星  获得1400P点，当前P点数为18173","timestamp":1778483534860}
{"id":213639,"type":"success","level":1,"name":"抽卡与卡组","meta":{"paths":["lp0hx8"]},"content":"2628075910献祭了：4张二星  1张三星  获得1680P点，当前P点数为12643","timestamp":1778483540455}
{"id":213723,"type":"success","level":1,"name":"抽卡与卡组","meta":{"paths":["lp0hx8"]},"content":"2628075910献祭了：4张二星  1张三星  获得1680P点，当前P点数为12323","timestamp":1778483557891}
{"id":213853,"type":"success","level":1,"name":"抽卡与卡组","meta":{"paths":["lp0hx8"]},"content":"2186790348献祭了：4张二星  获得1120P点，当前P点数为17693","timestamp":1778483582491}
{"id":213907,"type":"success","level":1,"name":"抽卡与卡组","meta":{"paths":["lp0hx8"]},"content":"2628075910献祭了：3张二星  2张三星  获得1960P点，当前P点数为12283","timestamp":1778483587388}
{"id":213942,"type":"success","level":1,"name":"抽卡与卡组","meta":{"paths":["lp0hx8"]},"content":"2186790348献祭了：2张二星  2张三星  获得1680P点，当前P点数为17773","timestamp":1778483593145}
{"id":214025,"type":"success","level":1,"name":"抽卡与卡组","meta":{"paths":["lp0hx8"]},"content":"2186790348献祭了：4张二星  获得1120P点，当前P点数为17293","timestamp":1778483603804}
{"id":214081,"type":"success","level":1,"name":"抽卡与卡组","meta":{"paths":["lp0hx8"]},"content":"2186790348献祭了：4张二星  获得1120P点，当前P点数为16813","timestamp":1778483611786}
{"id":214139,"type":"success","level":1,"name":"抽卡与卡组","meta":{"paths":["lp0hx8"]},"content":"2186790348献祭了：3张二星  1张三星  获得1400P点，当前P点数为16613","timestamp":1778483617092}
{"id":214173,"type":"success","level":1,"name":"抽卡与卡组","meta":{"paths":["lp0hx8"]},"content":"2628075910献祭了：3张二星  1张四星  1张FES  获得4040P点，当前P点数为14323","timestamp":1778483618799}
{"id":214234,"type":"success","level":1,"name":"抽卡与卡组","meta":{"paths":["lp0hx8"]},"content":"2628075910献祭了：5张二星  获得1400P点，当前P点数为13723","timestamp":1778483630606}
{"id":214291,"type":"success","level":1,"name":"抽卡与卡组","meta":{"paths":["lp0hx8"]},"content":"2186790348献祭了：3张二星  1张四星  获得2040P点，当前P点数为17053","timestamp":1778483638170}
{"id":214347,"type":"success","level":1,"name":"抽卡与卡组","meta":{"paths":["lp0hx8"]},"content":"2186790348献祭了：3张二星  1张三星  获得1400P点，当前P点数为16853","timestamp":1778483645327}
{"id":214403,"type":"success","level":1,"name":"抽卡与卡组","meta":{"paths":["lp0hx8"]},"content":"2186790348献祭了：4张二星  获得1120P点，当前P点数为16373","timestamp":1778483650043}
{"id":214456,"type":"success","level":1,"name":"抽卡与卡组","meta":{"paths":["lp0hx8"]},"content":"2186790348献祭了：3张二星  1张三星  获得1400P点，当前P点数为16173","timestamp":1778483657203}
{"id":214507,"type":"success","level":1,"name":"抽卡与卡组","meta":{"paths":["lp0hx8"]},"content":"2186790348献祭了：3张二星  1张三星  获得1400P点，当前P点数为15973","timestamp":1778483662442}
{"id":214510,"type":"success","level":1,"name":"抽卡与卡组","meta":{"paths":["lp0hx8"]},"content":"2628075910献祭了：4张二星  获得1120P点，当前P点数为12843","timestamp":1778483662971}
{"id":214553,"type":"success","level":1,"name":"抽卡与卡组","meta":{"paths":["lp0hx8"]},"content":"2186790348献祭了：3张二星  1张三星  获得1400P点，当前P点数为15773","timestamp":1778483667384}
{"id":214606,"type":"success","level":1,"name":"抽卡与卡组","meta":{"paths":["lp0hx8"]},"content":"2186790348献祭了：3张二星  1张三星  获得1400P点，当前P点数为15573","timestamp":1778483672769}
{"id":214703,"type":"success","level":1,"name":"抽卡与卡组","meta":{"paths":["lp0hx8"]},"content":"2186790348献祭了：2张二星  1张三星  1张四星  获得2320P点，当前P点数为16293","timestamp":1778483720019}
{"id":214750,"type":"success","level":1,"name":"抽卡与卡组","meta":{"paths":["lp0hx8"]},"content":"2186790348献祭了：2张二星  2张三星  获得1680P点，当前P点数为16373","timestamp":1778483729346}
{"id":214793,"type":"success","level":1,"name":"抽卡与卡组","meta":{"paths":["lp0hx8"]},"content":"2186790348献祭了：3张二星  1张三星  获得1400P点，当前P点数为16173","timestamp":1778483734143}
{"id":214895,"type":"success","level":1,"name":"抽卡与卡组","meta":{"paths":["lp0hx8"]},"content":"2186790348献祭了：2张二星  1张三星  获得1120P点，当前P点数为15693","timestamp":1778483795238}
{"id":215013,"type":"success","level":1,"name":"抽卡与卡组","meta":{"paths":["lp0hx8"]},"content":"2085287779献祭了：2张二星  3张三星  获得2240P点，当前P点数为30163","timestamp":1778483874414}
{"id":215065,"type":"info","level":2,"name":"签到","meta":{"paths":["lp0hx8"]},"content":"3764379512向2085287779赠送了10000个P点","timestamp":1778483896212}
{"id":215269,"type":"success","level":1,"name":"签到","meta":{"paths":["lp0hx8"]},"content":"2628075910抢了2085287779的2P点！","timestamp":1778484042614}
{"id":215270,"type":"info","level":2,"name":"签到","meta":{"paths":["lp0hx8"]},"content":"2628075910今天的抢劫记录为343   |    剩余抢劫次数为0","timestamp":1778484042619}
{"id":215339,"type":"info","level":2,"name":"签到","meta":{"paths":["lp0hx8"]},"content":"已更新2186790348的抢劫次数和记录","timestamp":1778484086888}
{"id":215356,"type":"success","level":1,"name":"签到","meta":{"paths":["lp0hx8"]},"content":"2186790348抢劫2628075910失败！失去了228P点！","timestamp":1778484087488}
{"id":215357,"type":"info","level":2,"name":"签到","meta":{"paths":["lp0hx8"]},"content":"2186790348今天的抢劫记录为-228   |    剩余抢劫次数为2","timestamp":1778484087491}
{"id":215418,"type":"info","level":2,"name":"签到","meta":{"paths":["lp0hx8"]},"content":"已更新2276942246的抢劫次数和记录","timestamp":1778484111097}
{"id":215435,"type":"success","level":1,"name":"签到","meta":{"paths":["lp0hx8"]},"content":"2276942246抢劫2628075910失败！失去了198P点！","timestamp":1778484111626}
{"id":215436,"type":"info","level":2,"name":"签到","meta":{"paths":["lp0hx8"]},"content":"2276942246今天的抢劫记录为-198   |    剩余抢劫次数为2","timestamp":1778484111627}
{"id":215474,"type":"success","level":1,"name":"签到","meta":{"paths":["lp0hx8"]},"content":"2276942246抢劫2628075910失败！失去了44P点！","timestamp":1778484121406}
{"id":215475,"type":"info","level":2,"name":"签到","meta":{"paths":["lp0hx8"]},"content":"2276942246今天的抢劫记录为-242   |    剩余抢劫次数为1","timestamp":1778484121407}
{"id":215503,"type":"success","level":1,"name":"签到","meta":{"paths":["lp0hx8"]},"content":"2276942246抢劫2628075910失败！失去了31P点！","timestamp":1778484126742}
{"id":215504,"type":"info","level":2,"name":"签到","meta":{"paths":["lp0hx8"]},"content":"2276942246今天的抢劫记录为-273   |    剩余抢劫次数为0","timestamp":1778484126743}
{"id":215542,"type":"info","level":2,"name":"签到","meta":{"paths":["lp0hx8"]},"content":"已更新366837668的抢劫次数和记录","timestamp":1778484137016}
{"id":215563,"type":"success","level":1,"name":"签到","meta":{"paths":["lp0hx8"]},"content":"366837668抢了2085287779的292P点！","timestamp":1778484137761}
{"id":215564,"type":"info","level":2,"name":"签到","meta":{"paths":["lp0hx8"]},"content":"366837668今天的抢劫记录为292   |    剩余抢劫次数为2","timestamp":1778484137762}
{"id":215614,"type":"success","level":1,"name":"签到","meta":{"paths":["lp0hx8"]},"content":"366837668抢了2628075910的314P点！","timestamp":1778484153057}
{"id":215615,"type":"info","level":2,"name":"签到","meta":{"paths":["lp0hx8"]},"content":"366837668今天的抢劫记录为606   |    剩余抢劫次数为1","timestamp":1778484153060}
{"id":215643,"type":"success","level":1,"name":"签到","meta":{"paths":["lp0hx8"]},"content":"366837668抢劫2276942246失败！失去了213P点！","timestamp":1778484161493}
{"id":215644,"type":"info","level":2,"name":"签到","meta":{"paths":["lp0hx8"]},"content":"366837668今天的抢劫记录为393   |    剩余抢劫次数为0","timestamp":1778484161494}
{"id":215680,"type":"success","level":1,"name":"签到","meta":{"paths":["lp0hx8"]},"content":"2186790348抢劫2628075910失败！失去了269P点！","timestamp":1778484168631}
{"id":215681,"type":"info","level":2,"name":"签到","meta":{"paths":["lp0hx8"]},"content":"2186790348今天的抢劫记录为-497   |    剩余抢劫次数为1","timestamp":1778484168632}
{"id":215711,"type":"error","level":1,"name":"签到","meta":{"paths":["lp0hx8"]},"content":"366837668抢劫失败！该用户今天抢劫次数已用完","timestamp":1778484174775}
{"id":215751,"type":"success","level":1,"name":"签到","meta":{"paths":["lp0hx8"]},"content":"2186790348抢劫2628075910失败！失去了201P点！","timestamp":1778484178842}
{"id":215752,"type":"info","level":2,"name":"签到","meta":{"paths":["lp0hx8"]},"content":"2186790348今天的抢劫记录为-698   |    剩余抢劫次数为0","timestamp":1778484178843}
{"id":215964,"type":"info","level":2,"name":"签到","meta":{"paths":["lp0hx8"]},"content":"3764379512向366837668赠送了2000个P点","timestamp":1778484266652}
{"id":216034,"type":"info","level":2,"name":"签到","meta":{"paths":["lp0hx8"]},"content":"2628075910向2186790348赠送了1000个P点","timestamp":1778484276031}
{"id":216038,"type":"info","level":2,"name":"签到","meta":{"paths":["lp0hx8"]},"content":"3764379512向2186790348赠送了1839个P点","timestamp":1778484283720}
{"id":216101,"type":"info","level":2,"name":"签到","meta":{"paths":["lp0hx8"]},"content":"3764379512向2186790348赠送了1838个P点","timestamp":1778484300833}
{"id":216236,"type":"info","level":2,"name":"签到","meta":{"paths":["lp0hx8"]},"content":"已更新3391406413的抢劫次数和记录","timestamp":1778484359746}
{"id":216325,"type":"success","level":1,"name":"签到","meta":{"paths":["lp0hx8"]},"content":"3391406413抢了366837668的181P点！","timestamp":1778484382780}
{"id":216326,"type":"info","level":2,"name":"签到","meta":{"paths":["lp0hx8"]},"content":"3391406413今天的抢劫记录为181   |    剩余抢劫次数为1","timestamp":1778484382789}
{"id":216371,"type":"info","level":2,"name":"签到","meta":{"paths":["lp0hx8"]},"content":"2628075910向2276942246赠送了1000个P点","timestamp":1778484389905}
{"id":216448,"type":"success","level":1,"name":"签到","meta":{"paths":["lp0hx8"]},"content":"3391406413抢了2276942246的83P点！","timestamp":1778484408430}
{"id":216449,"type":"info","level":2,"name":"签到","meta":{"paths":["lp0hx8"]},"content":"3391406413今天的抢劫记录为264   |    剩余抢劫次数为0","timestamp":1778484408434}
{"id":218616,"type":"success","level":1,"name":"抽卡与卡组","meta":{"paths":["lp0hx8"]},"content":"2276942246献祭了：2张三星  1张四星  获得2320P点，当前P点数为2948","timestamp":1778485448067}
{"id":218697,"type":"success","level":1,"name":"抽卡与卡组","meta":{"paths":["lp0hx8"]},"content":"2276942246献祭了：3张二星  获得840P点，当前P点数为2588","timestamp":1778485464428}
{"id":218773,"type":"success","level":1,"name":"抽卡与卡组","meta":{"paths":["lp0hx8"]},"content":"366837668献祭了：4张二星  获得1120P点，当前P点数为7358","timestamp":1778485474745}
{"id":218860,"type":"success","level":1,"name":"抽卡与卡组","meta":{"paths":["lp0hx8"]},"content":"366837668献祭了：4张二星  获得1120P点，当前P点数为6878","timestamp":1778485490681}
{"id":218904,"type":"success","level":1,"name":"抽卡与卡组","meta":{"paths":["lp0hx8"]},"content":"2276942246献祭了：2张二星  1张四星  获得1760P点，当前P点数为3148","timestamp":1778485496921}
{"id":218951,"type":"success","level":1,"name":"抽卡与卡组","meta":{"paths":["lp0hx8"]},"content":"2276942246献祭了：2张二星  1张三星  获得1120P点，当前P点数为3068","timestamp":1778485508244}
{"id":219036,"type":"success","level":1,"name":"抽卡与卡组","meta":{"paths":["lp0hx8"]},"content":"2276942246献祭了：3张二星  获得840P点，当前P点数为2708","timestamp":1778485521242}
{"id":219106,"type":"success","level":1,"name":"抽卡与卡组","meta":{"paths":["lp0hx8"]},"content":"2276942246献祭了：1张二星  2张三星  获得1400P点，当前P点数为2908","timestamp":1778485530749}
{"id":219150,"type":"success","level":1,"name":"抽卡与卡组","meta":{"paths":["lp0hx8"]},"content":"366837668献祭了：3张二星  1张三星  获得1400P点，当前P点数为6678","timestamp":1778485537705}
{"id":219179,"type":"success","level":1,"name":"抽卡与卡组","meta":{"paths":["lp0hx8"]},"content":"2276942246献祭了：3张二星  获得840P点，当前P点数为2548","timestamp":1778485541196}
{"id":219293,"type":"info","level":2,"name":"抽卡与卡组","meta":{"paths":["lp0hx8"]},"content":"2628075910抽到了一张☆二星★卡，剩余10131P点","timestamp":1778485549788}
{"id":219309,"type":"error","level":1,"name":"抽卡与卡组","meta":{"paths":["lp0hx8"]},"content":"2433884076抽卡失败，积分不足","timestamp":1778485550402}
{"id":219320,"type":"success","level":1,"name":"抽卡与卡组","meta":{"paths":["lp0hx8"]},"content":"2276942246献祭了：2张二星  1张三星  获得1120P点，当前P点数为2468","timestamp":1778485550997}
{"id":219398,"type":"success","level":1,"name":"抽卡与卡组","meta":{"paths":["lp0hx8"]},"content":"366837668献祭了：4张二星  获得1120P点，当前P点数为6198","timestamp":1778485557368}
{"id":219451,"type":"info","level":2,"name":"抽卡与卡组","meta":{"paths":["lp0hx8"]},"content":"2628075910抽到了一张☆二星★卡，剩余9731P点","timestamp":1778485562032}
{"id":219462,"type":"success","level":1,"name":"抽卡与卡组","meta":{"paths":["lp0hx8"]},"content":"2276942246献祭了：2张二星  1张三星  获得1120P点，当前P点数为2388","timestamp":1778485562498}
{"id":219549,"type":"success","level":1,"name":"抽卡与卡组","meta":{"paths":["lp0hx8"]},"content":"2276942246献祭了：3张二星  获得840P点，当前P点数为2028","timestamp":1778485572687}
{"id":219616,"type":"success","level":1,"name":"抽卡与卡组","meta":{"paths":["lp0hx8"]},"content":"2628075910献祭了：4张二星  获得1120P点，当前P点数为10051","timestamp":1778485580544}
{"id":219631,"type":"success","level":1,"name":"抽卡与卡组","meta":{"paths":["lp0hx8"]},"content":"2276942246献祭了：2张二星  1张三星  获得1120P点，当前P点数为1948","timestamp":1778485583715}
{"id":219725,"type":"success","level":1,"name":"抽卡与卡组","meta":{"paths":["lp0hx8"]},"content":"2276942246献祭了：3张二星  获得840P点，当前P点数为1588","timestamp":1778485592542}
{"id":219742,"type":"success","level":1,"name":"抽卡与卡组","meta":{"paths":["lp0hx8"]},"content":"2628075910献祭了：3张二星  1张三星  获得1400P点，当前P点数为9851","timestamp":1778485593930}
{"id":219795,"type":"info","level":2,"name":"抽卡与卡组","meta":{"paths":["lp0hx8"]},"content":"2628075910抽到了一张❀三星☄卡，剩余9451P点","timestamp":1778485598317}
{"id":219834,"type":"success","level":1,"name":"抽卡与卡组","meta":{"paths":["lp0hx8"]},"content":"2276942246献祭了：3张二星  获得840P点，当前P点数为1228","timestamp":1778485601435}
{"id":219917,"type":"success","level":1,"name":"抽卡与卡组","meta":{"paths":["lp0hx8"]},"content":"366837668献祭了：3张二星  1张三星  获得1400P点，当前P点数为5998","timestamp":1778485608791}
{"id":219955,"type":"success","level":1,"name":"抽卡与卡组","meta":{"paths":["lp0hx8"]},"content":"2276942246献祭了：2张二星  1张三星  获得1120P点，当前P点数为1148","timestamp":1778485611387}
{"id":219958,"type":"success","level":1,"name":"抽卡与卡组","meta":{"paths":["lp0hx8"]},"content":"2628075910献祭了：2张二星  2张三星  获得1680P点，当前P点数为9931","timestamp":1778485611424}
{"id":220116,"type":"success","level":1,"name":"抽卡与卡组","meta":{"paths":["lp0hx8"]},"content":"2628075910献祭了：3张二星  1张三星  获得1400P点，当前P点数为9731","timestamp":1778485649430}
{"id":220184,"type":"success","level":1,"name":"抽卡与卡组","meta":{"paths":["lp0hx8"]},"content":"1986429457献祭了：5张二星  获得1400P点，当前P点数为4029","timestamp":1778485659442}
{"id":220195,"type":"success","level":1,"name":"抽卡与卡组","meta":{"paths":["lp0hx8"]},"content":"366837668献祭了：2张二星  1张三星  获得1120P点，当前P点数为5518","timestamp":1778485660112}
{"id":220246,"type":"success","level":1,"name":"抽卡与卡组","meta":{"paths":["lp0hx8"]},"content":"2628075910献祭了：2张二星  2张三星  获得1680P点，当前P点数为9811","timestamp":1778485664645}
{"id":220315,"type":"success","level":1,"name":"抽卡与卡组","meta":{"paths":["lp0hx8"]},"content":"366837668献祭了：2张二星  1张三星  获得1120P点，当前P点数为5438","timestamp":1778485671458}
{"id":220371,"type":"success","level":1,"name":"抽卡与卡组","meta":{"paths":["lp0hx8"]},"content":"2628075910献祭了：2张二星  2张三星  获得1680P点，当前P点数为9891","timestamp":1778485678287}
{"id":220434,"type":"success","level":1,"name":"抽卡与卡组","meta":{"paths":["lp0hx8"]},"content":"2628075910献祭了：2张二星  2张三星  获得1680P点，当前P点数为9971","timestamp":1778485688131}
{"id":220556,"type":"success","level":1,"name":"抽卡与卡组","meta":{"paths":["lp0hx8"]},"content":"366837668献祭了：2张二星  1张三星  获得1120P点，当前P点数为5358","timestamp":1778485713912}
{"id":220587,"type":"success","level":1,"name":"抽卡与卡组","meta":{"paths":["lp0hx8"]},"content":"2628075910献祭了：3张二星  1张四星  获得2040P点，当前P点数为10411","timestamp":1778485716210}
{"id":220622,"type":"success","level":1,"name":"抽卡与卡组","meta":{"paths":["lp0hx8"]},"content":"1986429457献祭了：2张二星  1张三星  获得1120P点，当前P点数为3149","timestamp":1778485721138}
{"id":220699,"type":"info","level":2,"name":"抽卡与卡组","meta":{"paths":["lp0hx8"]},"content":"1986429457抽到了一张☆二星★卡，剩余2749P点","timestamp":1778485727443}
{"id":220702,"type":"success","level":1,"name":"抽卡与卡组","meta":{"paths":["lp0hx8"]},"content":"2628075910献祭了：4张二星  获得1120P点，当前P点数为9931","timestamp":1778485727628}
{"id":220754,"type":"info","level":2,"name":"抽卡与卡组","meta":{"paths":["lp0hx8"]},"content":"1986429457抽到了一张❀三星☄卡，剩余2349P点","timestamp":1778485734181}
{"id":220787,"type":"success","level":1,"name":"抽卡与卡组","meta":{"paths":["lp0hx8"]},"content":"2628075910献祭了：3张二星  1张三星  获得1400P点，当前P点数为9731","timestamp":1778485738015}
{"id":220817,"type":"info","level":2,"name":"抽卡与卡组","meta":{"paths":["lp0hx8"]},"content":"1986429457抽到了一张❀三星☄卡，剩余1949P点","timestamp":1778485744104}
{"id":220961,"type":"success","level":1,"name":"抽卡与卡组","meta":{"paths":["lp0hx8"]},"content":"366837668献祭了：3张二星  获得840P点，当前P点数为4998","timestamp":1778485806736}
{"id":221103,"type":"success","level":1,"name":"抽卡与卡组","meta":{"paths":["lp0hx8"]},"content":"2628075910献祭了：3张二星  1张四星  获得2040P点，当前P点数为10171","timestamp":1778485831222}
{"id":221132,"type":"success","level":1,"name":"抽卡与卡组","meta":{"paths":["lp0hx8"]},"content":"366837668献祭了：3张二星  1张四星  获得2040P点，当前P点数为5838","timestamp":1778485845748}
{"id":231021,"type":"info","level":2,"name":"抽卡与卡组","meta":{"paths":["lp0hx8"]},"content":"3026137282抽到了一张❀三星☄卡，剩余3685P点","timestamp":1778492770512}
{"id":231064,"type":"info","level":2,"name":"抽卡与卡组","meta":{"paths":["lp0hx8"]},"content":"3026137282抽到了一张☆二星★卡，剩余3285P点","timestamp":1778492786477}
{"id":231166,"type":"info","level":2,"name":"抽卡与卡组","meta":{"paths":["lp0hx8"]},"content":"3026137282抽到了一张☆二星★卡，剩余2885P点","timestamp":1778492826767}
{"id":231192,"type":"info","level":2,"name":"抽卡与卡组","meta":{"paths":["lp0hx8"]},"content":"3026137282抽到了一张❀三星☄卡，剩余2485P点","timestamp":1778492830505}
{"id":231312,"type":"info","level":2,"name":"抽卡与卡组","meta":{"paths":["lp0hx8"]},"content":"3026137282抽到了一张❀三星☄卡，剩余2085P点","timestamp":1778492910135}
{"id":231331,"type":"info","level":2,"name":"抽卡与卡组","meta":{"paths":["lp0hx8"]},"content":"3026137282抽到了一张☆二星★卡，剩余1685P点","timestamp":1778492913139}
{"id":231356,"type":"info","level":2,"name":"抽卡与卡组","meta":{"paths":["lp0hx8"]},"content":"3026137282抽到了一张☆二星★卡，剩余1285P点","timestamp":1778492915701}
{"id":231375,"type":"info","level":2,"name":"抽卡与卡组","meta":{"paths":["lp0hx8"]},"content":"3026137282抽到了一张❀三星☄卡，剩余885P点","timestamp":1778492918398}
{"id":231396,"type":"success","level":1,"name":"签到","meta":{"paths":["lp0hx8"]},"content":"1494612814完成了一次签到！","timestamp":1778492919830}
{"id":231415,"type":"info","level":2,"name":"抽卡与卡组","meta":{"paths":["lp0hx8"]},"content":"3026137282抽到了一张❀三星☄卡，剩余485P点","timestamp":1778492922997}
{"id":231440,"type":"info","level":2,"name":"抽卡与卡组","meta":{"paths":["lp0hx8"]},"content":"1494612814抽到了一张❀三星☄卡，剩余4426P点","timestamp":1778492924188}
{"id":231479,"type":"info","level":2,"name":"抽卡与卡组","meta":{"paths":["lp0hx8"]},"content":"3026137282抽到了一张☆二星★卡，剩余85P点","timestamp":1778492929200}
{"id":231482,"type":"info","level":2,"name":"抽卡与卡组","meta":{"paths":["lp0hx8"]},"content":"1494612814抽到了一张❀三星☄卡，剩余4026P点","timestamp":1778492929895}
{"id":231511,"type":"success","level":1,"name":"抽卡与卡组","meta":{"paths":["lp0hx8"]},"content":"3366143939献祭了：2张二星  1张三星  获得1120P点，当前P点数为1490","timestamp":1778492935873}
{"id":231552,"type":"info","level":2,"name":"抽卡与卡组","meta":{"paths":["lp0hx8"]},"content":"1494612814抽到了一张☆二星★卡，剩余3626P点","timestamp":1778492945828}
{"id":231592,"type":"info","level":2,"name":"抽卡与卡组","meta":{"paths":["lp0hx8"]},"content":"3366143939抽到了一张☆二星★卡，剩余1090P点","timestamp":1778492949008}
{"id":231596,"type":"info","level":2,"name":"抽卡与卡组","meta":{"paths":["lp0hx8"]},"content":"1494612814抽到了一张☆二星★卡，剩余3226P点","timestamp":1778492949844}
{"id":231623,"type":"info","level":2,"name":"抽卡与卡组","meta":{"paths":["lp0hx8"]},"content":"1494612814抽到了一张☆二星★卡，剩余2826P点","timestamp":1778492952694}
{"id":231659,"type":"info","level":2,"name":"抽卡与卡组","meta":{"paths":["lp0hx8"]},"content":"1494612814抽到了一张❀三星☄卡，剩余2426P点","timestamp":1778492956755}
{"id":231706,"type":"info","level":2,"name":"抽卡与卡组","meta":{"paths":["lp0hx8"]},"content":"1494612814抽到了一张☆二星★卡，剩余2026P点","timestamp":1778492960302}
{"id":231713,"type":"info","level":2,"name":"抽卡与卡组","meta":{"paths":["lp0hx8"]},"content":"3366143939抽到了一张☆二星★卡，剩余690P点","timestamp":1778492961307}
{"id":231732,"type":"info","level":2,"name":"抽卡与卡组","meta":{"paths":["lp0hx8"]},"content":"1494612814抽到了一张☆二星★卡，剩余1626P点","timestamp":1778492964203}
{"id":231761,"type":"info","level":2,"name":"抽卡与卡组","meta":{"paths":["lp0hx8"]},"content":"1494612814抽到了一张☆二星★卡，剩余1226P点","timestamp":1778492967969}
{"id":231780,"type":"info","level":2,"name":"抽卡与卡组","meta":{"paths":["lp0hx8"]},"content":"1494612814抽到了一张❀三星☄卡，剩余826P点","timestamp":1778492971389}
{"id":231799,"type":"info","level":2,"name":"抽卡与卡组","meta":{"paths":["lp0hx8"]},"content":"1494612814抽到了一张☆二星★卡，剩余426P点","timestamp":1778492973908}
{"id":231839,"type":"info","level":2,"name":"抽卡与卡组","meta":{"paths":["lp0hx8"]},"content":"3366143939抽到了一张☆二星★卡，剩余290P点","timestamp":1778492978581}
{"id":231842,"type":"info","level":2,"name":"抽卡与卡组","meta":{"paths":["lp0hx8"]},"content":"1494612814抽到了一张❀三星☄卡，剩余26P点","timestamp":1778492979356}
{"id":231897,"type":"error","level":1,"name":"抽卡与卡组","meta":{"paths":["lp0hx8"]},"content":"2956414337抽卡失败，积分不足","timestamp":1778493006370}
{"id":231946,"type":"success","level":1,"name":"签到","meta":{"paths":["lp0hx8"]},"content":"2956414337完成了一次签到！","timestamp":1778493009491}
{"id":231977,"type":"info","level":2,"name":"抽卡与卡组","meta":{"paths":["lp0hx8"]},"content":"2956414337抽到了一张☆二星★卡，剩余774P点","timestamp":1778493012302}
{"id":232015,"type":"success","level":1,"name":"抽卡与卡组","meta":{"paths":["lp0hx8"]},"content":"3366143939献祭了：3张二星  获得840P点，当前P点数为1130","timestamp":1778493015159}
{"id":232022,"type":"info","level":2,"name":"抽卡与卡组","meta":{"paths":["lp0hx8"]},"content":"2956414337抽到了一张☆二星★卡，剩余374P点","timestamp":1778493015740}
{"id":232051,"type":"error","level":1,"name":"抽卡与卡组","meta":{"paths":["lp0hx8"]},"content":"2956414337抽卡失败，积分不足","timestamp":1778493020944}
{"id":232155,"type":"info","level":2,"name":"抽卡与卡组","meta":{"paths":["lp0hx8"]},"content":"3366143939抽到了一张❀三星☄卡，剩余730P点","timestamp":1778493041573}
{"id":232171,"type":"error","level":1,"name":"抽卡与卡组","meta":{"paths":["lp0hx8"]},"content":"3389530537抽卡失败，积分不足","timestamp":1778493050780}
{"id":232196,"type":"info","level":2,"name":"抽卡与卡组","meta":{"paths":["lp0hx8"]},"content":"3366143939抽到了一张☆二星★卡，剩余330P点","timestamp":1778493054951}
{"id":234014,"type":"success","level":1,"name":"签到","meta":{"paths":["lp0hx8"]},"content":"3988136739完成了一次签到！","timestamp":1778494900570}
{"id":234079,"type":"success","level":1,"name":"签到","meta":{"paths":["lp0hx8"]},"content":"526076285完成了一次签到！","timestamp":1778494931842}
{"id":234110,"type":"info","level":2,"name":"抽卡与卡组","meta":{"paths":["lp0hx8"]},"content":"3988136739抽到了一张☆二星★卡，剩余4919P点","timestamp":1778494941836}
{"id":234146,"type":"info","level":2,"name":"抽卡与卡组","meta":{"paths":["lp0hx8"]},"content":"3988136739抽到了一张☆二星★卡，剩余4519P点","timestamp":1778494948969}
{"id":234165,"type":"info","level":2,"name":"抽卡与卡组","meta":{"paths":["lp0hx8"]},"content":"3988136739抽到了一张☆二星★卡，剩余4119P点","timestamp":1778494954483}
{"id":234359,"type":"success","level":1,"name":"抽卡与卡组","meta":{"paths":["lp0hx8"]},"content":"3988136739献祭了：4张二星  获得1120P点，当前P点数为5239","timestamp":1778495114103}
{"id":234391,"type":"info","level":2,"name":"抽卡与卡组","meta":{"paths":["lp0hx8"]},"content":"3988136739抽到了一张☆二星★卡，剩余4839P点","timestamp":1778495126022}
{"id":234423,"type":"info","level":2,"name":"抽卡与卡组","meta":{"paths":["lp0hx8"]},"content":"3988136739抽到了一张☆二星★卡，剩余4439P点","timestamp":1778495130446}
{"id":234454,"type":"info","level":2,"name":"抽卡与卡组","meta":{"paths":["lp0hx8"]},"content":"3988136739抽到了一张☆二星★卡，剩余4039P点","timestamp":1778495139129}
{"id":234504,"type":"info","level":2,"name":"抽卡与卡组","meta":{"paths":["lp0hx8"]},"content":"3988136739抽到了一张☆二星★卡，剩余3639P点","timestamp":1778495154072}
{"id":234688,"type":"error","level":1,"name":"抽卡与卡组","meta":{"paths":["lp0hx8"]},"content":"782766016抽卡失败，积分不足","timestamp":1778495371856}
{"id":234711,"type":"success","level":1,"name":"签到","meta":{"paths":["lp0hx8"]},"content":"782766016完成了一次签到！","timestamp":1778495377284}
{"id":234743,"type":"info","level":2,"name":"抽卡与卡组","meta":{"paths":["lp0hx8"]},"content":"782766016抽到了一张☆二星★卡，剩余372P点","timestamp":1778495383615}
{"id":234782,"type":"error","level":1,"name":"签到","meta":{"paths":["lp0hx8"]},"content":"3366143939签到失败！原因：该用户已经签到","timestamp":1778495408368}
{"id":238177,"type":"success","level":1,"name":"签到","meta":{"paths":["lp0hx8"]},"content":"3385275057完成了一次签到！","timestamp":1778497647044}
{"id":238335,"type":"success","level":1,"name":"签到","meta":{"paths":["lp0hx8"]},"content":"3603412760完成了一次签到！","timestamp":1778497719321}
{"id":238453,"type":"info","level":2,"name":"抽卡与卡组","meta":{"paths":["lp0hx8"]},"content":"3603412760抽到了一张☆二星★卡，剩余2148P点","timestamp":1778497746726}
{"id":238500,"type":"info","level":2,"name":"抽卡与卡组","meta":{"paths":["lp0hx8"]},"content":"813013693抽到了一张❀三星☄卡，剩余3702P点","timestamp":1778497758046}
{"id":238574,"type":"error","level":1,"name":"签到","meta":{"paths":["lp0hx8"]},"content":"813013693签到失败！原因：该用户已经签到","timestamp":1778497770571}
{"id":238640,"type":"info","level":2,"name":"抽卡与卡组","meta":{"paths":["lp0hx8"]},"content":"813013693抽到了一张❀三星☄卡，剩余3302P点","timestamp":1778497786521}
{"id":238777,"type":"info","level":2,"name":"抽卡与卡组","meta":{"paths":["lp0hx8"]},"content":"813013693抽到了一张☆二星★卡，剩余2902P点","timestamp":1778497809183}
{"id":238835,"type":"info","level":2,"name":"抽卡与卡组","meta":{"paths":["lp0hx8"]},"content":"813013693抽到了一张❀三星☄卡，剩余2502P点","timestamp":1778497819899}
{"id":238864,"type":"info","level":2,"name":"抽卡与卡组","meta":{"paths":["lp0hx8"]},"content":"813013693抽到了一张☆二星★卡，剩余2102P点","timestamp":1778497824706}
{"id":240682,"type":"info","level":2,"name":"抽卡与卡组","meta":{"paths":["lp0hx8"]},"content":"3988136739抽到了一张❀三星☄卡，剩余3239P点","timestamp":1778498434738}
{"id":240809,"type":"success","level":1,"name":"抽卡与卡组","meta":{"paths":["lp0hx8"]},"content":"3988136739献祭了：4张二星  获得1120P点，当前P点数为4359","timestamp":1778498468023}
{"id":240957,"type":"success","level":1,"name":"抽卡与卡组","meta":{"paths":["lp0hx8"]},"content":"3385275057献祭了：4张二星  获得1120P点，当前P点数为5094","timestamp":1778498496727}
{"id":240993,"type":"info","level":2,"name":"抽卡与卡组","meta":{"paths":["lp0hx8"]},"content":"3385275057抽到了一张☆二星★卡，剩余4694P点","timestamp":1778498502939}
{"id":241030,"type":"info","level":2,"name":"抽卡与卡组","meta":{"paths":["lp0hx8"]},"content":"3385275057抽到了一张❀三星☄卡，剩余4294P点","timestamp":1778498507531}
{"id":241080,"type":"info","level":2,"name":"抽卡与卡组","meta":{"paths":["lp0hx8"]},"content":"3385275057抽到了一张☆二星★卡，剩余3894P点","timestamp":1778498512835}
{"id":241108,"type":"info","level":2,"name":"抽卡与卡组","meta":{"paths":["lp0hx8"]},"content":"3385275057抽到了一张☆二星★卡，剩余3494P点","timestamp":1778498515626}
{"id":241210,"type":"success","level":1,"name":"抽卡与卡组","meta":{"paths":["lp0hx8"]},"content":"3385275057献祭了：3张二星  获得840P点，当前P点数为4334","timestamp":1778498543225}
{"id":241254,"type":"info","level":2,"name":"抽卡与卡组","meta":{"paths":["lp0hx8"]},"content":"3385275057抽到了一张☆二星★卡，剩余3934P点","timestamp":1778498546815}
{"id":241278,"type":"info","level":2,"name":"抽卡与卡组","meta":{"paths":["lp0hx8"]},"content":"3385275057抽到了一张☆二星★卡，剩余3534P点","timestamp":1778498550349}
{"id":241306,"type":"info","level":2,"name":"抽卡与卡组","meta":{"paths":["lp0hx8"]},"content":"3385275057抽到了一张☆二星★卡，剩余3134P点","timestamp":1778498553811}
{"id":241412,"type":"info","level":2,"name":"抽卡与卡组","meta":{"paths":["lp0hx8"]},"content":"813013693抽到了一张☆二星★卡，剩余1702P点","timestamp":1778498583824}
{"id":241432,"type":"info","level":2,"name":"抽卡与卡组","meta":{"paths":["lp0hx8"]},"content":"813013693抽到了一张❀三星☄卡，剩余1302P点","timestamp":1778498591673}
{"id":241458,"type":"info","level":2,"name":"抽卡与卡组","meta":{"paths":["lp0hx8"]},"content":"813013693抽到了一张☆二星★卡，剩余902P点","timestamp":1778498595424}
{"id":241513,"type":"info","level":2,"name":"抽卡与卡组","meta":{"paths":["lp0hx8"]},"content":"813013693抽到了一张❀三星☄卡，剩余502P点","timestamp":1778498609548}
{"id":241536,"type":"info","level":2,"name":"抽卡与卡组","meta":{"paths":["lp0hx8"]},"content":"813013693抽到了一张❀三星☄卡，剩余102P点","timestamp":1778498612468}
{"id":241564,"type":"error","level":1,"name":"抽卡与卡组","meta":{"paths":["lp0hx8"]},"content":"813013693抽卡失败，积分不足","timestamp":1778498628313}
{"id":242452,"type":"info","level":2,"name":"抽卡与卡组","meta":{"paths":["lp0hx8"]},"content":"3988136739抽到了一张❀三星☄卡，剩余3959P点","timestamp":1778499172726}
{"id":242486,"type":"info","level":2,"name":"抽卡与卡组","meta":{"paths":["lp0hx8"]},"content":"3988136739抽到了一张☆二星★卡，剩余3559P点","timestamp":1778499176905}
{"id":242526,"type":"info","level":2,"name":"抽卡与卡组","meta":{"paths":["lp0hx8"]},"content":"3988136739抽到了一张☆二星★卡，剩余3159P点","timestamp":1778499181787}
{"id":242807,"type":"warn","level":2,"name":"command","meta":{},"content":"献祭 抽卡\nTypeError: Cannot read properties of null (reading 'split')\n    at _Command.eval (eval at <anonymous> (/root/lezskabot/koishi/koishi-app/node_modules/koishi-plugin-blockly-null/lib/index.js:1:1), <anonymous>:322:15)\n    at process.processTicksAndRejections (node:internal/process/task_queues:95:5)\n    at async Array.<anonymous> (/root/lezskabot/koishi/koishi-app/node_modules/@koishijs/core/lib/index.cjs:1079:14)\n    at async _Command.execute (/root/lezskabot/koishi/koishi-app/node_modules/@koishijs/core/lib/index.cjs:1093:22)\n    at async /root/lezskabot/koishi/koishi-app/node_modules/@koishijs/core/lib/index.cjs:2049:22\n    at async Proxy.withScope (/root/lezskabot/koishi/koishi-app/node_modules/@koishijs/core/lib/index.cjs:1958:22)\n    at async next (/root/lezskabot/koishi/koishi-app/node_modules/@koishijs/core/lib/index.cjs:827:16)\n    at async next (/root/lezskabot/koishi/koishi-app/node_modules/@koishijs/core/lib/index.cjs:827:16)\n    at async next (/root/lezskabot/koishi/koishi-app/node_modules/@koishijs/core/lib/index.cjs:827:16)\n    at async next (/root/lezskabot/koishi/koishi-app/node_modules/@koishijs/core/lib/index.cjs:827:16)","timestamp":1778499266587}
{"id":242845,"type":"error","level":1,"name":"抽卡与卡组","meta":{"paths":["lp0hx8"]},"content":"813013693抽卡失败，积分不足","timestamp":1778499274565}
{"id":242989,"type":"success","level":1,"name":"签到","meta":{"paths":["lp0hx8"]},"content":"1963408278完成了一次签到！","timestamp":1778499325559}
{"id":246764,"type":"info","level":2,"name":"抽卡与卡组","meta":{"paths":["lp0hx8"]},"content":"3385275057抽到了一张☆二星★卡，剩余2734P点","timestamp":1778501046057}
{"id":246886,"type":"success","level":1,"name":"抽卡与卡组","meta":{"paths":["lp0hx8"]},"content":"3385275057献祭了：1张二星  2张三星  获得1400P点，当前P点数为4134","timestamp":1778501082946}
{"id":247172,"type":"info","level":2,"name":"抽卡与卡组","meta":{"paths":["lp0hx8"]},"content":"3385275057抽到了一张☆二星★卡，剩余3734P点","timestamp":1778501169814}
{"id":247202,"type":"info","level":2,"name":"抽卡与卡组","meta":{"paths":["lp0hx8"]},"content":"3385275057抽到了一张❀三星☄卡，剩余3334P点","timestamp":1778501175375}
{"id":247248,"type":"info","level":2,"name":"抽卡与卡组","meta":{"paths":["lp0hx8"]},"content":"3385275057抽到了一张❀三星☄卡，剩余2934P点","timestamp":1778501180291}
{"id":247387,"type":"success","level":1,"name":"抽卡与卡组","meta":{"paths":["lp0hx8"]},"content":"3385275057献祭了：1张二星  2张三星  获得1400P点，当前P点数为4334","timestamp":1778501216523}
{"id":247439,"type":"info","level":2,"name":"抽卡与卡组","meta":{"paths":["lp0hx8"]},"content":"3385275057抽到了一张☆二星★卡，剩余3934P点","timestamp":1778501221333}
{"id":247461,"type":"info","level":2,"name":"抽卡与卡组","meta":{"paths":["lp0hx8"]},"content":"3385275057抽到了一张☆二星★卡，剩余3534P点","timestamp":1778501225771}
{"id":247489,"type":"info","level":2,"name":"抽卡与卡组","meta":{"paths":["lp0hx8"]},"content":"3385275057抽到了一张☆二星★卡，剩余3134P点","timestamp":1778501228191}
{"id":251657,"type":"success","level":1,"name":"签到","meta":{"paths":["lp0hx8"]},"content":"3980423768完成了一次签到！","timestamp":1778503209150}
{"id":251793,"type":"info","level":2,"name":"抽卡与卡组","meta":{"paths":["lp0hx8"]},"content":"978229136抽到了一张❀三星☄卡，剩余8937P点","timestamp":1778503242682}
{"id":251860,"type":"success","level":1,"name":"签到","meta":{"paths":["lp0hx8"]},"content":"978229136完成了一次签到！","timestamp":1778503257467}
{"id":252079,"type":"success","level":1,"name":"抽卡与卡组","meta":{"paths":["lp0hx8"]},"content":"1296434423献祭了：3张二星  获得840P点，当前P点数为30843","timestamp":1778503344639}
{"id":252112,"type":"error","level":1,"name":"签到","meta":{"paths":["lp0hx8"]},"content":"2334828455签到失败！原因：该用户已经签到","timestamp":1778503358312}
{"id":258664,"type":"success","level":1,"name":"签到","meta":{"paths":["lp0hx8"]},"content":"1090073898完成了一次签到！","timestamp":1778505526103}
{"id":262203,"type":"success","level":1,"name":"签到","meta":{"paths":["lp0hx8"]},"content":"3995085039完成了一次签到！","timestamp":1778506841311}
{"id":262279,"type":"info","level":2,"name":"抽卡与卡组","meta":{"paths":["lp0hx8"]},"content":"3995085039抽到了一张☆二星★卡，剩余4797P点","timestamp":1778506868561}
{"id":263144,"type":"success","level":1,"name":"签到","meta":{"paths":["lp0hx8"]},"content":"2627939216完成了一次签到！","timestamp":1778507260467}
{"id":263286,"type":"success","level":1,"name":"签到","meta":{"paths":["lp0hx8"]},"content":"2339626675完成了一次签到！","timestamp":1778507302071}
{"id":263601,"type":"info","level":2,"name":"抽卡与卡组","meta":{"paths":["lp0hx8"]},"content":"2627939216抽到了一张☆二星★卡，剩余17759P点","timestamp":1778507421982}
{"id":263749,"type":"error","level":1,"name":"抽卡与卡组","meta":{"paths":["lp0hx8"]},"content":"3366143939抽卡失败，积分不足","timestamp":1778507486868}
{"id":263768,"type":"info","level":2,"name":"抽卡与卡组","meta":{"paths":["lp0hx8"]},"content":"2627939216抽到了一张☆二星★卡，剩余14959P点","timestamp":1778507491110}
{"id":264661,"type":"error","level":1,"name":"签到","meta":{"paths":["lp0hx8"]},"content":"3997019972签到失败！原因：该用户已经签到","timestamp":1778508125708}
{"id":265566,"type":"success","level":1,"name":"抽卡与卡组","meta":{"paths":["lp0hx8"]},"content":"1296434423献祭了：3张三星  1张四星  获得2880P点，当前P点数为32523","timestamp":1778508774057}
{"id":265966,"type":"success","level":1,"name":"抽卡与卡组","meta":{"paths":["lp0hx8"]},"content":"1296434423献祭了：3张二星  1张三星  获得1400P点，当前P点数为32323","timestamp":1778508889595}
{"id":266122,"type":"error","level":1,"name":"抽卡与卡组","meta":{"paths":["lp0hx8"]},"content":"1969859341抽卡失败，积分不足","timestamp":1778508934145}
{"id":268338,"type":"error","level":1,"name":"签到","meta":{"paths":["lp0hx8"]},"content":"3862674159签到失败！原因：该用户已经签到","timestamp":1778509890946}
{"id":270835,"type":"success","level":1,"name":"签到","meta":{"paths":["lp0hx8"]},"content":"2141971921完成了一次签到！","timestamp":1778510708648}
{"id":270883,"type":"error","level":1,"name":"签到","meta":{"paths":["lp0hx8"]},"content":"2188730297签到失败！原因：该用户已经签到","timestamp":1778510715152}
{"id":270985,"type":"info","level":2,"name":"抽卡与卡组","meta":{"paths":["lp0hx8"]},"content":"2188730297抽到了一张☆二星★卡，剩余2296P点","timestamp":1778510749130}
{"id":271040,"type":"info","level":2,"name":"签到","meta":{"paths":["lp0hx8"]},"content":"2188730297向2141971921赠送了2296个P点","timestamp":1778510756961}
{"id":272362,"type":"success","level":1,"name":"抽卡与卡组","meta":{"paths":["lp0hx8"]},"content":"3385275057献祭了：2张二星  1张三星  获得1120P点，当前P点数为1454","timestamp":1778511399870}
{"id":272396,"type":"info","level":2,"name":"抽卡与卡组","meta":{"paths":["lp0hx8"]},"content":"3385275057抽到了一张☆二星★卡，剩余1054P点","timestamp":1778511403844}
{"id":272440,"type":"info","level":2,"name":"抽卡与卡组","meta":{"paths":["lp0hx8"]},"content":"3385275057抽到了一张☆二星★卡，剩余654P点","timestamp":1778511408551}
{"id":272474,"type":"info","level":2,"name":"抽卡与卡组","meta":{"paths":["lp0hx8"]},"content":"3385275057抽到了一张❀三星☄卡，剩余254P点","timestamp":1778511410357}
{"id":273710,"type":"info","level":2,"name":"绑定id","meta":{"paths":["lp0hx8"]},"content":"用户937530578绑定了cnid：7620817772238428963","timestamp":1778511823717}
{"id":274143,"type":"info","level":2,"name":"绑定id","meta":{"paths":["lp0hx8"]},"content":"用户937530578绑定了cnid：7620817772238428963","timestamp":1778511961574}
{"id":274942,"type":"success","level":1,"name":"签到","meta":{"paths":["lp0hx8"]},"content":"1569181511完成了一次签到！","timestamp":1778512255841}
{"id":274998,"type":"info","level":2,"name":"抽卡与卡组","meta":{"paths":["lp0hx8"]},"content":"1569181511抽到了一张❀三星☄卡，剩余4441P点","timestamp":1778512263588}
{"id":275211,"type":"info","level":2,"name":"抽卡与卡组","meta":{"paths":["lp0hx8"]},"content":"1569181511抽到了一张☆二星★卡，剩余4041P点","timestamp":1778512306766}
{"id":275259,"type":"info","level":2,"name":"抽卡与卡组","meta":{"paths":["lp0hx8"]},"content":"1569181511抽到了一张☆二星★卡，剩余3641P点","timestamp":1778512320748}
{"id":275312,"type":"info","level":2,"name":"抽卡与卡组","meta":{"paths":["lp0hx8"]},"content":"1569181511抽到了一张☆二星★卡，剩余3241P点","timestamp":1778512326434}
{"id":275338,"type":"info","level":2,"name":"抽卡与卡组","meta":{"paths":["lp0hx8"]},"content":"1569181511抽到了一张❀三星☄卡，剩余2841P点","timestamp":1778512331660}
{"id":275466,"type":"info","level":2,"name":"抽卡与卡组","meta":{"paths":["lp0hx8"]},"content":"1569181511抽到了一张❀三星☄卡，剩余2441P点","timestamp":1778512349718}
{"id":275468,"type":"error","level":1,"name":"签到","meta":{"paths":["lp0hx8"]},"content":"3497892115签到失败！原因：该用户已经签到","timestamp":1778512349765}
{"id":275577,"type":"info","level":2,"name":"抽卡与卡组","meta":{"paths":["lp0hx8"]},"content":"1569181511抽到了一张☆二星★卡，剩余2041P点","timestamp":1778512371993}
{"id":275623,"type":"info","level":2,"name":"抽卡与卡组","meta":{"paths":["lp0hx8"]},"content":"1569181511抽到了一张☆二星★卡，剩余1641P点","timestamp":1778512380007}
{"id":275700,"type":"success","level":1,"name":"抽卡与卡组","meta":{"paths":["lp0hx8"]},"content":"1569181511献祭了：4张三星  获得2240P点，当前P点数为3881","timestamp":1778512405478}
{"id":275740,"type":"info","level":2,"name":"抽卡与卡组","meta":{"paths":["lp0hx8"]},"content":"1569181511抽到了一张❀三星☄卡，剩余3481P点","timestamp":1778512411573}
{"id":275781,"type":"info","level":2,"name":"抽卡与卡组","meta":{"paths":["lp0hx8"]},"content":"1569181511抽到了一张☆二星★卡，剩余3081P点","timestamp":1778512416033}
{"id":275827,"type":"info","level":2,"name":"抽卡与卡组","meta":{"paths":["lp0hx8"]},"content":"1569181511抽到了一张☆二星★卡，剩余2681P点","timestamp":1778512421946}
{"id":275851,"type":"info","level":2,"name":"抽卡与卡组","meta":{"paths":["lp0hx8"]},"content":"1569181511抽到了一张❀三星☄卡，剩余2281P点","timestamp":1778512425469}
{"id":275884,"type":"error","level":1,"name":"抽卡与卡组","meta":{"paths":["lp0hx8"]},"content":"3346368533抽卡失败，积分不足","timestamp":1778512428698}
{"id":275887,"type":"info","level":2,"name":"抽卡与卡组","meta":{"paths":["lp0hx8"]},"content":"1569181511抽到了一张☆二星★卡，剩余1881P点","timestamp":1778512428730}
{"id":275955,"type":"warn","level":2,"name":"session","meta":{},"content":"Error: Error with request send_group_msg, args: {\"group_id\":1091191330,\"message\":[{\"type\":\"at\",\"data\":{\"qq\":\"1569181511\"}},{\"type\":\"text\",\"data\":{\"text\":\"你献祭了：\\n2张二星\\n1张三星\\n获得1120P点！\\n当前P点数3001\"}}]}, retcode: 1200\n    at _Internal._get (/root/lezskabot/koishi/koishi-app/node_modules/koishi-plugin-adapter-onebot/lib/index.js:119:11)\n    at process.processTicksAndRejections (node:internal/process/task_queues:95:5)\n    at async _Internal.<computed> [as sendGroupMsg] (/root/lezskabot/koishi/koishi-app/node_modules/koishi-plugin-adapter-onebot/lib/index.js:162:20)\n    at async OneBotMessageEncoder.flush (/root/lezskabot/koishi/koishi-app/node_modules/koishi-plugin-adapter-onebot/lib/index.js:771:338)\n    at async OneBotMessageEncoder.send (/root/lezskabot/koishi/koishi-app/node_modules/@satorijs/core/lib/index.cjs:755:5)\n    at async Proxy.sendMessage (/root/lezskabot/koishi/koishi-app/node_modules/@satorijs/core/lib/index.cjs:487:22)\n    at async _Command.eval (eval at <anonymous> (/root/lezskabot/koishi/koishi-app/node_modules/koishi-plugin-blockly-null/lib/index.js:1:1), <anonymous>:396:17)\n    at async Array.<anonymous> (/root/lezskabot/koishi/koishi-app/node_modules/@koishijs/core/lib/index.cjs:1079:14)\n    at async _Command.execute (/root/lezskabot/koishi/koishi-app/node_modules/@koishijs/core/lib/index.cjs:1093:22)\n    at async /root/lezskabot/koishi/koishi-app/node_modules/@koishijs/core/lib/index.cjs:2049:22","timestamp":1778512440250}
{"id":275957,"type":"success","level":1,"name":"抽卡与卡组","meta":{"paths":["lp0hx8"]},"content":"1569181511献祭了：2张二星  1张三星  获得1120P点，当前P点数为3001","timestamp":1778512440272}
{"id":276066,"type":"info","level":2,"name":"抽卡与卡组","meta":{"paths":["lp0hx8"]},"content":"1569181511抽到了一张☆二星★卡，剩余2601P点","timestamp":1778512471847}
{"id":276104,"type":"info","level":2,"name":"抽卡与卡组","meta":{"paths":["lp0hx8"]},"content":"1569181511抽到了一张☆二星★卡，剩余2201P点","timestamp":1778512477878}
{"id":276172,"type":"info","level":2,"name":"抽卡与卡组","meta":{"paths":["lp0hx8"]},"content":"1569181511抽到了一张❀三星☄卡，剩余1801P点","timestamp":1778512491282}
{"id":276217,"type":"success","level":1,"name":"抽卡与卡组","meta":{"paths":["lp0hx8"]},"content":"1569181511献祭了：2张二星  1张三星  获得1120P点，当前P点数为2921","timestamp":1778512506106}
{"id":276242,"type":"info","level":2,"name":"抽卡与卡组","meta":{"paths":["lp0hx8"]},"content":"1569181511抽到了一张☆二星★卡，剩余2521P点","timestamp":1778512511351}
{"id":276266,"type":"info","level":2,"name":"抽卡与卡组","meta":{"paths":["lp0hx8"]},"content":"1569181511抽到了一张☆二星★卡，剩余2121P点","timestamp":1778512514339}
{"id":276296,"type":"info","level":2,"name":"抽卡与卡组","meta":{"paths":["lp0hx8"]},"content":"1569181511抽到了一张❀三星☄卡，剩余1721P点","timestamp":1778512517461}
{"id":276315,"type":"info","level":2,"name":"抽卡与卡组","meta":{"paths":["lp0hx8"]},"content":"1569181511抽到了一张☆二星★卡，剩余1321P点","timestamp":1778512521056}
{"id":276361,"type":"success","level":1,"name":"抽卡与卡组","meta":{"paths":["lp0hx8"]},"content":"1569181511献祭了：2张二星  1张三星  获得1120P点，当前P点数为2441","timestamp":1778512542519}
{"id":276385,"type":"info","level":2,"name":"抽卡与卡组","meta":{"paths":["lp0hx8"]},"content":"1569181511抽到了一张☆二星★卡，剩余2041P点","timestamp":1778512546290}
{"id":276409,"type":"info","level":2,"name":"抽卡与卡组","meta":{"paths":["lp0hx8"]},"content":"1569181511抽到了一张❀三星☄卡，剩余1641P点","timestamp":1778512549331}
{"id":276439,"type":"info","level":2,"name":"抽卡与卡组","meta":{"paths":["lp0hx8"]},"content":"1569181511抽到了一张☆二星★卡，剩余1241P点","timestamp":1778512553433}
{"id":276460,"type":"success","level":1,"name":"抽卡与卡组","meta":{"paths":["lp0hx8"]},"content":"1569181511献祭了：2张二星  1张三星  获得1120P点，当前P点数为2361","timestamp":1778512561649}
{"id":276505,"type":"info","level":2,"name":"抽卡与卡组","meta":{"paths":["lp0hx8"]},"content":"1569181511抽到了一张❀三星☄卡，剩余1961P点","timestamp":1778512580364}
{"id":276530,"type":"info","level":2,"name":"抽卡与卡组","meta":{"paths":["lp0hx8"]},"content":"1569181511抽到了一张❀三星☄卡，剩余1561P点","timestamp":1778512586564}
{"id":276557,"type":"info","level":2,"name":"抽卡与卡组","meta":{"paths":["lp0hx8"]},"content":"1569181511抽到了一张❀三星☄卡，剩余1161P点","timestamp":1778512593848}
{"id":276602,"type":"success","level":1,"name":"抽卡与卡组","meta":{"paths":["lp0hx8"]},"content":"1569181511献祭了：3张三星  获得1680P点，当前P点数为2841","timestamp":1778512614789}
{"id":276641,"type":"info","level":2,"name":"抽卡与卡组","meta":{"paths":["lp0hx8"]},"content":"1569181511抽到了一张☆二星★卡，剩余2441P点","timestamp":1778512627883}
{"id":276686,"type":"info","level":2,"name":"抽卡与卡组","meta":{"paths":["lp0hx8"]},"content":"1569181511抽到了一张❀三星☄卡，剩余2041P点","timestamp":1778512634324}
{"id":276728,"type":"info","level":2,"name":"抽卡与卡组","meta":{"paths":["lp0hx8"]},"content":"1569181511抽到了一张☆二星★卡，剩余1641P点","timestamp":1778512640823}
{"id":276771,"type":"success","level":1,"name":"抽卡与卡组","meta":{"paths":["lp0hx8"]},"content":"1569181511献祭了：2张二星  1张三星  获得1120P点，当前P点数为2761","timestamp":1778512650283}
{"id":276807,"type":"info","level":2,"name":"抽卡与卡组","meta":{"paths":["lp0hx8"]},"content":"1569181511抽到了一张❀三星☄卡，剩余2361P点","timestamp":1778512656668}
{"id":276862,"type":"info","level":2,"name":"抽卡与卡组","meta":{"paths":["lp0hx8"]},"content":"1569181511抽到了一张☆二星★卡，剩余1961P点","timestamp":1778512677162}
{"id":276898,"type":"info","level":2,"name":"抽卡与卡组","meta":{"paths":["lp0hx8"]},"content":"1569181511抽到了一张☆二星★卡，剩余1561P点","timestamp":1778512681758}
{"id":276931,"type":"success","level":1,"name":"抽卡与卡组","meta":{"paths":["lp0hx8"]},"content":"1569181511献祭了：2张二星  1张三星  获得1120P点，当前P点数为2681","timestamp":1778512689102}
{"id":276957,"type":"info","level":2,"name":"抽卡与卡组","meta":{"paths":["lp0hx8"]},"content":"1569181511抽到了一张☆二星★卡，剩余2281P点","timestamp":1778512692259}
{"id":276987,"type":"info","level":2,"name":"抽卡与卡组","meta":{"paths":["lp0hx8"]},"content":"1569181511抽到了一张❀三星☄卡，剩余1881P点","timestamp":1778512695539}
{"id":277195,"type":"info","level":2,"name":"抽卡与卡组","meta":{"paths":["lp0hx8"]},"content":"1569181511抽到了一张☆二星★卡，剩余1481P点","timestamp":1778512779817}
{"id":277253,"type":"success","level":1,"name":"抽卡与卡组","meta":{"paths":["lp0hx8"]},"content":"1569181511献祭了：2张二星  1张三星  获得1120P点，当前P点数为2601","timestamp":1778512786704}
{"id":277281,"type":"info","level":2,"name":"签到","meta":{"paths":["lp0hx8"]},"content":"已更新1569181511的抢劫次数和记录","timestamp":1778512796915}
{"id":277298,"type":"success","level":1,"name":"签到","meta":{"paths":["lp0hx8"]},"content":"1569181511抢劫1296434423失败！失去了161P点！","timestamp":1778512797214}
{"id":277299,"type":"info","level":2,"name":"签到","meta":{"paths":["lp0hx8"]},"content":"1569181511今天的抢劫记录为-161   |    剩余抢劫次数为2","timestamp":1778512797215}
{"id":277444,"type":"success","level":1,"name":"签到","meta":{"paths":["lp0hx8"]},"content":"1569181511抢了1012113121的424P点！","timestamp":1778512826535}
{"id":277445,"type":"info","level":2,"name":"签到","meta":{"paths":["lp0hx8"]},"content":"1569181511今天的抢劫记录为263   |    剩余抢劫次数为1","timestamp":1778512826536}
{"id":277499,"type":"info","level":2,"name":"抽卡与卡组","meta":{"paths":["lp0hx8"]},"content":"1569181511抽到了一张❀三星☄卡，剩余2464P点","timestamp":1778512833233}
{"id":277535,"type":"info","level":2,"name":"抽卡与卡组","meta":{"paths":["lp0hx8"]},"content":"1569181511抽到了一张☆二星★卡，剩余2064P点","timestamp":1778512839837}
{"id":277563,"type":"info","level":2,"name":"抽卡与卡组","meta":{"paths":["lp0hx8"]},"content":"1569181511抽到了一张☆二星★卡，剩余1664P点","timestamp":1778512844189}
{"id":277776,"type":"info","level":2,"name":"抽卡与卡组","meta":{"paths":["lp0hx8"]},"content":"1569181511抽到了一张❀三星☄卡，剩余1264P点","timestamp":1778512895376}
{"id":277810,"type":"info","level":2,"name":"抽卡与卡组","meta":{"paths":["lp0hx8"]},"content":"1569181511抽到了一张☆二星★卡，剩余864P点","timestamp":1778512898964}
{"id":277829,"type":"info","level":2,"name":"抽卡与卡组","meta":{"paths":["lp0hx8"]},"content":"1569181511抽到了一张☆二星★卡，剩余464P点","timestamp":1778512901576}
{"id":277866,"type":"info","level":2,"name":"抽卡与卡组","meta":{"paths":["lp0hx8"]},"content":"1569181511抽到了一张☆二星★卡，剩余64P点","timestamp":1778512904066}
{"id":279383,"type":"info","level":2,"name":"绑定id","meta":{"paths":["lp0hx8"]},"content":"用户2296476448绑定了cnid：7514307227184831268","timestamp":1778513847990}
{"id":279522,"type":"info","level":2,"name":"绑定id","meta":{"paths":["lp0hx8"]},"content":"用户2296476448绑定了cnid：7514307227184831268","timestamp":1778513944140}
{"id":279577,"type":"info","level":2,"name":"绑定id","meta":{"paths":["lp0hx8"]},"content":"用户2296476448绑定了cnid：7514307227184831268","timestamp":1778513968121}
{"id":279700,"type":"info","level":2,"name":"绑定id","meta":{"paths":["lp0hx8"]},"content":"用户1804301928绑定了cnid：7602190291008903974","timestamp":1778514009228}
{"id":280062,"type":"info","level":2,"name":"绑定id","meta":{"paths":["lp0hx8"]},"content":"用户1804301928绑定了cnid：7602190291008903974","timestamp":1778514165794}
{"id":280236,"type":"error","level":1,"name":"抽卡与卡组","meta":{"paths":["lp0hx8"]},"content":"3366143939抽卡失败，积分不足","timestamp":1778514269764}
{"id":280264,"type":"error","level":1,"name":"抽卡与卡组","meta":{"paths":["lp0hx8"]},"content":"3366143939抽卡失败，积分不足","timestamp":1778514277414}
{"id":280282,"type":"error","level":1,"name":"抽卡与卡组","meta":{"paths":["lp0hx8"]},"content":"3366143939抽卡失败，积分不足","timestamp":1778514281758}
{"id":280312,"type":"error","level":1,"name":"抽卡与卡组","meta":{"paths":["lp0hx8"]},"content":"3366143939抽卡失败，积分不足","timestamp":1778514286265}
{"id":280762,"type":"info","level":2,"name":"绑定id","meta":{"paths":["lp0hx8"]},"content":"用户2276942246绑定了cnid：7487261192713444122","timestamp":1778514575279}
{"id":281959,"type":"success","level":1,"name":"签到","meta":{"paths":["lp0hx8"]},"content":"3389530537完成了一次签到！","timestamp":1778515241598}
{"id":282030,"type":"success","level":1,"name":"签到","meta":{"paths":["lp0hx8"]},"content":"2018283414完成了一次签到！","timestamp":1778515250015}
{"id":282147,"type":"success","level":1,"name":"签到","meta":{"paths":["lp0hx8"]},"content":"1962318808完成了一次签到！","timestamp":1778515257770}
{"id":282178,"type":"success","level":1,"name":"签到","meta":{"paths":["lp0hx8"]},"content":"813013693完成了一次签到！","timestamp":1778515260857}
{"id":282205,"type":"success","level":1,"name":"签到","meta":{"paths":["lp0hx8"]},"content":"3366143939完成了一次签到！","timestamp":1778515265074}
{"id":282251,"type":"success","level":1,"name":"签到","meta":{"paths":["lp0hx8"]},"content":"2406088379完成了一次签到！","timestamp":1778515267602}
{"id":282261,"type":"success","level":1,"name":"签到","meta":{"paths":["lp0hx8"]},"content":"2980858358完成了一次签到！","timestamp":1778515268146}
{"id":282375,"type":"success","level":1,"name":"签到","meta":{"paths":["lp0hx8"]},"content":"1652933285完成了一次签到！","timestamp":1778515286467}
{"id":282436,"type":"info","level":2,"name":"抽卡与卡组","meta":{"paths":["lp0hx8"]},"content":"813013693抽到了一张❀三星☄卡，剩余2781P点","timestamp":1778515294819}
{"id":282490,"type":"info","level":2,"name":"抽卡与卡组","meta":{"paths":["lp0hx8"]},"content":"813013693抽到了一张☆二星★卡，剩余2381P点","timestamp":1778515302894}
{"id":282600,"type":"info","level":2,"name":"抽卡与卡组","meta":{"paths":["lp0hx8"]},"content":"813013693抽到了一张☆二星★卡，剩余1981P点","timestamp":1778515312664}
{"id":282646,"type":"info","level":2,"name":"抽卡与卡组","meta":{"paths":["lp0hx8"]},"content":"813013693抽到了一张☆二星★卡，剩余1581P点","timestamp":1778515318274}
{"id":282682,"type":"info","level":2,"name":"抽卡与卡组","meta":{"paths":["lp0hx8"]},"content":"3366143939抽到了一张☆二星★卡，剩余3142P点","timestamp":1778515319908}
{"id":282706,"type":"info","level":2,"name":"抽卡与卡组","meta":{"paths":["lp0hx8"]},"content":"813013693抽到了一张☆二星★卡，剩余1181P点","timestamp":1778515324066}
{"id":282743,"type":"info","level":2,"name":"抽卡与卡组","meta":{"paths":["lp0hx8"]},"content":"813013693抽到了一张☆二星★卡，剩余781P点","timestamp":1778515329966}
{"id":282798,"type":"info","level":2,"name":"抽卡与卡组","meta":{"paths":["lp0hx8"]},"content":"813013693抽到了一张☆二星★卡，剩余381P点","timestamp":1778515335313}
{"id":282801,"type":"info","level":2,"name":"抽卡与卡组","meta":{"paths":["lp0hx8"]},"content":"2018283414抽到了一张☆二星★卡，剩余1031P点","timestamp":1778515335974}
{"id":282827,"type":"info","level":2,"name":"抽卡与卡组","meta":{"paths":["lp0hx8"]},"content":"2018283414抽到了一张☆二星★卡，剩余631P点","timestamp":1778515341841}
{"id":282864,"type":"success","level":1,"name":"签到","meta":{"paths":["lp0hx8"]},"content":"2994459542完成了一次签到！","timestamp":1778515342742}
{"id":282891,"type":"success","level":1,"name":"抽卡与卡组","meta":{"paths":["lp0hx8"]},"content":"1652933285献祭了：5张二星  2张三星  获得2520P点，当前P点数为3062","timestamp":1778515344404}
{"id":282894,"type":"info","level":2,"name":"抽卡与卡组","meta":{"paths":["lp0hx8"]},"content":"2018283414抽到了一张☆二星★卡，剩余231P点","timestamp":1778515345160}
{"id":282987,"type":"success","level":1,"name":"签到","meta":{"paths":["lp0hx8"]},"content":"956937232完成了一次签到！","timestamp":1778515364945}
{"id":283014,"type":"success","level":1,"name":"签到","meta":{"paths":["lp0hx8"]},"content":"978229136完成了一次签到！","timestamp":1778515367000}
{"id":283047,"type":"success","level":1,"name":"签到","meta":{"paths":["lp0hx8"]},"content":"3997019972完成了一次签到！","timestamp":1778515368496}
{"id":283069,"type":"success","level":1,"name":"签到","meta":{"paths":["lp0hx8"]},"content":"971217490完成了一次签到！","timestamp":1778515371864}
{"id":283128,"type":"success","level":1,"name":"签到","meta":{"paths":["lp0hx8"]},"content":"1012113121完成了一次签到！","timestamp":1778515380152}
{"id":283191,"type":"success","level":1,"name":"抽卡与卡组","meta":{"paths":["lp0hx8"]},"content":"3366143939献祭了：2张二星  1张三星  获得1120P点，当前P点数为4262","timestamp":1778515388805}
{"id":283330,"type":"info","level":2,"name":"抽卡与卡组","meta":{"paths":["lp0hx8"]},"content":"3366143939抽到了一张❀三星☄卡，剩余3862P点","timestamp":1778515407670}
{"id":283417,"type":"success","level":1,"name":"签到","meta":{"paths":["lp0hx8"]},"content":"629832381完成了一次签到！","timestamp":1778515415866}
{"id":283424,"type":"info","level":2,"name":"抽卡与卡组","meta":{"paths":["lp0hx8"]},"content":"3366143939抽到了一张❀三星☄卡，剩余3462P点","timestamp":1778515416156}
{"id":283482,"type":"info","level":2,"name":"抽卡与卡组","meta":{"paths":["lp0hx8"]},"content":"3366143939抽到了一张☆二星★卡，剩余3062P点","timestamp":1778515422637}
{"id":283589,"type":"info","level":2,"name":"抽卡与卡组","meta":{"paths":["lp0hx8"]},"content":"3366143939抽到了一张☆二星★卡，剩余2662P点","timestamp":1778515442489}
{"id":283770,"type":"success","level":1,"name":"签到","meta":{"paths":["lp0hx8"]},"content":"1509417679完成了一次签到！","timestamp":1778515468299}
{"id":283819,"type":"info","level":2,"name":"抽卡与卡组","meta":{"paths":["lp0hx8"]},"content":"629832381抽到了一张❀三星☄卡，剩余10183P点","timestamp":1778515473459}
