{"id":136161,"type":"success","level":1,"name":"签到","meta":{"paths":["lp0hx8"]},"content":"3026137282完成了一次签到！","timestamp":1779408138293}
{"id":136507,"type":"success","level":1,"name":"签到","meta":{"paths":["lp0hx8"]},"content":"2558144075完成了一次签到！","timestamp":1779409357511}
{"id":136756,"type":"success","level":1,"name":"签到","meta":{"paths":["lp0hx8"]},"content":"2221639610完成了一次签到！","timestamp":1779410823199}
{"id":136864,"type":"success","level":1,"name":"签到","meta":{"paths":["lp0hx8"]},"content":"1329863603完成了一次签到！","timestamp":1779411404100}
{"id":137049,"type":"success","level":1,"name":"签到","meta":{"paths":["lp0hx8"]},"content":"2858787094完成了一次签到！","timestamp":1779411584587}
{"id":137419,"type":"success","level":1,"name":"签到","meta":{"paths":["lp0hx8"]},"content":"3055983840完成了一次签到！","timestamp":1779411891602}
{"id":137440,"type":"success","level":1,"name":"签到","meta":{"paths":["lp0hx8"]},"content":"2188730297完成了一次签到！","timestamp":1779411897880}
{"id":137469,"type":"info","level":2,"name":"抽卡与卡组","meta":{"paths":["lp0hx8"]},"content":"3055983840抽到了一张♔♕四星(?)♕♔卡，剩余2429P点","timestamp":1779411906304}
{"id":137632,"type":"info","level":2,"name":"签到","meta":{"paths":["lp0hx8"]},"content":"已更新3980423768的抢劫次数和记录","timestamp":1779412236710}
{"id":137649,"type":"success","level":1,"name":"签到","meta":{"paths":["lp0hx8"]},"content":"3980423768抢劫29053789失败！失去了26P点！","timestamp":1779412237086}
{"id":137650,"type":"info","level":2,"name":"签到","meta":{"paths":["lp0hx8"]},"content":"3980423768今天的抢劫记录为-26   |    剩余抢劫次数为2","timestamp":1779412237087}
{"id":137695,"type":"success","level":1,"name":"签到","meta":{"paths":["lp0hx8"]},"content":"3980423768抢了29053789的297P点！","timestamp":1779412245494}
{"id":137696,"type":"info","level":2,"name":"签到","meta":{"paths":["lp0hx8"]},"content":"3980423768今天的抢劫记录为271   |    剩余抢劫次数为1","timestamp":1779412245495}
{"id":137724,"type":"success","level":1,"name":"签到","meta":{"paths":["lp0hx8"]},"content":"2334828455完成了一次签到！","timestamp":1779412251414}
{"id":137748,"type":"info","level":2,"name":"抽卡与卡组","meta":{"paths":["lp0hx8"]},"content":"3980423768抽到了一张☆二星★卡，剩余35P点","timestamp":1779412253111}
{"id":137816,"type":"success","level":1,"name":"签到","meta":{"paths":["lp0hx8"]},"content":"3389530537完成了一次签到！","timestamp":1779412273702}
{"id":137872,"type":"info","level":2,"name":"抽卡与卡组","meta":{"paths":["lp0hx8"]},"content":"2858787094抽到了一张☆二星★卡，剩余2103P点","timestamp":1779412295080}
{"id":137897,"type":"info","level":2,"name":"抽卡与卡组","meta":{"paths":["lp0hx8"]},"content":"2858787094抽到了一张☆二星★卡，剩余1703P点","timestamp":1779412299695}
{"id":137932,"type":"info","level":2,"name":"抽卡与卡组","meta":{"paths":["lp0hx8"]},"content":"3389530537抽到了一张☆二星★卡，剩余23962P点","timestamp":1779412303505}
{"id":137935,"type":"info","level":2,"name":"抽卡与卡组","meta":{"paths":["lp0hx8"]},"content":"2858787094抽到了一张☆二星★卡，剩余1303P点","timestamp":1779412304513}
{"id":137970,"type":"info","level":2,"name":"抽卡与卡组","meta":{"paths":["lp0hx8"]},"content":"2858787094抽到了一张❀三星☄卡，剩余903P点","timestamp":1779412315498}
{"id":137973,"type":"info","level":2,"name":"抽卡与卡组","meta":{"paths":["lp0hx8"]},"content":"3389530537抽到了一张☆二星★卡，剩余23562P点","timestamp":1779412316099}
{"id":138048,"type":"success","level":1,"name":"签到","meta":{"paths":["lp0hx8"]},"content":"3980423768抢了2334828455的417P点！","timestamp":1779412330978}
{"id":138049,"type":"info","level":2,"name":"签到","meta":{"paths":["lp0hx8"]},"content":"3980423768今天的抢劫记录为688   |    剩余抢劫次数为0","timestamp":1779412330979}
{"id":138074,"type":"info","level":2,"name":"抽卡与卡组","meta":{"paths":["lp0hx8"]},"content":"3980423768抽到了一张☆二星★卡，剩余52P点","timestamp":1779412334889}
{"id":138095,"type":"success","level":1,"name":"抽卡与卡组","meta":{"paths":["lp0hx8"]},"content":"3980423768献祭了：2张二星  1张四星  获得1760P点，当前P点数为1812","timestamp":1779412343486}
{"id":138156,"type":"success","level":1,"name":"抽卡与卡组","meta":{"paths":["lp0hx8"]},"content":"3980423768献祭了：2张二星  1张三星  获得1120P点，当前P点数为1732","timestamp":1779412361782}
{"id":138212,"type":"info","level":2,"name":"抽卡与卡组","meta":{"paths":["lp0hx8"]},"content":"2858787094抽到了一张☆二星★卡，剩余503P点","timestamp":1779412399090}
{"id":138231,"type":"info","level":2,"name":"抽卡与卡组","meta":{"paths":["lp0hx8"]},"content":"2858787094抽到了一张☆二星★卡，剩余103P点","timestamp":1779412405909}
{"id":138298,"type":"info","level":2,"name":"签到","meta":{"paths":["lp0hx8"]},"content":"已更新3055983840的抢劫次数和记录","timestamp":1779412711814}
{"id":138315,"type":"success","level":1,"name":"签到","meta":{"paths":["lp0hx8"]},"content":"3055983840抢劫2432499215失败！失去了104P点！","timestamp":1779412712487}
{"id":138316,"type":"info","level":2,"name":"签到","meta":{"paths":["lp0hx8"]},"content":"3055983840今天的抢劫记录为-104   |    剩余抢劫次数为2","timestamp":1779412712504}
{"id":138356,"type":"success","level":1,"name":"签到","meta":{"paths":["lp0hx8"]},"content":"3055983840抢了1652933285的434P点！","timestamp":1779412728292}
{"id":138357,"type":"info","level":2,"name":"签到","meta":{"paths":["lp0hx8"]},"content":"3055983840今天的抢劫记录为330   |    剩余抢劫次数为1","timestamp":1779412728292}
{"id":138390,"type":"success","level":1,"name":"签到","meta":{"paths":["lp0hx8"]},"content":"3055983840抢了3980423768的42P点！","timestamp":1779412746990}
{"id":138391,"type":"info","level":2,"name":"签到","meta":{"paths":["lp0hx8"]},"content":"3055983840今天的抢劫记录为372   |    剩余抢劫次数为0","timestamp":1779412747004}
{"id":138492,"type":"info","level":2,"name":"签到","meta":{"paths":["lp0hx8"]},"content":"已更新1652933285的抢劫次数和记录","timestamp":1779412813208}
{"id":138513,"type":"success","level":1,"name":"签到","meta":{"paths":["lp0hx8"]},"content":"1652933285抢了2432499215的496P点！","timestamp":1779412814111}
{"id":138514,"type":"info","level":2,"name":"签到","meta":{"paths":["lp0hx8"]},"content":"1652933285今天的抢劫记录为496   |    剩余抢劫次数为2","timestamp":1779412814112}
{"id":138564,"type":"info","level":2,"name":"签到","meta":{"paths":["lp0hx8"]},"content":"已更新2188730297的抢劫次数和记录","timestamp":1779412823592}
{"id":138604,"type":"success","level":1,"name":"签到","meta":{"paths":["lp0hx8"]},"content":"2188730297抢了2432499215的179P点！","timestamp":1779412824785}
{"id":138605,"type":"info","level":2,"name":"签到","meta":{"paths":["lp0hx8"]},"content":"2188730297今天的抢劫记录为179   |    剩余抢劫次数为2","timestamp":1779412824787}
{"id":138744,"type":"info","level":2,"name":"签到","meta":{"paths":["lp0hx8"]},"content":"已更新2432499215的抢劫次数和记录","timestamp":1779412972306}
{"id":138841,"type":"success","level":1,"name":"签到","meta":{"paths":["lp0hx8"]},"content":"2432499215抢了2188730297的436P点！","timestamp":1779413021586}
{"id":138842,"type":"info","level":2,"name":"签到","meta":{"paths":["lp0hx8"]},"content":"2432499215今天的抢劫记录为436   |    剩余抢劫次数为2","timestamp":1779413021598}
{"id":138878,"type":"success","level":1,"name":"签到","meta":{"paths":["lp0hx8"]},"content":"2432499215抢劫1652933285失败！失去了85P点！","timestamp":1779413033478}
{"id":138879,"type":"info","level":2,"name":"签到","meta":{"paths":["lp0hx8"]},"content":"2432499215今天的抢劫记录为351   |    剩余抢劫次数为1","timestamp":1779413033486}
{"id":138928,"type":"info","level":2,"name":"签到","meta":{"paths":["lp0hx8"]},"content":"2188730297向2432499215赠送了3000个P点","timestamp":1779413050499}
{"id":140000,"type":"success","level":1,"name":"签到","meta":{"paths":["lp0hx8"]},"content":"2593638685完成了一次签到！","timestamp":1779414653379}
{"id":140330,"type":"success","level":1,"name":"签到","meta":{"paths":["lp0hx8"]},"content":"2856202014完成了一次签到！","timestamp":1779414811591}
{"id":142866,"type":"success","level":1,"name":"签到","meta":{"paths":["lp0hx8"]},"content":"2085287779完成了一次签到！","timestamp":1779416344007}
{"id":143135,"type":"success","level":1,"name":"签到","meta":{"paths":["lp0hx8"]},"content":"3320509730完成了一次签到！","timestamp":1779416496280}
{"id":145901,"type":"error","level":1,"name":"绑定id","meta":{"paths":["lp0hx8"]},"content":"971217490输入错误id：账号，id过短","timestamp":1779418004025}
{"id":145945,"type":"error","level":1,"name":"绑定id","meta":{"paths":["lp0hx8"]},"content":"971217490输入错误id：账号怎么可能这么快，id过短","timestamp":1779418024238}
{"id":146048,"type":"success","level":1,"name":"签到","meta":{"paths":["lp0hx8"]},"content":"914880737完成了一次签到！","timestamp":1779418076271}
{"id":153062,"type":"success","level":1,"name":"签到","meta":{"paths":["lp0hx8"]},"content":"3366143939完成了一次签到！","timestamp":1779422064692}
{"id":153090,"type":"success","level":1,"name":"签到","meta":{"paths":["lp0hx8"]},"content":"3984730928完成了一次签到！","timestamp":1779422073511}
{"id":153312,"type":"info","level":2,"name":"抽卡与卡组","meta":{"paths":["lp0hx8"]},"content":"3267282483抽到了一张☆二星★卡，剩余2269P点","timestamp":1779422179992}
{"id":153570,"type":"success","level":1,"name":"签到","meta":{"paths":["lp0hx8"]},"content":"3956839342完成了一次签到！","timestamp":1779422389988}
{"id":153610,"type":"info","level":2,"name":"抽卡与卡组","meta":{"paths":["lp0hx8"]},"content":"3956839342抽到了一张☆二星★卡，剩余7196P点","timestamp":1779422397792}
{"id":153665,"type":"info","level":2,"name":"抽卡与卡组","meta":{"paths":["lp0hx8"]},"content":"3956839342抽到了一张☆二星★卡，剩余6796P点","timestamp":1779422407102}
{"id":153697,"type":"info","level":2,"name":"抽卡与卡组","meta":{"paths":["lp0hx8"]},"content":"3956839342抽到了一张☆二星★卡，剩余6396P点","timestamp":1779422415890}
{"id":154581,"type":"success","level":1,"name":"签到","meta":{"paths":["lp0hx8"]},"content":"2627939216完成了一次签到！","timestamp":1779422859517}
{"id":154620,"type":"info","level":2,"name":"抽卡与卡组","meta":{"paths":["lp0hx8"]},"content":"2627939216抽到了一张☆二星★卡，剩余33479P点","timestamp":1779422866803}
{"id":154676,"type":"info","level":2,"name":"抽卡与卡组","meta":{"paths":["lp0hx8"]},"content":"2627939216抽到了一张❀三星☄卡，剩余33079P点","timestamp":1779422877783}
{"id":154832,"type":"info","level":2,"name":"抽卡与卡组","meta":{"paths":["lp0hx8"]},"content":"2627939216抽到了一张☆二星★卡，剩余32679P点","timestamp":1779422955715}
{"id":154880,"type":"info","level":2,"name":"抽卡与卡组","meta":{"paths":["lp0hx8"]},"content":"2627939216抽到了一张☆二星★卡，剩余32279P点","timestamp":1779422964311}
{"id":154925,"type":"info","level":2,"name":"抽卡与卡组","meta":{"paths":["lp0hx8"]},"content":"2627939216抽到了一张☆二星★卡，剩余31879P点","timestamp":1779422974703}
{"id":154961,"type":"info","level":2,"name":"抽卡与卡组","meta":{"paths":["lp0hx8"]},"content":"2627939216抽到了一张❀三星☄卡，剩余31479P点","timestamp":1779422982689}
{"id":154999,"type":"info","level":2,"name":"抽卡与卡组","meta":{"paths":["lp0hx8"]},"content":"2627939216抽到了一张☆二星★卡，剩余31079P点","timestamp":1779422991503}
{"id":155035,"type":"info","level":2,"name":"抽卡与卡组","meta":{"paths":["lp0hx8"]},"content":"2627939216抽到了一张☆二星★卡，剩余30679P点","timestamp":1779422996399}
{"id":155098,"type":"info","level":2,"name":"抽卡与卡组","meta":{"paths":["lp0hx8"]},"content":"2627939216抽到了一张❀三星☄卡，剩余30279P点","timestamp":1779423004887}
{"id":155156,"type":"info","level":2,"name":"抽卡与卡组","meta":{"paths":["lp0hx8"]},"content":"2627939216抽到了一张❀三星☄卡，剩余29879P点","timestamp":1779423020102}
{"id":155189,"type":"info","level":2,"name":"抽卡与卡组","meta":{"paths":["lp0hx8"]},"content":"914880737抽到了一张☆二星★卡，剩余25467P点","timestamp":1779423025277}
{"id":155274,"type":"info","level":2,"name":"抽卡与卡组","meta":{"paths":["lp0hx8"]},"content":"914880737抽到了一张☆二星★卡，剩余25067P点","timestamp":1779423053008}
{"id":155320,"type":"info","level":2,"name":"抽卡与卡组","meta":{"paths":["lp0hx8"]},"content":"3389530537抽到了一张❀三星☄卡，剩余23162P点","timestamp":1779423064108}
{"id":155328,"type":"info","level":2,"name":"抽卡与卡组","meta":{"paths":["lp0hx8"]},"content":"2627939216抽到了一张♔♕四星(?)♕♔卡，剩余9879P点","timestamp":1779423064990}
{"id":155477,"type":"info","level":2,"name":"抽卡与卡组","meta":{"paths":["lp0hx8"]},"content":"3389530537抽到了一张☆二星★卡，剩余22762P点","timestamp":1779423087292}
{"id":155493,"type":"success","level":1,"name":"签到","meta":{"paths":["lp0hx8"]},"content":"2956414337完成了一次签到！","timestamp":1779423088686}
{"id":155517,"type":"info","level":2,"name":"抽卡与卡组","meta":{"paths":["lp0hx8"]},"content":"914880737抽到了一张♔♕四星(?)♕♔卡，剩余22267P点","timestamp":1779423090902}
{"id":155543,"type":"info","level":2,"name":"抽卡与卡组","meta":{"paths":["lp0hx8"]},"content":"2956414337抽到了一张☆二星★卡，剩余1875P点","timestamp":1779423098184}
{"id":155606,"type":"error","level":1,"name":"签到","meta":{"paths":["lp0hx8"]},"content":"2627939216签到失败！原因：该用户已经签到","timestamp":1779423113598}
{"id":155656,"type":"info","level":2,"name":"抽卡与卡组","meta":{"paths":["lp0hx8"]},"content":"2956414337抽到了一张☆二星★卡，剩余1475P点","timestamp":1779423128492}
{"id":155681,"type":"info","level":2,"name":"抽卡与卡组","meta":{"paths":["lp0hx8"]},"content":"2956414337抽到了一张☆二星★卡，剩余1075P点","timestamp":1779423133579}
{"id":155712,"type":"info","level":2,"name":"抽卡与卡组","meta":{"paths":["lp0hx8"]},"content":"2956414337抽到了一张☆二星★卡，剩余675P点","timestamp":1779423136905}
{"id":155743,"type":"info","level":2,"name":"抽卡与卡组","meta":{"paths":["lp0hx8"]},"content":"2956414337抽到了一张☆二星★卡，剩余275P点","timestamp":1779423141086}
{"id":160162,"type":"success","level":1,"name":"签到","meta":{"paths":["lp0hx8"]},"content":"3534850564完成了一次签到！","timestamp":1779425403910}
{"id":160181,"type":"info","level":2,"name":"抽卡与卡组","meta":{"paths":["lp0hx8"]},"content":"3534850564抽到了一张☆二星★卡，剩余1175P点","timestamp":1779425413796}
{"id":161481,"type":"success","level":1,"name":"签到","meta":{"paths":["lp0hx8"]},"content":"782766016完成了一次签到！","timestamp":1779426103703}
{"id":161545,"type":"info","level":2,"name":"抽卡与卡组","meta":{"paths":["lp0hx8"]},"content":"782766016抽到了一张☆二星★卡，剩余1391P点","timestamp":1779426123991}
{"id":161575,"type":"info","level":2,"name":"抽卡与卡组","meta":{"paths":["lp0hx8"]},"content":"782766016抽到了一张❀三星☄卡，剩余991P点","timestamp":1779426130508}
{"id":161605,"type":"info","level":2,"name":"抽卡与卡组","meta":{"paths":["lp0hx8"]},"content":"782766016抽到了一张☆二星★卡，剩余591P点","timestamp":1779426137581}
{"id":161633,"type":"info","level":2,"name":"抽卡与卡组","meta":{"paths":["lp0hx8"]},"content":"782766016抽到了一张☆二星★卡，剩余191P点","timestamp":1779426142581}
{"id":165460,"type":"success","level":1,"name":"签到","meta":{"paths":["lp0hx8"]},"content":"3903949840完成了一次签到！","timestamp":1779428048219}
{"id":165575,"type":"success","level":1,"name":"抽卡与卡组","meta":{"paths":["lp0hx8"]},"content":"3903949840献祭了：5张三星  获得2800P点，当前P点数为12874","timestamp":1779428093502}
{"id":165636,"type":"success","level":1,"name":"签到","meta":{"paths":["lp0hx8"]},"content":"972292520完成了一次签到！","timestamp":1779428098384}
{"id":165736,"type":"success","level":1,"name":"抽卡与卡组","meta":{"paths":["lp0hx8"]},"content":"3903949840献祭了：3张二星  2张三星  获得1960P点，当前P点数为12834","timestamp":1779428126698}
{"id":165958,"type":"success","level":1,"name":"抽卡与卡组","meta":{"paths":["lp0hx8"]},"content":"972292520献祭了：7张二星  1张三星  获得2520P点，当前P点数为3537","timestamp":1779428179817}
{"id":166094,"type":"success","level":1,"name":"抽卡与卡组","meta":{"paths":["lp0hx8"]},"content":"972292520献祭了：3张二星  5张三星  获得3640P点，当前P点数为3977","timestamp":1779428205212}
{"id":166231,"type":"success","level":1,"name":"抽卡与卡组","meta":{"paths":["lp0hx8"]},"content":"972292520献祭了：6张二星  2张三星  获得2800P点，当前P点数为3577","timestamp":1779428222311}
{"id":166337,"type":"success","level":1,"name":"抽卡与卡组","meta":{"paths":["lp0hx8"]},"content":"972292520献祭了：6张二星  2张三星  获得2800P点，当前P点数为3177","timestamp":1779428237788}
{"id":166599,"type":"success","level":1,"name":"抽卡与卡组","meta":{"paths":["lp0hx8"]},"content":"629832381献祭了：5张二星  获得1400P点，当前P点数为25331","timestamp":1779428301117}
{"id":166724,"type":"success","level":1,"name":"签到","meta":{"paths":["lp0hx8"]},"content":"1637663452完成了一次签到！","timestamp":1779428337985}
{"id":166831,"type":"success","level":1,"name":"抽卡与卡组","meta":{"paths":["lp0hx8"]},"content":"629832381献祭了：4张二星  获得1120P点，当前P点数为24451","timestamp":1779428369786}
{"id":167063,"type":"success","level":1,"name":"抽卡与卡组","meta":{"paths":["lp0hx8"]},"content":"1637663452献祭了：2张二星  2张三星  获得1680P点，当前P点数为6131","timestamp":1779428421511}
{"id":167101,"type":"success","level":1,"name":"抽卡与卡组","meta":{"paths":["lp0hx8"]},"content":"629832381献祭了：4张二星  获得1120P点，当前P点数为23971","timestamp":1779428428792}
{"id":167109,"type":"info","level":2,"name":"抽卡与卡组","meta":{"paths":["lp0hx8"]},"content":"1637663452抽到了一张❀三星☄卡，剩余5731P点","timestamp":1779428430611}
{"id":167204,"type":"info","level":2,"name":"抽卡与卡组","meta":{"paths":["lp0hx8"]},"content":"1637663452抽到了一张☆二星★卡，剩余5331P点","timestamp":1779428441813}
{"id":167234,"type":"success","level":1,"name":"抽卡与卡组","meta":{"paths":["lp0hx8"]},"content":"629832381献祭了：4张二星  获得1120P点，当前P点数为23491","timestamp":1779428449091}
{"id":167247,"type":"info","level":2,"name":"抽卡与卡组","meta":{"paths":["lp0hx8"]},"content":"1637663452抽到了一张☆二星★卡，剩余4931P点","timestamp":1779428451188}
{"id":167289,"type":"info","level":2,"name":"抽卡与卡组","meta":{"paths":["lp0hx8"]},"content":"1637663452抽到了一张☆二星★卡，剩余4531P点","timestamp":1779428460290}
{"id":167415,"type":"success","level":1,"name":"抽卡与卡组","meta":{"paths":["lp0hx8"]},"content":"629832381献祭了：4张二星  获得1120P点，当前P点数为23011","timestamp":1779428483082}
{"id":167622,"type":"success","level":1,"name":"抽卡与卡组","meta":{"paths":["lp0hx8"]},"content":"1637663452献祭了：3张二星  1张三星  获得1400P点，当前P点数为5931","timestamp":1779428524284}
{"id":167795,"type":"success","level":1,"name":"抽卡与卡组","meta":{"paths":["lp0hx8"]},"content":"2956414337献祭了：6张二星  获得1680P点，当前P点数为1955","timestamp":1779428566406}
{"id":167837,"type":"info","level":2,"name":"抽卡与卡组","meta":{"paths":["lp0hx8"]},"content":"2956414337抽到了一张☆二星★卡，剩余1555P点","timestamp":1779428571789}
{"id":167875,"type":"info","level":2,"name":"抽卡与卡组","meta":{"paths":["lp0hx8"]},"content":"2956414337抽到了一张☆二星★卡，剩余1155P点","timestamp":1779428576402}
{"id":167899,"type":"info","level":2,"name":"抽卡与卡组","meta":{"paths":["lp0hx8"]},"content":"2956414337抽到了一张❀三星☄卡，剩余755P点","timestamp":1779428579414}
{"id":167910,"type":"success","level":1,"name":"抽卡与卡组","meta":{"paths":["lp0hx8"]},"content":"1637663452献祭了：2张二星  2张三星  获得1680P点，当前P点数为6011","timestamp":1779428580506}
{"id":167947,"type":"info","level":2,"name":"抽卡与卡组","meta":{"paths":["lp0hx8"]},"content":"2956414337抽到了一张❀三星☄卡，剩余355P点","timestamp":1779428584092}
{"id":168175,"type":"success","level":1,"name":"抽卡与卡组","meta":{"paths":["lp0hx8"]},"content":"1637663452献祭了：2张二星  1张三星  获得1120P点，当前P点数为5531","timestamp":1779428626309}
{"id":168402,"type":"success","level":1,"name":"抽卡与卡组","meta":{"paths":["lp0hx8"]},"content":"1637663452献祭了：1张二星  2张三星  获得1400P点，当前P点数为5731","timestamp":1779428677203}
{"id":168608,"type":"success","level":1,"name":"抽卡与卡组","meta":{"paths":["lp0hx8"]},"content":"1637663452献祭了：2张三星  1张四星  获得2320P点，当前P点数为6851","timestamp":1779428723804}
{"id":168748,"type":"success","level":1,"name":"抽卡与卡组","meta":{"paths":["lp0hx8"]},"content":"1637663452献祭了：2张二星  1张三星  获得1120P点，当前P点数为6771","timestamp":1779428756502}
{"id":168844,"type":"info","level":2,"name":"抽卡与卡组","meta":{"paths":["lp0hx8"]},"content":"1637663452抽到了一张❀三星☄卡，剩余5171P点","timestamp":1779428794105}
{"id":168903,"type":"success","level":1,"name":"抽卡与卡组","meta":{"paths":["lp0hx8"]},"content":"1637663452献祭了：3张二星  获得840P点，当前P点数为6011","timestamp":1779428827718}
{"id":169051,"type":"info","level":2,"name":"抽卡与卡组","meta":{"paths":["lp0hx8"]},"content":"1637663452抽到了一张☆二星★卡，剩余5611P点","timestamp":1779428875395}
{"id":169203,"type":"info","level":2,"name":"抽卡与卡组","meta":{"paths":["lp0hx8"]},"content":"1637663452抽到了一张☆二星★卡，剩余5211P点","timestamp":1779428925918}
{"id":169406,"type":"success","level":1,"name":"抽卡与卡组","meta":{"paths":["lp0hx8"]},"content":"1637663452献祭了：1张二星  2张三星  获得1400P点，当前P点数为6611","timestamp":1779428960301}
{"id":169514,"type":"success","level":1,"name":"抽卡与卡组","meta":{"paths":["lp0hx8"]},"content":"1637663452献祭了：2张二星  1张三星  获得1120P点，当前P点数为6531","timestamp":1779428994699}
{"id":169689,"type":"success","level":1,"name":"抽卡与卡组","meta":{"paths":["lp0hx8"]},"content":"1637663452献祭了：3张二星  获得840P点，当前P点数为6171","timestamp":1779429031510}
{"id":169805,"type":"success","level":1,"name":"抽卡与卡组","meta":{"paths":["lp0hx8"]},"content":"1637663452献祭了：3张二星  获得840P点，当前P点数为5811","timestamp":1779429060398}
{"id":169837,"type":"info","level":2,"name":"抽卡与卡组","meta":{"paths":["lp0hx8"]},"content":"1637663452抽到了一张☆二星★卡，剩余5411P点","timestamp":1779429066600}
{"id":169899,"type":"info","level":2,"name":"抽卡与卡组","meta":{"paths":["lp0hx8"]},"content":"1637663452抽到了一张☆二星★卡，剩余5011P点","timestamp":1779429084188}
{"id":169943,"type":"info","level":2,"name":"抽卡与卡组","meta":{"paths":["lp0hx8"]},"content":"1637663452抽到了一张☆二星★卡，剩余4611P点","timestamp":1779429091405}
{"id":169996,"type":"success","level":1,"name":"抽卡与卡组","meta":{"paths":["lp0hx8"]},"content":"1637663452献祭了：2张二星  1张三星  获得1120P点，当前P点数为5731","timestamp":1779429115412}
{"id":170032,"type":"info","level":2,"name":"抽卡与卡组","meta":{"paths":["lp0hx8"]},"content":"1637663452抽到了一张❀三星☄卡，剩余5331P点","timestamp":1779429120096}
{"id":170087,"type":"info","level":2,"name":"抽卡与卡组","meta":{"paths":["lp0hx8"]},"content":"1637663452抽到了一张☆二星★卡，剩余4931P点","timestamp":1779429126891}
{"id":170159,"type":"info","level":2,"name":"抽卡与卡组","meta":{"paths":["lp0hx8"]},"content":"1637663452抽到了一张❀三星☄卡，剩余4531P点","timestamp":1779429133386}
{"id":171707,"type":"error","level":1,"name":"抽卡与卡组","meta":{"paths":["lp0hx8"]},"content":"2707187728抽卡失败，积分不足","timestamp":1779429611597}
{"id":171780,"type":"success","level":1,"name":"签到","meta":{"paths":["lp0hx8"]},"content":"2707187728完成了一次签到！","timestamp":1779429620784}
{"id":171830,"type":"info","level":2,"name":"抽卡与卡组","meta":{"paths":["lp0hx8"]},"content":"2707187728抽到了一张☆二星★卡，剩余3597P点","timestamp":1779429631298}
{"id":171861,"type":"info","level":2,"name":"抽卡与卡组","meta":{"paths":["lp0hx8"]},"content":"2707187728抽到了一张☆二星★卡，剩余3197P点","timestamp":1779429637684}
{"id":171885,"type":"info","level":2,"name":"抽卡与卡组","meta":{"paths":["lp0hx8"]},"content":"2707187728抽到了一张☆二星★卡，剩余2797P点","timestamp":1779429646884}
{"id":174451,"type":"warn","level":2,"name":"onebot","meta":{"paths":["wqmw9x"]},"content":"Error: Error with request get_msg, args: {\"message_id\":201370102}, retcode: 1200\n    at _Internal._get (/root/lezskabot/koishi/koishi-app/node_modules/koishi-plugin-adapter-onebot/lib/index.js:119:11)\n    at process.processTicksAndRejections (node:internal/process/task_queues:95:5)\n    at async _Internal.<computed> [as getMsg] (/root/lezskabot/koishi/koishi-app/node_modules/koishi-plugin-adapter-onebot/lib/index.js:152:20)\n    at async OneBotBot.getMessage (/root/lezskabot/koishi/koishi-app/node_modules/koishi-plugin-adapter-onebot/lib/index.js:936:18)\n    at async adaptMessage (/root/lezskabot/koishi/koishi-app/node_modules/koishi-plugin-adapter-onebot/lib/index.js:344:21)\n    at async adaptSession (/root/lezskabot/koishi/koishi-app/node_modules/koishi-plugin-adapter-onebot/lib/index.js:416:5)\n    at async dispatchSession (/root/lezskabot/koishi/koishi-app/node_modules/koishi-plugin-adapter-onebot/lib/index.js:405:19)","timestamp":1779430614599}
{"id":174682,"type":"success","level":1,"name":"签到","meta":{"paths":["lp0hx8"]},"content":"3044937168完成了一次签到！","timestamp":1779430765583}
{"id":175084,"type":"info","level":2,"name":"抽卡与卡组","meta":{"paths":["lp0hx8"]},"content":"1813783853抽到了一张❀三星☄卡，剩余25104P点","timestamp":1779430917684}
{"id":175790,"type":"success","level":1,"name":"签到","meta":{"paths":["lp0hx8"]},"content":"2660665725完成了一次签到！","timestamp":1779431236314}
{"id":175849,"type":"success","level":1,"name":"签到","meta":{"paths":["lp0hx8"]},"content":"3536694017完成了一次签到！","timestamp":1779431241995}
{"id":175883,"type":"info","level":2,"name":"抽卡与卡组","meta":{"paths":["lp0hx8"]},"content":"3536694017抽到了一张❀三星☄卡，剩余21348P点","timestamp":1779431252206}
{"id":175969,"type":"success","level":1,"name":"签到","meta":{"paths":["lp0hx8"]},"content":"3694941523完成了一次签到！","timestamp":1779431269996}
{"id":176047,"type":"info","level":2,"name":"抽卡与卡组","meta":{"paths":["lp0hx8"]},"content":"3694941523抽到了一张♔♕四星(?)♕♔卡，剩余3606P点","timestamp":1779431312109}
{"id":178753,"type":"info","level":2,"name":"绑定id","meta":{"paths":["lp0hx8"]},"content":"用户2303164675绑定了cnid：7523605158425926454","timestamp":1779432339806}
{"id":187729,"type":"info","level":2,"name":"绑定id","meta":{"paths":["lp0hx8"]},"content":"用户3274617309绑定了cnid：7551477276626934571","timestamp":1779435852698}
{"id":190955,"type":"success","level":1,"name":"签到","meta":{"paths":["lp0hx8"]},"content":"263659416完成了一次签到！","timestamp":1779437593899}
{"id":192134,"type":"success","level":1,"name":"签到","meta":{"paths":["lp0hx8"]},"content":"3379490589完成了一次签到！","timestamp":1779438227602}
{"id":195927,"type":"success","level":1,"name":"签到","meta":{"paths":["lp0hx8"]},"content":"3997019972完成了一次签到！","timestamp":1779440420005}
{"id":196023,"type":"success","level":1,"name":"抽卡与卡组","meta":{"paths":["lp0hx8"]},"content":"3997019972献祭了：2张二星  1张三星  获得1120P点，当前P点数为1645","timestamp":1779440469692}
{"id":196077,"type":"success","level":1,"name":"签到","meta":{"paths":["lp0hx8"]},"content":"956937232完成了一次签到！","timestamp":1779440488481}
{"id":196116,"type":"info","level":2,"name":"抽卡与卡组","meta":{"paths":["lp0hx8"]},"content":"3997019972抽到了一张♔♕四星(?)♕♔卡，剩余1245P点","timestamp":1779440501810}
{"id":196155,"type":"info","level":2,"name":"抽卡与卡组","meta":{"paths":["lp0hx8"]},"content":"956937232抽到了一张♔♕四星(?)♕♔卡，剩余902P点","timestamp":1779440521190}
{"id":196161,"type":"warn","level":2,"name":"session","meta":{},"content":"Error: Error with request send_group_msg, args: {\"group_id\":1091191330,\"message\":[{\"type\":\"text\",\"data\":{\"text\":\"在第3次抽到FES，消耗1200P点\"}}]}, retcode: 1200\n    at _Internal._get (/root/lezskabot/koishi/koishi-app/node_modules/koishi-plugin-adapter-onebot/lib/index.js:119:11)\n    at process.processTicksAndRejections (node:internal/process/task_queues:95:5)\n    at async _Internal.<computed> [as sendGroupMsg] (/root/lezskabot/koishi/koishi-app/node_modules/koishi-plugin-adapter-onebot/lib/index.js:162:20)\n    at async OneBotMessageEncoder.flush (/root/lezskabot/koishi/koishi-app/node_modules/koishi-plugin-adapter-onebot/lib/index.js:771:338)\n    at async OneBotMessageEncoder.send (/root/lezskabot/koishi/koishi-app/node_modules/@satorijs/core/lib/index.cjs:755:5)\n    at async Proxy.sendMessage (/root/lezskabot/koishi/koishi-app/node_modules/@satorijs/core/lib/index.cjs:487:22)\n    at async _Command.eval (eval at <anonymous> (/root/lezskabot/koishi/koishi-app/node_modules/koishi-plugin-blockly-null/lib/index.js:1:1), <anonymous>:166:23)\n    at async Array.<anonymous> (/root/lezskabot/koishi/koishi-app/node_modules/@koishijs/core/lib/index.cjs:1079:14)\n    at async _Command.execute (/root/lezskabot/koishi/koishi-app/node_modules/@koishijs/core/lib/index.cjs:1093:22)\n    at async /root/lezskabot/koishi/koishi-app/node_modules/@koishijs/core/lib/index.cjs:2049:22","timestamp":1779440522996}
{"id":196169,"type":"warn","level":2,"name":"session","meta":{},"content":"Error: Error with request send_group_msg, args: {\"group_id\":1091191330,\"message\":[{\"type\":\"at\",\"data\":{\"qq\":\"3997019972\"}},{\"type\":\"text\",\"data\":{\"text\":\"真可惜呢花光了也没抽到\\n你还有45P点\\n最后一次抽卡结果：\\n☂FES☃\"}},{\"type\":\"image\",\"data\":{\"file\":\"/root/lezskabot/cards/4/1.png\",\"cache\":0}}]}, retcode: 1200\n    at _Internal._get (/root/lezskabot/koishi/koishi-app/node_modules/koishi-plugin-adapter-onebot/lib/index.js:119:11)\n    at process.processTicksAndRejections (node:internal/process/task_queues:95:5)\n    at async _Internal.<computed> [as sendGroupMsg] (/root/lezskabot/koishi/koishi-app/node_modules/koishi-plugin-adapter-onebot/lib/index.js:162:20)\n    at async OneBotMessageEncoder.flush (/root/lezskabot/koishi/koishi-app/node_modules/koishi-plugin-adapter-onebot/lib/index.js:771:338)\n    at async OneBotMessageEncoder.send (/root/lezskabot/koishi/koishi-app/node_modules/@satorijs/core/lib/index.cjs:755:5)\n    at async Proxy.sendMessage (/root/lezskabot/koishi/koishi-app/node_modules/@satorijs/core/lib/index.cjs:487:22)\n    at async /root/lezskabot/koishi/koishi-app/node_modules/@koishijs/core/lib/index.cjs:2051:7\n    at async Proxy.withScope (/root/lezskabot/koishi/koishi-app/node_modules/@koishijs/core/lib/index.cjs:1958:22)\n    at async next (/root/lezskabot/koishi/koishi-app/node_modules/@koishijs/core/lib/index.cjs:827:16)\n    at async next (/root/lezskabot/koishi/koishi-app/node_modules/@koishijs/core/lib/index.cjs:827:16)","timestamp":1779440524286}
{"id":196182,"type":"warn","level":2,"name":"session","meta":{},"content":"Error: Error with request send_group_msg, args: {\"group_id\":1091191330,\"message\":[{\"type\":\"at\",\"data\":{\"qq\":\"956937232\"}},{\"type\":\"text\",\"data\":{\"text\":\"你当前的卡组为\\n1-稀有度： ♔♕四星(?)♕♔\"}},{\"type\":\"image\",\"data\":{\"file\":\"/root/lezskabot/cards/3/47.png\",\"cache\":0}},{\"type\":\"text\",\"data\":{\"text\":\"2-稀有度： ♔♕四星(?)♕♔\"}},{\"type\":\"image\",\"data\":{\"file\":\"/root/lezskabot/cards/3/396.png\",\"cache\":0}},{\"type\":\"text\",\"data\":{\"text\":\"3-稀有度： ♔♕四星(?)♕♔\"}},{\"type\":\"image\",\"data\":{\"file\":\"/root/lezskabot/cards/3/96.png\",\"cache\":0}},{\"type\":\"text\",\"data\":{\"text\":\"4-稀有度： ♔♕四星(?)♕♔\"}},{\"type\":\"image\",\"data\":{\"file\":\"/root/lezskabot/cards/3/75.png\",\"cache\":0}},{\"type\":\"text\",\"data\":{\"text\":\"5-稀有度： ♔♕四星(?)♕♔\"}},{\"type\":\"image\",\"data\":{\"file\":\"/root/lezskabot/cards/3/631.png\",\"cache\":0}},{\"type\":\"text\",\"data\":{\"text\":\"6-稀有度： ♔♕四星(?)♕♔\"}},{\"type\":\"image\",\"data\":{\"file\":\"/root/lezskabot/cards/3/400.png\",\"cache\":0}},{\"type\":\"text\",\"data\":{\"text\":\"7-稀有度： ♔♕四星(?)♕♔\"}},{\"type\":\"image\",\"data\":{\"file\":\"/root/lezskabot/cards/3/138.png\",\"cache\":0}},{\"type\":\"text\",\"data\":{\"text\":\"8-稀有度： ♔♕四星(?)♕♔\"}},{\"type\":\"image\",\"data\":{\"file\":\"/root/lezskabot/cards/3/549.png\",\"cache\":0}}]}, retcode: 1200\n    at _Internal._get (/root/lezskabot/koishi/koishi-app/node_modules/koishi-plugin-adapter-onebot/lib/index.js:119:11)\n    at process.processTicksAndRejections (node:internal/process/task_queues:95:5)\n    at async _Internal.<computed> [as sendGroupMsg] (/root/lezskabot/koishi/koishi-app/node_modules/koishi-plugin-adapter-onebot/lib/index.js:162:20)\n    at async OneBotMessageEncoder.flush (/root/lezskabot/koishi/koishi-app/node_modules/koishi-plugin-adapter-onebot/lib/index.js:771:338)\n    at async OneBotMessageEncoder.send (/root/lezskabot/koishi/koishi-app/node_modules/@satorijs/core/lib/index.cjs:755:5)\n    at async Proxy.sendMessage (/root/lezskabot/koishi/koishi-app/node_modules/@satorijs/core/lib/index.cjs:487:22)\n    at async _Command.eval (eval at <anonymous> (/root/lezskabot/koishi/koishi-app/node_modules/koishi-plugin-blockly-null/lib/index.js:1:1), <anonymous>:105:9)\n    at async Array.<anonymous> (/root/lezskabot/koishi/koishi-app/node_modules/@koishijs/core/lib/index.cjs:1079:14)\n    at async _Command.execute (/root/lezskabot/koishi/koishi-app/node_modules/@koishijs/core/lib/index.cjs:1093:22)\n    at async /root/lezskabot/koishi/koishi-app/node_modules/@koishijs/core/lib/index.cjs:2049:22","timestamp":1779440532995}
{"id":196224,"type":"error","level":1,"name":"抽卡与卡组","meta":{"paths":["lp0hx8"]},"content":"3997019972抽卡失败，积分不足","timestamp":1779440589711}
{"id":196410,"type":"success","level":1,"name":"签到","meta":{"paths":["lp0hx8"]},"content":"3633026539完成了一次签到！","timestamp":1779440684188}
{"id":196504,"type":"success","level":1,"name":"签到","meta":{"paths":["lp0hx8"]},"content":"3764379512完成了一次签到！","timestamp":1779440751898}
{"id":197184,"type":"success","level":1,"name":"签到","meta":{"paths":["lp0hx8"]},"content":"2141971921完成了一次签到！","timestamp":1779441113380}
{"id":197232,"type":"error","level":1,"name":"签到","meta":{"paths":["lp0hx8"]},"content":"2188730297签到失败！原因：该用户已经签到","timestamp":1779441127786}
{"id":198270,"type":"error","level":1,"name":"签到","meta":{"paths":["lp0hx8"]},"content":"3055983840抢劫失败！该用户今天抢劫次数已用完","timestamp":1779441496103}
{"id":198416,"type":"info","level":2,"name":"签到","meta":{"paths":["lp0hx8"]},"content":"已更新978229136的抢劫次数和记录","timestamp":1779441544311}
{"id":198461,"type":"success","level":1,"name":"签到","meta":{"paths":["lp0hx8"]},"content":"1296434423完成了一次签到！","timestamp":1779441550980}
{"id":198492,"type":"error","level":1,"name":"签到","meta":{"paths":["lp0hx8"]},"content":"978229136签到失败！原因：该用户已经签到","timestamp":1779441557306}
{"id":198560,"type":"info","level":2,"name":"抽卡与卡组","meta":{"paths":["lp0hx8"]},"content":"978229136抽到了一张☂FES☃卡，剩余39209P点","timestamp":1779441577305}
{"id":199762,"type":"info","level":2,"name":"签到","meta":{"paths":["lp0hx8"]},"content":"2186790348向2628075910赠送了10000个P点","timestamp":1779442051339}
{"id":200128,"type":"info","level":2,"name":"签到","meta":{"paths":["lp0hx8"]},"content":"2628075910向2085287779赠送了10000个P点","timestamp":1779442169303}
{"id":200284,"type":"info","level":2,"name":"签到","meta":{"paths":["lp0hx8"]},"content":"2628075910向2186790348赠送了20000个P点","timestamp":1779442195592}
{"id":201150,"type":"success","level":1,"name":"签到","meta":{"paths":["lp0hx8"]},"content":"3940650338完成了一次签到！","timestamp":1779442409797}
{"id":201676,"type":"success","level":1,"name":"签到","meta":{"paths":["lp0hx8"]},"content":"2980858358完成了一次签到！","timestamp":1779442515915}
{"id":205118,"type":"success","level":1,"name":"签到","meta":{"paths":["lp0hx8"]},"content":"1489525632完成了一次签到！","timestamp":1779443891292}
{"id":205171,"type":"success","level":1,"name":"签到","meta":{"paths":["lp0hx8"]},"content":"1090073898完成了一次签到！","timestamp":1779443920430}
{"id":209623,"type":"success","level":1,"name":"签到","meta":{"paths":["lp0hx8"]},"content":"3568930598完成了一次签到！","timestamp":1779446726247}
{"id":216165,"type":"success","level":1,"name":"签到","meta":{"paths":["lp0hx8"]},"content":"1963408278完成了一次签到！","timestamp":1779450605420}
{"id":221703,"type":"success","level":1,"name":"签到","meta":{"paths":["lp0hx8"]},"content":"1853819131完成了一次签到！","timestamp":1779453191835}
{"id":221720,"type":"success","level":1,"name":"抽卡与卡组","meta":{"paths":["lp0hx8"]},"content":"908531782献祭了：2张二星  1张三星  获得1120P点，当前P点数为12159","timestamp":1779453195420}
{"id":221765,"type":"info","level":2,"name":"抽卡与卡组","meta":{"paths":["lp0hx8"]},"content":"1853819131抽到了一张❀三星☄卡，剩余1845P点","timestamp":1779453203914}
{"id":221952,"type":"success","level":1,"name":"抽卡与卡组","meta":{"paths":["lp0hx8"]},"content":"1853819131献祭了：4张二星  1张三星  获得1680P点，当前P点数为1925","timestamp":1779453253525}
{"id":221973,"type":"success","level":1,"name":"抽卡与卡组","meta":{"paths":["lp0hx8"]},"content":"908531782献祭了：1张二星  1张三星  1张四星  获得2040P点，当前P点数为12999","timestamp":1779453257876}
{"id":222067,"type":"info","level":2,"name":"抽卡与卡组","meta":{"paths":["lp0hx8"]},"content":"908531782抽到了一张❀三星☄卡，剩余11399P点","timestamp":1779453273670}
{"id":222099,"type":"info","level":2,"name":"抽卡与卡组","meta":{"paths":["lp0hx8"]},"content":"908531782抽到了一张❀三星☄卡，剩余10999P点","timestamp":1779453277799}
{"id":222124,"type":"info","level":2,"name":"抽卡与卡组","meta":{"paths":["lp0hx8"]},"content":"908531782抽到了一张❀三星☄卡，剩余10599P点","timestamp":1779453284525}
{"id":222161,"type":"success","level":1,"name":"抽卡与卡组","meta":{"paths":["lp0hx8"]},"content":"908531782献祭了：2张二星  1张四星  获得1760P点，当前P点数为12359","timestamp":1779453291805}
{"id":222276,"type":"success","level":1,"name":"抽卡与卡组","meta":{"paths":["lp0hx8"]},"content":"908531782献祭了：1张二星  2张三星  获得1400P点，当前P点数为12559","timestamp":1779453331446}
{"id":222307,"type":"info","level":2,"name":"抽卡与卡组","meta":{"paths":["lp0hx8"]},"content":"908531782抽到了一张☆二星★卡，剩余12159P点","timestamp":1779453335857}
{"id":222349,"type":"info","level":2,"name":"抽卡与卡组","meta":{"paths":["lp0hx8"]},"content":"908531782抽到了一张❀三星☄卡，剩余11759P点","timestamp":1779453347331}
{"id":222385,"type":"info","level":2,"name":"抽卡与卡组","meta":{"paths":["lp0hx8"]},"content":"908531782抽到了一张❀三星☄卡，剩余11359P点","timestamp":1779453350188}
{"id":222406,"type":"success","level":1,"name":"抽卡与卡组","meta":{"paths":["lp0hx8"]},"content":"908531782献祭了：1张二星  2张三星  获得1400P点，当前P点数为12759","timestamp":1779453355936}
{"id":222430,"type":"info","level":2,"name":"抽卡与卡组","meta":{"paths":["lp0hx8"]},"content":"908531782抽到了一张☆二星★卡，剩余12359P点","timestamp":1779453360348}
{"id":222466,"type":"info","level":2,"name":"抽卡与卡组","meta":{"paths":["lp0hx8"]},"content":"908531782抽到了一张☆二星★卡，剩余11959P点","timestamp":1779453364094}
{"id":222516,"type":"info","level":2,"name":"抽卡与卡组","meta":{"paths":["lp0hx8"]},"content":"908531782抽到了一张☆二星★卡，剩余11559P点","timestamp":1779453369510}
{"id":222569,"type":"success","level":1,"name":"抽卡与卡组","meta":{"paths":["lp0hx8"]},"content":"908531782献祭了：3张二星  获得840P点，当前P点数为12399","timestamp":1779453376386}
{"id":222599,"type":"info","level":2,"name":"抽卡与卡组","meta":{"paths":["lp0hx8"]},"content":"908531782抽到了一张☆二星★卡，剩余11999P点","timestamp":1779453382218}
{"id":222639,"type":"info","level":2,"name":"抽卡与卡组","meta":{"paths":["lp0hx8"]},"content":"908531782抽到了一张❀三星☄卡，剩余11599P点","timestamp":1779453385161}
{"id":222679,"type":"info","level":2,"name":"抽卡与卡组","meta":{"paths":["lp0hx8"]},"content":"908531782抽到了一张❀三星☄卡，剩余11199P点","timestamp":1779453388665}
{"id":222745,"type":"success","level":1,"name":"抽卡与卡组","meta":{"paths":["lp0hx8"]},"content":"908531782献祭了：1张二星  2张三星  获得1400P点，当前P点数为12599","timestamp":1779453395461}
{"id":222748,"type":"success","level":1,"name":"抽卡与卡组","meta":{"paths":["lp0hx8"]},"content":"629832381献祭了：3张二星  获得840P点，当前P点数为22251","timestamp":1779453395891}
{"id":222772,"type":"info","level":2,"name":"抽卡与卡组","meta":{"paths":["lp0hx8"]},"content":"908531782抽到了一张☆二星★卡，剩余12199P点","timestamp":1779453399486}
{"id":222796,"type":"info","level":2,"name":"抽卡与卡组","meta":{"paths":["lp0hx8"]},"content":"908531782抽到了一张☆二星★卡，剩余11799P点","timestamp":1779453402576}
{"id":222835,"type":"info","level":2,"name":"抽卡与卡组","meta":{"paths":["lp0hx8"]},"content":"908531782抽到了一张☆二星★卡，剩余11399P点","timestamp":1779453405357}
{"id":222911,"type":"success","level":1,"name":"抽卡与卡组","meta":{"paths":["lp0hx8"]},"content":"908531782献祭了：3张二星  获得840P点，当前P点数为12239","timestamp":1779453416247}
{"id":222941,"type":"info","level":2,"name":"抽卡与卡组","meta":{"paths":["lp0hx8"]},"content":"908531782抽到了一张☆二星★卡，剩余11839P点","timestamp":1779453423746}
{"id":222971,"type":"info","level":2,"name":"抽卡与卡组","meta":{"paths":["lp0hx8"]},"content":"908531782抽到了一张☆二星★卡，剩余11439P点","timestamp":1779453428885}
{"id":222995,"type":"info","level":2,"name":"抽卡与卡组","meta":{"paths":["lp0hx8"]},"content":"908531782抽到了一张☆二星★卡，剩余11039P点","timestamp":1779453431926}
{"id":223026,"type":"success","level":1,"name":"抽卡与卡组","meta":{"paths":["lp0hx8"]},"content":"908531782献祭了：3张二星  获得840P点，当前P点数为11879","timestamp":1779453441107}
{"id":223072,"type":"info","level":2,"name":"抽卡与卡组","meta":{"paths":["lp0hx8"]},"content":"908531782抽到了一张☆二星★卡，剩余11479P点","timestamp":1779453449616}
{"id":223108,"type":"info","level":2,"name":"抽卡与卡组","meta":{"paths":["lp0hx8"]},"content":"908531782抽到了一张☆二星★卡，剩余11079P点","timestamp":1779453452518}
{"id":223147,"type":"info","level":2,"name":"抽卡与卡组","meta":{"paths":["lp0hx8"]},"content":"908531782抽到了一张☆二星★卡，剩余10679P点","timestamp":1779453457170}
{"id":223188,"type":"success","level":1,"name":"抽卡与卡组","meta":{"paths":["lp0hx8"]},"content":"908531782献祭了：3张二星  获得840P点，当前P点数为11519","timestamp":1779453464750}
{"id":223230,"type":"info","level":2,"name":"抽卡与卡组","meta":{"paths":["lp0hx8"]},"content":"908531782抽到了一张☆二星★卡，剩余11119P点","timestamp":1779453469402}
{"id":223260,"type":"info","level":2,"name":"抽卡与卡组","meta":{"paths":["lp0hx8"]},"content":"908531782抽到了一张☆二星★卡，剩余10719P点","timestamp":1779453471818}
{"id":223322,"type":"info","level":2,"name":"抽卡与卡组","meta":{"paths":["lp0hx8"]},"content":"908531782抽到了一张☆二星★卡，剩余10319P点","timestamp":1779453478984}
{"id":223324,"type":"error","level":1,"name":"抽卡与卡组","meta":{"paths":["lp0hx8"]},"content":"629832381抽卡失败，积分不足","timestamp":1779453479324}
{"id":223438,"type":"success","level":1,"name":"抽卡与卡组","meta":{"paths":["lp0hx8"]},"content":"908531782献祭了：3张二星  获得840P点，当前P点数为11159","timestamp":1779453496998}
{"id":223483,"type":"success","level":1,"name":"签到","meta":{"paths":["lp0hx8"]},"content":"908531782完成了一次签到！","timestamp":1779453500332}
{"id":241156,"type":"info","level":2,"name":"绑定id","meta":{"paths":["lp0hx8"]},"content":"用户1602618344绑定了cnid：7445115497546324799","timestamp":1779459172494}
{"id":248531,"type":"error","level":1,"name":"签到","meta":{"paths":["lp0hx8"]},"content":"2221639610签到失败！原因：该用户已经签到","timestamp":1779463226487}
{"id":248634,"type":"error","level":1,"name":"绑定id","meta":{"paths":["lp0hx8"]},"content":"908531782输入错误id：7557636252540066611，id过短","timestamp":1779463275829}
{"id":248651,"type":"error","level":1,"name":"绑定id","meta":{"paths":["lp0hx8"]},"content":"908531782输入错误id：id7557636252540066611，id过短","timestamp":1779463291742}
{"id":249201,"type":"error","level":1,"name":"绑定id","meta":{"paths":["lp0hx8"]},"content":"908531782输入错误id：cn7557636252540066611，id过短","timestamp":1779463569089}
{"id":249260,"type":"info","level":2,"name":"绑定id","meta":{"paths":["lp0hx8"]},"content":"用户908531782绑定了cnid：7557636252540066611","timestamp":1779463591954}
{"id":253115,"type":"success","level":1,"name":"签到","meta":{"paths":["lp0hx8"]},"content":"2513983517完成了一次签到！","timestamp":1779465660746}
{"id":253179,"type":"success","level":1,"name":"签到","meta":{"paths":["lp0hx8"]},"content":"908531782完成了一次签到！","timestamp":1779465667287}
{"id":253266,"type":"success","level":1,"name":"签到","meta":{"paths":["lp0hx8"]},"content":"3389530537完成了一次签到！","timestamp":1779465674422}
{"id":253571,"type":"success","level":1,"name":"签到","meta":{"paths":["lp0hx8"]},"content":"263659416完成了一次签到！","timestamp":1779465769846}
{"id":253636,"type":"success","level":1,"name":"签到","meta":{"paths":["lp0hx8"]},"content":"1820639552完成了一次签到！","timestamp":1779465778089}
{"id":253685,"type":"success","level":1,"name":"签到","meta":{"paths":["lp0hx8"]},"content":"2994459542完成了一次签到！","timestamp":1779465782324}
{"id":254463,"type":"success","level":1,"name":"签到","meta":{"paths":["lp0hx8"]},"content":"3980423768完成了一次签到！","timestamp":1779465965848}
{"id":254573,"type":"success","level":1,"name":"签到","meta":{"paths":["lp0hx8"]},"content":"1296434423完成了一次签到！","timestamp":1779465990584}
{"id":254666,"type":"success","level":1,"name":"签到","meta":{"paths":["lp0hx8"]},"content":"978229136完成了一次签到！","timestamp":1779466007839}
{"id":254735,"type":"success","level":1,"name":"签到","meta":{"paths":["lp0hx8"]},"content":"2432499215完成了一次签到！","timestamp":1779466016458}
{"id":254780,"type":"success","level":1,"name":"签到","meta":{"paths":["lp0hx8"]},"content":"2186790348完成了一次签到！","timestamp":1779466036814}
{"id":254802,"type":"info","level":2,"name":"签到","meta":{"paths":["lp0hx8"]},"content":"已更新3980423768的抢劫次数和记录","timestamp":1779466041209}
{"id":254819,"type":"success","level":1,"name":"签到","meta":{"paths":["lp0hx8"]},"content":"3980423768抢劫978229136失败！失去了153P点！","timestamp":1779466041780}
{"id":254820,"type":"info","level":2,"name":"签到","meta":{"paths":["lp0hx8"]},"content":"3980423768今天的抢劫记录为-153   |    剩余抢劫次数为2","timestamp":1779466041782}
{"id":254875,"type":"success","level":1,"name":"签到","meta":{"paths":["lp0hx8"]},"content":"3391406413完成了一次签到！","timestamp":1779466053325}
{"id":254877,"type":"success","level":1,"name":"签到","meta":{"paths":["lp0hx8"]},"content":"3980423768抢了978229136的307P点！","timestamp":1779466053374}
{"id":254878,"type":"info","level":2,"name":"签到","meta":{"paths":["lp0hx8"]},"content":"3980423768今天的抢劫记录为154   |    剩余抢劫次数为1","timestamp":1779466053377}
{"id":254909,"type":"success","level":1,"name":"签到","meta":{"paths":["lp0hx8"]},"content":"1569181511完成了一次签到！","timestamp":1779466056041}
{"id":254936,"type":"info","level":2,"name":"抽卡与卡组","meta":{"paths":["lp0hx8"]},"content":"3980423768抽到了一张☆二星★卡，剩余2P点","timestamp":1779466060270}
{"id":254952,"type":"info","level":2,"name":"签到","meta":{"paths":["lp0hx8"]},"content":"已更新1569181511的抢劫次数和记录","timestamp":1779466063285}
{"id":254996,"type":"info","level":2,"name":"抽卡与卡组","meta":{"paths":["lp0hx8"]},"content":"978229136抽到了一张☆二星★卡，剩余40215P点","timestamp":1779466065937}
{"id":255012,"type":"info","level":2,"name":"签到","meta":{"paths":["lp0hx8"]},"content":"已更新3391406413的抢劫次数和记录","timestamp":1779466066407}
{"id":255045,"type":"success","level":1,"name":"签到","meta":{"paths":["lp0hx8"]},"content":"3391406413抢劫3764379512失败！失去了92P点！","timestamp":1779466066995}
{"id":255046,"type":"info","level":2,"name":"签到","meta":{"paths":["lp0hx8"]},"content":"3391406413今天的抢劫记录为-92   |    剩余抢劫次数为2","timestamp":1779466066997}
{"id":255057,"type":"info","level":2,"name":"抽卡与卡组","meta":{"paths":["lp0hx8"]},"content":"1569181511抽到了一张☆二星★卡，剩余4088P点","timestamp":1779466067935}
{"id":255133,"type":"success","level":1,"name":"签到","meta":{"paths":["lp0hx8"]},"content":"3980423768抢劫978229136失败！失去了所有P点！","timestamp":1779466070758}
{"id":255134,"type":"info","level":2,"name":"签到","meta":{"paths":["lp0hx8"]},"content":"3980423768今天的抢劫记录为152   |    剩余抢劫次数为0","timestamp":1779466070759}
{"id":255137,"type":"info","level":2,"name":"抽卡与卡组","meta":{"paths":["lp0hx8"]},"content":"1569181511抽到了一张❀三星☄卡，剩余3688P点","timestamp":1779466070777}
{"id":255139,"type":"success","level":1,"name":"签到","meta":{"paths":["lp0hx8"]},"content":"3391406413抢劫3764379512失败！失去了204P点！","timestamp":1779466071015}
{"id":255140,"type":"info","level":2,"name":"签到","meta":{"paths":["lp0hx8"]},"content":"3391406413今天的抢劫记录为-296   |    剩余抢劫次数为1","timestamp":1779466071018}
{"id":255173,"type":"info","level":2,"name":"抽卡与卡组","meta":{"paths":["lp0hx8"]},"content":"1569181511抽到了一张❀三星☄卡，剩余3288P点","timestamp":1779466074086}
{"id":255219,"type":"success","level":1,"name":"签到","meta":{"paths":["lp0hx8"]},"content":"3391406413抢了3764379512的376P点！","timestamp":1779466076455}
{"id":255220,"type":"info","level":2,"name":"签到","meta":{"paths":["lp0hx8"]},"content":"3391406413今天的抢劫记录为80   |    剩余抢劫次数为0","timestamp":1779466076459}
{"id":255248,"type":"info","level":2,"name":"签到","meta":{"paths":["lp0hx8"]},"content":"已更新366837668的抢劫次数和记录","timestamp":1779466080901}
{"id":255279,"type":"success","level":1,"name":"签到","meta":{"paths":["lp0hx8"]},"content":"366837668抢了3764379512的14P点！","timestamp":1779466081298}
{"id":255280,"type":"info","level":2,"name":"签到","meta":{"paths":["lp0hx8"]},"content":"366837668今天的抢劫记录为14   |    剩余抢劫次数为2","timestamp":1779466081299}
{"id":255290,"type":"warn","level":2,"name":"session","meta":{},"content":"Error: Error with request send_group_msg, args: {\"group_id\":1091191330,\"message\":[{\"type\":\"at\",\"data\":{\"qq\":\"1569181511\"}},{\"type\":\"text\",\"data\":{\"text\":\" 输入抽卡目标：（三星、四星、FES）\"}}]}, retcode: 1200\n    at _Internal._get (/root/lezskabot/koishi/koishi-app/node_modules/koishi-plugin-adapter-onebot/lib/index.js:119:11)\n    at process.processTicksAndRejections (node:internal/process/task_queues:95:5)\n    at async _Internal.<computed> [as sendGroupMsg] (/root/lezskabot/koishi/koishi-app/node_modules/koishi-plugin-adapter-onebot/lib/index.js:162:20)\n    at async OneBotMessageEncoder.flush (/root/lezskabot/koishi/koishi-app/node_modules/koishi-plugin-adapter-onebot/lib/index.js:771:338)\n    at async OneBotMessageEncoder.send (/root/lezskabot/koishi/koishi-app/node_modules/@satorijs/core/lib/index.cjs:755:5)\n    at async Proxy.sendMessage (/root/lezskabot/koishi/koishi-app/node_modules/@satorijs/core/lib/index.cjs:487:22)\n    at async _Command.eval (eval at <anonymous> (/root/lezskabot/koishi/koishi-app/node_modules/koishi-plugin-blockly-null/lib/index.js:1:1), <anonymous>:114:5)\n    at async Array.<anonymous> (/root/lezskabot/koishi/koishi-app/node_modules/@koishijs/core/lib/index.cjs:1079:14)\n    at async _Command.execute (/root/lezskabot/koishi/koishi-app/node_modules/@koishijs/core/lib/index.cjs:1093:22)\n    at async /root/lezskabot/koishi/koishi-app/node_modules/@koishijs/core/lib/index.cjs:2049:22","timestamp":1779466082427}
{"id":255313,"type":"warn","level":2,"name":"session","meta":{},"content":"Error: Error with request send_group_msg, args: {\"group_id\":1091191330,\"message\":[{\"type\":\"at\",\"data\":{\"qq\":\"2334828455\"}},{\"type\":\"text\",\"data\":{\"text\":\"签到成功！你收到了2372P点！ 现在你已经有9082P点力！\\nP点可用来抽卡（见“抽卡帮助”）\"}}]}, retcode: 1200\n    at _Internal._get (/root/lezskabot/koishi/koishi-app/node_modules/koishi-plugin-adapter-onebot/lib/index.js:119:11)\n    at process.processTicksAndRejections (node:internal/process/task_queues:95:5)\n    at async _Internal.<computed> [as sendGroupMsg] (/root/lezskabot/koishi/koishi-app/node_modules/koishi-plugin-adapter-onebot/lib/index.js:162:20)\n    at async OneBotMessageEncoder.flush (/root/lezskabot/koishi/koishi-app/node_modules/koishi-plugin-adapter-onebot/lib/index.js:771:338)\n    at async OneBotMessageEncoder.send (/root/lezskabot/koishi/koishi-app/node_modules/@satorijs/core/lib/index.cjs:755:5)\n    at async Proxy.sendMessage (/root/lezskabot/koishi/koishi-app/node_modules/@satorijs/core/lib/index.cjs:487:22)\n    at async _Command.eval (eval at <anonymous> (/root/lezskabot/koishi/koishi-app/node_modules/koishi-plugin-blockly-null/lib/index.js:1:1), <anonymous>:372:19)\n    at async Array.<anonymous> (/root/lezskabot/koishi/koishi-app/node_modules/@koishijs/core/lib/index.cjs:1079:14)\n    at async _Command.execute (/root/lezskabot/koishi/koishi-app/node_modules/@koishijs/core/lib/index.cjs:1093:22)\n    at async /root/lezskabot/koishi/koishi-app/node_modules/@koishijs/core/lib/index.cjs:2049:22","timestamp":1779466085432}
{"id":255316,"type":"success","level":1,"name":"签到","meta":{"paths":["lp0hx8"]},"content":"2334828455完成了一次签到！","timestamp":1779466085438}
{"id":255348,"type":"success","level":1,"name":"签到","meta":{"paths":["lp0hx8"]},"content":"366837668抢了3764379512的45P点！","timestamp":1779466087055}
{"id":255349,"type":"info","level":2,"name":"签到","meta":{"paths":["lp0hx8"]},"content":"366837668今天的抢劫记录为59   |    剩余抢劫次数为1","timestamp":1779466087056}
{"id":255426,"type":"success","level":1,"name":"签到","meta":{"paths":["lp0hx8"]},"content":"366837668抢了3764379512的163P点！","timestamp":1779466102314}
{"id":255427,"type":"info","level":2,"name":"签到","meta":{"paths":["lp0hx8"]},"content":"366837668今天的抢劫记录为222   |    剩余抢劫次数为0","timestamp":1779466102316}
{"id":255454,"type":"success","level":1,"name":"签到","meta":{"paths":["lp0hx8"]},"content":"2433884076完成了一次签到！","timestamp":1779466107136}
{"id":255500,"type":"success","level":1,"name":"签到","meta":{"paths":["lp0hx8"]},"content":"3986092865完成了一次签到！","timestamp":1779466111293}
{"id":255532,"type":"success","level":1,"name":"签到","meta":{"paths":["lp0hx8"]},"content":"366837668完成了一次签到！","timestamp":1779466115772}
{"id":255557,"type":"info","level":2,"name":"签到","meta":{"paths":["lp0hx8"]},"content":"已更新2433884076的抢劫次数和记录","timestamp":1779466119691}
{"id":255578,"type":"success","level":1,"name":"签到","meta":{"paths":["lp0hx8"]},"content":"2433884076抢了3764379512的409P点！","timestamp":1779466120061}
{"id":255579,"type":"info","level":2,"name":"签到","meta":{"paths":["lp0hx8"]},"content":"2433884076今天的抢劫记录为409   |    剩余抢劫次数为2","timestamp":1779466120061}
{"id":255645,"type":"info","level":2,"name":"抽卡与卡组","meta":{"paths":["lp0hx8"]},"content":"978229136抽到了一张☂FES☃卡，剩余28615P点","timestamp":1779466136869}
{"id":255699,"type":"success","level":1,"name":"签到","meta":{"paths":["lp0hx8"]},"content":"3997019972完成了一次签到！","timestamp":1779466148740}
{"id":255739,"type":"warn","level":2,"name":"session","meta":{},"content":"Error: Error with request send_group_msg, args: {\"group_id\":1091191330,\"message\":[{\"type\":\"at\",\"data\":{\"qq\":\"1012113121\"}},{\"type\":\"text\",\"data\":{\"text\":\"签到成功！你收到了4842P点！ 现在你已经有5145P点力！\\nP点可用来抽卡（见“抽卡帮助”）\"}}]}, retcode: 1200\n    at _Internal._get (/root/lezskabot/koishi/koishi-app/node_modules/koishi-plugin-adapter-onebot/lib/index.js:119:11)\n    at process.processTicksAndRejections (node:internal/process/task_queues:95:5)\n    at async _Internal.<computed> [as sendGroupMsg] (/root/lezskabot/koishi/koishi-app/node_modules/koishi-plugin-adapter-onebot/lib/index.js:162:20)\n    at async OneBotMessageEncoder.flush (/root/lezskabot/koishi/koishi-app/node_modules/koishi-plugin-adapter-onebot/lib/index.js:771:338)\n    at async OneBotMessageEncoder.send (/root/lezskabot/koishi/koishi-app/node_modules/@satorijs/core/lib/index.cjs:755:5)\n    at async Proxy.sendMessage (/root/lezskabot/koishi/koishi-app/node_modules/@satorijs/core/lib/index.cjs:487:22)\n    at async _Command.eval (eval at <anonymous> (/root/lezskabot/koishi/koishi-app/node_modules/koishi-plugin-blockly-null/lib/index.js:1:1), <anonymous>:372:19)\n    at async Array.<anonymous> (/root/lezskabot/koishi/koishi-app/node_modules/@koishijs/core/lib/index.cjs:1079:14)\n    at async _Command.execute (/root/lezskabot/koishi/koishi-app/node_modules/@koishijs/core/lib/index.cjs:1093:22)\n    at async /root/lezskabot/koishi/koishi-app/node_modules/@koishijs/core/lib/index.cjs:2049:22","timestamp":1779466154921}
{"id":255742,"type":"success","level":1,"name":"签到","meta":{"paths":["lp0hx8"]},"content":"1012113121完成了一次签到！","timestamp":1779466154948}
{"id":256066,"type":"info","level":2,"name":"签到","meta":{"paths":["lp0hx8"]},"content":"已更新3764379512的抢劫次数和记录","timestamp":1779466247370}
{"id":256083,"type":"success","level":1,"name":"签到","meta":{"paths":["lp0hx8"]},"content":"3764379512抢劫366837668失败！失去了239P点！","timestamp":1779466247723}
{"id":256084,"type":"info","level":2,"name":"签到","meta":{"paths":["lp0hx8"]},"content":"3764379512今天的抢劫记录为-239   |    剩余抢劫次数为2","timestamp":1779466247724}
{"id":256125,"type":"success","level":1,"name":"签到","meta":{"paths":["lp0hx8"]},"content":"3764379512抢劫366837668失败！失去了109P点！","timestamp":1779466252595}
{"id":256126,"type":"info","level":2,"name":"签到","meta":{"paths":["lp0hx8"]},"content":"3764379512今天的抢劫记录为-348   |    剩余抢劫次数为1","timestamp":1779466252596}
{"id":256167,"type":"success","level":1,"name":"签到","meta":{"paths":["lp0hx8"]},"content":"3764379512抢了366837668的447P点！","timestamp":1779466257196}
{"id":256168,"type":"info","level":2,"name":"签到","meta":{"paths":["lp0hx8"]},"content":"3764379512今天的抢劫记录为99   |    剩余抢劫次数为0","timestamp":1779466257200}
{"id":256273,"type":"info","level":2,"name":"签到","meta":{"paths":["lp0hx8"]},"content":"已更新3446609233的抢劫次数和记录","timestamp":1779466277022}
{"id":256298,"type":"success","level":1,"name":"签到","meta":{"paths":["lp0hx8"]},"content":"3446609233抢了366837668的374P点！","timestamp":1779466277377}
{"id":256299,"type":"info","level":2,"name":"签到","meta":{"paths":["lp0hx8"]},"content":"3446609233今天的抢劫记录为374   |    剩余抢劫次数为2","timestamp":1779466277379}
{"id":256337,"type":"success","level":1,"name":"签到","meta":{"paths":["lp0hx8"]},"content":"3446609233抢劫366837668失败！失去了16P点！","timestamp":1779466281835}
{"id":256338,"type":"info","level":2,"name":"签到","meta":{"paths":["lp0hx8"]},"content":"3446609233今天的抢劫记录为358   |    剩余抢劫次数为1","timestamp":1779466281836}
{"id":256380,"type":"success","level":1,"name":"签到","meta":{"paths":["lp0hx8"]},"content":"3446609233抢劫366837668失败！失去了2P点！","timestamp":1779466285635}
{"id":256381,"type":"info","level":2,"name":"签到","meta":{"paths":["lp0hx8"]},"content":"3446609233今天的抢劫记录为356   |    剩余抢劫次数为0","timestamp":1779466285638}
{"id":256452,"type":"info","level":2,"name":"签到","meta":{"paths":["lp0hx8"]},"content":"已更新3829652340的抢劫次数和记录","timestamp":1779466300744}
{"id":256473,"type":"success","level":1,"name":"签到","meta":{"paths":["lp0hx8"]},"content":"3829652340抢了366837668的253P点！","timestamp":1779466301456}
{"id":256474,"type":"info","level":2,"name":"签到","meta":{"paths":["lp0hx8"]},"content":"3829652340今天的抢劫记录为253   |    剩余抢劫次数为2","timestamp":1779466301459}
{"id":256512,"type":"success","level":1,"name":"签到","meta":{"paths":["lp0hx8"]},"content":"3829652340抢了366837668的499P点！","timestamp":1779466305783}
{"id":256513,"type":"info","level":2,"name":"签到","meta":{"paths":["lp0hx8"]},"content":"3829652340今天的抢劫记录为752   |    剩余抢劫次数为1","timestamp":1779466305783}
{"id":256564,"type":"success","level":1,"name":"签到","meta":{"paths":["lp0hx8"]},"content":"3829652340抢了366837668的233P点！","timestamp":1779466310767}
{"id":256565,"type":"info","level":2,"name":"签到","meta":{"paths":["lp0hx8"]},"content":"3829652340今天的抢劫记录为985   |    剩余抢劫次数为0","timestamp":1779466310768}
{"id":256602,"type":"success","level":1,"name":"签到","meta":{"paths":["lp0hx8"]},"content":"2957614240完成了一次签到！","timestamp":1779466312905}
{"id":256668,"type":"info","level":2,"name":"签到","meta":{"paths":["lp0hx8"]},"content":"已更新2957614240的抢劫次数和记录","timestamp":1779466325679}
{"id":256685,"type":"success","level":1,"name":"签到","meta":{"paths":["lp0hx8"]},"content":"2957614240抢劫3764379512失败！失去了252P点！","timestamp":1779466326224}
{"id":256686,"type":"info","level":2,"name":"签到","meta":{"paths":["lp0hx8"]},"content":"2957614240今天的抢劫记录为-252   |    剩余抢劫次数为2","timestamp":1779466326225}
{"id":256720,"type":"success","level":1,"name":"签到","meta":{"paths":["lp0hx8"]},"content":"2957614240抢劫3764379512失败！失去了241P点！","timestamp":1779466333882}
{"id":256721,"type":"info","level":2,"name":"签到","meta":{"paths":["lp0hx8"]},"content":"2957614240今天的抢劫记录为-493   |    剩余抢劫次数为1","timestamp":1779466333889}
{"id":256780,"type":"success","level":1,"name":"签到","meta":{"paths":["lp0hx8"]},"content":"2957614240抢劫3764379512失败！失去了288P点！","timestamp":1779466342708}
{"id":256781,"type":"info","level":2,"name":"签到","meta":{"paths":["lp0hx8"]},"content":"2957614240今天的抢劫记录为-781   |    剩余抢劫次数为0","timestamp":1779466342709}
{"id":256903,"type":"error","level":1,"name":"签到","meta":{"paths":["lp0hx8"]},"content":"2957614240抢劫失败！该用户今天抢劫次数已用完","timestamp":1779466361273}
{"id":256970,"type":"info","level":2,"name":"签到","meta":{"paths":["lp0hx8"]},"content":"已更新3992694357的抢劫次数和记录","timestamp":1779466370247}
{"id":256997,"type":"success","level":1,"name":"签到","meta":{"paths":["lp0hx8"]},"content":"3992694357抢了3764379512的6P点！","timestamp":1779466370597}
{"id":256998,"type":"info","level":2,"name":"签到","meta":{"paths":["lp0hx8"]},"content":"3992694357今天的抢劫记录为6   |    剩余抢劫次数为2","timestamp":1779466370600}
{"id":257053,"type":"success","level":1,"name":"签到","meta":{"paths":["lp0hx8"]},"content":"3992694357抢劫3764379512失败！失去了所有P点！","timestamp":1779466380330}
{"id":257054,"type":"info","level":2,"name":"签到","meta":{"paths":["lp0hx8"]},"content":"3992694357今天的抢劫记录为0   |    剩余抢劫次数为1","timestamp":1779466380333}
{"id":257242,"type":"error","level":1,"name":"签到","meta":{"paths":["lp0hx8"]},"content":"2957614240抢劫失败！该用户今天抢劫次数已用完","timestamp":1779466408773}
{"id":257314,"type":"info","level":2,"name":"签到","meta":{"paths":["lp0hx8"]},"content":"已更新3880481225的抢劫次数和记录","timestamp":1779466417660}
{"id":257335,"type":"success","level":1,"name":"签到","meta":{"paths":["lp0hx8"]},"content":"3880481225抢了3764379512的489P点！","timestamp":1779466418176}
{"id":257336,"type":"info","level":2,"name":"签到","meta":{"paths":["lp0hx8"]},"content":"3880481225今天的抢劫记录为489   |    剩余抢劫次数为2","timestamp":1779466418183}
{"id":257399,"type":"success","level":1,"name":"签到","meta":{"paths":["lp0hx8"]},"content":"3880481225抢劫3764379512失败！失去了165P点！","timestamp":1779466423177}
{"id":257400,"type":"info","level":2,"name":"签到","meta":{"paths":["lp0hx8"]},"content":"3880481225今天的抢劫记录为324   |    剩余抢劫次数为1","timestamp":1779466423178}
{"id":257450,"type":"success","level":1,"name":"签到","meta":{"paths":["lp0hx8"]},"content":"3880481225抢劫3764379512失败！失去了156P点！","timestamp":1779466428799}
{"id":257451,"type":"info","level":2,"name":"签到","meta":{"paths":["lp0hx8"]},"content":"3880481225今天的抢劫记录为168   |    剩余抢劫次数为0","timestamp":1779466428800}
{"id":258108,"type":"success","level":1,"name":"签到","meta":{"paths":["lp0hx8"]},"content":"782766016完成了一次签到！","timestamp":1779466542180}
{"id":258172,"type":"info","level":2,"name":"抽卡与卡组","meta":{"paths":["lp0hx8"]},"content":"782766016抽到了一张☆二星★卡，剩余3473P点","timestamp":1779466550886}
{"id":258229,"type":"info","level":2,"name":"抽卡与卡组","meta":{"paths":["lp0hx8"]},"content":"782766016抽到了一张☆二星★卡，剩余3073P点","timestamp":1779466556202}
{"id":258266,"type":"success","level":1,"name":"签到","meta":{"paths":["lp0hx8"]},"content":"3055983840完成了一次签到！","timestamp":1779466561322}
{"id":258296,"type":"info","level":2,"name":"抽卡与卡组","meta":{"paths":["lp0hx8"]},"content":"782766016抽到了一张❀三星☄卡，剩余2673P点","timestamp":1779466563540}
{"id":258333,"type":"info","level":2,"name":"抽卡与卡组","meta":{"paths":["lp0hx8"]},"content":"782766016抽到了一张❀三星☄卡，剩余2273P点","timestamp":1779466570420}
{"id":258375,"type":"info","level":2,"name":"抽卡与卡组","meta":{"paths":["lp0hx8"]},"content":"782766016抽到了一张☆二星★卡，剩余1873P点","timestamp":1779466575502}
{"id":258412,"type":"info","level":2,"name":"抽卡与卡组","meta":{"paths":["lp0hx8"]},"content":"782766016抽到了一张☆二星★卡，剩余1473P点","timestamp":1779466581243}
{"id":258449,"type":"info","level":2,"name":"抽卡与卡组","meta":{"paths":["lp0hx8"]},"content":"782766016抽到了一张❀三星☄卡，剩余1073P点","timestamp":1779466586694}
{"id":258480,"type":"success","level":1,"name":"签到","meta":{"paths":["lp0hx8"]},"content":"2956414337完成了一次签到！","timestamp":1779466589674}
{"id":258502,"type":"info","level":2,"name":"签到","meta":{"paths":["lp0hx8"]},"content":"已更新3055983840的抢劫次数和记录","timestamp":1779466590660}
{"id":258523,"type":"success","level":1,"name":"签到","meta":{"paths":["lp0hx8"]},"content":"3055983840抢了3997019972的459P点！","timestamp":1779466591235}
{"id":258524,"type":"info","level":2,"name":"签到","meta":{"paths":["lp0hx8"]},"content":"3055983840今天的抢劫记录为459   |    剩余抢劫次数为2","timestamp":1779466591236}
{"id":258566,"type":"info","level":2,"name":"抽卡与卡组","meta":{"paths":["lp0hx8"]},"content":"782766016抽到了一张☆二星★卡，剩余673P点","timestamp":1779466598682}
{"id":258660,"type":"info","level":2,"name":"抽卡与卡组","meta":{"paths":["lp0hx8"]},"content":"782766016抽到了一张☆二星★卡，剩余273P点","timestamp":1779466603725}
{"id":258662,"type":"success","level":1,"name":"签到","meta":{"paths":["lp0hx8"]},"content":"3055983840抢了29053789的218P点！","timestamp":1779466604055}
{"id":258663,"type":"info","level":2,"name":"签到","meta":{"paths":["lp0hx8"]},"content":"3055983840今天的抢劫记录为677   |    剩余抢劫次数为1","timestamp":1779466604057}
{"id":258670,"type":"info","level":2,"name":"抽卡与卡组","meta":{"paths":["lp0hx8"]},"content":"2956414337抽到了一张☆二星★卡，剩余636P点","timestamp":1779466604275}
{"id":258694,"type":"info","level":2,"name":"抽卡与卡组","meta":{"paths":["lp0hx8"]},"content":"2956414337抽到了一张☆二星★卡，剩余236P点","timestamp":1779466610784}
{"id":258710,"type":"info","level":2,"name":"签到","meta":{"paths":["lp0hx8"]},"content":"已更新2432499215的抢劫次数和记录","timestamp":1779466612505}
{"id":258731,"type":"success","level":1,"name":"签到","meta":{"paths":["lp0hx8"]},"content":"2432499215抢了29053789的46P点！","timestamp":1779466612840}
{"id":258732,"type":"info","level":2,"name":"签到","meta":{"paths":["lp0hx8"]},"content":"2432499215今天的抢劫记录为46   |    剩余抢劫次数为2","timestamp":1779466612843}
{"id":258800,"type":"success","level":1,"name":"签到","meta":{"paths":["lp0hx8"]},"content":"3055983840抢劫29053789失败！失去了169P点！","timestamp":1779466621012}
{"id":258801,"type":"info","level":2,"name":"签到","meta":{"paths":["lp0hx8"]},"content":"3055983840今天的抢劫记录为508   |    剩余抢劫次数为0","timestamp":1779466621012}
{"id":258829,"type":"success","level":1,"name":"签到","meta":{"paths":["lp0hx8"]},"content":"2432499215抢劫29053789失败！失去了75P点！","timestamp":1779466621632}
{"id":258830,"type":"info","level":2,"name":"签到","meta":{"paths":["lp0hx8"]},"content":"2432499215今天的抢劫记录为-29   |    剩余抢劫次数为1","timestamp":1779466621633}
{"id":258898,"type":"success","level":1,"name":"签到","meta":{"paths":["lp0hx8"]},"content":"2432499215抢了3055983840的425P点！","timestamp":1779466631452}
{"id":258899,"type":"info","level":2,"name":"签到","meta":{"paths":["lp0hx8"]},"content":"2432499215今天的抢劫记录为360   |    剩余抢劫次数为0","timestamp":1779466631453}
{"id":258921,"type":"info","level":2,"name":"签到","meta":{"paths":["lp0hx8"]},"content":"已更新3997019972的抢劫次数和记录","timestamp":1779466632569}
{"id":259159,"type":"info","level":2,"name":"抽卡与卡组","meta":{"paths":["lp0hx8"]},"content":"3997019972抽到了一张❀三星☄卡，剩余48P点","timestamp":1779466684006}
{"id":259209,"type":"success","level":1,"name":"抽卡与卡组","meta":{"paths":["lp0hx8"]},"content":"2432499215献祭了：4张二星  2张三星  获得2240P点，当前P点数为6335","timestamp":1779466698545}
{"id":259242,"type":"warn","level":2,"name":"session","meta":{},"content":"Error: Error with request send_group_msg, args: {\"group_id\":1091191330,\"message\":[{\"type\":\"text\",\"data\":{\"text\":\"你抽到了：\\n3张二星  \\n2张三星  \\n1张FES  \\n一共6张卡\\n已存入你卡组的第1, 2, 3, 5, 6, 7位\\n你还有3935P点\"}}]}, retcode: 1200\n    at _Internal._get (/root/lezskabot/koishi/koishi-app/node_modules/koishi-plugin-adapter-onebot/lib/index.js:119:11)\n    at process.processTicksAndRejections (node:internal/process/task_queues:95:5)\n    at async _Internal.<computed> [as sendGroupMsg] (/root/lezskabot/koishi/koishi-app/node_modules/koishi-plugin-adapter-onebot/lib/index.js:162:20)\n    at async OneBotMessageEncoder.flush (/root/lezskabot/koishi/koishi-app/node_modules/koishi-plugin-adapter-onebot/lib/index.js:771:338)\n    at async OneBotMessageEncoder.send (/root/lezskabot/koishi/koishi-app/node_modules/@satorijs/core/lib/index.cjs:755:5)\n    at async Proxy.sendMessage (/root/lezskabot/koishi/koishi-app/node_modules/@satorijs/core/lib/index.cjs:487:22)\n    at async /root/lezskabot/koishi/koishi-app/node_modules/@koishijs/core/lib/index.cjs:2051:7\n    at async Proxy.withScope (/root/lezskabot/koishi/koishi-app/node_modules/@koishijs/core/lib/index.cjs:1958:22)\n    at async next (/root/lezskabot/koishi/koishi-app/node_modules/@koishijs/core/lib/index.cjs:827:16)\n    at async next (/root/lezskabot/koishi/koishi-app/node_modules/@koishijs/core/lib/index.cjs:827:16)","timestamp":1779466704359}
{"id":259252,"type":"warn","level":2,"name":"session","meta":{},"content":"Error: Error with request send_group_msg, args: {\"group_id\":1091191330,\"message\":[{\"type\":\"at\",\"data\":{\"qq\":\"3986092865\"}},{\"type\":\"text\",\"data\":{\"text\":\" 输入抽卡目标：（三星、四星、FES）\"}}]}, retcode: 1200\n    at _Internal._get (/root/lezskabot/koishi/koishi-app/node_modules/koishi-plugin-adapter-onebot/lib/index.js:119:11)\n    at process.processTicksAndRejections (node:internal/process/task_queues:95:5)\n    at async _Internal.<computed> [as sendGroupMsg] (/root/lezskabot/koishi/koishi-app/node_modules/koishi-plugin-adapter-onebot/lib/index.js:162:20)\n    at async OneBotMessageEncoder.flush (/root/lezskabot/koishi/koishi-app/node_modules/koishi-plugin-adapter-onebot/lib/index.js:771:338)\n    at async OneBotMessageEncoder.send (/root/lezskabot/koishi/koishi-app/node_modules/@satorijs/core/lib/index.cjs:755:5)\n    at async Proxy.sendMessage (/root/lezskabot/koishi/koishi-app/node_modules/@satorijs/core/lib/index.cjs:487:22)\n    at async _Command.eval (eval at <anonymous> (/root/lezskabot/koishi/koishi-app/node_modules/koishi-plugin-blockly-null/lib/index.js:1:1), <anonymous>:114:5)\n    at async Array.<anonymous> (/root/lezskabot/koishi/koishi-app/node_modules/@koishijs/core/lib/index.cjs:1079:14)\n    at async _Command.execute (/root/lezskabot/koishi/koishi-app/node_modules/@koishijs/core/lib/index.cjs:1093:22)\n    at async /root/lezskabot/koishi/koishi-app/node_modules/@koishijs/core/lib/index.cjs:2049:22","timestamp":1779466705355}
{"id":259494,"type":"success","level":1,"name":"抽卡与卡组","meta":{"paths":["lp0hx8"]},"content":"2432499215献祭了：3张二星  2张三星  获得1960P点，当前P点数为5895","timestamp":1779466762512}
{"id":259588,"type":"success","level":1,"name":"抽卡与卡组","meta":{"paths":["lp0hx8"]},"content":"2432499215献祭了：3张二星  2张三星  获得1960P点，当前P点数为5855","timestamp":1779466776367}
{"id":259685,"type":"success","level":1,"name":"签到","meta":{"paths":["lp0hx8"]},"content":"1090073898完成了一次签到！","timestamp":1779466794953}
{"id":259830,"type":"success","level":1,"name":"抽卡与卡组","meta":{"paths":["lp0hx8"]},"content":"2432499215献祭了：3张二星  1张三星  获得1400P点，当前P点数为5255","timestamp":1779466821545}
{"id":259894,"type":"success","level":1,"name":"抽卡与卡组","meta":{"paths":["lp0hx8"]},"content":"2432499215献祭了：3张二星  1张三星  获得1400P点，当前P点数为5055","timestamp":1779466834706}
{"id":259905,"type":"error","level":1,"name":"抽卡与卡组","meta":{"paths":["lp0hx8"]},"content":"1242401280抽卡失败，积分不足","timestamp":1779466835291}
{"id":259953,"type":"warn","level":2,"name":"session","meta":{},"content":"Error: Error with request send_group_msg, args: {\"group_id\":1091191330,\"message\":[{\"type\":\"at\",\"data\":{\"qq\":\"2432499215\"}},{\"type\":\"text\",\"data\":{\"text\":\"你献祭了：\\n2张二星\\n2张三星\\n获得1680P点！\\n当前P点数5135\"}}]}, retcode: 1200\n    at _Internal._get (/root/lezskabot/koishi/koishi-app/node_modules/koishi-plugin-adapter-onebot/lib/index.js:119:11)\n    at process.processTicksAndRejections (node:internal/process/task_queues:95:5)\n    at async _Internal.<computed> [as sendGroupMsg] (/root/lezskabot/koishi/koishi-app/node_modules/koishi-plugin-adapter-onebot/lib/index.js:162:20)\n    at async OneBotMessageEncoder.flush (/root/lezskabot/koishi/koishi-app/node_modules/koishi-plugin-adapter-onebot/lib/index.js:771:338)\n    at async OneBotMessageEncoder.send (/root/lezskabot/koishi/koishi-app/node_modules/@satorijs/core/lib/index.cjs:755:5)\n    at async Proxy.sendMessage (/root/lezskabot/koishi/koishi-app/node_modules/@satorijs/core/lib/index.cjs:487:22)\n    at async _Command.eval (eval at <anonymous> (/root/lezskabot/koishi/koishi-app/node_modules/koishi-plugin-blockly-null/lib/index.js:1:1), <anonymous>:396:17)\n    at async Array.<anonymous> (/root/lezskabot/koishi/koishi-app/node_modules/@koishijs/core/lib/index.cjs:1079:14)\n    at async _Command.execute (/root/lezskabot/koishi/koishi-app/node_modules/@koishijs/core/lib/index.cjs:1093:22)\n    at async /root/lezskabot/koishi/koishi-app/node_modules/@koishijs/core/lib/index.cjs:2049:22","timestamp":1779466844642}
{"id":259955,"type":"success","level":1,"name":"抽卡与卡组","meta":{"paths":["lp0hx8"]},"content":"2432499215献祭了：2张二星  2张三星  获得1680P点，当前P点数为5135","timestamp":1779466844651}
{"id":259989,"type":"warn","level":2,"name":"session","meta":{},"content":"Error: Error with request send_group_msg, args: {\"group_id\":1091191330,\"message\":[{\"type\":\"at\",\"data\":{\"qq\":\"1242401280\"}},{\"type\":\"text\",\"data\":{\"text\":\"签到成功！你收到了4603P点！ 现在你已经有4603P点力！\\nP点可用来抽卡（见“抽卡帮助”）\"}}]}, retcode: 1200\n    at _Internal._get (/root/lezskabot/koishi/koishi-app/node_modules/koishi-plugin-adapter-onebot/lib/index.js:119:11)\n    at process.processTicksAndRejections (node:internal/process/task_queues:95:5)\n    at async _Internal.<computed> [as sendGroupMsg] (/root/lezskabot/koishi/koishi-app/node_modules/koishi-plugin-adapter-onebot/lib/index.js:162:20)\n    at async OneBotMessageEncoder.flush (/root/lezskabot/koishi/koishi-app/node_modules/koishi-plugin-adapter-onebot/lib/index.js:771:338)\n    at async OneBotMessageEncoder.send (/root/lezskabot/koishi/koishi-app/node_modules/@satorijs/core/lib/index.cjs:755:5)\n    at async Proxy.sendMessage (/root/lezskabot/koishi/koishi-app/node_modules/@satorijs/core/lib/index.cjs:487:22)\n    at async _Command.eval (eval at <anonymous> (/root/lezskabot/koishi/koishi-app/node_modules/koishi-plugin-blockly-null/lib/index.js:1:1), <anonymous>:372:19)\n    at async Array.<anonymous> (/root/lezskabot/koishi/koishi-app/node_modules/@koishijs/core/lib/index.cjs:1079:14)\n    at async _Command.execute (/root/lezskabot/koishi/koishi-app/node_modules/@koishijs/core/lib/index.cjs:1093:22)\n    at async /root/lezskabot/koishi/koishi-app/node_modules/@koishijs/core/lib/index.cjs:2049:22","timestamp":1779466847999}
{"id":259993,"type":"success","level":1,"name":"签到","meta":{"paths":["lp0hx8"]},"content":"1242401280完成了一次签到！","timestamp":1779466848011}
{"id":260075,"type":"error","level":1,"name":"签到","meta":{"paths":["lp0hx8"]},"content":"1012113121签到失败！原因：该用户已经签到","timestamp":1779466861504}
{"id":260220,"type":"success","level":1,"name":"抽卡与卡组","meta":{"paths":["lp0hx8"]},"content":"2432499215献祭了：3张二星  1张四星  获得2040P点，当前P点数为5575","timestamp":1779466913327}
{"id":260287,"type":"success","level":1,"name":"抽卡与卡组","meta":{"paths":["lp0hx8"]},"content":"2432499215献祭了：4张二星  获得1120P点，当前P点数为5095","timestamp":1779466924904}
{"id":260380,"type":"success","level":1,"name":"抽卡与卡组","meta":{"paths":["lp0hx8"]},"content":"2432499215献祭了：4张二星  获得1120P点，当前P点数为4615","timestamp":1779466943186}
{"id":260451,"type":"success","level":1,"name":"签到","meta":{"paths":["lp0hx8"]},"content":"3670869274完成了一次签到！","timestamp":1779466951232}
{"id":260485,"type":"info","level":2,"name":"签到","meta":{"paths":["lp0hx8"]},"content":"已更新3670869274的抢劫次数和记录","timestamp":1779466955420}
{"id":260512,"type":"success","level":1,"name":"签到","meta":{"paths":["lp0hx8"]},"content":"3670869274抢劫366837668失败！失去了53P点！","timestamp":1779466956063}
{"id":260513,"type":"info","level":2,"name":"签到","meta":{"paths":["lp0hx8"]},"content":"3670869274今天的抢劫记录为-53   |    剩余抢劫次数为2","timestamp":1779466956064}
{"id":260549,"type":"success","level":1,"name":"签到","meta":{"paths":["lp0hx8"]},"content":"3997019972抢劫2432499215失败！失去了所有P点！","timestamp":1779466958939}
{"id":260550,"type":"info","level":2,"name":"签到","meta":{"paths":["lp0hx8"]},"content":"3997019972今天的抢劫记录为-48   |    剩余抢劫次数为2","timestamp":1779466958940}
{"id":260584,"type":"success","level":1,"name":"签到","meta":{"paths":["lp0hx8"]},"content":"3670869274抢了3391406413的493P点！","timestamp":1779466961159}
{"id":260585,"type":"info","level":2,"name":"签到","meta":{"paths":["lp0hx8"]},"content":"3670869274今天的抢劫记录为440   |    剩余抢劫次数为1","timestamp":1779466961161}
{"id":260619,"type":"success","level":1,"name":"签到","meta":{"paths":["lp0hx8"]},"content":"3670869274抢劫366837668失败！失去了157P点！","timestamp":1779466965966}
{"id":260620,"type":"info","level":2,"name":"签到","meta":{"paths":["lp0hx8"]},"content":"3670869274今天的抢劫记录为283   |    剩余抢劫次数为0","timestamp":1779466965966}
{"id":260682,"type":"warn","level":2,"name":"session","meta":{},"content":"Error: Error with request send_group_msg, args: {\"group_id\":1091191330,\"message\":[{\"type\":\"at\",\"data\":{\"qq\":\"3997019972\"}},{\"type\":\"text\",\"data\":{\"text\":\"   恭喜你从对方手里抢到194P点！\\n你现在有194P点\\n对方还剩2821P点\\n你还剩1次抢P点次数！\"}}]}, retcode: 1200\n    at _Internal._get (/root/lezskabot/koishi/koishi-app/node_modules/koishi-plugin-adapter-onebot/lib/index.js:119:11)\n    at process.processTicksAndRejections (node:internal/process/task_queues:95:5)\n    at async _Internal.<computed> [as sendGroupMsg] (/root/lezskabot/koishi/koishi-app/node_modules/koishi-plugin-adapter-onebot/lib/index.js:162:20)\n    at async OneBotMessageEncoder.flush (/root/lezskabot/koishi/koishi-app/node_modules/koishi-plugin-adapter-onebot/lib/index.js:771:338)\n    at async OneBotMessageEncoder.send (/root/lezskabot/koishi/koishi-app/node_modules/@satorijs/core/lib/index.cjs:755:5)\n    at async Proxy.sendMessage (/root/lezskabot/koishi/koishi-app/node_modules/@satorijs/core/lib/index.cjs:487:22)\n    at async _Command.eval (eval at <anonymous> (/root/lezskabot/koishi/koishi-app/node_modules/koishi-plugin-blockly-null/lib/index.js:1:1), <anonymous>:306:29)\n    at async Array.<anonymous> (/root/lezskabot/koishi/koishi-app/node_modules/@koishijs/core/lib/index.cjs:1079:14)\n    at async _Command.execute (/root/lezskabot/koishi/koishi-app/node_modules/@koishijs/core/lib/index.cjs:1093:22)\n    at async /root/lezskabot/koishi/koishi-app/node_modules/@koishijs/core/lib/index.cjs:2049:22","timestamp":1779466972978}
{"id":260683,"type":"success","level":1,"name":"签到","meta":{"paths":["lp0hx8"]},"content":"3997019972抢了2432499215的194P点！","timestamp":1779466972982}
{"id":260684,"type":"info","level":2,"name":"签到","meta":{"paths":["lp0hx8"]},"content":"3997019972今天的抢劫记录为146   |    剩余抢劫次数为1","timestamp":1779466972983}
{"id":260695,"type":"warn","level":2,"name":"session","meta":{},"content":"Error: Error with request send_group_msg, args: {\"group_id\":1091191330,\"message\":[{\"type\":\"text\",\"data\":{\"text\":\"输入要献祭的卡在卡组中的位置，用空格隔开（可献祭3~8张卡）\"}}]}, retcode: 1200\n    at _Internal._get (/root/lezskabot/koishi/koishi-app/node_modules/koishi-plugin-adapter-onebot/lib/index.js:119:11)\n    at process.processTicksAndRejections (node:internal/process/task_queues:95:5)\n    at async _Internal.<computed> [as sendGroupMsg] (/root/lezskabot/koishi/koishi-app/node_modules/koishi-plugin-adapter-onebot/lib/index.js:162:20)\n    at async OneBotMessageEncoder.flush (/root/lezskabot/koishi/koishi-app/node_modules/koishi-plugin-adapter-onebot/lib/index.js:771:338)\n    at async OneBotMessageEncoder.send (/root/lezskabot/koishi/koishi-app/node_modules/@satorijs/core/lib/index.cjs:755:5)\n    at async Proxy.sendMessage (/root/lezskabot/koishi/koishi-app/node_modules/@satorijs/core/lib/index.cjs:487:22)\n    at async _Command.eval (eval at <anonymous> (/root/lezskabot/koishi/koishi-app/node_modules/koishi-plugin-blockly-null/lib/index.js:1:1), <anonymous>:354:11)\n    at async Array.<anonymous> (/root/lezskabot/koishi/koishi-app/node_modules/@koishijs/core/lib/index.cjs:1079:14)\n    at async _Command.execute (/root/lezskabot/koishi/koishi-app/node_modules/@koishijs/core/lib/index.cjs:1093:22)\n    at async /root/lezskabot/koishi/koishi-app/node_modules/@koishijs/core/lib/index.cjs:2049:22","timestamp":1779466973505}
{"id":260825,"type":"success","level":1,"name":"抽卡与卡组","meta":{"paths":["lp0hx8"]},"content":"2432499215献祭了：1张二星  2张三星  1张四星  获得2600P点，当前P点数为5421","timestamp":1779466997391}
{"id":260902,"type":"success","level":1,"name":"抽卡与卡组","meta":{"paths":["lp0hx8"]},"content":"2432499215献祭了：4张二星  获得1120P点，当前P点数为4941","timestamp":1779467006703}
{"id":261028,"type":"success","level":1,"name":"签到","meta":{"paths":["lp0hx8"]},"content":"2276942246完成了一次签到！","timestamp":1779467027531}
{"id":261076,"type":"success","level":1,"name":"签到","meta":{"paths":["lp0hx8"]},"content":"3997019972抢了2432499215的497P点！","timestamp":1779467030627}
{"id":261077,"type":"info","level":2,"name":"签到","meta":{"paths":["lp0hx8"]},"content":"3997019972今天的抢劫记录为643   |    剩余抢劫次数为0","timestamp":1779467030629}
{"id":261146,"type":"success","level":1,"name":"抽卡与卡组","meta":{"paths":["lp0hx8"]},"content":"2432499215献祭了：3张二星  1张三星  获得1400P点，当前P点数为4244","timestamp":1779467041970}
{"id":261248,"type":"success","level":1,"name":"签到","meta":{"paths":["lp0hx8"]},"content":"1509417679完成了一次签到！","timestamp":1779467048496}
{"id":261339,"type":"info","level":2,"name":"抽卡与卡组","meta":{"paths":["lp0hx8"]},"content":"3997019972抽到了一张☆二星★卡，剩余291P点","timestamp":1779467055607}
{"id":261551,"type":"success","level":1,"name":"签到","meta":{"paths":["lp0hx8"]},"content":"1652933285完成了一次签到！","timestamp":1779467084050}
{"id":261588,"type":"success","level":1,"name":"抽卡与卡组","meta":{"paths":["lp0hx8"]},"content":"3997019972献祭了：1张二星  1张三星  2张四星  获得3240P点，当前P点数为3531","timestamp":1779467093862}
{"id":261670,"type":"success","level":1,"name":"抽卡与卡组","meta":{"paths":["lp0hx8"]},"content":"2432499215献祭了：3张二星  1张四星  获得2040P点，当前P点数为4684","timestamp":1779467104175}
{"id":261749,"type":"success","level":1,"name":"抽卡与卡组","meta":{"paths":["lp0hx8"]},"content":"2432499215献祭了：4张二星  获得1120P点，当前P点数为4204","timestamp":1779467113213}
{"id":261850,"type":"warn","level":2,"name":"session","meta":{},"content":"Error: Error with request send_group_msg, args: {\"group_id\":1091191330,\"message\":[{\"type\":\"text\",\"data\":{\"text\":\"输入要献祭的卡在卡组中的位置，用空格隔开（可献祭3~8张卡）\"}}]}, retcode: 1200\n    at _Internal._get (/root/lezskabot/koishi/koishi-app/node_modules/koishi-plugin-adapter-onebot/lib/index.js:119:11)\n    at process.processTicksAndRejections (node:internal/process/task_queues:95:5)\n    at async _Internal.<computed> [as sendGroupMsg] (/root/lezskabot/koishi/koishi-app/node_modules/koishi-plugin-adapter-onebot/lib/index.js:162:20)\n    at async OneBotMessageEncoder.flush (/root/lezskabot/koishi/koishi-app/node_modules/koishi-plugin-adapter-onebot/lib/index.js:771:338)\n    at async OneBotMessageEncoder.send (/root/lezskabot/koishi/koishi-app/node_modules/@satorijs/core/lib/index.cjs:755:5)\n    at async Proxy.sendMessage (/root/lezskabot/koishi/koishi-app/node_modules/@satorijs/core/lib/index.cjs:487:22)\n    at async _Command.eval (eval at <anonymous> (/root/lezskabot/koishi/koishi-app/node_modules/koishi-plugin-blockly-null/lib/index.js:1:1), <anonymous>:354:11)\n    at async Array.<anonymous> (/root/lezskabot/koishi/koishi-app/node_modules/@koishijs/core/lib/index.cjs:1079:14)\n    at async _Command.execute (/root/lezskabot/koishi/koishi-app/node_modules/@koishijs/core/lib/index.cjs:1093:22)\n    at async /root/lezskabot/koishi/koishi-app/node_modules/@koishijs/core/lib/index.cjs:2049:22","timestamp":1779467127178}
{"id":261998,"type":"warn","level":2,"name":"session","meta":{},"content":"Error: Error with request send_group_msg, args: {\"group_id\":1091191330,\"message\":[{\"type\":\"at\",\"data\":{\"qq\":\"1652933285\"}},{\"type\":\"text\",\"data\":{\"text\":\"献祭数量不足3个\"}}]}, retcode: 1200\n    at _Internal._get (/root/lezskabot/koishi/koishi-app/node_modules/koishi-plugin-adapter-onebot/lib/index.js:119:11)\n    at process.processTicksAndRejections (node:internal/process/task_queues:95:5)\n    at async _Internal.<computed> [as sendGroupMsg] (/root/lezskabot/koishi/koishi-app/node_modules/koishi-plugin-adapter-onebot/lib/index.js:162:20)\n    at async OneBotMessageEncoder.flush (/root/lezskabot/koishi/koishi-app/node_modules/koishi-plugin-adapter-onebot/lib/index.js:771:338)\n    at async OneBotMessageEncoder.send (/root/lezskabot/koishi/koishi-app/node_modules/@satorijs/core/lib/index.cjs:755:5)\n    at async Proxy.sendMessage (/root/lezskabot/koishi/koishi-app/node_modules/@satorijs/core/lib/index.cjs:487:22)\n    at async /root/lezskabot/koishi/koishi-app/node_modules/@koishijs/core/lib/index.cjs:2051:7\n    at async Proxy.withScope (/root/lezskabot/koishi/koishi-app/node_modules/@koishijs/core/lib/index.cjs:1958:22)\n    at async next (/root/lezskabot/koishi/koishi-app/node_modules/@koishijs/core/lib/index.cjs:827:16)\n    at async next (/root/lezskabot/koishi/koishi-app/node_modules/@koishijs/core/lib/index.cjs:827:16)","timestamp":1779467150206}
{"id":262089,"type":"success","level":1,"name":"抽卡与卡组","meta":{"paths":["lp0hx8"]},"content":"2432499215献祭了：2张二星  2张四星  获得2960P点，当前P点数为5564","timestamp":1779467169027}
{"id":262160,"type":"success","level":1,"name":"抽卡与卡组","meta":{"paths":["lp0hx8"]},"content":"2432499215献祭了：3张二星  1张三星  获得1400P点，当前P点数为5364","timestamp":1779467177188}
{"id":262237,"type":"success","level":1,"name":"抽卡与卡组","meta":{"paths":["lp0hx8"]},"content":"1652933285献祭了：2张二星  2张三星  获得1680P点，当前P点数为3503","timestamp":1779467185397}
{"id":262309,"type":"warn","level":2,"name":"session","meta":{},"content":"Error: Error with request send_group_msg, args: {\"group_id\":1091191330,\"message\":[{\"type\":\"at\",\"data\":{\"qq\":\"2432499215\"}},{\"type\":\"text\",\"data\":{\"text\":\"你献祭了：\\n2张二星\\n2张三星\\n获得1680P点！\\n当前P点数5444\"}}]}, retcode: 1200\n    at _Internal._get (/root/lezskabot/koishi/koishi-app/node_modules/koishi-plugin-adapter-onebot/lib/index.js:119:11)\n    at process.processTicksAndRejections (node:internal/process/task_queues:95:5)\n    at async _Internal.<computed> [as sendGroupMsg] (/root/lezskabot/koishi/koishi-app/node_modules/koishi-plugin-adapter-onebot/lib/index.js:162:20)\n    at async OneBotMessageEncoder.flush (/root/lezskabot/koishi/koishi-app/node_modules/koishi-plugin-adapter-onebot/lib/index.js:771:338)\n    at async OneBotMessageEncoder.send (/root/lezskabot/koishi/koishi-app/node_modules/@satorijs/core/lib/index.cjs:755:5)\n    at async Proxy.sendMessage (/root/lezskabot/koishi/koishi-app/node_modules/@satorijs/core/lib/index.cjs:487:22)\n    at async _Command.eval (eval at <anonymous> (/root/lezskabot/koishi/koishi-app/node_modules/koishi-plugin-blockly-null/lib/index.js:1:1), <anonymous>:396:17)\n    at async Array.<anonymous> (/root/lezskabot/koishi/koishi-app/node_modules/@koishijs/core/lib/index.cjs:1079:14)\n    at async _Command.execute (/root/lezskabot/koishi/koishi-app/node_modules/@koishijs/core/lib/index.cjs:1093:22)\n    at async /root/lezskabot/koishi/koishi-app/node_modules/@koishijs/core/lib/index.cjs:2049:22","timestamp":1779467192108}
{"id":262312,"type":"success","level":1,"name":"抽卡与卡组","meta":{"paths":["lp0hx8"]},"content":"2432499215献祭了：2张二星  2张三星  获得1680P点，当前P点数为5444","timestamp":1779467192186}
{"id":262531,"type":"warn","level":2,"name":"session","meta":{},"content":"Error: Error with request send_group_msg, args: {\"group_id\":1091191330,\"message\":[{\"type\":\"text\",\"data\":{\"text\":\"你抽到了：\\n3张二星  \\n1张三星  \\n一共4张卡\\n已存入你卡组的第1, 2, 6, 7位\\n你还有3844P点\"}}]}, retcode: 1200\n    at _Internal._get (/root/lezskabot/koishi/koishi-app/node_modules/koishi-plugin-adapter-onebot/lib/index.js:119:11)\n    at process.processTicksAndRejections (node:internal/process/task_queues:95:5)\n    at async _Internal.<computed> [as sendGroupMsg] (/root/lezskabot/koishi/koishi-app/node_modules/koishi-plugin-adapter-onebot/lib/index.js:162:20)\n    at async OneBotMessageEncoder.flush (/root/lezskabot/koishi/koishi-app/node_modules/koishi-plugin-adapter-onebot/lib/index.js:771:338)\n    at async OneBotMessageEncoder.send (/root/lezskabot/koishi/koishi-app/node_modules/@satorijs/core/lib/index.cjs:755:5)\n    at async Proxy.sendMessage (/root/lezskabot/koishi/koishi-app/node_modules/@satorijs/core/lib/index.cjs:487:22)\n    at async /root/lezskabot/koishi/koishi-app/node_modules/@koishijs/core/lib/index.cjs:2051:7\n    at async Proxy.withScope (/root/lezskabot/koishi/koishi-app/node_modules/@koishijs/core/lib/index.cjs:1958:22)\n    at async next (/root/lezskabot/koishi/koishi-app/node_modules/@koishijs/core/lib/index.cjs:827:16)\n    at async next (/root/lezskabot/koishi/koishi-app/node_modules/@koishijs/core/lib/index.cjs:827:16)","timestamp":1779467222643}
{"id":262647,"type":"success","level":1,"name":"抽卡与卡组","meta":{"paths":["lp0hx8"]},"content":"1652933285献祭了：3张二星  1张三星  获得1400P点，当前P点数为3303","timestamp":1779467242118}
{"id":262759,"type":"success","level":1,"name":"抽卡与卡组","meta":{"paths":["lp0hx8"]},"content":"2432499215献祭了：3张二星  1张三星  获得1400P点，当前P点数为5244","timestamp":1779467255312}
{"id":262842,"type":"success","level":1,"name":"抽卡与卡组","meta":{"paths":["lp0hx8"]},"content":"2432499215献祭了：4张二星  获得1120P点，当前P点数为4764","timestamp":1779467266188}
{"id":262907,"type":"warn","level":2,"name":"session","meta":{},"content":"Error: Error with request send_group_msg, args: {\"group_id\":1091191330,\"message\":[{\"type\":\"text\",\"data\":{\"text\":\"输入要献祭的卡在卡组中的位置，用空格隔开（可献祭3~8张卡）\"}}]}, retcode: 1200\n    at _Internal._get (/root/lezskabot/koishi/koishi-app/node_modules/koishi-plugin-adapter-onebot/lib/index.js:119:11)\n    at process.processTicksAndRejections (node:internal/process/task_queues:95:5)\n    at async _Internal.<computed> [as sendGroupMsg] (/root/lezskabot/koishi/koishi-app/node_modules/koishi-plugin-adapter-onebot/lib/index.js:162:20)\n    at async OneBotMessageEncoder.flush (/root/lezskabot/koishi/koishi-app/node_modules/koishi-plugin-adapter-onebot/lib/index.js:771:338)\n    at async OneBotMessageEncoder.send (/root/lezskabot/koishi/koishi-app/node_modules/@satorijs/core/lib/index.cjs:755:5)\n    at async Proxy.sendMessage (/root/lezskabot/koishi/koishi-app/node_modules/@satorijs/core/lib/index.cjs:487:22)\n    at async _Command.eval (eval at <anonymous> (/root/lezskabot/koishi/koishi-app/node_modules/koishi-plugin-blockly-null/lib/index.js:1:1), <anonymous>:354:11)\n    at async Array.<anonymous> (/root/lezskabot/koishi/koishi-app/node_modules/@koishijs/core/lib/index.cjs:1079:14)\n    at async _Command.execute (/root/lezskabot/koishi/koishi-app/node_modules/@koishijs/core/lib/index.cjs:1093:22)\n    at async /root/lezskabot/koishi/koishi-app/node_modules/@koishijs/core/lib/index.cjs:2049:22","timestamp":1779467274027}
{"id":263057,"type":"warn","level":2,"name":"session","meta":{},"content":"Error: Error with request send_group_msg, args: {\"group_id\":1091191330,\"message\":[{\"type\":\"at\",\"data\":{\"qq\":\"2432499215\"}},{\"type\":\"text\",\"data\":{\"text\":\"你献祭了：\\n2张二星\\n2张三星\\n获得1680P点！\\n当前P点数4844\"}}]}, retcode: 1200\n    at _Internal._get (/root/lezskabot/koishi/koishi-app/node_modules/koishi-plugin-adapter-onebot/lib/index.js:119:11)\n    at process.processTicksAndRejections (node:internal/process/task_queues:95:5)\n    at async _Internal.<computed> [as sendGroupMsg] (/root/lezskabot/koishi/koishi-app/node_modules/koishi-plugin-adapter-onebot/lib/index.js:162:20)\n    at async OneBotMessageEncoder.flush (/root/lezskabot/koishi/koishi-app/node_modules/koishi-plugin-adapter-onebot/lib/index.js:771:338)\n    at async OneBotMessageEncoder.send (/root/lezskabot/koishi/koishi-app/node_modules/@satorijs/core/lib/index.cjs:755:5)\n    at async Proxy.sendMessage (/root/lezskabot/koishi/koishi-app/node_modules/@satorijs/core/lib/index.cjs:487:22)\n    at async _Command.eval (eval at <anonymous> (/root/lezskabot/koishi/koishi-app/node_modules/koishi-plugin-blockly-null/lib/index.js:1:1), <anonymous>:396:17)\n    at async Array.<anonymous> (/root/lezskabot/koishi/koishi-app/node_modules/@koishijs/core/lib/index.cjs:1079:14)\n    at async _Command.execute (/root/lezskabot/koishi/koishi-app/node_modules/@koishijs/core/lib/index.cjs:1093:22)\n    at async /root/lezskabot/koishi/koishi-app/node_modules/@koishijs/core/lib/index.cjs:2049:22","timestamp":1779467295989}
{"id":263059,"type":"success","level":1,"name":"抽卡与卡组","meta":{"paths":["lp0hx8"]},"content":"2432499215献祭了：2张二星  2张三星  获得1680P点，当前P点数为4844","timestamp":1779467295994}
{"id":263691,"type":"success","level":1,"name":"抽卡与卡组","meta":{"paths":["lp0hx8"]},"content":"1652933285献祭了：3张二星  1张三星  获得1400P点，当前P点数为3103","timestamp":1779467425571}
{"id":263830,"type":"success","level":1,"name":"抽卡与卡组","meta":{"paths":["lp0hx8"]},"content":"1652933285献祭了：3张二星  1张三星  获得1400P点，当前P点数为2903","timestamp":1779467443897}
