{"id":1,"type":"info","level":2,"name":"app","meta":{},"content":"\u001b[38;5;15;1mKoishi/4.18.10\u001b[0m","timestamp":1777437863656}
{"id":2,"type":"info","level":2,"name":"loader","meta":{"paths":[]},"content":"apply plugin \u001b[38;5;45mgroup:entry\u001b[0m","timestamp":1777437863733}
{"id":3,"type":"info","level":2,"name":"loader","meta":{"paths":[]},"content":"apply plugin \u001b[38;5;45mgroup:server\u001b[0m","timestamp":1777437863735}
{"id":4,"type":"info","level":2,"name":"loader","meta":{"paths":[]},"content":"apply plugin \u001b[38;5;45mserver:iyvqw3\u001b[0m","timestamp":1777437863736}
{"id":5,"type":"info","level":2,"name":"loader","meta":{"paths":[]},"content":"apply plugin \u001b[38;5;45mgroup:basic\u001b[0m","timestamp":1777437864020}
{"id":6,"type":"info","level":2,"name":"loader","meta":{"paths":[]},"content":"apply plugin \u001b[38;5;45madmin:yfr8w8\u001b[0m","timestamp":1777437864021}
{"id":7,"type":"info","level":2,"name":"loader","meta":{"paths":[]},"content":"apply plugin \u001b[38;5;45mcommands:liuq4c\u001b[0m","timestamp":1777437864025}
{"id":8,"type":"info","level":2,"name":"loader","meta":{"paths":[]},"content":"apply plugin \u001b[38;5;45mhelp:fakvkp\u001b[0m","timestamp":1777437864028}
{"id":9,"type":"info","level":2,"name":"loader","meta":{"paths":[]},"content":"apply plugin \u001b[38;5;45mhttp:7ka2ck\u001b[0m","timestamp":1777437864032}
{"id":10,"type":"info","level":2,"name":"loader","meta":{"paths":[]},"content":"apply plugin \u001b[38;5;45mlocales:dhqsqe\u001b[0m","timestamp":1777437864034}
{"id":11,"type":"info","level":2,"name":"loader","meta":{"paths":[]},"content":"apply plugin \u001b[38;5;45mproxy-agent:594rku\u001b[0m","timestamp":1777437864040}
{"id":12,"type":"info","level":2,"name":"loader","meta":{"paths":[]},"content":"apply plugin \u001b[38;5;45mrate-limit:jeszun\u001b[0m","timestamp":1777437864219}
{"id":13,"type":"info","level":2,"name":"loader","meta":{"paths":[]},"content":"apply plugin \u001b[38;5;45mtelemetry:eob9t0\u001b[0m","timestamp":1777437864223}
{"id":14,"type":"info","level":2,"name":"loader","meta":{"paths":[]},"content":"apply plugin \u001b[38;5;45mgroup:console\u001b[0m","timestamp":1777437864244}
{"id":15,"type":"info","level":2,"name":"loader","meta":{"paths":[]},"content":"apply plugin \u001b[38;5;45mactions:2y6lej\u001b[0m","timestamp":1777437864245}
{"id":16,"type":"info","level":2,"name":"loader","meta":{"paths":[]},"content":"apply plugin \u001b[38;5;45manalytics:wynivs\u001b[0m","timestamp":1777437864249}
{"id":17,"type":"info","level":2,"name":"loader","meta":{"paths":[]},"content":"apply plugin \u001b[38;5;45mauth:c9brgm\u001b[0m","timestamp":1777437864253}
{"id":18,"type":"info","level":2,"name":"loader","meta":{"paths":[]},"content":"apply plugin \u001b[38;5;45mconfig:ez1tt3\u001b[0m","timestamp":1777437864263}
{"id":19,"type":"info","level":2,"name":"loader","meta":{"paths":[]},"content":"apply plugin \u001b[38;5;45mconsole:y6kw4v\u001b[0m","timestamp":1777437864312}
{"id":20,"type":"info","level":2,"name":"loader","meta":{"paths":[]},"content":"apply plugin \u001b[38;5;45mdataview:kh0qqb\u001b[0m","timestamp":1777437864327}
{"id":21,"type":"info","level":2,"name":"loader","meta":{"paths":[]},"content":"apply plugin \u001b[38;5;45mlogger:3oafoi\u001b[0m","timestamp":1777437864330}
{"id":22,"type":"info","level":2,"name":"loader","meta":{"paths":[]},"content":"apply plugin \u001b[38;5;45mmarket:rb9ss1\u001b[0m","timestamp":1777437864333}
{"id":23,"type":"info","level":2,"name":"loader","meta":{"paths":[]},"content":"apply plugin \u001b[38;5;45mnotifier:hqhrom\u001b[0m","timestamp":1777437864378}
{"id":24,"type":"info","level":2,"name":"loader","meta":{"paths":[]},"content":"apply plugin \u001b[38;5;45moobe:gedmxh\u001b[0m","timestamp":1777437864381}
{"id":25,"type":"info","level":2,"name":"loader","meta":{"paths":[]},"content":"apply plugin \u001b[38;5;45mstatus:rjhdf0\u001b[0m","timestamp":1777437864384}
{"id":26,"type":"info","level":2,"name":"loader","meta":{"paths":[]},"content":"apply plugin \u001b[38;5;45mtheme-vanilla:xph3ej\u001b[0m","timestamp":1777437864421}
{"id":27,"type":"info","level":2,"name":"loader","meta":{"paths":[]},"content":"apply plugin \u001b[38;5;45mgroup:storage\u001b[0m","timestamp":1777437864424}
{"id":28,"type":"info","level":2,"name":"loader","meta":{"paths":[]},"content":"apply plugin \u001b[38;5;45mdatabase-sqlite:trh0pf\u001b[0m","timestamp":1777437864425}
{"id":29,"type":"info","level":2,"name":"loader","meta":{"paths":[]},"content":"apply plugin \u001b[38;5;45massets-local:ffai0c\u001b[0m","timestamp":1777437864438}
{"id":30,"type":"info","level":2,"name":"loader","meta":{"paths":[]},"content":"apply plugin \u001b[38;5;45mgroup:adapter\u001b[0m","timestamp":1777437864445}
{"id":31,"type":"info","level":2,"name":"loader","meta":{"paths":[]},"content":"apply plugin \u001b[38;5;45manti-space:fk2qty\u001b[0m","timestamp":1777437864446}
{"id":32,"type":"info","level":2,"name":"loader","meta":{"paths":[]},"content":"apply plugin \u001b[38;5;45mblockly-null:lp0hx8\u001b[0m","timestamp":1777437864453}
{"id":33,"type":"info","level":2,"name":"loader","meta":{"paths":[]},"content":"apply plugin \u001b[38;5;45mpuppeteer:noenkr\u001b[0m","timestamp":1777437864469}
{"id":34,"type":"info","level":2,"name":"loader","meta":{"paths":[]},"content":"apply plugin \u001b[38;5;45madapter-onebot:wqmw9x\u001b[0m","timestamp":1777437864791}
{"id":35,"type":"info","level":2,"name":"loader","meta":{"paths":[]},"content":"apply plugin \u001b[38;5;45mmenu:mulwf1\u001b[0m","timestamp":1777437864812}
{"id":36,"type":"info","level":2,"name":"loader","meta":{"paths":[]},"content":"apply plugin \u001b[38;5;45mrizgame-guess-letters:2xa68a\u001b[0m","timestamp":1777437864819}
{"id":37,"type":"info","level":2,"name":"loader","meta":{"paths":[]},"content":"apply plugin \u001b[38;5;45msayo-roll:oibvy4\u001b[0m","timestamp":1777437864823}
{"id":38,"type":"info","level":2,"name":"loader","meta":{"paths":[]},"content":"apply plugin \u001b[38;5;45mre-driftbottle:ptodv9\u001b[0m","timestamp":1777437864826}
{"id":39,"type":"info","level":2,"name":"loader","meta":{"paths":[]},"content":"apply plugin \u001b[38;5;45mkeyword-blocker:1b1278\u001b[0m","timestamp":1777437864852}
{"id":40,"type":"info","level":2,"name":"loader","meta":{"paths":[]},"content":"apply plugin \u001b[38;5;45mlunatic:22bd3m\u001b[0m","timestamp":1777437864860}
{"id":41,"type":"info","level":2,"name":"loader","meta":{"paths":[]},"content":"apply plugin \u001b[38;5;45mawa-mc-ament:rwr33m\u001b[0m","timestamp":1777437864863}
{"id":42,"type":"info","level":2,"name":"loader","meta":{"paths":[]},"content":"apply plugin \u001b[38;5;45mmc-tools:h22llh\u001b[0m","timestamp":1777437864869}
{"id":43,"type":"info","level":2,"name":"assets","meta":{"paths":["ffai0c"]},"content":"missing config \"selfUrl\", fallback to \"file:\" scheme","timestamp":1777437865097}
{"id":44,"type":"info","level":2,"name":"rizgame-guess-letters","meta":{},"content":"plugin register finish.","timestamp":1777437865138}
{"id":45,"type":"info","level":2,"name":"puppeteer","meta":{"paths":["noenkr"]},"content":"chrome executable found at \u001b[38;5;201m/usr/bin/google-chrome-stable\u001b[0m","timestamp":1777437865339}
{"id":46,"type":"info","level":2,"name":"server","meta":{"paths":["iyvqw3"]},"content":"server listening at \u001b[38;5;57mhttp://0.0.0.0:5140\u001b[0m","timestamp":1777437865367}
{"id":47,"type":"info","level":2,"name":"console","meta":{"paths":["y6kw4v"]},"content":"webui is available at \u001b[38;5;166mhttp://127.0.0.1:5140\u001b[0m","timestamp":1777437865369}
{"id":49,"type":"info","level":2,"name":"auth","meta":{"paths":["c9brgm"]},"content":"creating admin account","timestamp":1777437865700}
{"id":83,"type":"info","level":2,"name":"blockly","meta":{"paths":["lp0hx8"]},"content":"Loading 3 plugin(s)","timestamp":1777437866738}
{"id":84,"type":"info","level":2,"name":"blockly","meta":{"paths":["lp0hx8"]},"content":"Loaded 3 plugin(s)","timestamp":1777437866820}
{"id":156,"type":"warn","level":2,"name":"market","meta":{},"content":"request timeout","timestamp":1777437875999}
{"id":157,"type":"warn","level":2,"name":"market","meta":{},"content":"request timeout","timestamp":1777437876006}
{"id":158,"type":"warn","level":2,"name":"market","meta":{},"content":"request timeout","timestamp":1777437876011}
{"id":159,"type":"warn","level":2,"name":"market","meta":{},"content":"request timeout","timestamp":1777437876016}
{"id":160,"type":"warn","level":2,"name":"market","meta":{},"content":"request timeout","timestamp":1777437876022}
{"id":161,"type":"warn","level":2,"name":"market","meta":{},"content":"request timeout","timestamp":1777437876029}
{"id":162,"type":"warn","level":2,"name":"market","meta":{},"content":"request timeout","timestamp":1777437876032}
{"id":163,"type":"warn","level":2,"name":"market","meta":{},"content":"request timeout","timestamp":1777437876040}
{"id":164,"type":"warn","level":2,"name":"market","meta":{},"content":"request timeout","timestamp":1777437876044}
{"id":165,"type":"warn","level":2,"name":"market","meta":{},"content":"request timeout","timestamp":1777437876047}
{"id":180,"type":"warn","level":2,"name":"market","meta":{},"content":"request timeout","timestamp":1777437881002}
{"id":181,"type":"warn","level":2,"name":"market","meta":{},"content":"request timeout","timestamp":1777437881008}
{"id":182,"type":"warn","level":2,"name":"market","meta":{},"content":"request timeout","timestamp":1777437881014}
{"id":183,"type":"warn","level":2,"name":"market","meta":{},"content":"request timeout","timestamp":1777437881018}
{"id":184,"type":"warn","level":2,"name":"market","meta":{},"content":"request timeout","timestamp":1777437881024}
{"id":185,"type":"warn","level":2,"name":"market","meta":{},"content":"request timeout","timestamp":1777437881031}
{"id":186,"type":"warn","level":2,"name":"market","meta":{},"content":"request timeout","timestamp":1777437881035}
{"id":187,"type":"warn","level":2,"name":"market","meta":{},"content":"request timeout","timestamp":1777437881041}
{"id":188,"type":"warn","level":2,"name":"market","meta":{},"content":"request timeout","timestamp":1777437881055}
{"id":189,"type":"warn","level":2,"name":"market","meta":{},"content":"request timeout","timestamp":1777437881059}
{"id":611,"type":"success","level":1,"name":"签到","meta":{"paths":["lp0hx8"]},"content":"2681925013完成了一次签到！","timestamp":1777439135665}
{"id":5085,"type":"success","level":1,"name":"签到","meta":{"paths":["lp0hx8"]},"content":"2856202014完成了一次签到！","timestamp":1777444875841}
{"id":15035,"type":"warn","level":2,"name":"onebot","meta":{"paths":["wqmw9x"]},"content":"Error: Error with request get_msg, args: {\"message_id\":1089278157}, retcode: 1200\n    at _Internal._get (/root/lezskabot/koishi/koishi-app/node_modules/koishi-plugin-adapter-onebot/lib/index.js:119:11)\n    at process.processTicksAndRejections (node:internal/process/task_queues:95:5)\n    at async _Internal.<computed> [as getMsg] (/root/lezskabot/koishi/koishi-app/node_modules/koishi-plugin-adapter-onebot/lib/index.js:152:20)\n    at async OneBotBot.getMessage (/root/lezskabot/koishi/koishi-app/node_modules/koishi-plugin-adapter-onebot/lib/index.js:936:18)\n    at async adaptMessage (/root/lezskabot/koishi/koishi-app/node_modules/koishi-plugin-adapter-onebot/lib/index.js:344:21)\n    at async adaptSession (/root/lezskabot/koishi/koishi-app/node_modules/koishi-plugin-adapter-onebot/lib/index.js:416:5)\n    at async dispatchSession (/root/lezskabot/koishi/koishi-app/node_modules/koishi-plugin-adapter-onebot/lib/index.js:405:19)","timestamp":1777459216448}
{"id":17273,"type":"success","level":1,"name":"签到","meta":{"paths":["lp0hx8"]},"content":"3479543026完成了一次签到！","timestamp":1777462517714}
{"id":24978,"type":"success","level":1,"name":"签到","meta":{"paths":["lp0hx8"]},"content":"2250804603完成了一次签到！","timestamp":1777471766859}
{"id":33110,"type":"success","level":1,"name":"签到","meta":{"paths":["lp0hx8"]},"content":"1652933285完成了一次签到！","timestamp":1777478406775}
{"id":33441,"type":"success","level":1,"name":"签到","meta":{"paths":["lp0hx8"]},"content":"971217490完成了一次签到！","timestamp":1777478511357}
{"id":33557,"type":"success","level":1,"name":"签到","meta":{"paths":["lp0hx8"]},"content":"1296434423完成了一次签到！","timestamp":1777478531774}
{"id":33602,"type":"success","level":1,"name":"签到","meta":{"paths":["lp0hx8"]},"content":"2718246309完成了一次签到！","timestamp":1777478542291}
{"id":33958,"type":"success","level":1,"name":"签到","meta":{"paths":["lp0hx8"]},"content":"2188730297完成了一次签到！","timestamp":1777478616573}
{"id":34066,"type":"info","level":2,"name":"抽卡与卡组","meta":{"paths":["lp0hx8"]},"content":"2188730297抽到了一张☆二星★卡，剩余2972P点","timestamp":1777478629185}
{"id":34854,"type":"error","level":1,"name":"抽卡与卡组","meta":{"paths":["lp0hx8"]},"content":"1296434423抽卡失败，积分不足","timestamp":1777478854223}
{"id":34878,"type":"success","level":1,"name":"抽卡与卡组","meta":{"paths":["lp0hx8"]},"content":"1652933285献祭了：3张二星  1张三星  获得1400P点，当前P点数为1703","timestamp":1777478862032}
{"id":34935,"type":"error","level":1,"name":"抽卡与卡组","meta":{"paths":["lp0hx8"]},"content":"3023612212抽卡失败，积分不足","timestamp":1777478878666}
{"id":34963,"type":"success","level":1,"name":"签到","meta":{"paths":["lp0hx8"]},"content":"3023612212完成了一次签到！","timestamp":1777478886569}
{"id":35074,"type":"success","level":1,"name":"签到","meta":{"paths":["lp0hx8"]},"content":"3980423768完成了一次签到！","timestamp":1777478908159}
{"id":35128,"type":"info","level":2,"name":"抽卡与卡组","meta":{"paths":["lp0hx8"]},"content":"2188730297抽到了一张❀三星☄卡，剩余2572P点","timestamp":1777478920370}
{"id":35506,"type":"success","level":1,"name":"签到","meta":{"paths":["lp0hx8"]},"content":"3663735613完成了一次签到！","timestamp":1777479018405}
{"id":35990,"type":"success","level":1,"name":"签到","meta":{"paths":["lp0hx8"]},"content":"2334828455完成了一次签到！","timestamp":1777479197759}
{"id":36280,"type":"success","level":1,"name":"签到","meta":{"paths":["lp0hx8"]},"content":"3055983840完成了一次签到！","timestamp":1777479289399}
{"id":36381,"type":"success","level":1,"name":"签到","meta":{"paths":["lp0hx8"]},"content":"956937232完成了一次签到！","timestamp":1777479305969}
{"id":36448,"type":"info","level":2,"name":"抽卡与卡组","meta":{"paths":["lp0hx8"]},"content":"3980423768抽到了一张❀三星☄卡，剩余2914P点","timestamp":1777479319338}
{"id":36557,"type":"info","level":2,"name":"抽卡与卡组","meta":{"paths":["lp0hx8"]},"content":"2334828455抽到了一张❀三星☄卡，剩余832P点","timestamp":1777479339442}
{"id":36606,"type":"info","level":2,"name":"抽卡与卡组","meta":{"paths":["lp0hx8"]},"content":"956937232抽到了一张☆二星★卡，剩余2867P点","timestamp":1777479348809}
{"id":36643,"type":"info","level":2,"name":"抽卡与卡组","meta":{"paths":["lp0hx8"]},"content":"956937232抽到了一张☆二星★卡，剩余2467P点","timestamp":1777479362659}
{"id":36663,"type":"info","level":2,"name":"抽卡与卡组","meta":{"paths":["lp0hx8"]},"content":"2334828455抽到了一张☆二星★卡，剩余432P点","timestamp":1777479366608}
{"id":36723,"type":"info","level":2,"name":"抽卡与卡组","meta":{"paths":["lp0hx8"]},"content":"956937232抽到了一张❀三星☄卡，剩余2067P点","timestamp":1777479372638}
{"id":36827,"type":"info","level":2,"name":"抽卡与卡组","meta":{"paths":["lp0hx8"]},"content":"2334828455抽到了一张☆二星★卡，剩余32P点","timestamp":1777479384245}
{"id":36861,"type":"info","level":2,"name":"抽卡与卡组","meta":{"paths":["lp0hx8"]},"content":"956937232抽到了一张☆二星★卡，剩余1667P点","timestamp":1777479390590}
{"id":36894,"type":"success","level":1,"name":"抽卡与卡组","meta":{"paths":["lp0hx8"]},"content":"1652933285献祭了：3张二星  1张三星  获得1400P点，当前P点数为1503","timestamp":1777479401728}
{"id":36942,"type":"info","level":2,"name":"抽卡与卡组","meta":{"paths":["lp0hx8"]},"content":"956937232抽到了一张❀三星☄卡，剩余1267P点","timestamp":1777479409319}
{"id":36988,"type":"info","level":2,"name":"抽卡与卡组","meta":{"paths":["lp0hx8"]},"content":"956937232抽到了一张❀三星☄卡，剩余867P点","timestamp":1777479418239}
{"id":37062,"type":"info","level":2,"name":"抽卡与卡组","meta":{"paths":["lp0hx8"]},"content":"956937232抽到了一张☆二星★卡，剩余467P点","timestamp":1777479435258}
{"id":37141,"type":"info","level":2,"name":"抽卡与卡组","meta":{"paths":["lp0hx8"]},"content":"956937232抽到了一张☆二星★卡，剩余67P点","timestamp":1777479446053}
{"id":37240,"type":"success","level":1,"name":"抽卡与卡组","meta":{"paths":["lp0hx8"]},"content":"2334828455献祭了：5张二星  2张三星  获得2520P点，当前P点数为2552","timestamp":1777479477769}
{"id":37251,"type":"success","level":1,"name":"抽卡与卡组","meta":{"paths":["lp0hx8"]},"content":"3980423768献祭了：2张二星  1张三星  1张四星  获得2320P点，当前P点数为2834","timestamp":1777479478114}
{"id":37310,"type":"warn","level":2,"name":"command","meta":{},"content":"献祭 \nTypeError: Cannot read properties of undefined (reading 'split')\n    at _Command.eval (eval at <anonymous> (/root/lezskabot/koishi/koishi-app/node_modules/koishi-plugin-blockly-null/lib/index.js:1:1), <anonymous>:323:15)\n    at process.processTicksAndRejections (node:internal/process/task_queues:95:5)\n    at async Array.<anonymous> (/root/lezskabot/koishi/koishi-app/node_modules/@koishijs/core/lib/index.cjs:1079:14)\n    at async _Command.execute (/root/lezskabot/koishi/koishi-app/node_modules/@koishijs/core/lib/index.cjs:1093:22)\n    at async /root/lezskabot/koishi/koishi-app/node_modules/@koishijs/core/lib/index.cjs:2049:22\n    at async Proxy.withScope (/root/lezskabot/koishi/koishi-app/node_modules/@koishijs/core/lib/index.cjs:1958:22)\n    at async next (/root/lezskabot/koishi/koishi-app/node_modules/@koishijs/core/lib/index.cjs:827:16)\n    at async next (/root/lezskabot/koishi/koishi-app/node_modules/@koishijs/core/lib/index.cjs:827:16)\n    at async next (/root/lezskabot/koishi/koishi-app/node_modules/@koishijs/core/lib/index.cjs:827:16)\n    at async next (/root/lezskabot/koishi/koishi-app/node_modules/@koishijs/core/lib/index.cjs:827:16)","timestamp":1777479490655}
{"id":37452,"type":"info","level":2,"name":"抽卡与卡组","meta":{"paths":["lp0hx8"]},"content":"3980423768抽到了一张❀三星☄卡，剩余2434P点","timestamp":1777479511363}
{"id":37514,"type":"info","level":2,"name":"抽卡与卡组","meta":{"paths":["lp0hx8"]},"content":"3980423768抽到了一张☆二星★卡，剩余2034P点","timestamp":1777479517759}
{"id":37525,"type":"success","level":1,"name":"抽卡与卡组","meta":{"paths":["lp0hx8"]},"content":"956937232献祭了：4张二星  3张三星  获得2800P点，当前P点数为2867","timestamp":1777479520373}
{"id":37534,"type":"warn","level":2,"name":"command","meta":{},"content":"献祭 \nTypeError: Cannot read properties of undefined (reading 'split')\n    at _Command.eval (eval at <anonymous> (/root/lezskabot/koishi/koishi-app/node_modules/koishi-plugin-blockly-null/lib/index.js:1:1), <anonymous>:323:15)\n    at process.processTicksAndRejections (node:internal/process/task_queues:95:5)\n    at async Array.<anonymous> (/root/lezskabot/koishi/koishi-app/node_modules/@koishijs/core/lib/index.cjs:1079:14)\n    at async _Command.execute (/root/lezskabot/koishi/koishi-app/node_modules/@koishijs/core/lib/index.cjs:1093:22)\n    at async /root/lezskabot/koishi/koishi-app/node_modules/@koishijs/core/lib/index.cjs:2049:22\n    at async Proxy.withScope (/root/lezskabot/koishi/koishi-app/node_modules/@koishijs/core/lib/index.cjs:1958:22)\n    at async next (/root/lezskabot/koishi/koishi-app/node_modules/@koishijs/core/lib/index.cjs:827:16)\n    at async next (/root/lezskabot/koishi/koishi-app/node_modules/@koishijs/core/lib/index.cjs:827:16)\n    at async next (/root/lezskabot/koishi/koishi-app/node_modules/@koishijs/core/lib/index.cjs:827:16)\n    at async next (/root/lezskabot/koishi/koishi-app/node_modules/@koishijs/core/lib/index.cjs:827:16)","timestamp":1777479521022}
{"id":37581,"type":"info","level":2,"name":"抽卡与卡组","meta":{"paths":["lp0hx8"]},"content":"3980423768抽到了一张☆二星★卡，剩余1634P点","timestamp":1777479523363}
{"id":37658,"type":"info","level":2,"name":"抽卡与卡组","meta":{"paths":["lp0hx8"]},"content":"956937232抽到了一张☆二星★卡，剩余2467P点","timestamp":1777479531209}
{"id":37702,"type":"info","level":2,"name":"抽卡与卡组","meta":{"paths":["lp0hx8"]},"content":"3980423768抽到了一张☆二星★卡，剩余1234P点","timestamp":1777479534478}
{"id":37739,"type":"info","level":2,"name":"抽卡与卡组","meta":{"paths":["lp0hx8"]},"content":"956937232抽到了一张☆二星★卡，剩余2067P点","timestamp":1777479537900}
{"id":37790,"type":"info","level":2,"name":"抽卡与卡组","meta":{"paths":["lp0hx8"]},"content":"3980423768抽到了一张❀三星☄卡，剩余834P点","timestamp":1777479541791}
{"id":37792,"type":"warn","level":2,"name":"session","meta":{},"content":"Error: Error with request send_group_msg, args: {\"group_id\":1091191330,\"message\":[{\"type\":\"image\",\"data\":{\"file\":\"/root/lezskabot/cards/1/28.png\",\"cache\":0}},{\"type\":\"at\",\"data\":{\"qq\":\"956937232\"}},{\"type\":\"text\",\"data\":{\"text\":\"☆二星★\\n你还有1667P点\\n也就是4抽。\\n请仔细阅读“抽卡帮助”！\\n此卡已自动存入你卡组的第3位\"}}]}, retcode: 1200\n    at _Internal._get (/root/lezskabot/koishi/koishi-app/node_modules/koishi-plugin-adapter-onebot/lib/index.js:119:11)\n    at process.processTicksAndRejections (node:internal/process/task_queues:95:5)\n    at async _Internal.<computed> [as sendGroupMsg] (/root/lezskabot/koishi/koishi-app/node_modules/koishi-plugin-adapter-onebot/lib/index.js:162:20)\n    at async OneBotMessageEncoder.flush (/root/lezskabot/koishi/koishi-app/node_modules/koishi-plugin-adapter-onebot/lib/index.js:771:338)\n    at async OneBotMessageEncoder.send (/root/lezskabot/koishi/koishi-app/node_modules/@satorijs/core/lib/index.cjs:755:5)\n    at async Proxy.sendMessage (/root/lezskabot/koishi/koishi-app/node_modules/@satorijs/core/lib/index.cjs:487:22)\n    at async _Command.eval (eval at <anonymous> (/root/lezskabot/koishi/koishi-app/node_modules/koishi-plugin-blockly-null/lib/index.js:1:1), <anonymous>:294:21)\n    at async Array.<anonymous> (/root/lezskabot/koishi/koishi-app/node_modules/@koishijs/core/lib/index.cjs:1079:14)\n    at async _Command.execute (/root/lezskabot/koishi/koishi-app/node_modules/@koishijs/core/lib/index.cjs:1093:22)\n    at async /root/lezskabot/koishi/koishi-app/node_modules/@koishijs/core/lib/index.cjs:2049:22","timestamp":1777479542426}
{"id":37798,"type":"info","level":2,"name":"抽卡与卡组","meta":{"paths":["lp0hx8"]},"content":"956937232抽到了一张☆二星★卡，剩余1667P点","timestamp":1777479542434}
{"id":37859,"type":"warn","level":2,"name":"session","meta":{},"content":"Error: Error with request send_group_msg, args: {\"group_id\":1091191330,\"message\":[{\"type\":\"image\",\"data\":{\"file\":\"/root/lezskabot/cards/1/268.png\",\"cache\":0}},{\"type\":\"at\",\"data\":{\"qq\":\"956937232\"}},{\"type\":\"text\",\"data\":{\"text\":\"☆二星★\\n你还有1267P点\\n也就是3抽。\\n请仔细阅读“抽卡帮助”！\\n此卡已自动存入你卡组的第4位\"}}]}, retcode: 1200\n    at _Internal._get (/root/lezskabot/koishi/koishi-app/node_modules/koishi-plugin-adapter-onebot/lib/index.js:119:11)\n    at process.processTicksAndRejections (node:internal/process/task_queues:95:5)\n    at async _Internal.<computed> [as sendGroupMsg] (/root/lezskabot/koishi/koishi-app/node_modules/koishi-plugin-adapter-onebot/lib/index.js:162:20)\n    at async OneBotMessageEncoder.flush (/root/lezskabot/koishi/koishi-app/node_modules/koishi-plugin-adapter-onebot/lib/index.js:771:338)\n    at async OneBotMessageEncoder.send (/root/lezskabot/koishi/koishi-app/node_modules/@satorijs/core/lib/index.cjs:755:5)\n    at async Proxy.sendMessage (/root/lezskabot/koishi/koishi-app/node_modules/@satorijs/core/lib/index.cjs:487:22)\n    at async _Command.eval (eval at <anonymous> (/root/lezskabot/koishi/koishi-app/node_modules/koishi-plugin-blockly-null/lib/index.js:1:1), <anonymous>:294:21)\n    at async Array.<anonymous> (/root/lezskabot/koishi/koishi-app/node_modules/@koishijs/core/lib/index.cjs:1079:14)\n    at async _Command.execute (/root/lezskabot/koishi/koishi-app/node_modules/@koishijs/core/lib/index.cjs:1093:22)\n    at async /root/lezskabot/koishi/koishi-app/node_modules/@koishijs/core/lib/index.cjs:2049:22","timestamp":1777479555462}
{"id":37865,"type":"info","level":2,"name":"抽卡与卡组","meta":{"paths":["lp0hx8"]},"content":"956937232抽到了一张☆二星★卡，剩余1267P点","timestamp":1777479555471}
{"id":37876,"type":"warn","level":2,"name":"session","meta":{},"content":"Error: Error with request send_group_msg, args: {\"group_id\":1091191330,\"message\":[{\"type\":\"text\",\"data\":{\"text\":\"卡组未满，收集7张卡牌填满卡组，然后你可以献祭其中4张获得P点或者全部献祭进行一次必定获得四星以上的抽卡。（输入“献祭卡组 抽卡”来进行必中抽卡）\"}}]}, retcode: 1200\n    at _Internal._get (/root/lezskabot/koishi/koishi-app/node_modules/koishi-plugin-adapter-onebot/lib/index.js:119:11)\n    at process.processTicksAndRejections (node:internal/process/task_queues:95:5)\n    at async _Internal.<computed> [as sendGroupMsg] (/root/lezskabot/koishi/koishi-app/node_modules/koishi-plugin-adapter-onebot/lib/index.js:162:20)\n    at async OneBotMessageEncoder.flush (/root/lezskabot/koishi/koishi-app/node_modules/koishi-plugin-adapter-onebot/lib/index.js:771:338)\n    at async OneBotMessageEncoder.send (/root/lezskabot/koishi/koishi-app/node_modules/@satorijs/core/lib/index.cjs:755:5)\n    at async Proxy.sendMessage (/root/lezskabot/koishi/koishi-app/node_modules/@satorijs/core/lib/index.cjs:487:22)\n    at async /root/lezskabot/koishi/koishi-app/node_modules/@koishijs/core/lib/index.cjs:2051:7\n    at async Proxy.withScope (/root/lezskabot/koishi/koishi-app/node_modules/@koishijs/core/lib/index.cjs:1958:22)\n    at async next (/root/lezskabot/koishi/koishi-app/node_modules/@koishijs/core/lib/index.cjs:827:16)\n    at async next (/root/lezskabot/koishi/koishi-app/node_modules/@koishijs/core/lib/index.cjs:827:16)","timestamp":1777479559320}
{"id":37878,"type":"warn","level":2,"name":"session","meta":{},"content":"Error: Error with request send_group_msg, args: {\"group_id\":1091191330,\"message\":[{\"type\":\"at\",\"data\":{\"qq\":\"1652933285\"}},{\"type\":\"text\",\"data\":{\"text\":\"你当前的卡组为\\n1-没有卡牌\\n2-没有卡牌\\n3-没有卡牌\\n4-没有卡牌\\n5-稀有度： ☆二星★\"}},{\"type\":\"image\",\"data\":{\"file\":\"/root/lezskabot/cards/1/69.png\",\"cache\":0}},{\"type\":\"text\",\"data\":{\"text\":\"6-稀有度： ☆二星★\"}},{\"type\":\"image\",\"data\":{\"file\":\"/root/lezskabot/cards/1/133.png\",\"cache\":0}},{\"type\":\"text\",\"data\":{\"text\":\"7-稀有度： ♔♕四星(?)♕♔\"}},{\"type\":\"image\",\"data\":{\"file\":\"/root/lezskabot/cards/3/129.png\",\"cache\":0}}]}, retcode: 1200\n    at _Internal._get (/root/lezskabot/koishi/koishi-app/node_modules/koishi-plugin-adapter-onebot/lib/index.js:119:11)\n    at process.processTicksAndRejections (node:internal/process/task_queues:95:5)\n    at async _Internal.<computed> [as sendGroupMsg] (/root/lezskabot/koishi/koishi-app/node_modules/koishi-plugin-adapter-onebot/lib/index.js:162:20)\n    at async OneBotMessageEncoder.flush (/root/lezskabot/koishi/koishi-app/node_modules/koishi-plugin-adapter-onebot/lib/index.js:771:338)\n    at async OneBotMessageEncoder.send (/root/lezskabot/koishi/koishi-app/node_modules/@satorijs/core/lib/index.cjs:755:5)\n    at async Proxy.sendMessage (/root/lezskabot/koishi/koishi-app/node_modules/@satorijs/core/lib/index.cjs:487:22)\n    at async _Command.eval (eval at <anonymous> (/root/lezskabot/koishi/koishi-app/node_modules/koishi-plugin-blockly-null/lib/index.js:1:1), <anonymous>:105:9)\n    at async Array.<anonymous> (/root/lezskabot/koishi/koishi-app/node_modules/@koishijs/core/lib/index.cjs:1079:14)\n    at async _Command.execute (/root/lezskabot/koishi/koishi-app/node_modules/@koishijs/core/lib/index.cjs:1093:22)\n    at async /root/lezskabot/koishi/koishi-app/node_modules/@koishijs/core/lib/index.cjs:2049:22","timestamp":1777479559852}
{"id":38502,"type":"info","level":2,"name":"签到","meta":{"paths":["lp0hx8"]},"content":"1652933285向956937232赠送了52个P点","timestamp":1777479786677}
{"id":38665,"type":"success","level":1,"name":"抽卡与卡组","meta":{"paths":["lp0hx8"]},"content":"3980423768献祭了：4张二星  获得1120P点，当前P点数为1954","timestamp":1777479838498}
{"id":38704,"type":"success","level":1,"name":"抽卡与卡组","meta":{"paths":["lp0hx8"]},"content":"956937232献祭了：5张二星  2张三星  获得2520P点，当前P点数为2639","timestamp":1777479846645}
{"id":39162,"type":"error","level":1,"name":"抽卡与卡组","meta":{"paths":["lp0hx8"]},"content":"2334828455抽卡失败，积分不足","timestamp":1777479950989}
{"id":39337,"type":"success","level":1,"name":"抽卡与卡组","meta":{"paths":["lp0hx8"]},"content":"3980423768献祭了：2张二星  4张三星  获得2800P点，当前P点数为3154","timestamp":1777480036095}
{"id":39496,"type":"warn","level":2,"name":"command","meta":{},"content":"献祭 \nTypeError: Cannot read properties of undefined (reading 'split')\n    at _Command.eval (eval at <anonymous> (/root/lezskabot/koishi/koishi-app/node_modules/koishi-plugin-blockly-null/lib/index.js:1:1), <anonymous>:323:15)\n    at process.processTicksAndRejections (node:internal/process/task_queues:95:5)\n    at async Array.<anonymous> (/root/lezskabot/koishi/koishi-app/node_modules/@koishijs/core/lib/index.cjs:1079:14)\n    at async _Command.execute (/root/lezskabot/koishi/koishi-app/node_modules/@koishijs/core/lib/index.cjs:1093:22)\n    at async /root/lezskabot/koishi/koishi-app/node_modules/@koishijs/core/lib/index.cjs:2049:22\n    at async Proxy.withScope (/root/lezskabot/koishi/koishi-app/node_modules/@koishijs/core/lib/index.cjs:1958:22)\n    at async next (/root/lezskabot/koishi/koishi-app/node_modules/@koishijs/core/lib/index.cjs:827:16)\n    at async next (/root/lezskabot/koishi/koishi-app/node_modules/@koishijs/core/lib/index.cjs:827:16)\n    at async next (/root/lezskabot/koishi/koishi-app/node_modules/@koishijs/core/lib/index.cjs:827:16)\n    at async next (/root/lezskabot/koishi/koishi-app/node_modules/@koishijs/core/lib/index.cjs:827:16)","timestamp":1777480099516}
{"id":39687,"type":"success","level":1,"name":"抽卡与卡组","meta":{"paths":["lp0hx8"]},"content":"2188730297献祭了：5张二星  获得1400P点，当前P点数为2772","timestamp":1777480136375}
{"id":39728,"type":"success","level":1,"name":"抽卡与卡组","meta":{"paths":["lp0hx8"]},"content":"3980423768献祭了：4张二星  2张三星  获得2240P点，当前P点数为2994","timestamp":1777480143811}
{"id":39868,"type":"success","level":1,"name":"抽卡与卡组","meta":{"paths":["lp0hx8"]},"content":"3980423768献祭了：6张二星  获得1680P点，当前P点数为2274","timestamp":1777480165499}
{"id":40026,"type":"success","level":1,"name":"抽卡与卡组","meta":{"paths":["lp0hx8"]},"content":"2188730297献祭了：3张二星  1张三星  获得1400P点，当前P点数为2172","timestamp":1777480203585}
{"id":40137,"type":"warn","level":2,"name":"session","meta":{},"content":"Error: Error with request send_group_msg, args: {\"group_id\":1091191330,\"message\":[{\"type\":\"at\",\"data\":{\"qq\":\"2188730297\"}},{\"type\":\"text\",\"data\":{\"text\":\"你献祭了：\\n3张二星\\n1张三星\\n获得1400P点！\\n当前P点数1972\"}}]}, retcode: 1200\n    at _Internal._get (/root/lezskabot/koishi/koishi-app/node_modules/koishi-plugin-adapter-onebot/lib/index.js:119:11)\n    at process.processTicksAndRejections (node:internal/process/task_queues:95:5)\n    at async _Internal.<computed> [as sendGroupMsg] (/root/lezskabot/koishi/koishi-app/node_modules/koishi-plugin-adapter-onebot/lib/index.js:162:20)\n    at async OneBotMessageEncoder.flush (/root/lezskabot/koishi/koishi-app/node_modules/koishi-plugin-adapter-onebot/lib/index.js:771:338)\n    at async OneBotMessageEncoder.send (/root/lezskabot/koishi/koishi-app/node_modules/@satorijs/core/lib/index.cjs:755:5)\n    at async Proxy.sendMessage (/root/lezskabot/koishi/koishi-app/node_modules/@satorijs/core/lib/index.cjs:487:22)\n    at async _Command.eval (eval at <anonymous> (/root/lezskabot/koishi/koishi-app/node_modules/koishi-plugin-blockly-null/lib/index.js:1:1), <anonymous>:397:17)\n    at async Array.<anonymous> (/root/lezskabot/koishi/koishi-app/node_modules/@koishijs/core/lib/index.cjs:1079:14)\n    at async _Command.execute (/root/lezskabot/koishi/koishi-app/node_modules/@koishijs/core/lib/index.cjs:1093:22)\n    at async /root/lezskabot/koishi/koishi-app/node_modules/@koishijs/core/lib/index.cjs:2049:22","timestamp":1777480219170}
{"id":40139,"type":"success","level":1,"name":"抽卡与卡组","meta":{"paths":["lp0hx8"]},"content":"2188730297献祭了：3张二星  1张三星  获得1400P点，当前P点数为1972","timestamp":1777480219179}
{"id":40201,"type":"error","level":1,"name":"签到","meta":{"paths":["lp0hx8"]},"content":"956937232签到失败！原因：该用户已经签到","timestamp":1777480232177}
{"id":40360,"type":"success","level":1,"name":"抽卡与卡组","meta":{"paths":["lp0hx8"]},"content":"2188730297献祭了：4张二星  1张四星  获得2320P点，当前P点数为2692","timestamp":1777480274203}
{"id":40592,"type":"success","level":1,"name":"抽卡与卡组","meta":{"paths":["lp0hx8"]},"content":"2188730297献祭了：3张二星  1张三星  获得1400P点，当前P点数为2092","timestamp":1777480335944}
{"id":40635,"type":"success","level":1,"name":"抽卡与卡组","meta":{"paths":["lp0hx8"]},"content":"2188730297献祭了：3张二星  1张三星  获得1400P点，当前P点数为1892","timestamp":1777480348631}
{"id":40735,"type":"error","level":1,"name":"抽卡与卡组","meta":{"paths":["lp0hx8"]},"content":"3980423768抽卡失败，积分不足","timestamp":1777480376489}
{"id":40901,"type":"info","level":2,"name":"签到","meta":{"paths":["lp0hx8"]},"content":"1652933285向3980423768赠送了126个P点","timestamp":1777480409042}
{"id":40925,"type":"info","level":2,"name":"抽卡与卡组","meta":{"paths":["lp0hx8"]},"content":"3980423768抽到了一张☆二星★卡，剩余0P点","timestamp":1777480415693}
{"id":41020,"type":"success","level":1,"name":"抽卡与卡组","meta":{"paths":["lp0hx8"]},"content":"3980423768献祭了：3张二星  3张三星  1张四星  获得3720P点，当前P点数为3720","timestamp":1777480437812}
{"id":41105,"type":"error","level":1,"name":"抽卡与卡组","meta":{"paths":["lp0hx8"]},"content":"2188730297抽卡失败，积分不足","timestamp":1777480447234}
{"id":41145,"type":"warn","level":2,"name":"session","meta":{},"content":"Error: Error with request send_group_msg, args: {\"group_id\":1091191330,\"message\":[{\"type\":\"text\",\"data\":{\"text\":\"输入要献祭的卡在卡组中的位置，用空格隔开（可献祭4~7张卡）\"}}]}, retcode: 1200\n    at _Internal._get (/root/lezskabot/koishi/koishi-app/node_modules/koishi-plugin-adapter-onebot/lib/index.js:119:11)\n    at process.processTicksAndRejections (node:internal/process/task_queues:95:5)\n    at async _Internal.<computed> [as sendGroupMsg] (/root/lezskabot/koishi/koishi-app/node_modules/koishi-plugin-adapter-onebot/lib/index.js:162:20)\n    at async OneBotMessageEncoder.flush (/root/lezskabot/koishi/koishi-app/node_modules/koishi-plugin-adapter-onebot/lib/index.js:771:338)\n    at async OneBotMessageEncoder.send (/root/lezskabot/koishi/koishi-app/node_modules/@satorijs/core/lib/index.cjs:755:5)\n    at async Proxy.sendMessage (/root/lezskabot/koishi/koishi-app/node_modules/@satorijs/core/lib/index.cjs:487:22)\n    at async _Command.eval (eval at <anonymous> (/root/lezskabot/koishi/koishi-app/node_modules/koishi-plugin-blockly-null/lib/index.js:1:1), <anonymous>:355:11)\n    at async Array.<anonymous> (/root/lezskabot/koishi/koishi-app/node_modules/@koishijs/core/lib/index.cjs:1079:14)\n    at async _Command.execute (/root/lezskabot/koishi/koishi-app/node_modules/@koishijs/core/lib/index.cjs:1093:22)\n    at async /root/lezskabot/koishi/koishi-app/node_modules/@koishijs/core/lib/index.cjs:2049:22","timestamp":1777480453046}
{"id":41183,"type":"success","level":1,"name":"抽卡与卡组","meta":{"paths":["lp0hx8"]},"content":"2188730297献祭了：3张二星  1张三星  获得1400P点，当前P点数为1692","timestamp":1777480459940}
{"id":41244,"type":"success","level":1,"name":"抽卡与卡组","meta":{"paths":["lp0hx8"]},"content":"3980423768献祭了：6张二星  1张三星  获得2240P点，当前P点数为3160","timestamp":1777480466920}
{"id":41430,"type":"success","level":1,"name":"抽卡与卡组","meta":{"paths":["lp0hx8"]},"content":"2188730297献祭了：1张二星  2张三星  1张四星  获得2600P点，当前P点数为2692","timestamp":1777480504249}
{"id":41442,"type":"success","level":1,"name":"抽卡与卡组","meta":{"paths":["lp0hx8"]},"content":"3980423768献祭了：6张二星  1张三星  获得2240P点，当前P点数为2600","timestamp":1777480507662}
{"id":41465,"type":"warn","level":2,"name":"session","meta":{},"content":"Error: Error with request send_group_msg, args: {\"group_id\":1091191330,\"message\":[{\"type\":\"text\",\"data\":{\"text\":\"你抽到了：\\n2张二星  \\n2张三星  \\n一共4张卡\\n已存入你卡组的第1, 2, 3, 6位\\n你还有1092P点\"}}]}, retcode: 1200\n    at _Internal._get (/root/lezskabot/koishi/koishi-app/node_modules/koishi-plugin-adapter-onebot/lib/index.js:119:11)\n    at process.processTicksAndRejections (node:internal/process/task_queues:95:5)\n    at async _Internal.<computed> [as sendGroupMsg] (/root/lezskabot/koishi/koishi-app/node_modules/koishi-plugin-adapter-onebot/lib/index.js:162:20)\n    at async OneBotMessageEncoder.flush (/root/lezskabot/koishi/koishi-app/node_modules/koishi-plugin-adapter-onebot/lib/index.js:771:338)\n    at async OneBotMessageEncoder.send (/root/lezskabot/koishi/koishi-app/node_modules/@satorijs/core/lib/index.cjs:755:5)\n    at async Proxy.sendMessage (/root/lezskabot/koishi/koishi-app/node_modules/@satorijs/core/lib/index.cjs:487:22)\n    at async /root/lezskabot/koishi/koishi-app/node_modules/@koishijs/core/lib/index.cjs:2051:7\n    at async Proxy.withScope (/root/lezskabot/koishi/koishi-app/node_modules/@koishijs/core/lib/index.cjs:1958:22)\n    at async next (/root/lezskabot/koishi/koishi-app/node_modules/@koishijs/core/lib/index.cjs:827:16)\n    at async next (/root/lezskabot/koishi/koishi-app/node_modules/@koishijs/core/lib/index.cjs:827:16)","timestamp":1777480508997}
{"id":41492,"type":"warn","level":2,"name":"session","meta":{},"content":"Error: Error with request send_group_msg, args: {\"group_id\":1091191330,\"message\":[{\"type\":\"text\",\"data\":{\"text\":\"你抽到了：\\n4张二星  \\n1张三星  \\n1张四星  \\n一共6张卡\\n已存入你卡组的第1, 2, 3, 4, 5, 6位\\n你只剩200P点了，不够抽了\"}}]}, retcode: 1200\n    at _Internal._get (/root/lezskabot/koishi/koishi-app/node_modules/koishi-plugin-adapter-onebot/lib/index.js:119:11)\n    at process.processTicksAndRejections (node:internal/process/task_queues:95:5)\n    at async _Internal.<computed> [as sendGroupMsg] (/root/lezskabot/koishi/koishi-app/node_modules/koishi-plugin-adapter-onebot/lib/index.js:162:20)\n    at async OneBotMessageEncoder.flush (/root/lezskabot/koishi/koishi-app/node_modules/koishi-plugin-adapter-onebot/lib/index.js:771:338)\n    at async OneBotMessageEncoder.send (/root/lezskabot/koishi/koishi-app/node_modules/@satorijs/core/lib/index.cjs:755:5)\n    at async Proxy.sendMessage (/root/lezskabot/koishi/koishi-app/node_modules/@satorijs/core/lib/index.cjs:487:22)\n    at async /root/lezskabot/koishi/koishi-app/node_modules/@koishijs/core/lib/index.cjs:2051:7\n    at async Proxy.withScope (/root/lezskabot/koishi/koishi-app/node_modules/@koishijs/core/lib/index.cjs:1958:22)\n    at async next (/root/lezskabot/koishi/koishi-app/node_modules/@koishijs/core/lib/index.cjs:827:16)\n    at async next (/root/lezskabot/koishi/koishi-app/node_modules/@koishijs/core/lib/index.cjs:827:16)","timestamp":1777480513939}
{"id":41519,"type":"warn","level":2,"name":"session","meta":{},"content":"Error: Error with request send_group_msg, args: {\"group_id\":1091191330,\"message\":[{\"type\":\"text\",\"data\":{\"text\":\"你抽到了：\\n一共0张卡\\n已存入你卡组的第位\\n你还有1092P点\"}}]}, retcode: 1200\n    at _Internal._get (/root/lezskabot/koishi/koishi-app/node_modules/koishi-plugin-adapter-onebot/lib/index.js:119:11)\n    at process.processTicksAndRejections (node:internal/process/task_queues:95:5)\n    at async _Internal.<computed> [as sendGroupMsg] (/root/lezskabot/koishi/koishi-app/node_modules/koishi-plugin-adapter-onebot/lib/index.js:162:20)\n    at async OneBotMessageEncoder.flush (/root/lezskabot/koishi/koishi-app/node_modules/koishi-plugin-adapter-onebot/lib/index.js:771:338)\n    at async OneBotMessageEncoder.send (/root/lezskabot/koishi/koishi-app/node_modules/@satorijs/core/lib/index.cjs:755:5)\n    at async Proxy.sendMessage (/root/lezskabot/koishi/koishi-app/node_modules/@satorijs/core/lib/index.cjs:487:22)\n    at async /root/lezskabot/koishi/koishi-app/node_modules/@koishijs/core/lib/index.cjs:2051:7\n    at async Proxy.withScope (/root/lezskabot/koishi/koishi-app/node_modules/@koishijs/core/lib/index.cjs:1958:22)\n    at async next (/root/lezskabot/koishi/koishi-app/node_modules/@koishijs/core/lib/index.cjs:827:16)\n    at async next (/root/lezskabot/koishi/koishi-app/node_modules/@koishijs/core/lib/index.cjs:827:16)","timestamp":1777480516643}
{"id":41792,"type":"error","level":1,"name":"抽卡与卡组","meta":{"paths":["lp0hx8"]},"content":"3980423768抽卡失败，积分不足","timestamp":1777480576910}
{"id":41825,"type":"success","level":1,"name":"抽卡与卡组","meta":{"paths":["lp0hx8"]},"content":"2188730297献祭了：2张二星  2张三星  获得1680P点，当前P点数为2772","timestamp":1777480582628}
{"id":41943,"type":"success","level":1,"name":"签到","meta":{"paths":["lp0hx8"]},"content":"2085287779完成了一次签到！","timestamp":1777480606706}
{"id":41992,"type":"success","level":1,"name":"抽卡与卡组","meta":{"paths":["lp0hx8"]},"content":"2188730297献祭了：4张二星  获得1120P点，当前P点数为2292","timestamp":1777480612362}
{"id":41996,"type":"success","level":1,"name":"签到","meta":{"paths":["lp0hx8"]},"content":"2276942246完成了一次签到！","timestamp":1777480612439}
{"id":42157,"type":"success","level":1,"name":"签到","meta":{"paths":["lp0hx8"]},"content":"3764379512完成了一次签到！","timestamp":1777480638315}
{"id":42226,"type":"success","level":1,"name":"抽卡与卡组","meta":{"paths":["lp0hx8"]},"content":"2188730297献祭了：1张二星  2张三星  1张四星  获得2600P点，当前P点数为3292","timestamp":1777480652660}
{"id":42342,"type":"success","level":1,"name":"抽卡与卡组","meta":{"paths":["lp0hx8"]},"content":"2188730297献祭了：4张二星  获得1120P点，当前P点数为2812","timestamp":1777480664686}
{"id":42349,"type":"info","level":2,"name":"抽卡与卡组","meta":{"paths":["lp0hx8"]},"content":"3764379512抽到了一张☆二星★卡，剩余2576P点","timestamp":1777480665872}
{"id":42373,"type":"warn","level":2,"name":"session","meta":{},"content":"Error: Error with request send_group_msg, args: {\"group_id\":1091191330,\"message\":[{\"type\":\"text\",\"data\":{\"text\":\"你抽到了：\\n4张二星  \\n一共4张卡\\n已存入你卡组的第1, 2, 3, 6位\\n你还有1212P点\"}}]}, retcode: 1200\n    at _Internal._get (/root/lezskabot/koishi/koishi-app/node_modules/koishi-plugin-adapter-onebot/lib/index.js:119:11)\n    at process.processTicksAndRejections (node:internal/process/task_queues:95:5)\n    at async _Internal.<computed> [as sendGroupMsg] (/root/lezskabot/koishi/koishi-app/node_modules/koishi-plugin-adapter-onebot/lib/index.js:162:20)\n    at async OneBotMessageEncoder.flush (/root/lezskabot/koishi/koishi-app/node_modules/koishi-plugin-adapter-onebot/lib/index.js:771:338)\n    at async OneBotMessageEncoder.send (/root/lezskabot/koishi/koishi-app/node_modules/@satorijs/core/lib/index.cjs:755:5)\n    at async Proxy.sendMessage (/root/lezskabot/koishi/koishi-app/node_modules/@satorijs/core/lib/index.cjs:487:22)\n    at async /root/lezskabot/koishi/koishi-app/node_modules/@koishijs/core/lib/index.cjs:2051:7\n    at async Proxy.withScope (/root/lezskabot/koishi/koishi-app/node_modules/@koishijs/core/lib/index.cjs:1958:22)\n    at async next (/root/lezskabot/koishi/koishi-app/node_modules/@koishijs/core/lib/index.cjs:827:16)\n    at async next (/root/lezskabot/koishi/koishi-app/node_modules/@koishijs/core/lib/index.cjs:827:16)","timestamp":1777480667680}
{"id":42432,"type":"info","level":2,"name":"抽卡与卡组","meta":{"paths":["lp0hx8"]},"content":"3764379512抽到了一张☆二星★卡，剩余2176P点","timestamp":1777480681070}
{"id":42504,"type":"success","level":1,"name":"抽卡与卡组","meta":{"paths":["lp0hx8"]},"content":"2188730297献祭了：4张二星  获得1120P点，当前P点数为2332","timestamp":1777480695154}
{"id":42663,"type":"info","level":2,"name":"签到","meta":{"paths":["lp0hx8"]},"content":"1652933285向3980423768赠送了125个P点","timestamp":1777480716842}
{"id":42746,"type":"info","level":2,"name":"签到","meta":{"paths":["lp0hx8"]},"content":"2188730297向3980423768赠送了100个P点","timestamp":1777480729336}
{"id":42799,"type":"info","level":2,"name":"抽卡与卡组","meta":{"paths":["lp0hx8"]},"content":"3980423768抽到了一张☆二星★卡，剩余25P点","timestamp":1777480738310}
{"id":42916,"type":"success","level":1,"name":"抽卡与卡组","meta":{"paths":["lp0hx8"]},"content":"2188730297献祭了：3张二星  1张四星  获得2040P点，当前P点数为2672","timestamp":1777480762970}
{"id":42927,"type":"success","level":1,"name":"抽卡与卡组","meta":{"paths":["lp0hx8"]},"content":"3980423768献祭了：5张二星  1张三星  获得1960P点，当前P点数为1985","timestamp":1777480766453}
{"id":43024,"type":"success","level":1,"name":"抽卡与卡组","meta":{"paths":["lp0hx8"]},"content":"2188730297献祭了：4张二星  获得1120P点，当前P点数为2192","timestamp":1777480775576}
{"id":43133,"type":"warn","level":2,"name":"session","meta":{},"content":"Error: Error with request send_group_msg, args: {\"group_id\":1091191330,\"message\":[{\"type\":\"at\",\"data\":{\"qq\":\"2188730297\"}},{\"type\":\"text\",\"data\":{\"text\":\"你献祭了：\\n1张二星\\n3张三星\\n获得1960P点！\\n当前P点数2552\"}}]}, retcode: 1200\n    at _Internal._get (/root/lezskabot/koishi/koishi-app/node_modules/koishi-plugin-adapter-onebot/lib/index.js:119:11)\n    at process.processTicksAndRejections (node:internal/process/task_queues:95:5)\n    at async _Internal.<computed> [as sendGroupMsg] (/root/lezskabot/koishi/koishi-app/node_modules/koishi-plugin-adapter-onebot/lib/index.js:162:20)\n    at async OneBotMessageEncoder.flush (/root/lezskabot/koishi/koishi-app/node_modules/koishi-plugin-adapter-onebot/lib/index.js:771:338)\n    at async OneBotMessageEncoder.send (/root/lezskabot/koishi/koishi-app/node_modules/@satorijs/core/lib/index.cjs:755:5)\n    at async Proxy.sendMessage (/root/lezskabot/koishi/koishi-app/node_modules/@satorijs/core/lib/index.cjs:487:22)\n    at async _Command.eval (eval at <anonymous> (/root/lezskabot/koishi/koishi-app/node_modules/koishi-plugin-blockly-null/lib/index.js:1:1), <anonymous>:397:17)\n    at async Array.<anonymous> (/root/lezskabot/koishi/koishi-app/node_modules/@koishijs/core/lib/index.cjs:1079:14)\n    at async _Command.execute (/root/lezskabot/koishi/koishi-app/node_modules/@koishijs/core/lib/index.cjs:1093:22)\n    at async /root/lezskabot/koishi/koishi-app/node_modules/@koishijs/core/lib/index.cjs:2049:22","timestamp":1777480792752}
{"id":43135,"type":"success","level":1,"name":"抽卡与卡组","meta":{"paths":["lp0hx8"]},"content":"2188730297献祭了：1张二星  3张三星  获得1960P点，当前P点数为2552","timestamp":1777480792763}
{"id":43186,"type":"warn","level":2,"name":"session","meta":{},"content":"Error: Error with request send_group_msg, args: {\"group_id\":1091191330,\"message\":[{\"type\":\"text\",\"data\":{\"text\":\"你抽到了：\\n2张二星  \\n1张三星  \\n1张FES  \\n一共4张卡\\n已存入你卡组的第1, 2, 3, 6位\\n你还有952P点\"}}]}, retcode: 1200\n    at _Internal._get (/root/lezskabot/koishi/koishi-app/node_modules/koishi-plugin-adapter-onebot/lib/index.js:119:11)\n    at process.processTicksAndRejections (node:internal/process/task_queues:95:5)\n    at async _Internal.<computed> [as sendGroupMsg] (/root/lezskabot/koishi/koishi-app/node_modules/koishi-plugin-adapter-onebot/lib/index.js:162:20)\n    at async OneBotMessageEncoder.flush (/root/lezskabot/koishi/koishi-app/node_modules/koishi-plugin-adapter-onebot/lib/index.js:771:338)\n    at async OneBotMessageEncoder.send (/root/lezskabot/koishi/koishi-app/node_modules/@satorijs/core/lib/index.cjs:755:5)\n    at async Proxy.sendMessage (/root/lezskabot/koishi/koishi-app/node_modules/@satorijs/core/lib/index.cjs:487:22)\n    at async /root/lezskabot/koishi/koishi-app/node_modules/@koishijs/core/lib/index.cjs:2051:7\n    at async Proxy.withScope (/root/lezskabot/koishi/koishi-app/node_modules/@koishijs/core/lib/index.cjs:1958:22)\n    at async next (/root/lezskabot/koishi/koishi-app/node_modules/@koishijs/core/lib/index.cjs:827:16)\n    at async next (/root/lezskabot/koishi/koishi-app/node_modules/@koishijs/core/lib/index.cjs:827:16)","timestamp":1777480808574}
{"id":43381,"type":"success","level":1,"name":"抽卡与卡组","meta":{"paths":["lp0hx8"]},"content":"2188730297献祭了：2张二星  2张三星  获得1680P点，当前P点数为2632","timestamp":1777480849311}
{"id":43514,"type":"info","level":2,"name":"签到","meta":{"paths":["lp0hx8"]},"content":"2188730297向3980423768赠送了600个P点","timestamp":1777480870574}
{"id":43576,"type":"success","level":1,"name":"抽卡与卡组","meta":{"paths":["lp0hx8"]},"content":"2188730297献祭了：3张二星  1张三星  获得1400P点，当前P点数为1832","timestamp":1777480880188}
{"id":43647,"type":"success","level":1,"name":"抽卡与卡组","meta":{"paths":["lp0hx8"]},"content":"2188730297献祭了：2张二星  2张三星  获得1680P点，当前P点数为1912","timestamp":1777480891151}
{"id":43757,"type":"success","level":1,"name":"抽卡与卡组","meta":{"paths":["lp0hx8"]},"content":"2188730297献祭了：3张二星  1张三星  获得1400P点，当前P点数为1712","timestamp":1777480917364}
{"id":53605,"type":"success","level":1,"name":"签到","meta":{"paths":["lp0hx8"]},"content":"2681925013完成了一次签到！","timestamp":1777506514479}
