{"id":296369,"type":"success","level":1,"name":"签到","meta":{"paths":["lp0hx8"]},"content":"2455800638完成了一次签到！","timestamp":1779062400911}
{"id":296452,"type":"info","level":2,"name":"抽卡与卡组","meta":{"paths":["lp0hx8"]},"content":"2455800638抽到了一张☆二星★卡，剩余13087P点","timestamp":1779062422247}
{"id":296528,"type":"success","level":1,"name":"签到","meta":{"paths":["lp0hx8"]},"content":"1602618344完成了一次签到！","timestamp":1779062712685}
{"id":296567,"type":"success","level":1,"name":"抽卡与卡组","meta":{"paths":["lp0hx8"]},"content":"1602618344献祭了：3张二星  获得840P点，当前P点数为7811","timestamp":1779062744266}
{"id":296609,"type":"success","level":1,"name":"抽卡与卡组","meta":{"paths":["lp0hx8"]},"content":"1602618344献祭了：3张二星  获得840P点，当前P点数为7451","timestamp":1779062761663}
{"id":296656,"type":"success","level":1,"name":"抽卡与卡组","meta":{"paths":["lp0hx8"]},"content":"1602618344献祭了：3张二星  获得840P点，当前P点数为7091","timestamp":1779062773572}
{"id":296727,"type":"success","level":1,"name":"抽卡与卡组","meta":{"paths":["lp0hx8"]},"content":"1602618344献祭了：3张二星  获得840P点，当前P点数为6731","timestamp":1779062798175}
{"id":296781,"type":"success","level":1,"name":"抽卡与卡组","meta":{"paths":["lp0hx8"]},"content":"1602618344献祭了：2张二星  3张三星  获得2240P点，当前P点数为7771","timestamp":1779062829272}
{"id":296862,"type":"info","level":2,"name":"抽卡与卡组","meta":{"paths":["lp0hx8"]},"content":"3320509730抽到了一张☂FES☃卡，剩余11784P点","timestamp":1779062875397}
{"id":296887,"type":"info","level":2,"name":"抽卡与卡组","meta":{"paths":["lp0hx8"]},"content":"1602618344抽到了一张♔♕四星(?)♕♔卡，剩余3371P点","timestamp":1779062889794}
{"id":296981,"type":"success","level":1,"name":"抽卡与卡组","meta":{"paths":["lp0hx8"]},"content":"1602618344献祭了：5张二星  获得1400P点，当前P点数为4771","timestamp":1779062935275}
{"id":297203,"type":"success","level":1,"name":"签到","meta":{"paths":["lp0hx8"]},"content":"1409350535完成了一次签到！","timestamp":1779063039586}
{"id":297264,"type":"info","level":2,"name":"抽卡与卡组","meta":{"paths":["lp0hx8"]},"content":"2455800638抽到了一张☆二星★卡，剩余12687P点","timestamp":1779063063083}
{"id":297456,"type":"info","level":2,"name":"抽卡与卡组","meta":{"paths":["lp0hx8"]},"content":"2455800638抽到了一张☆二星★卡，剩余9887P点","timestamp":1779063307108}
{"id":297592,"type":"info","level":2,"name":"抽卡与卡组","meta":{"paths":["lp0hx8"]},"content":"3161689072抽到了一张☆二星★卡，剩余1949P点","timestamp":1779063548910}
{"id":297611,"type":"info","level":2,"name":"抽卡与卡组","meta":{"paths":["lp0hx8"]},"content":"3161689072抽到了一张☆二星★卡，剩余1549P点","timestamp":1779063553604}
{"id":297630,"type":"info","level":2,"name":"抽卡与卡组","meta":{"paths":["lp0hx8"]},"content":"3161689072抽到了一张☆二星★卡，剩余1149P点","timestamp":1779063558511}
{"id":297696,"type":"info","level":2,"name":"抽卡与卡组","meta":{"paths":["lp0hx8"]},"content":"3161689072抽到了一张❀三星☄卡，剩余749P点","timestamp":1779063584418}
{"id":297718,"type":"info","level":2,"name":"抽卡与卡组","meta":{"paths":["lp0hx8"]},"content":"3161689072抽到了一张❀三星☄卡，剩余349P点","timestamp":1779063589610}
{"id":297990,"type":"info","level":2,"name":"抽卡与卡组","meta":{"paths":["lp0hx8"]},"content":"3320509730抽到了一张☆二星★卡，剩余11384P点","timestamp":1779063868319}
{"id":298018,"type":"info","level":2,"name":"抽卡与卡组","meta":{"paths":["lp0hx8"]},"content":"3320509730抽到了一张☆二星★卡，剩余10984P点","timestamp":1779063878016}
{"id":298042,"type":"info","level":2,"name":"抽卡与卡组","meta":{"paths":["lp0hx8"]},"content":"3320509730抽到了一张☆二星★卡，剩余10584P点","timestamp":1779063899698}
{"id":298074,"type":"info","level":2,"name":"抽卡与卡组","meta":{"paths":["lp0hx8"]},"content":"3320509730抽到了一张❀三星☄卡，剩余10184P点","timestamp":1779063922615}
{"id":298098,"type":"info","level":2,"name":"抽卡与卡组","meta":{"paths":["lp0hx8"]},"content":"3320509730抽到了一张☆二星★卡，剩余9784P点","timestamp":1779063929902}
{"id":298212,"type":"success","level":1,"name":"抽卡与卡组","meta":{"paths":["lp0hx8"]},"content":"3320509730献祭了：6张二星  获得1680P点，当前P点数为11464","timestamp":1779064042709}
{"id":299540,"type":"success","level":1,"name":"签到","meta":{"paths":["lp0hx8"]},"content":"2433884076完成了一次签到！","timestamp":1779067591839}
{"id":300262,"type":"success","level":1,"name":"签到","meta":{"paths":["lp0hx8"]},"content":"978229136完成了一次签到！","timestamp":1779070329423}
{"id":300819,"type":"info","level":2,"name":"签到","meta":{"paths":["lp0hx8"]},"content":"已更新2188730297的抢劫次数和记录","timestamp":1779071840605}
{"id":300840,"type":"success","level":1,"name":"签到","meta":{"paths":["lp0hx8"]},"content":"2188730297抢了956937232的64P点！","timestamp":1779071841423}
{"id":300841,"type":"info","level":2,"name":"签到","meta":{"paths":["lp0hx8"]},"content":"2188730297今天的抢劫记录为64   |    剩余抢劫次数为2","timestamp":1779071841427}
{"id":300869,"type":"success","level":1,"name":"签到","meta":{"paths":["lp0hx8"]},"content":"2188730297抢劫956937232失败！失去了270P点！","timestamp":1779071848435}
{"id":300870,"type":"info","level":2,"name":"签到","meta":{"paths":["lp0hx8"]},"content":"2188730297今天的抢劫记录为-206   |    剩余抢劫次数为1","timestamp":1779071848436}
{"id":300898,"type":"success","level":1,"name":"签到","meta":{"paths":["lp0hx8"]},"content":"2188730297抢劫29053789失败！失去了14P点！","timestamp":1779071859606}
{"id":300899,"type":"info","level":2,"name":"签到","meta":{"paths":["lp0hx8"]},"content":"2188730297今天的抢劫记录为-220   |    剩余抢劫次数为0","timestamp":1779071859607}
{"id":303458,"type":"success","level":1,"name":"签到","meta":{"paths":["lp0hx8"]},"content":"3044937168完成了一次签到！","timestamp":1779076959810}
{"id":304178,"type":"error","level":1,"name":"签到","meta":{"paths":["lp0hx8"]},"content":"2221639610签到失败！原因：该用户已经签到","timestamp":1779078115507}
{"id":305156,"type":"success","level":1,"name":"签到","meta":{"paths":["lp0hx8"]},"content":"3366143939完成了一次签到！","timestamp":1779079372925}
{"id":305323,"type":"success","level":1,"name":"签到","meta":{"paths":["lp0hx8"]},"content":"3026137282完成了一次签到！","timestamp":1779079523116}
{"id":305906,"type":"success","level":1,"name":"签到","meta":{"paths":["lp0hx8"]},"content":"2627939216完成了一次签到！","timestamp":1779079930731}
{"id":305964,"type":"error","level":1,"name":"签到","meta":{"paths":["lp0hx8"]},"content":"2221639610签到失败！原因：该用户已经签到","timestamp":1779079942504}
{"id":305997,"type":"success","level":1,"name":"签到","meta":{"paths":["lp0hx8"]},"content":"914880737完成了一次签到！","timestamp":1779079945247}
{"id":308898,"type":"success","level":1,"name":"签到","meta":{"paths":["lp0hx8"]},"content":"3568930598完成了一次签到！","timestamp":1779082531120}
{"id":312105,"type":"error","level":1,"name":"签到","meta":{"paths":["lp0hx8"]},"content":"1329863603签到失败！原因：该用户已经签到","timestamp":1779086423507}
{"id":312170,"type":"success","level":1,"name":"签到","meta":{"paths":["lp0hx8"]},"content":"3536694017完成了一次签到！","timestamp":1779086454718}
{"id":312277,"type":"success","level":1,"name":"签到","meta":{"paths":["lp0hx8"]},"content":"3379490589完成了一次签到！","timestamp":1779086586222}
{"id":312302,"type":"info","level":2,"name":"抽卡与卡组","meta":{"paths":["lp0hx8"]},"content":"3379490589抽到了一张☆二星★卡，剩余3714P点","timestamp":1779086591328}
{"id":312321,"type":"info","level":2,"name":"抽卡与卡组","meta":{"paths":["lp0hx8"]},"content":"3379490589抽到了一张❀三星☄卡，剩余3314P点","timestamp":1779086595407}
{"id":312340,"type":"info","level":2,"name":"抽卡与卡组","meta":{"paths":["lp0hx8"]},"content":"3379490589抽到了一张☆二星★卡，剩余2914P点","timestamp":1779086600315}
{"id":312377,"type":"info","level":2,"name":"抽卡与卡组","meta":{"paths":["lp0hx8"]},"content":"3379490589抽到了一张☆二星★卡，剩余2514P点","timestamp":1779086604236}
{"id":312433,"type":"info","level":2,"name":"抽卡与卡组","meta":{"paths":["lp0hx8"]},"content":"3536694017抽到了一张☆二星★卡，剩余19299P点","timestamp":1779086630211}
{"id":315456,"type":"success","level":1,"name":"抽卡与卡组","meta":{"paths":["lp0hx8"]},"content":"2186790348献祭了：2张二星  1张四星  获得1760P点，当前P点数为55997","timestamp":1779090137419}
{"id":315527,"type":"success","level":1,"name":"抽卡与卡组","meta":{"paths":["lp0hx8"]},"content":"2186790348献祭了：3张二星  获得840P点，当前P点数为55637","timestamp":1779090144512}
{"id":324438,"type":"error","level":1,"name":"签到","meta":{"paths":["lp0hx8"]},"content":"2433884076签到失败！原因：该用户已经签到","timestamp":1779099979014}
{"id":333359,"type":"success","level":1,"name":"签到","meta":{"paths":["lp0hx8"]},"content":"3793509134完成了一次签到！","timestamp":1779105476739}
{"id":333453,"type":"error","level":1,"name":"绑定id","meta":{"paths":["lp0hx8"]},"content":"3320509730输入错误id：7625224426119863082，id过短","timestamp":1779105503338}
{"id":334431,"type":"success","level":1,"name":"签到","meta":{"paths":["lp0hx8"]},"content":"1963408278完成了一次签到！","timestamp":1779105805716}
{"id":334667,"type":"success","level":1,"name":"签到","meta":{"paths":["lp0hx8"]},"content":"782766016完成了一次签到！","timestamp":1779105931122}
{"id":334698,"type":"info","level":2,"name":"抽卡与卡组","meta":{"paths":["lp0hx8"]},"content":"782766016抽到了一张❀三星☄卡，剩余2169P点","timestamp":1779105935230}
{"id":334725,"type":"info","level":2,"name":"抽卡与卡组","meta":{"paths":["lp0hx8"]},"content":"782766016抽到了一张❀三星☄卡，剩余1769P点","timestamp":1779105944604}
{"id":334750,"type":"info","level":2,"name":"抽卡与卡组","meta":{"paths":["lp0hx8"]},"content":"782766016抽到了一张☆二星★卡，剩余1369P点","timestamp":1779105950622}
{"id":334769,"type":"info","level":2,"name":"抽卡与卡组","meta":{"paths":["lp0hx8"]},"content":"782766016抽到了一张❀三星☄卡，剩余969P点","timestamp":1779105957311}
{"id":334794,"type":"info","level":2,"name":"抽卡与卡组","meta":{"paths":["lp0hx8"]},"content":"782766016抽到了一张❀三星☄卡，剩余569P点","timestamp":1779105963313}
{"id":334814,"type":"info","level":2,"name":"抽卡与卡组","meta":{"paths":["lp0hx8"]},"content":"782766016抽到了一张❀三星☄卡，剩余169P点","timestamp":1779105969540}
{"id":335380,"type":"error","level":1,"name":"签到","meta":{"paths":["lp0hx8"]},"content":"3940650338签到失败！原因：该用户已经签到","timestamp":1779106572714}
{"id":335405,"type":"error","level":1,"name":"签到","meta":{"paths":["lp0hx8"]},"content":"3694941523签到失败！原因：该用户已经签到","timestamp":1779106594208}
{"id":340026,"type":"error","level":1,"name":"签到","meta":{"paths":["lp0hx8"]},"content":"3055983840抢劫失败！该用户今天抢劫次数已用完","timestamp":1779109178005}
{"id":343962,"type":"info","level":2,"name":"绑定id","meta":{"paths":["lp0hx8"]},"content":"用户2056284219绑定了cnid：7486548934165388068","timestamp":1779112267312}
{"id":349003,"type":"success","level":1,"name":"签到","meta":{"paths":["lp0hx8"]},"content":"3840729373完成了一次签到！","timestamp":1779113516806}
{"id":349036,"type":"success","level":1,"name":"签到","meta":{"paths":["lp0hx8"]},"content":"813013693完成了一次签到！","timestamp":1779113525225}
{"id":349063,"type":"error","level":1,"name":"签到","meta":{"paths":["lp0hx8"]},"content":"1090073898签到失败！原因：该用户已经签到","timestamp":1779113538204}
{"id":349272,"type":"success","level":1,"name":"签到","meta":{"paths":["lp0hx8"]},"content":"3587117272完成了一次签到！","timestamp":1779113581121}
{"id":349431,"type":"info","level":2,"name":"抽卡与卡组","meta":{"paths":["lp0hx8"]},"content":"629832381抽到了一张☆二星★卡，剩余20782P点","timestamp":1779113663034}
{"id":349639,"type":"error","level":1,"name":"抽卡与卡组","meta":{"paths":["lp0hx8"]},"content":"1581064303抽卡失败，积分不足","timestamp":1779113796632}
{"id":349674,"type":"success","level":1,"name":"签到","meta":{"paths":["lp0hx8"]},"content":"1581064303完成了一次签到！","timestamp":1779113799237}
{"id":349706,"type":"info","level":2,"name":"抽卡与卡组","meta":{"paths":["lp0hx8"]},"content":"1581064303抽到了一张❀三星☄卡，剩余3577P点","timestamp":1779113802515}
{"id":351320,"type":"success","level":1,"name":"签到","meta":{"paths":["lp0hx8"]},"content":"3534850564完成了一次签到！","timestamp":1779114604009}
{"id":352931,"type":"error","level":1,"name":"签到","meta":{"paths":["lp0hx8"]},"content":"986054920签到失败！原因：该用户已经签到","timestamp":1779115549820}
{"id":353902,"type":"success","level":1,"name":"签到","meta":{"paths":["lp0hx8"]},"content":"1569181511完成了一次签到！","timestamp":1779115858139}
{"id":362213,"type":"success","level":1,"name":"签到","meta":{"paths":["lp0hx8"]},"content":"1012113121完成了一次签到！","timestamp":1779120001781}
{"id":362244,"type":"success","level":1,"name":"签到","meta":{"paths":["lp0hx8"]},"content":"1652933285完成了一次签到！","timestamp":1779120010287}
{"id":362322,"type":"success","level":1,"name":"签到","meta":{"paths":["lp0hx8"]},"content":"3997019972完成了一次签到！","timestamp":1779120024672}
{"id":362383,"type":"success","level":1,"name":"签到","meta":{"paths":["lp0hx8"]},"content":"956937232完成了一次签到！","timestamp":1779120039189}
{"id":362414,"type":"success","level":1,"name":"签到","meta":{"paths":["lp0hx8"]},"content":"1296434423完成了一次签到！","timestamp":1779120040373}
{"id":362577,"type":"success","level":1,"name":"签到","meta":{"paths":["lp0hx8"]},"content":"2994459542完成了一次签到！","timestamp":1779120057338}
{"id":362629,"type":"info","level":2,"name":"抽卡与卡组","meta":{"paths":["lp0hx8"]},"content":"3997019972抽到了一张☆二星★卡，剩余294P点","timestamp":1779120062323}
{"id":362730,"type":"success","level":1,"name":"签到","meta":{"paths":["lp0hx8"]},"content":"3497892115完成了一次签到！","timestamp":1779120074120}
{"id":362775,"type":"success","level":1,"name":"签到","meta":{"paths":["lp0hx8"]},"content":"971217490完成了一次签到！","timestamp":1779120081307}
{"id":362796,"type":"success","level":1,"name":"签到","meta":{"paths":["lp0hx8"]},"content":"2018283414完成了一次签到！","timestamp":1779120082559}
{"id":362836,"type":"success","level":1,"name":"签到","meta":{"paths":["lp0hx8"]},"content":"1569181511完成了一次签到！","timestamp":1779120085912}
{"id":362882,"type":"info","level":2,"name":"抽卡与卡组","meta":{"paths":["lp0hx8"]},"content":"1569181511抽到了一张☆二星★卡，剩余4647P点","timestamp":1779120089848}
{"id":362911,"type":"info","level":2,"name":"抽卡与卡组","meta":{"paths":["lp0hx8"]},"content":"971217490抽到了一张❀三星☄卡，剩余3328P点","timestamp":1779120094218}
{"id":362953,"type":"info","level":2,"name":"抽卡与卡组","meta":{"paths":["lp0hx8"]},"content":"1569181511抽到了一张❀三星☄卡，剩余4247P点","timestamp":1779120096462}
{"id":363000,"type":"info","level":2,"name":"抽卡与卡组","meta":{"paths":["lp0hx8"]},"content":"1569181511抽到了一张☆二星★卡，剩余3847P点","timestamp":1779120100219}
{"id":363019,"type":"info","level":2,"name":"抽卡与卡组","meta":{"paths":["lp0hx8"]},"content":"1569181511抽到了一张☆二星★卡，剩余3447P点","timestamp":1779120103281}
{"id":363039,"type":"warn","level":2,"name":"session","meta":{},"content":"Error: Error with request send_group_msg, args: {\"group_id\":1091191330,\"message\":[{\"type\":\"at\",\"data\":{\"qq\":\"1569181511\"}},{\"type\":\"text\",\"data\":{\"text\":\" 输入抽卡目标：（三星、四星、FES）\"}}]}, retcode: 1200\n    at _Internal._get (/root/lezskabot/koishi/koishi-app/node_modules/koishi-plugin-adapter-onebot/lib/index.js:119:11)\n    at process.processTicksAndRejections (node:internal/process/task_queues:95:5)\n    at async _Internal.<computed> [as sendGroupMsg] (/root/lezskabot/koishi/koishi-app/node_modules/koishi-plugin-adapter-onebot/lib/index.js:162:20)\n    at async OneBotMessageEncoder.flush (/root/lezskabot/koishi/koishi-app/node_modules/koishi-plugin-adapter-onebot/lib/index.js:771:338)\n    at async OneBotMessageEncoder.send (/root/lezskabot/koishi/koishi-app/node_modules/@satorijs/core/lib/index.cjs:755:5)\n    at async Proxy.sendMessage (/root/lezskabot/koishi/koishi-app/node_modules/@satorijs/core/lib/index.cjs:487:22)\n    at async _Command.eval (eval at <anonymous> (/root/lezskabot/koishi/koishi-app/node_modules/koishi-plugin-blockly-null/lib/index.js:1:1), <anonymous>:114:5)\n    at async Array.<anonymous> (/root/lezskabot/koishi/koishi-app/node_modules/@koishijs/core/lib/index.cjs:1079:14)\n    at async _Command.execute (/root/lezskabot/koishi/koishi-app/node_modules/@koishijs/core/lib/index.cjs:1093:22)\n    at async /root/lezskabot/koishi/koishi-app/node_modules/@koishijs/core/lib/index.cjs:2049:22","timestamp":1779120110038}
{"id":363085,"type":"warn","level":2,"name":"session","meta":{},"content":"Error: Error with request send_group_msg, args: {\"group_id\":1091191330,\"message\":[{\"type\":\"at\",\"data\":{\"qq\":\"971217490\"}},{\"type\":\"text\",\"data\":{\"text\":\"你当前的卡组为\\n1-稀有度： ♔♕四星(?)♕♔\"}},{\"type\":\"image\",\"data\":{\"file\":\"/root/lezskabot/cards/3/433.png\",\"cache\":0}},{\"type\":\"text\",\"data\":{\"text\":\"2-稀有度： ♔♕四星(?)♕♔\"}},{\"type\":\"image\",\"data\":{\"file\":\"/root/lezskabot/cards/3/524.png\",\"cache\":0}},{\"type\":\"text\",\"data\":{\"text\":\"3-稀有度： ♔♕四星(?)♕♔\"}},{\"type\":\"image\",\"data\":{\"file\":\"/root/lezskabot/cards/3/232.png\",\"cache\":0}},{\"type\":\"text\",\"data\":{\"text\":\"4-稀有度： ☆二星★\"}},{\"type\":\"image\",\"data\":{\"file\":\"/root/lezskabot/cards/1/67.png\",\"cache\":0}},{\"type\":\"text\",\"data\":{\"text\":\"5-稀有度： ♔♕四星(?)♕♔\"}},{\"type\":\"image\",\"data\":{\"file\":\"/root/lezskabot/cards/3/618.png\",\"cache\":0}},{\"type\":\"text\",\"data\":{\"text\":\"6-稀有度： ♔♕四星(?)♕♔\"}},{\"type\":\"image\",\"data\":{\"file\":\"/root/lezskabot/cards/3/328.png\",\"cache\":0}},{\"type\":\"text\",\"data\":{\"text\":\"7-稀有度： ☆二星★\"}},{\"type\":\"image\",\"data\":{\"file\":\"/root/lezskabot/cards/1/218.png\",\"cache\":0}},{\"type\":\"text\",\"data\":{\"text\":\"8-稀有度： ☆二星★\"}},{\"type\":\"image\",\"data\":{\"file\":\"/root/lezskabot/cards/1/139.png\",\"cache\":0}}]}, retcode: 1200\n    at _Internal._get (/root/lezskabot/koishi/koishi-app/node_modules/koishi-plugin-adapter-onebot/lib/index.js:119:11)\n    at process.processTicksAndRejections (node:internal/process/task_queues:95:5)\n    at async _Internal.<computed> [as sendGroupMsg] (/root/lezskabot/koishi/koishi-app/node_modules/koishi-plugin-adapter-onebot/lib/index.js:162:20)\n    at async OneBotMessageEncoder.flush (/root/lezskabot/koishi/koishi-app/node_modules/koishi-plugin-adapter-onebot/lib/index.js:771:338)\n    at async OneBotMessageEncoder.send (/root/lezskabot/koishi/koishi-app/node_modules/@satorijs/core/lib/index.cjs:755:5)\n    at async Proxy.sendMessage (/root/lezskabot/koishi/koishi-app/node_modules/@satorijs/core/lib/index.cjs:487:22)\n    at async _Command.eval (eval at <anonymous> (/root/lezskabot/koishi/koishi-app/node_modules/koishi-plugin-blockly-null/lib/index.js:1:1), <anonymous>:105:9)\n    at async Array.<anonymous> (/root/lezskabot/koishi/koishi-app/node_modules/@koishijs/core/lib/index.cjs:1079:14)\n    at async _Command.execute (/root/lezskabot/koishi/koishi-app/node_modules/@koishijs/core/lib/index.cjs:1093:22)\n    at async /root/lezskabot/koishi/koishi-app/node_modules/@koishijs/core/lib/index.cjs:2049:22","timestamp":1779120115716}
{"id":363271,"type":"success","level":1,"name":"签到","meta":{"paths":["lp0hx8"]},"content":"3834892968完成了一次签到！","timestamp":1779120139458}
{"id":363512,"type":"warn","level":2,"name":"session","meta":{},"content":"Error: Error with request send_group_msg, args: {\"group_id\":1091191330,\"message\":[{\"type\":\"text\",\"data\":{\"text\":\"输入要献祭的卡在卡组中的位置，用空格隔开（可献祭3~8张卡）\"}}]}, retcode: 1200\n    at _Internal._get (/root/lezskabot/koishi/koishi-app/node_modules/koishi-plugin-adapter-onebot/lib/index.js:119:11)\n    at process.processTicksAndRejections (node:internal/process/task_queues:95:5)\n    at async _Internal.<computed> [as sendGroupMsg] (/root/lezskabot/koishi/koishi-app/node_modules/koishi-plugin-adapter-onebot/lib/index.js:162:20)\n    at async OneBotMessageEncoder.flush (/root/lezskabot/koishi/koishi-app/node_modules/koishi-plugin-adapter-onebot/lib/index.js:771:338)\n    at async OneBotMessageEncoder.send (/root/lezskabot/koishi/koishi-app/node_modules/@satorijs/core/lib/index.cjs:755:5)\n    at async Proxy.sendMessage (/root/lezskabot/koishi/koishi-app/node_modules/@satorijs/core/lib/index.cjs:487:22)\n    at async _Command.eval (eval at <anonymous> (/root/lezskabot/koishi/koishi-app/node_modules/koishi-plugin-blockly-null/lib/index.js:1:1), <anonymous>:354:11)\n    at async Array.<anonymous> (/root/lezskabot/koishi/koishi-app/node_modules/@koishijs/core/lib/index.cjs:1079:14)\n    at async _Command.execute (/root/lezskabot/koishi/koishi-app/node_modules/@koishijs/core/lib/index.cjs:1093:22)\n    at async /root/lezskabot/koishi/koishi-app/node_modules/@koishijs/core/lib/index.cjs:2049:22","timestamp":1779120179454}
{"id":363560,"type":"success","level":1,"name":"签到","meta":{"paths":["lp0hx8"]},"content":"3980423768完成了一次签到！","timestamp":1779120196726}
{"id":363684,"type":"success","level":1,"name":"抽卡与卡组","meta":{"paths":["lp0hx8"]},"content":"1652933285献祭了：4张二星  获得1120P点，当前P点数为5452","timestamp":1779120222128}
{"id":363714,"type":"warn","level":2,"name":"session","meta":{},"content":"Error: Error with request send_group_msg, args: {\"group_id\":1091191330,\"message\":[{\"type\":\"at\",\"data\":{\"qq\":\"971217490\"}},{\"type\":\"text\",\"data\":{\"text\":\" 输入抽卡目标：（三星、四星、FES）\"}}]}, retcode: 1200\n    at _Internal._get (/root/lezskabot/koishi/koishi-app/node_modules/koishi-plugin-adapter-onebot/lib/index.js:119:11)\n    at process.processTicksAndRejections (node:internal/process/task_queues:95:5)\n    at async _Internal.<computed> [as sendGroupMsg] (/root/lezskabot/koishi/koishi-app/node_modules/koishi-plugin-adapter-onebot/lib/index.js:162:20)\n    at async OneBotMessageEncoder.flush (/root/lezskabot/koishi/koishi-app/node_modules/koishi-plugin-adapter-onebot/lib/index.js:771:338)\n    at async OneBotMessageEncoder.send (/root/lezskabot/koishi/koishi-app/node_modules/@satorijs/core/lib/index.cjs:755:5)\n    at async Proxy.sendMessage (/root/lezskabot/koishi/koishi-app/node_modules/@satorijs/core/lib/index.cjs:487:22)\n    at async _Command.eval (eval at <anonymous> (/root/lezskabot/koishi/koishi-app/node_modules/koishi-plugin-blockly-null/lib/index.js:1:1), <anonymous>:114:5)\n    at async Array.<anonymous> (/root/lezskabot/koishi/koishi-app/node_modules/@koishijs/core/lib/index.cjs:1079:14)\n    at async _Command.execute (/root/lezskabot/koishi/koishi-app/node_modules/@koishijs/core/lib/index.cjs:1093:22)\n    at async /root/lezskabot/koishi/koishi-app/node_modules/@koishijs/core/lib/index.cjs:2049:22","timestamp":1779120227131}
{"id":363757,"type":"warn","level":2,"name":"session","meta":{},"content":"Error: Error with request send_group_msg, args: {\"group_id\":1091191330,\"message\":[{\"type\":\"text\",\"data\":{\"text\":\"卡组未满，收集8张卡牌填满卡组，然后你可以献祭其中4张获得P点或者全部献祭进行一次必定获得四星以上的抽卡。（输入“献祭卡组 抽卡”来进行必中抽卡）\"}}]}, retcode: 1200\n    at _Internal._get (/root/lezskabot/koishi/koishi-app/node_modules/koishi-plugin-adapter-onebot/lib/index.js:119:11)\n    at process.processTicksAndRejections (node:internal/process/task_queues:95:5)\n    at async _Internal.<computed> [as sendGroupMsg] (/root/lezskabot/koishi/koishi-app/node_modules/koishi-plugin-adapter-onebot/lib/index.js:162:20)\n    at async OneBotMessageEncoder.flush (/root/lezskabot/koishi/koishi-app/node_modules/koishi-plugin-adapter-onebot/lib/index.js:771:338)\n    at async OneBotMessageEncoder.send (/root/lezskabot/koishi/koishi-app/node_modules/@satorijs/core/lib/index.cjs:755:5)\n    at async Proxy.sendMessage (/root/lezskabot/koishi/koishi-app/node_modules/@satorijs/core/lib/index.cjs:487:22)\n    at async /root/lezskabot/koishi/koishi-app/node_modules/@koishijs/core/lib/index.cjs:2051:7\n    at async Proxy.withScope (/root/lezskabot/koishi/koishi-app/node_modules/@koishijs/core/lib/index.cjs:1958:22)\n    at async next (/root/lezskabot/koishi/koishi-app/node_modules/@koishijs/core/lib/index.cjs:827:16)\n    at async next (/root/lezskabot/koishi/koishi-app/node_modules/@koishijs/core/lib/index.cjs:827:16)","timestamp":1779120234872}
{"id":363784,"type":"warn","level":2,"name":"session","meta":{},"content":"Error: Error with request send_group_msg, args: {\"group_id\":1091191330,\"message\":[{\"type\":\"at\",\"data\":{\"qq\":\"971217490\"}},{\"type\":\"text\",\"data\":{\"text\":\"真可惜呢花光了也没抽到\\n你还有128P点\\n最后一次抽卡结果：\\n☆二星★\"}},{\"type\":\"image\",\"data\":{\"file\":\"/root/lezskabot/cards/1/14.png\",\"cache\":0}}]}, retcode: 1200\n    at _Internal._get (/root/lezskabot/koishi/koishi-app/node_modules/koishi-plugin-adapter-onebot/lib/index.js:119:11)\n    at process.processTicksAndRejections (node:internal/process/task_queues:95:5)\n    at async _Internal.<computed> [as sendGroupMsg] (/root/lezskabot/koishi/koishi-app/node_modules/koishi-plugin-adapter-onebot/lib/index.js:162:20)\n    at async OneBotMessageEncoder.flush (/root/lezskabot/koishi/koishi-app/node_modules/koishi-plugin-adapter-onebot/lib/index.js:771:338)\n    at async OneBotMessageEncoder.send (/root/lezskabot/koishi/koishi-app/node_modules/@satorijs/core/lib/index.cjs:755:5)\n    at async Proxy.sendMessage (/root/lezskabot/koishi/koishi-app/node_modules/@satorijs/core/lib/index.cjs:487:22)\n    at async /root/lezskabot/koishi/koishi-app/node_modules/@koishijs/core/lib/index.cjs:2051:7\n    at async Proxy.withScope (/root/lezskabot/koishi/koishi-app/node_modules/@koishijs/core/lib/index.cjs:1958:22)\n    at async next (/root/lezskabot/koishi/koishi-app/node_modules/@koishijs/core/lib/index.cjs:827:16)\n    at async next (/root/lezskabot/koishi/koishi-app/node_modules/@koishijs/core/lib/index.cjs:827:16)","timestamp":1779120239074}
{"id":363810,"type":"success","level":1,"name":"签到","meta":{"paths":["lp0hx8"]},"content":"1090073898完成了一次签到！","timestamp":1779120241917}
{"id":363820,"type":"warn","level":2,"name":"session","meta":{},"content":"Error: Error with request send_group_msg, args: {\"group_id\":1091191330,\"message\":[{\"type\":\"at\",\"data\":{\"qq\":\"3980423768\"}},{\"type\":\"text\",\"data\":{\"text\":\" 输入抽卡目标：（三星、四星、FES）\"}}]}, retcode: 1200\n    at _Internal._get (/root/lezskabot/koishi/koishi-app/node_modules/koishi-plugin-adapter-onebot/lib/index.js:119:11)\n    at process.processTicksAndRejections (node:internal/process/task_queues:95:5)\n    at async _Internal.<computed> [as sendGroupMsg] (/root/lezskabot/koishi/koishi-app/node_modules/koishi-plugin-adapter-onebot/lib/index.js:162:20)\n    at async OneBotMessageEncoder.flush (/root/lezskabot/koishi/koishi-app/node_modules/koishi-plugin-adapter-onebot/lib/index.js:771:338)\n    at async OneBotMessageEncoder.send (/root/lezskabot/koishi/koishi-app/node_modules/@satorijs/core/lib/index.cjs:755:5)\n    at async Proxy.sendMessage (/root/lezskabot/koishi/koishi-app/node_modules/@satorijs/core/lib/index.cjs:487:22)\n    at async _Command.eval (eval at <anonymous> (/root/lezskabot/koishi/koishi-app/node_modules/koishi-plugin-blockly-null/lib/index.js:1:1), <anonymous>:114:5)\n    at async Array.<anonymous> (/root/lezskabot/koishi/koishi-app/node_modules/@koishijs/core/lib/index.cjs:1079:14)\n    at async _Command.execute (/root/lezskabot/koishi/koishi-app/node_modules/@koishijs/core/lib/index.cjs:1093:22)\n    at async /root/lezskabot/koishi/koishi-app/node_modules/@koishijs/core/lib/index.cjs:2049:22","timestamp":1779120244935}
{"id":363880,"type":"info","level":2,"name":"抽卡与卡组","meta":{"paths":["lp0hx8"]},"content":"3980423768抽到了一张☂FES☃卡，剩余2555P点","timestamp":1779120256216}
{"id":364015,"type":"success","level":1,"name":"签到","meta":{"paths":["lp0hx8"]},"content":"2334828455完成了一次签到！","timestamp":1779120277042}
{"id":364084,"type":"warn","level":2,"name":"session","meta":{},"content":"Error: Error with request send_group_msg, args: {\"group_id\":1091191330,\"message\":[{\"type\":\"text\",\"data\":{\"text\":\"你抽到了：\\n一共0张卡\\n已存入你卡组的第位\\n你还有2898P点\"}}]}, retcode: 1200\n    at _Internal._get (/root/lezskabot/koishi/koishi-app/node_modules/koishi-plugin-adapter-onebot/lib/index.js:119:11)\n    at process.processTicksAndRejections (node:internal/process/task_queues:95:5)\n    at async _Internal.<computed> [as sendGroupMsg] (/root/lezskabot/koishi/koishi-app/node_modules/koishi-plugin-adapter-onebot/lib/index.js:162:20)\n    at async OneBotMessageEncoder.flush (/root/lezskabot/koishi/koishi-app/node_modules/koishi-plugin-adapter-onebot/lib/index.js:771:338)\n    at async OneBotMessageEncoder.send (/root/lezskabot/koishi/koishi-app/node_modules/@satorijs/core/lib/index.cjs:755:5)\n    at async Proxy.sendMessage (/root/lezskabot/koishi/koishi-app/node_modules/@satorijs/core/lib/index.cjs:487:22)\n    at async /root/lezskabot/koishi/koishi-app/node_modules/@koishijs/core/lib/index.cjs:2051:7\n    at async Proxy.withScope (/root/lezskabot/koishi/koishi-app/node_modules/@koishijs/core/lib/index.cjs:1958:22)\n    at async next (/root/lezskabot/koishi/koishi-app/node_modules/@koishijs/core/lib/index.cjs:827:16)\n    at async next (/root/lezskabot/koishi/koishi-app/node_modules/@koishijs/core/lib/index.cjs:827:16)","timestamp":1779120286198}
{"id":364110,"type":"warn","level":2,"name":"session","meta":{},"content":"Error: Error with request send_group_msg, args: {\"group_id\":1091191330,\"message\":[{\"type\":\"at\",\"data\":{\"qq\":\"3980423768\"}},{\"type\":\"text\",\"data\":{\"text\":\" 输入抽卡目标：（三星、四星、FES）\"}}]}, retcode: 1200\n    at _Internal._get (/root/lezskabot/koishi/koishi-app/node_modules/koishi-plugin-adapter-onebot/lib/index.js:119:11)\n    at process.processTicksAndRejections (node:internal/process/task_queues:95:5)\n    at async _Internal.<computed> [as sendGroupMsg] (/root/lezskabot/koishi/koishi-app/node_modules/koishi-plugin-adapter-onebot/lib/index.js:162:20)\n    at async OneBotMessageEncoder.flush (/root/lezskabot/koishi/koishi-app/node_modules/koishi-plugin-adapter-onebot/lib/index.js:771:338)\n    at async OneBotMessageEncoder.send (/root/lezskabot/koishi/koishi-app/node_modules/@satorijs/core/lib/index.cjs:755:5)\n    at async Proxy.sendMessage (/root/lezskabot/koishi/koishi-app/node_modules/@satorijs/core/lib/index.cjs:487:22)\n    at async _Command.eval (eval at <anonymous> (/root/lezskabot/koishi/koishi-app/node_modules/koishi-plugin-blockly-null/lib/index.js:1:1), <anonymous>:114:5)\n    at async Array.<anonymous> (/root/lezskabot/koishi/koishi-app/node_modules/@koishijs/core/lib/index.cjs:1079:14)\n    at async _Command.execute (/root/lezskabot/koishi/koishi-app/node_modules/@koishijs/core/lib/index.cjs:1093:22)\n    at async /root/lezskabot/koishi/koishi-app/node_modules/@koishijs/core/lib/index.cjs:2049:22","timestamp":1779120292825}
{"id":365385,"type":"info","level":2,"name":"抽卡与卡组","meta":{"paths":["lp0hx8"]},"content":"1569181511抽到了一张☆二星★卡，剩余3047P点","timestamp":1779120597883}
{"id":366814,"type":"success","level":1,"name":"签到","meta":{"paths":["lp0hx8"]},"content":"1509417679完成了一次签到！","timestamp":1779120917459}
{"id":367151,"type":"success","level":1,"name":"签到","meta":{"paths":["lp0hx8"]},"content":"3055983840完成了一次签到！","timestamp":1779120974983}
{"id":368668,"type":"success","level":1,"name":"签到","meta":{"paths":["lp0hx8"]},"content":"29053789完成了一次签到！","timestamp":1779121363637}
{"id":368690,"type":"info","level":2,"name":"签到","meta":{"paths":["lp0hx8"]},"content":"已更新1012113121的抢劫次数和记录","timestamp":1779121374260}
{"id":368715,"type":"success","level":1,"name":"签到","meta":{"paths":["lp0hx8"]},"content":"1012113121抢了29053789的142P点！","timestamp":1779121374641}
{"id":368716,"type":"info","level":2,"name":"签到","meta":{"paths":["lp0hx8"]},"content":"1012113121今天的抢劫记录为142   |    剩余抢劫次数为2","timestamp":1779121374642}
{"id":368865,"type":"warn","level":2,"name":"re-driftbottle","meta":{},"content":"257号漂流瓶发送失败（已重试0/5次，将在500ms后重新抽一个瓶子重试）：Error: Error with request send_group_forward_msg, args: {\"group_id\":1091191330,\"messages\":[{\"type\":\"node\",\"data\":{\"uin\":\"3678233304\",\"content\":[{\"type\":\"text\",\"data\":{\"text\":\"你捞到了257号漂流瓶，来自“Kanade”！\\n标题：\\n来自群聊：682255155\\n日期：2026年3月25日\\n发送“捞漂流瓶 257 [分页]”可以查看评论区的其他分页\\n发送“评论瓶子 257 <内容>”或引用瓶子消息就可以在下面评论这只瓶子\\n发送“评论瓶子 [-r <评论编号>] 257 <内容>”可以回复评论区的评论\"}}],\"time\":\"1779121410\"}},{\"type\":\"node\",\"data\":{\"name\":\"Kanade\",\"uin\":\"1469078804\",\"content\":[{\"type\":\"at\",\"data\":{\"qq\":\"3986092865\",\"name\":\"E.V.A.\"}},{\"type\":\"text\",\"data\":{\"text\":\" 唱到高潮高潮了\"}}],\"time\":\"1779121410\"}}]}, retcode: 1200","timestamp":1779121410740}
{"id":368892,"type":"info","level":2,"name":"签到","meta":{"paths":["lp0hx8"]},"content":"已更新971217490的抢劫次数和记录","timestamp":1779121414996}
{"id":368913,"type":"success","level":1,"name":"签到","meta":{"paths":["lp0hx8"]},"content":"971217490抢了29053789的411P点！","timestamp":1779121415687}
{"id":368914,"type":"info","level":2,"name":"签到","meta":{"paths":["lp0hx8"]},"content":"971217490今天的抢劫记录为411   |    剩余抢劫次数为2","timestamp":1779121415690}
{"id":368975,"type":"success","level":1,"name":"签到","meta":{"paths":["lp0hx8"]},"content":"971217490抢了29053789的151P点！","timestamp":1779121424199}
{"id":368976,"type":"info","level":2,"name":"签到","meta":{"paths":["lp0hx8"]},"content":"971217490今天的抢劫记录为562   |    剩余抢劫次数为1","timestamp":1779121424201}
{"id":369045,"type":"success","level":1,"name":"签到","meta":{"paths":["lp0hx8"]},"content":"971217490抢劫29053789失败！失去了87P点！","timestamp":1779121431361}
{"id":369046,"type":"info","level":2,"name":"签到","meta":{"paths":["lp0hx8"]},"content":"971217490今天的抢劫记录为475   |    剩余抢劫次数为0","timestamp":1779121431364}
{"id":369084,"type":"success","level":1,"name":"签到","meta":{"paths":["lp0hx8"]},"content":"1012113121抢了29053789的350P点！","timestamp":1779121434206}
{"id":369085,"type":"info","level":2,"name":"签到","meta":{"paths":["lp0hx8"]},"content":"1012113121今天的抢劫记录为492   |    剩余抢劫次数为1","timestamp":1779121434208}
{"id":369140,"type":"info","level":2,"name":"抽卡与卡组","meta":{"paths":["lp0hx8"]},"content":"971217490抽到了一张☆二星★卡，剩余203P点","timestamp":1779121437957}
{"id":369142,"type":"warn","level":2,"name":"session","meta":{},"content":"Error: Error with request send_group_msg, args: {\"group_id\":1091191330,\"message\":[{\"type\":\"image\",\"data\":{\"file\":\"/root/lezskabot/cards/2/125.png\",\"cache\":0}},{\"type\":\"at\",\"data\":{\"qq\":\"1012113121\"}},{\"type\":\"text\",\"data\":{\"text\":\"❀三星☄\\n你还有220P点\\n也就是0抽。\\n请仔细阅读“抽卡帮助”！\\n此卡已自动存入你卡组的第6位\"}}]}, retcode: 1200\n    at _Internal._get (/root/lezskabot/koishi/koishi-app/node_modules/koishi-plugin-adapter-onebot/lib/index.js:119:11)\n    at process.processTicksAndRejections (node:internal/process/task_queues:95:5)\n    at async _Internal.<computed> [as sendGroupMsg] (/root/lezskabot/koishi/koishi-app/node_modules/koishi-plugin-adapter-onebot/lib/index.js:162:20)\n    at async OneBotMessageEncoder.flush (/root/lezskabot/koishi/koishi-app/node_modules/koishi-plugin-adapter-onebot/lib/index.js:771:338)\n    at async OneBotMessageEncoder.send (/root/lezskabot/koishi/koishi-app/node_modules/@satorijs/core/lib/index.cjs:755:5)\n    at async Proxy.sendMessage (/root/lezskabot/koishi/koishi-app/node_modules/@satorijs/core/lib/index.cjs:487:22)\n    at async _Command.eval (eval at <anonymous> (/root/lezskabot/koishi/koishi-app/node_modules/koishi-plugin-blockly-null/lib/index.js:1:1), <anonymous>:293:21)\n    at async Array.<anonymous> (/root/lezskabot/koishi/koishi-app/node_modules/@koishijs/core/lib/index.cjs:1079:14)\n    at async _Command.execute (/root/lezskabot/koishi/koishi-app/node_modules/@koishijs/core/lib/index.cjs:1093:22)\n    at async /root/lezskabot/koishi/koishi-app/node_modules/@koishijs/core/lib/index.cjs:2049:22","timestamp":1779121438659}
{"id":369148,"type":"info","level":2,"name":"抽卡与卡组","meta":{"paths":["lp0hx8"]},"content":"1012113121抽到了一张❀三星☄卡，剩余220P点","timestamp":1779121438679}
{"id":369178,"type":"warn","level":2,"name":"session","meta":{},"content":"Error: Error with request send_group_msg, args: {\"group_id\":1091191330,\"message\":[{\"type\":\"text\",\"data\":{\"text\":\"当前积分为220点，不够一抽。一抽要400呢\"}}]}, retcode: 1200\n    at _Internal._get (/root/lezskabot/koishi/koishi-app/node_modules/koishi-plugin-adapter-onebot/lib/index.js:119:11)\n    at process.processTicksAndRejections (node:internal/process/task_queues:95:5)\n    at async _Internal.<computed> [as sendGroupMsg] (/root/lezskabot/koishi/koishi-app/node_modules/koishi-plugin-adapter-onebot/lib/index.js:162:20)\n    at async OneBotMessageEncoder.flush (/root/lezskabot/koishi/koishi-app/node_modules/koishi-plugin-adapter-onebot/lib/index.js:771:338)\n    at async OneBotMessageEncoder.send (/root/lezskabot/koishi/koishi-app/node_modules/@satorijs/core/lib/index.cjs:755:5)\n    at async Proxy.sendMessage (/root/lezskabot/koishi/koishi-app/node_modules/@satorijs/core/lib/index.cjs:487:22)\n    at async _Command.eval (eval at <anonymous> (/root/lezskabot/koishi/koishi-app/node_modules/koishi-plugin-blockly-null/lib/index.js:1:1), <anonymous>:311:11)\n    at async Array.<anonymous> (/root/lezskabot/koishi/koishi-app/node_modules/@koishijs/core/lib/index.cjs:1079:14)\n    at async _Command.execute (/root/lezskabot/koishi/koishi-app/node_modules/@koishijs/core/lib/index.cjs:1093:22)\n    at async /root/lezskabot/koishi/koishi-app/node_modules/@koishijs/core/lib/index.cjs:2049:22","timestamp":1779121444942}
{"id":369179,"type":"error","level":1,"name":"抽卡与卡组","meta":{"paths":["lp0hx8"]},"content":"1012113121抽卡失败，积分不足","timestamp":1779121444945}
{"id":369204,"type":"warn","level":2,"name":"session","meta":{},"content":"Error: Error with request send_group_msg, args: {\"group_id\":1091191330,\"message\":[{\"type\":\"text\",\"data\":{\"text\":\"当前积分为220点，不够一抽。一抽要400呢\"}}]}, retcode: 1200\n    at _Internal._get (/root/lezskabot/koishi/koishi-app/node_modules/koishi-plugin-adapter-onebot/lib/index.js:119:11)\n    at process.processTicksAndRejections (node:internal/process/task_queues:95:5)\n    at async _Internal.<computed> [as sendGroupMsg] (/root/lezskabot/koishi/koishi-app/node_modules/koishi-plugin-adapter-onebot/lib/index.js:162:20)\n    at async OneBotMessageEncoder.flush (/root/lezskabot/koishi/koishi-app/node_modules/koishi-plugin-adapter-onebot/lib/index.js:771:338)\n    at async OneBotMessageEncoder.send (/root/lezskabot/koishi/koishi-app/node_modules/@satorijs/core/lib/index.cjs:755:5)\n    at async Proxy.sendMessage (/root/lezskabot/koishi/koishi-app/node_modules/@satorijs/core/lib/index.cjs:487:22)\n    at async _Command.eval (eval at <anonymous> (/root/lezskabot/koishi/koishi-app/node_modules/koishi-plugin-blockly-null/lib/index.js:1:1), <anonymous>:311:11)\n    at async Array.<anonymous> (/root/lezskabot/koishi/koishi-app/node_modules/@koishijs/core/lib/index.cjs:1079:14)\n    at async _Command.execute (/root/lezskabot/koishi/koishi-app/node_modules/@koishijs/core/lib/index.cjs:1093:22)\n    at async /root/lezskabot/koishi/koishi-app/node_modules/@koishijs/core/lib/index.cjs:2049:22","timestamp":1779121450314}
{"id":369205,"type":"error","level":1,"name":"抽卡与卡组","meta":{"paths":["lp0hx8"]},"content":"1012113121抽卡失败，积分不足","timestamp":1779121450315}
{"id":369229,"type":"warn","level":2,"name":"session","meta":{},"content":"Error: Error with request send_group_msg, args: {\"group_id\":1091191330,\"message\":[{\"type\":\"text\",\"data\":{\"text\":\"已将其替换为卡组的第7张卡牌。\"}}]}, retcode: 1200\n    at _Internal._get (/root/lezskabot/koishi/koishi-app/node_modules/koishi-plugin-adapter-onebot/lib/index.js:119:11)\n    at process.processTicksAndRejections (node:internal/process/task_queues:95:5)\n    at async _Internal.<computed> [as sendGroupMsg] (/root/lezskabot/koishi/koishi-app/node_modules/koishi-plugin-adapter-onebot/lib/index.js:162:20)\n    at async OneBotMessageEncoder.flush (/root/lezskabot/koishi/koishi-app/node_modules/koishi-plugin-adapter-onebot/lib/index.js:771:338)\n    at async OneBotMessageEncoder.send (/root/lezskabot/koishi/koishi-app/node_modules/@satorijs/core/lib/index.cjs:755:5)\n    at async Proxy.sendMessage (/root/lezskabot/koishi/koishi-app/node_modules/@satorijs/core/lib/index.cjs:487:22)\n    at async _Command.eval (eval at <anonymous> (/root/lezskabot/koishi/koishi-app/node_modules/koishi-plugin-blockly-null/lib/index.js:1:1), <anonymous>:454:19)\n    at async Array.<anonymous> (/root/lezskabot/koishi/koishi-app/node_modules/@koishijs/core/lib/index.cjs:1079:14)\n    at async _Command.execute (/root/lezskabot/koishi/koishi-app/node_modules/@koishijs/core/lib/index.cjs:1093:22)\n    at async /root/lezskabot/koishi/koishi-app/node_modules/@koishijs/core/lib/index.cjs:2049:22","timestamp":1779121452334}
{"id":369277,"type":"success","level":1,"name":"签到","meta":{"paths":["lp0hx8"]},"content":"1012113121抢劫29053789失败！失去了127P点！","timestamp":1779121457768}
{"id":369278,"type":"info","level":2,"name":"签到","meta":{"paths":["lp0hx8"]},"content":"1012113121今天的抢劫记录为365   |    剩余抢劫次数为0","timestamp":1779121457769}
{"id":369483,"type":"warn","level":2,"name":"re-driftbottle","meta":{},"content":"249号漂流瓶发送失败（已重试0/5次，将在500ms后重新抽一个瓶子重试）：Error: Error with request send_group_forward_msg, args: {\"group_id\":1091191330,\"messages\":[{\"type\":\"node\",\"data\":{\"uin\":\"3678233304\",\"content\":[{\"type\":\"text\",\"data\":{\"text\":\"你捞到了249号漂流瓶，来自“”！\\n标题：\\n来自群聊：682255155\\n日期：2026年3月24日\\n发送“捞漂流瓶 249 [分页]”可以查看评论区的其他分页\\n发送“评论瓶子 249 <内容>”或引用瓶子消息就可以在下面评论这只瓶子\\n发送“评论瓶子 [-r <评论编号>] 249 <内容>”可以回复评论区的评论\"}}],\"time\":\"1779121502\"}},{\"type\":\"node\",\"data\":{\"uin\":\"3986092865\",\"content\":[{\"type\":\"text\",\"data\":{\"text\":\"我爸是个小企业家，说什么龙虾最近很火，可以干很多事情，我是高中生这周回家下载啤酒烧烤才知道这个东西，没有研究，群友们能帮我看看吗，这个野车龙虾靠谱吗听说这个龙虾不太靠谱我该怎么冲冲榜啊\"}}],\"time\":\"1779121502\"}},{\"type\":\"node\",\"data\":{\"uin\":\"3678233304\",\"content\":[{\"type\":\"text\",\"data\":{\"text\":\"↓----评论区----↓\"}}],\"time\":\"1779121502\"}},{\"type\":\"node\",\"data\":{\"name\":\"唯\",\"uin\":\"2188730297\",\"content\":[{\"type\":\"at\",\"data\":{\"qq\":\"3986092865\",\"name\":\"EVA\"}}],\"time\":\"1779121502\"}}]}, retcode: 1200","timestamp":1779121503396}
{"id":370390,"type":"warn","level":2,"name":"re-driftbottle","meta":{},"content":"472号漂流瓶发送失败（已重试0/5次，将在500ms后重新抽一个瓶子重试）：Error: Error with request send_group_forward_msg, args: {\"group_id\":1091191330,\"messages\":[{\"type\":\"node\",\"data\":{\"uin\":\"3678233304\",\"content\":[{\"type\":\"text\",\"data\":{\"text\":\"你捞到了472号漂流瓶，来自“无敌暴龙战士”！\\n标题：\\n来自群聊：1091191330\\n日期：2026年5月9日\\n发送“捞漂流瓶 472 [分页]”可以查看评论区的其他分页\\n发送“评论瓶子 472 <内容>”或引用瓶子消息就可以在下面评论这只瓶子\\n发送“评论瓶子 [-r <评论编号>] 472 <内容>”可以回复评论区的评论\"}}],\"time\":\"1779121730\"}},{\"type\":\"node\",\"data\":{\"name\":\"无敌暴龙战士\",\"uin\":\"2432499215\",\"content\":[{\"type\":\"text\",\"data\":{\"text\":\"你该不会为了我当萝莉，把你的格调给切了吧？。\"}},{\"type\":\"at\",\"data\":{\"qq\":\"956937232\",\"name\":\"神秘****推男\"}}],\"time\":\"1779121730\"}}]}, retcode: 1200","timestamp":1779121731149}
{"id":370421,"type":"success","level":1,"name":"签到","meta":{"paths":["lp0hx8"]},"content":"3161689072完成了一次签到！","timestamp":1779121732506}
{"id":370497,"type":"success","level":1,"name":"签到","meta":{"paths":["lp0hx8"]},"content":"3320509730完成了一次签到！","timestamp":1779121749040}
{"id":370929,"type":"warn","level":2,"name":"command","meta":{},"content":"漂流瓶.评论瓶子 453\nTypeError: Cannot read properties of undefined (reading 'includes')\n    at _Command.<anonymous> (/root/lezskabot/koishi/koishi-app/node_modules/koishi-plugin-re-driftbottle/lib/index.js:644:12)\n    at process.processTicksAndRejections (node:internal/process/task_queues:95:5)\n    at async Array.<anonymous> (/root/lezskabot/koishi/koishi-app/node_modules/@koishijs/core/lib/index.cjs:1079:14)\n    at async _Command.execute (/root/lezskabot/koishi/koishi-app/node_modules/@koishijs/core/lib/index.cjs:1093:22)\n    at async /root/lezskabot/koishi/koishi-app/node_modules/@koishijs/core/lib/index.cjs:2049:22\n    at async Proxy.withScope (/root/lezskabot/koishi/koishi-app/node_modules/@koishijs/core/lib/index.cjs:1958:22)\n    at async /root/lezskabot/koishi/koishi-app/node_modules/koishi-plugin-re-driftbottle/lib/index.js:1123:7\n    at async next (/root/lezskabot/koishi/koishi-app/node_modules/@koishijs/core/lib/index.cjs:827:16)\n    at async next (/root/lezskabot/koishi/koishi-app/node_modules/@koishijs/core/lib/index.cjs:827:16)\n    at async next (/root/lezskabot/koishi/koishi-app/node_modules/@koishijs/core/lib/index.cjs:827:16)","timestamp":1779121823308}
{"id":371000,"type":"warn","level":2,"name":"command","meta":{},"content":"漂流瓶.评论瓶子 453\nTypeError: Cannot read properties of undefined (reading 'includes')\n    at _Command.<anonymous> (/root/lezskabot/koishi/koishi-app/node_modules/koishi-plugin-re-driftbottle/lib/index.js:644:12)\n    at process.processTicksAndRejections (node:internal/process/task_queues:95:5)\n    at async Array.<anonymous> (/root/lezskabot/koishi/koishi-app/node_modules/@koishijs/core/lib/index.cjs:1079:14)\n    at async _Command.execute (/root/lezskabot/koishi/koishi-app/node_modules/@koishijs/core/lib/index.cjs:1093:22)\n    at async /root/lezskabot/koishi/koishi-app/node_modules/@koishijs/core/lib/index.cjs:2049:22\n    at async Proxy.withScope (/root/lezskabot/koishi/koishi-app/node_modules/@koishijs/core/lib/index.cjs:1958:22)\n    at async /root/lezskabot/koishi/koishi-app/node_modules/koishi-plugin-re-driftbottle/lib/index.js:1123:7\n    at async next (/root/lezskabot/koishi/koishi-app/node_modules/@koishijs/core/lib/index.cjs:827:16)\n    at async next (/root/lezskabot/koishi/koishi-app/node_modules/@koishijs/core/lib/index.cjs:827:16)\n    at async next (/root/lezskabot/koishi/koishi-app/node_modules/@koishijs/core/lib/index.cjs:827:16)","timestamp":1779121846738}
{"id":371277,"type":"success","level":1,"name":"签到","meta":{"paths":["lp0hx8"]},"content":"2186790348完成了一次签到！","timestamp":1779121912124}
{"id":371335,"type":"success","level":1,"name":"签到","meta":{"paths":["lp0hx8"]},"content":"2276942246完成了一次签到！","timestamp":1779121916742}
{"id":371362,"type":"success","level":1,"name":"签到","meta":{"paths":["lp0hx8"]},"content":"986054920完成了一次签到！","timestamp":1779121918332}
{"id":371390,"type":"success","level":1,"name":"签到","meta":{"paths":["lp0hx8"]},"content":"1986429457完成了一次签到！","timestamp":1779121921245}
{"id":371450,"type":"info","level":2,"name":"签到","meta":{"paths":["lp0hx8"]},"content":"已更新3391406413的抢劫次数和记录","timestamp":1779121931703}
{"id":371477,"type":"success","level":1,"name":"签到","meta":{"paths":["lp0hx8"]},"content":"3391406413抢了2276942246的384P点！","timestamp":1779121932300}
{"id":371478,"type":"info","level":2,"name":"签到","meta":{"paths":["lp0hx8"]},"content":"3391406413今天的抢劫记录为384   |    剩余抢劫次数为2","timestamp":1779121932302}
{"id":371595,"type":"success","level":1,"name":"签到","meta":{"paths":["lp0hx8"]},"content":"3391406413抢劫2276942246失败！失去了45P点！","timestamp":1779121950814}
{"id":371596,"type":"info","level":2,"name":"签到","meta":{"paths":["lp0hx8"]},"content":"3391406413今天的抢劫记录为339   |    剩余抢劫次数为1","timestamp":1779121950815}
{"id":371621,"type":"info","level":2,"name":"签到","meta":{"paths":["lp0hx8"]},"content":"已更新986054920的抢劫次数和记录","timestamp":1779121954007}
{"id":371638,"type":"success","level":1,"name":"签到","meta":{"paths":["lp0hx8"]},"content":"986054920抢劫3391406413失败！失去了204P点！","timestamp":1779121954413}
{"id":371639,"type":"info","level":2,"name":"签到","meta":{"paths":["lp0hx8"]},"content":"986054920今天的抢劫记录为-204   |    剩余抢劫次数为2","timestamp":1779121954417}
{"id":371668,"type":"success","level":1,"name":"签到","meta":{"paths":["lp0hx8"]},"content":"3391406413抢劫2276942246失败！失去了15P点！","timestamp":1779121955898}
{"id":371669,"type":"info","level":2,"name":"签到","meta":{"paths":["lp0hx8"]},"content":"3391406413今天的抢劫记录为324   |    剩余抢劫次数为0","timestamp":1779121955900}
{"id":371685,"type":"info","level":2,"name":"签到","meta":{"paths":["lp0hx8"]},"content":"已更新366837668的抢劫次数和记录","timestamp":1779121956104}
{"id":371706,"type":"success","level":1,"name":"签到","meta":{"paths":["lp0hx8"]},"content":"366837668抢了3764379512的294P点！","timestamp":1779121956511}
{"id":371707,"type":"info","level":2,"name":"签到","meta":{"paths":["lp0hx8"]},"content":"366837668今天的抢劫记录为294   |    剩余抢劫次数为2","timestamp":1779121956512}
{"id":371779,"type":"info","level":2,"name":"签到","meta":{"paths":["lp0hx8"]},"content":"已更新2276942246的抢劫次数和记录","timestamp":1779121968632}
{"id":371835,"type":"info","level":2,"name":"签到","meta":{"paths":["lp0hx8"]},"content":"已更新3764379512的抢劫次数和记录","timestamp":1779121969098}
{"id":371857,"type":"success","level":1,"name":"签到","meta":{"paths":["lp0hx8"]},"content":"2276942246抢了3391406413的315P点！","timestamp":1779121969605}
{"id":371858,"type":"info","level":2,"name":"签到","meta":{"paths":["lp0hx8"]},"content":"2276942246今天的抢劫记录为315   |    剩余抢劫次数为2","timestamp":1779121969608}
{"id":371860,"type":"success","level":1,"name":"签到","meta":{"paths":["lp0hx8"]},"content":"366837668抢了3391406413的9P点！","timestamp":1779121969798}
{"id":371861,"type":"info","level":2,"name":"签到","meta":{"paths":["lp0hx8"]},"content":"366837668今天的抢劫记录为303   |    剩余抢劫次数为1","timestamp":1779121969799}
{"id":371864,"type":"success","level":1,"name":"签到","meta":{"paths":["lp0hx8"]},"content":"3764379512抢劫366837668失败！失去了283P点！","timestamp":1779121970002}
{"id":371865,"type":"info","level":2,"name":"签到","meta":{"paths":["lp0hx8"]},"content":"3764379512今天的抢劫记录为-283   |    剩余抢劫次数为2","timestamp":1779121970003}
{"id":372001,"type":"success","level":1,"name":"签到","meta":{"paths":["lp0hx8"]},"content":"986054920抢劫3764379512失败！失去了14P点！","timestamp":1779121987819}
{"id":372002,"type":"info","level":2,"name":"签到","meta":{"paths":["lp0hx8"]},"content":"986054920今天的抢劫记录为-218   |    剩余抢劫次数为1","timestamp":1779121987821}
{"id":372004,"type":"success","level":1,"name":"签到","meta":{"paths":["lp0hx8"]},"content":"3764379512抢了366837668的370P点！","timestamp":1779121988032}
{"id":372005,"type":"info","level":2,"name":"签到","meta":{"paths":["lp0hx8"]},"content":"3764379512今天的抢劫记录为87   |    剩余抢劫次数为1","timestamp":1779121988033}
{"id":372037,"type":"info","level":2,"name":"签到","meta":{"paths":["lp0hx8"]},"content":"已更新1986429457的抢劫次数和记录","timestamp":1779121991807}
{"id":372054,"type":"success","level":1,"name":"签到","meta":{"paths":["lp0hx8"]},"content":"1986429457抢劫2276942246失败！失去了196P点！","timestamp":1779121992223}
{"id":372055,"type":"info","level":2,"name":"签到","meta":{"paths":["lp0hx8"]},"content":"1986429457今天的抢劫记录为-196   |    剩余抢劫次数为2","timestamp":1779121992225}
{"id":372083,"type":"success","level":1,"name":"签到","meta":{"paths":["lp0hx8"]},"content":"366837668抢劫3764379512失败！失去了14P点！","timestamp":1779121994010}
{"id":372084,"type":"info","level":2,"name":"签到","meta":{"paths":["lp0hx8"]},"content":"366837668今天的抢劫记录为-18972   |    剩余抢劫次数为0","timestamp":1779121994013}
{"id":372130,"type":"success","level":1,"name":"签到","meta":{"paths":["lp0hx8"]},"content":"366837668完成了一次签到！","timestamp":1779122002310}
{"id":372168,"type":"success","level":1,"name":"签到","meta":{"paths":["lp0hx8"]},"content":"986054920抢了3764379512的301P点！","timestamp":1779122003912}
{"id":372169,"type":"info","level":2,"name":"签到","meta":{"paths":["lp0hx8"]},"content":"986054920今天的抢劫记录为83   |    剩余抢劫次数为0","timestamp":1779122003914}
{"id":372264,"type":"success","level":1,"name":"签到","meta":{"paths":["lp0hx8"]},"content":"1986429457抢劫2276942246失败！失去了219P点！","timestamp":1779122011433}
{"id":372265,"type":"info","level":2,"name":"签到","meta":{"paths":["lp0hx8"]},"content":"1986429457今天的抢劫记录为-415   |    剩余抢劫次数为1","timestamp":1779122011434}
{"id":372267,"type":"success","level":1,"name":"签到","meta":{"paths":["lp0hx8"]},"content":"2276942246抢了1986429457的329P点！","timestamp":1779122012003}
{"id":372268,"type":"info","level":2,"name":"签到","meta":{"paths":["lp0hx8"]},"content":"2276942246今天的抢劫记录为644   |    剩余抢劫次数为1","timestamp":1779122012004}
{"id":372312,"type":"success","level":1,"name":"签到","meta":{"paths":["lp0hx8"]},"content":"3764379512抢了986054920的89P点！","timestamp":1779122016915}
{"id":372313,"type":"info","level":2,"name":"签到","meta":{"paths":["lp0hx8"]},"content":"3764379512今天的抢劫记录为-7168   |    剩余抢劫次数为0","timestamp":1779122016916}
{"id":372347,"type":"warn","level":2,"name":"command","meta":{},"content":"抢p点 \nTypeError: Cannot read properties of undefined (reading 'attrs')\n    at _Command.eval (eval at <anonymous> (/root/lezskabot/koishi/koishi-app/node_modules/koishi-plugin-blockly-null/lib/index.js:1:1), <anonymous>:229:93)\n    at Array.<anonymous> (/root/lezskabot/koishi/koishi-app/node_modules/@koishijs/core/lib/index.cjs:1079:27)\n    at argv.next (/root/lezskabot/koishi/koishi-app/node_modules/@koishijs/core/lib/index.cjs:1090:30)\n    at _Command.execute (/root/lezskabot/koishi/koishi-app/node_modules/@koishijs/core/lib/index.cjs:1093:33)\n    at process.processTicksAndRejections (node:internal/process/task_queues:95:5)\n    at async /root/lezskabot/koishi/koishi-app/node_modules/@koishijs/core/lib/index.cjs:2049:22\n    at async Proxy.withScope (/root/lezskabot/koishi/koishi-app/node_modules/@koishijs/core/lib/index.cjs:1958:22)\n    at async next (/root/lezskabot/koishi/koishi-app/node_modules/@koishijs/core/lib/index.cjs:827:16)\n    at async next (/root/lezskabot/koishi/koishi-app/node_modules/@koishijs/core/lib/index.cjs:827:16)\n    at async next (/root/lezskabot/koishi/koishi-app/node_modules/@koishijs/core/lib/index.cjs:827:16)","timestamp":1779122021113}
{"id":372467,"type":"success","level":1,"name":"签到","meta":{"paths":["lp0hx8"]},"content":"1986429457抢劫2276942246失败！失去了75P点！","timestamp":1779122031126}
{"id":372468,"type":"info","level":2,"name":"签到","meta":{"paths":["lp0hx8"]},"content":"1986429457今天的抢劫记录为-5398   |    剩余抢劫次数为0","timestamp":1779122031127}
{"id":372470,"type":"success","level":1,"name":"签到","meta":{"paths":["lp0hx8"]},"content":"2276942246抢了3764379512的420P点！","timestamp":1779122031502}
{"id":372471,"type":"info","level":2,"name":"签到","meta":{"paths":["lp0hx8"]},"content":"2276942246今天的抢劫记录为1064   |    剩余抢劫次数为0","timestamp":1779122031505}
{"id":372654,"type":"info","level":2,"name":"签到","meta":{"paths":["lp0hx8"]},"content":"2276942246向1986429457赠送了2000个P点","timestamp":1779122059808}
{"id":372749,"type":"success","level":1,"name":"签到","meta":{"paths":["lp0hx8"]},"content":"3391406413完成了一次签到！","timestamp":1779122074940}
{"id":372853,"type":"info","level":2,"name":"签到","meta":{"paths":["lp0hx8"]},"content":"366837668向3391406413赠送了6000个P点","timestamp":1779122090533}
{"id":372936,"type":"info","level":2,"name":"签到","meta":{"paths":["lp0hx8"]},"content":"3764379512向3391406413赠送了520个P点","timestamp":1779122104100}
{"id":373135,"type":"info","level":2,"name":"签到","meta":{"paths":["lp0hx8"]},"content":"3764379512向366837668赠送了5200个P点","timestamp":1779122131614}
{"id":373251,"type":"info","level":2,"name":"签到","meta":{"paths":["lp0hx8"]},"content":"2276942246向986054920赠送了520个P点","timestamp":1779122153343}
{"id":373463,"type":"info","level":2,"name":"签到","meta":{"paths":["lp0hx8"]},"content":"2276942246向3372413227赠送了250个P点","timestamp":1779122180219}
{"id":373638,"type":"info","level":2,"name":"签到","meta":{"paths":["lp0hx8"]},"content":"2276942246向3764379512赠送了250个P点","timestamp":1779122201029}
{"id":373640,"type":"info","level":2,"name":"签到","meta":{"paths":["lp0hx8"]},"content":"1986429457向3391406413赠送了250个P点","timestamp":1779122201097}
{"id":373655,"type":"info","level":2,"name":"签到","meta":{"paths":["lp0hx8"]},"content":"986054920向2276942246赠送了1314个P点","timestamp":1779122206623}
{"id":373700,"type":"info","level":2,"name":"签到","meta":{"paths":["lp0hx8"]},"content":"1986429457向3391406413赠送了251个P点","timestamp":1779122214499}
{"id":373804,"type":"info","level":2,"name":"签到","meta":{"paths":["lp0hx8"]},"content":"2276942246向3391406413赠送了250个P点","timestamp":1779122225302}
{"id":374652,"type":"success","level":1,"name":"签到","meta":{"paths":["lp0hx8"]},"content":"629832381完成了一次签到！","timestamp":1779122450226}
{"id":374722,"type":"info","level":2,"name":"抽卡与卡组","meta":{"paths":["lp0hx8"]},"content":"629832381抽到了一张☆二星★卡，剩余22264P点","timestamp":1779122461631}
{"id":374773,"type":"info","level":2,"name":"抽卡与卡组","meta":{"paths":["lp0hx8"]},"content":"629832381抽到了一张❀三星☄卡，剩余21864P点","timestamp":1779122468120}
{"id":375159,"type":"info","level":2,"name":"抽卡与卡组","meta":{"paths":["lp0hx8"]},"content":"3161689072抽到了一张❀三星☄卡，剩余1209P点","timestamp":1779122579319}
{"id":375178,"type":"info","level":2,"name":"抽卡与卡组","meta":{"paths":["lp0hx8"]},"content":"3161689072抽到了一张❀三星☄卡，剩余809P点","timestamp":1779122584813}
{"id":375198,"type":"info","level":2,"name":"抽卡与卡组","meta":{"paths":["lp0hx8"]},"content":"3161689072抽到了一张☆二星★卡，剩余409P点","timestamp":1779122588815}
{"id":375241,"type":"info","level":2,"name":"抽卡与卡组","meta":{"paths":["lp0hx8"]},"content":"3161689072抽到了一张❀三星☄卡，剩余9P点","timestamp":1779122592818}
{"id":375272,"type":"warn","level":2,"name":"app","meta":{"paths":["2xa68a"]},"content":"Error: property database is not registered, declare it as `inject` to suppress this warning\n    at _Command.<anonymous> (/root/lezskabot/koishi/koishi-app/node_modules/koishi-plugin-rizgame-guess-letters/lib/index.js:125:32)\n    at Array.<anonymous> (/root/lezskabot/koishi/koishi-app/node_modules/@koishijs/core/lib/index.cjs:1079:27)\n    at argv.next (/root/lezskabot/koishi/koishi-app/node_modules/@koishijs/core/lib/index.cjs:1090:30)\n    at _Command.execute (/root/lezskabot/koishi/koishi-app/node_modules/@koishijs/core/lib/index.cjs:1093:33)\n    at process.processTicksAndRejections (node:internal/process/task_queues:95:5)\n    at async /root/lezskabot/koishi/koishi-app/node_modules/@koishijs/core/lib/index.cjs:2049:22\n    at async Proxy.withScope (/root/lezskabot/koishi/koishi-app/node_modules/@koishijs/core/lib/index.cjs:1958:22)\n    at async next (/root/lezskabot/koishi/koishi-app/node_modules/@koishijs/core/lib/index.cjs:827:16)\n    at async next (/root/lezskabot/koishi/koishi-app/node_modules/@koishijs/core/lib/index.cjs:827:16)","timestamp":1779122603037}
{"id":375438,"type":"info","level":2,"name":"抽卡与卡组","meta":{"paths":["lp0hx8"]},"content":"3834892968抽到了一张☆二星★卡，剩余9372P点","timestamp":1779122654704}
{"id":375585,"type":"info","level":2,"name":"抽卡与卡组","meta":{"paths":["lp0hx8"]},"content":"3320509730抽到了一张☆二星★卡，剩余15146P点","timestamp":1779122700905}
{"id":375614,"type":"error","level":1,"name":"抽卡与卡组","meta":{"paths":["lp0hx8"]},"content":"937530578抽卡失败，积分不足","timestamp":1779122707107}
{"id":376156,"type":"success","level":1,"name":"签到","meta":{"paths":["lp0hx8"]},"content":"3903949840完成了一次签到！","timestamp":1779122813537}
{"id":378775,"type":"success","level":1,"name":"签到","meta":{"paths":["lp0hx8"]},"content":"2628075910完成了一次签到！","timestamp":1779123561005}
{"id":379751,"type":"info","level":2,"name":"绑定id","meta":{"paths":["lp0hx8"]},"content":"用户3568930598绑定了cnid：7491548907697249078","timestamp":1779123908227}
{"id":379982,"type":"info","level":2,"name":"绑定id","meta":{"paths":["lp0hx8"]},"content":"用户3568930598绑定了cnid：7491548907697249078","timestamp":1779123982836}
{"id":380155,"type":"info","level":2,"name":"绑定id","meta":{"paths":["lp0hx8"]},"content":"用户3568930598绑定了cnid：7491548907697249078","timestamp":1779124029234}
{"id":380161,"type":"info","level":2,"name":"绑定id","meta":{"paths":["lp0hx8"]},"content":"用户1090073898绑定了cnid：7494648737827019554","timestamp":1779124029602}
{"id":380847,"type":"success","level":1,"name":"签到","meta":{"paths":["lp0hx8"]},"content":"3568930598完成了一次签到！","timestamp":1779124182202}
{"id":381011,"type":"warn","level":2,"name":"app","meta":{"paths":["2xa68a"]},"content":"Error: property database is not registered, declare it as `inject` to suppress this warning\n    at _Command.<anonymous> (/root/lezskabot/koishi/koishi-app/node_modules/koishi-plugin-rizgame-guess-letters/lib/index.js:125:32)\n    at Array.<anonymous> (/root/lezskabot/koishi/koishi-app/node_modules/@koishijs/core/lib/index.cjs:1079:27)\n    at argv.next (/root/lezskabot/koishi/koishi-app/node_modules/@koishijs/core/lib/index.cjs:1090:30)\n    at _Command.execute (/root/lezskabot/koishi/koishi-app/node_modules/@koishijs/core/lib/index.cjs:1093:33)\n    at process.processTicksAndRejections (node:internal/process/task_queues:95:5)\n    at async /root/lezskabot/koishi/koishi-app/node_modules/@koishijs/core/lib/index.cjs:2049:22\n    at async Proxy.withScope (/root/lezskabot/koishi/koishi-app/node_modules/@koishijs/core/lib/index.cjs:1958:22)\n    at async next (/root/lezskabot/koishi/koishi-app/node_modules/@koishijs/core/lib/index.cjs:827:16)\n    at async next (/root/lezskabot/koishi/koishi-app/node_modules/@koishijs/core/lib/index.cjs:827:16)","timestamp":1779124209721}
{"id":381843,"type":"success","level":1,"name":"签到","meta":{"paths":["lp0hx8"]},"content":"1602618344完成了一次签到！","timestamp":1779124523339}
{"id":382587,"type":"info","level":2,"name":"抽卡与卡组","meta":{"paths":["lp0hx8"]},"content":"629832381抽到了一张☆二星★卡，剩余21464P点","timestamp":1779124810704}
{"id":382601,"type":"error","level":1,"name":"绑定id","meta":{"paths":["lp0hx8"]},"content":"3159907920输入错误id：5245795083857930，id过短","timestamp":1779124816315}
{"id":382792,"type":"error","level":1,"name":"绑定id","meta":{"paths":["lp0hx8"]},"content":"3159907920输入错误id：5245795083857930，id过短","timestamp":1779124890018}
{"id":382925,"type":"error","level":1,"name":"绑定id","meta":{"paths":["lp0hx8"]},"content":"3159907920输入错误id：5245795083857930，id过短","timestamp":1779124931140}
{"id":385971,"type":"success","level":1,"name":"签到","meta":{"paths":["lp0hx8"]},"content":"526076285完成了一次签到！","timestamp":1779129566325}
{"id":386220,"type":"success","level":1,"name":"签到","meta":{"paths":["lp0hx8"]},"content":"1820639552完成了一次签到！","timestamp":1779130368535}
{"id":387228,"type":"info","level":2,"name":"抽卡与卡组","meta":{"paths":["lp0hx8"]},"content":"3903949840抽到了一张☆二星★卡，剩余4435P点","timestamp":1779141925019}
{"id":387252,"type":"info","level":2,"name":"抽卡与卡组","meta":{"paths":["lp0hx8"]},"content":"3903949840抽到了一张❀三星☄卡，剩余4035P点","timestamp":1779141934330}
{"id":387275,"type":"success","level":1,"name":"签到","meta":{"paths":["lp0hx8"]},"content":"2858787094完成了一次签到！","timestamp":1779142047624}
{"id":387395,"type":"success","level":1,"name":"签到","meta":{"paths":["lp0hx8"]},"content":"3587117272完成了一次签到！","timestamp":1779143470037}
{"id":387434,"type":"info","level":2,"name":"抽卡与卡组","meta":{"paths":["lp0hx8"]},"content":"3587117272抽到了一张☆二星★卡，剩余8369P点","timestamp":1779143484719}
{"id":387535,"type":"success","level":1,"name":"签到","meta":{"paths":["lp0hx8"]},"content":"2221639610完成了一次签到！","timestamp":1779144324538}
{"id":387812,"type":"success","level":1,"name":"签到","meta":{"paths":["lp0hx8"]},"content":"908531782完成了一次签到！","timestamp":1779145936110}
{"id":388229,"type":"success","level":1,"name":"签到","meta":{"paths":["lp0hx8"]},"content":"2085287779完成了一次签到！","timestamp":1779147311915}
{"id":388375,"type":"success","level":1,"name":"签到","meta":{"paths":["lp0hx8"]},"content":"2433884076完成了一次签到！","timestamp":1779148141221}
{"id":388415,"type":"success","level":1,"name":"抽卡与卡组","meta":{"paths":["lp0hx8"]},"content":"2433884076献祭了：4张二星  2张四星  获得3520P点，当前P点数为18620","timestamp":1779148207616}
{"id":388463,"type":"success","level":1,"name":"抽卡与卡组","meta":{"paths":["lp0hx8"]},"content":"2433884076献祭了：5张二星  1张三星  获得1960P点，当前P点数为18180","timestamp":1779148223918}
{"id":388510,"type":"success","level":1,"name":"抽卡与卡组","meta":{"paths":["lp0hx8"]},"content":"2433884076献祭了：5张二星  1张三星  获得1960P点，当前P点数为17740","timestamp":1779148234618}
{"id":388557,"type":"success","level":1,"name":"抽卡与卡组","meta":{"paths":["lp0hx8"]},"content":"2433884076献祭了：3张二星  3张三星  获得2520P点，当前P点数为17860","timestamp":1779148245434}
{"id":388604,"type":"success","level":1,"name":"抽卡与卡组","meta":{"paths":["lp0hx8"]},"content":"2433884076献祭了：5张二星  1张三星  获得1960P点，当前P点数为17420","timestamp":1779148260213}
{"id":388652,"type":"success","level":1,"name":"抽卡与卡组","meta":{"paths":["lp0hx8"]},"content":"2433884076献祭了：4张二星  2张三星  获得2240P点，当前P点数为17260","timestamp":1779148271623}
{"id":388699,"type":"success","level":1,"name":"抽卡与卡组","meta":{"paths":["lp0hx8"]},"content":"2433884076献祭了：4张二星  2张三星  获得2240P点，当前P点数为17100","timestamp":1779148285956}
{"id":388758,"type":"success","level":1,"name":"抽卡与卡组","meta":{"paths":["lp0hx8"]},"content":"2433884076献祭了：5张二星  1张四星  获得2600P点，当前P点数为17300","timestamp":1779148311513}
{"id":388805,"type":"success","level":1,"name":"抽卡与卡组","meta":{"paths":["lp0hx8"]},"content":"2433884076献祭了：6张二星  获得1680P点，当前P点数为16580","timestamp":1779148321412}
{"id":388853,"type":"success","level":1,"name":"抽卡与卡组","meta":{"paths":["lp0hx8"]},"content":"2433884076献祭了：5张二星  1张三星  获得1960P点，当前P点数为16140","timestamp":1779148332522}
{"id":388900,"type":"success","level":1,"name":"抽卡与卡组","meta":{"paths":["lp0hx8"]},"content":"2433884076献祭了：5张二星  1张三星  获得1960P点，当前P点数为15700","timestamp":1779148342529}
{"id":388947,"type":"success","level":1,"name":"抽卡与卡组","meta":{"paths":["lp0hx8"]},"content":"2433884076献祭了：4张二星  2张三星  获得2240P点，当前P点数为15540","timestamp":1779148351511}
