{"id":315107,"type":"success","level":1,"name":"签到","meta":{"paths":["lp0hx8"]},"content":"1813783853完成了一次签到！","timestamp":1778544125927}
{"id":315220,"type":"success","level":1,"name":"签到","meta":{"paths":["lp0hx8"]},"content":"2188730297完成了一次签到！","timestamp":1778544301632}
{"id":315278,"type":"success","level":1,"name":"签到","meta":{"paths":["lp0hx8"]},"content":"782766016完成了一次签到！","timestamp":1778544359551}
{"id":315308,"type":"info","level":2,"name":"抽卡与卡组","meta":{"paths":["lp0hx8"]},"content":"782766016抽到了一张☆二星★卡，剩余4040P点","timestamp":1778544367602}
{"id":315488,"type":"success","level":1,"name":"签到","meta":{"paths":["lp0hx8"]},"content":"2433884076完成了一次签到！","timestamp":1778544603211}
{"id":315512,"type":"info","level":2,"name":"抽卡与卡组","meta":{"paths":["lp0hx8"]},"content":"2433884076抽到了一张❀三星☄卡，剩余335P点","timestamp":1778544609586}
{"id":315534,"type":"success","level":1,"name":"抽卡与卡组","meta":{"paths":["lp0hx8"]},"content":"2433884076献祭了：5张二星  1张三星  2张四星  获得4360P点，当前P点数为4695","timestamp":1778544632698}
{"id":315606,"type":"success","level":1,"name":"抽卡与卡组","meta":{"paths":["lp0hx8"]},"content":"2433884076献祭了：7张二星  1张三星  获得2520P点，当前P点数为4015","timestamp":1778544679180}
{"id":315695,"type":"success","level":1,"name":"抽卡与卡组","meta":{"paths":["lp0hx8"]},"content":"2433884076献祭了：6张二星  2张三星  获得2800P点，当前P点数为3615","timestamp":1778544719030}
{"id":315775,"type":"success","level":1,"name":"抽卡与卡组","meta":{"paths":["lp0hx8"]},"content":"2433884076献祭了：7张二星  1张三星  获得2520P点，当前P点数为2935","timestamp":1778544734872}
{"id":315895,"type":"success","level":1,"name":"签到","meta":{"paths":["lp0hx8"]},"content":"2085287779完成了一次签到！","timestamp":1778545318754}
{"id":315917,"type":"info","level":2,"name":"签到","meta":{"paths":["lp0hx8"]},"content":"已更新2085287779的抢劫次数和记录","timestamp":1778545323341}
{"id":315934,"type":"success","level":1,"name":"签到","meta":{"paths":["lp0hx8"]},"content":"2085287779抢劫2433884076失败！失去了215P点！","timestamp":1778545323649}
{"id":315935,"type":"info","level":2,"name":"签到","meta":{"paths":["lp0hx8"]},"content":"2085287779今天的抢劫记录为-215   |    剩余抢劫次数为2","timestamp":1778545323656}
{"id":316002,"type":"info","level":2,"name":"签到","meta":{"paths":["lp0hx8"]},"content":"已更新2433884076的抢劫次数和记录","timestamp":1778545397344}
{"id":316019,"type":"success","level":1,"name":"签到","meta":{"paths":["lp0hx8"]},"content":"2433884076抢劫2085287779失败！失去了所有P点！","timestamp":1778545397995}
{"id":316020,"type":"info","level":2,"name":"签到","meta":{"paths":["lp0hx8"]},"content":"2433884076今天的抢劫记录为-135   |    剩余抢劫次数为2","timestamp":1778545397996}
{"id":317340,"type":"error","level":1,"name":"签到","meta":{"paths":["lp0hx8"]},"content":"3986092865签到失败！原因：该用户已经签到","timestamp":1778547315042}
{"id":317508,"type":"success","level":1,"name":"签到","meta":{"paths":["lp0hx8"]},"content":"3044937168完成了一次签到！","timestamp":1778547835320}
{"id":317551,"type":"success","level":1,"name":"签到","meta":{"paths":["lp0hx8"]},"content":"207193223完成了一次签到！","timestamp":1778547910158}
{"id":317570,"type":"error","level":1,"name":"签到","meta":{"paths":["lp0hx8"]},"content":"3366143939签到失败！原因：该用户已经签到","timestamp":1778547920199}
{"id":317604,"type":"success","level":1,"name":"签到","meta":{"paths":["lp0hx8"]},"content":"986054920完成了一次签到！","timestamp":1778548006187}
{"id":317835,"type":"success","level":1,"name":"签到","meta":{"paths":["lp0hx8"]},"content":"3536694017完成了一次签到！","timestamp":1778548229393}
{"id":318517,"type":"success","level":1,"name":"签到","meta":{"paths":["lp0hx8"]},"content":"2856202014完成了一次签到！","timestamp":1778549780701}
{"id":320580,"type":"success","level":1,"name":"签到","meta":{"paths":["lp0hx8"]},"content":"2792910079完成了一次签到！","timestamp":1778554145577}
{"id":320704,"type":"success","level":1,"name":"签到","meta":{"paths":["lp0hx8"]},"content":"2491541915完成了一次签到！","timestamp":1778554400801}
{"id":320807,"type":"success","level":1,"name":"签到","meta":{"paths":["lp0hx8"]},"content":"3271714330完成了一次签到！","timestamp":1778554647436}
{"id":320848,"type":"success","level":1,"name":"签到","meta":{"paths":["lp0hx8"]},"content":"2447114685完成了一次签到！","timestamp":1778554750950}
{"id":322214,"type":"success","level":1,"name":"签到","meta":{"paths":["lp0hx8"]},"content":"2221639610完成了一次签到！","timestamp":1778558411172}
{"id":322286,"type":"success","level":1,"name":"签到","meta":{"paths":["lp0hx8"]},"content":"29053789完成了一次签到！","timestamp":1778558506794}
{"id":323491,"type":"error","level":1,"name":"抽卡与卡组","meta":{"paths":["lp0hx8"]},"content":"1652933285抽卡失败，积分不足","timestamp":1778560568704}
{"id":324564,"type":"success","level":1,"name":"抽卡与卡组","meta":{"paths":["lp0hx8"]},"content":"1296434423献祭了：2张二星  1张三星  获得1120P点，当前P点数为30359","timestamp":1778561882124}
{"id":324625,"type":"success","level":1,"name":"抽卡与卡组","meta":{"paths":["lp0hx8"]},"content":"1296434423献祭了：1张二星  2张三星  获得1400P点，当前P点数为30559","timestamp":1778561935263}
{"id":324764,"type":"success","level":1,"name":"抽卡与卡组","meta":{"paths":["lp0hx8"]},"content":"1296434423献祭了：3张二星  获得840P点，当前P点数为30199","timestamp":1778562045995}
{"id":324871,"type":"success","level":1,"name":"抽卡与卡组","meta":{"paths":["lp0hx8"]},"content":"1296434423献祭了：1张二星  2张三星  获得1400P点，当前P点数为30399","timestamp":1778562090439}
{"id":324976,"type":"success","level":1,"name":"抽卡与卡组","meta":{"paths":["lp0hx8"]},"content":"1296434423献祭了：2张二星  1张三星  获得1120P点，当前P点数为30319","timestamp":1778562126354}
{"id":325027,"type":"success","level":1,"name":"抽卡与卡组","meta":{"paths":["lp0hx8"]},"content":"1296434423献祭了：2张二星  1张三星  获得1120P点，当前P点数为30239","timestamp":1778562146260}
{"id":325107,"type":"success","level":1,"name":"抽卡与卡组","meta":{"paths":["lp0hx8"]},"content":"1296434423献祭了：2张二星  1张三星  获得1120P点，当前P点数为30159","timestamp":1778562188225}
{"id":325245,"type":"success","level":1,"name":"抽卡与卡组","meta":{"paths":["lp0hx8"]},"content":"1296434423献祭了：3张二星  获得840P点，当前P点数为29799","timestamp":1778562416239}
{"id":325261,"type":"info","level":2,"name":"签到","meta":{"paths":["lp0hx8"]},"content":"已更新29053789的抢劫次数和记录","timestamp":1778562419670}
{"id":325277,"type":"success","level":1,"name":"签到","meta":{"paths":["lp0hx8"]},"content":"29053789抢了1296434423的4090P点！","timestamp":1778562420266}
{"id":325363,"type":"success","level":1,"name":"抽卡与卡组","meta":{"paths":["lp0hx8"]},"content":"1296434423献祭了：3张二星  获得840P点，当前P点数为25349","timestamp":1778562466723}
{"id":325506,"type":"success","level":1,"name":"抽卡与卡组","meta":{"paths":["lp0hx8"]},"content":"1296434423献祭了：1张二星  2张三星  获得1400P点，当前P点数为25549","timestamp":1778562551836}
{"id":325549,"type":"success","level":1,"name":"抽卡与卡组","meta":{"paths":["lp0hx8"]},"content":"1296434423献祭了：2张二星  1张三星  获得1120P点，当前P点数为25469","timestamp":1778562567543}
{"id":326224,"type":"error","level":1,"name":"抽卡与卡组","meta":{"paths":["lp0hx8"]},"content":"971217490抽卡失败，积分不足","timestamp":1778562913833}
{"id":326286,"type":"error","level":1,"name":"抽卡与卡组","meta":{"paths":["lp0hx8"]},"content":"1652933285抽卡失败，积分不足","timestamp":1778562942524}
{"id":326313,"type":"success","level":1,"name":"抽卡与卡组","meta":{"paths":["lp0hx8"]},"content":"1296434423献祭了：2张二星  1张三星  获得1120P点，当前P点数为25389","timestamp":1778562946670}
{"id":326998,"type":"success","level":1,"name":"签到","meta":{"paths":["lp0hx8"]},"content":"3995085039完成了一次签到！","timestamp":1778563251961}
{"id":327031,"type":"success","level":1,"name":"签到","meta":{"paths":["lp0hx8"]},"content":"3497892115完成了一次签到！","timestamp":1778563258188}
{"id":327067,"type":"info","level":2,"name":"抽卡与卡组","meta":{"paths":["lp0hx8"]},"content":"3497892115抽到了一张☆二星★卡，剩余275P点","timestamp":1778563264501}
{"id":329469,"type":"success","level":1,"name":"签到","meta":{"paths":["lp0hx8"]},"content":"3026137282完成了一次签到！","timestamp":1778565080820}
{"id":329651,"type":"info","level":2,"name":"抽卡与卡组","meta":{"paths":["lp0hx8"]},"content":"3026137282抽到了一张❀三星☄卡，剩余1433P点","timestamp":1778565206012}
{"id":330540,"type":"info","level":2,"name":"抽卡与卡组","meta":{"paths":["lp0hx8"]},"content":"3026137282抽到了一张☆二星★卡，剩余1033P点","timestamp":1778565670220}
{"id":330575,"type":"info","level":2,"name":"抽卡与卡组","meta":{"paths":["lp0hx8"]},"content":"3026137282抽到了一张☆二星★卡，剩余633P点","timestamp":1778565678145}
{"id":330600,"type":"info","level":2,"name":"抽卡与卡组","meta":{"paths":["lp0hx8"]},"content":"3026137282抽到了一张☆二星★卡，剩余233P点","timestamp":1778565685137}
{"id":330747,"type":"info","level":2,"name":"抽卡与卡组","meta":{"paths":["lp0hx8"]},"content":"3536694017抽到了一张☆二星★卡，剩余14889P点","timestamp":1778565784951}
{"id":331151,"type":"success","level":1,"name":"签到","meta":{"paths":["lp0hx8"]},"content":"3161689072完成了一次签到！","timestamp":1778566154893}
{"id":339224,"type":"success","level":1,"name":"签到","meta":{"paths":["lp0hx8"]},"content":"3247534886完成了一次签到！","timestamp":1778576068479}
{"id":339257,"type":"success","level":1,"name":"签到","meta":{"paths":["lp0hx8"]},"content":"1558713069完成了一次签到！","timestamp":1778576074064}
{"id":339301,"type":"info","level":2,"name":"抽卡与卡组","meta":{"paths":["lp0hx8"]},"content":"1558713069抽到了一张❀三星☄卡，剩余6682P点","timestamp":1778576080833}
{"id":339333,"type":"info","level":2,"name":"抽卡与卡组","meta":{"paths":["lp0hx8"]},"content":"1558713069抽到了一张☆二星★卡，剩余6282P点","timestamp":1778576089231}
{"id":339369,"type":"info","level":2,"name":"抽卡与卡组","meta":{"paths":["lp0hx8"]},"content":"1558713069抽到了一张☆二星★卡，剩余5882P点","timestamp":1778576093061}
{"id":339399,"type":"info","level":2,"name":"抽卡与卡组","meta":{"paths":["lp0hx8"]},"content":"1558713069抽到了一张☆二星★卡，剩余5482P点","timestamp":1778576099778}
{"id":339418,"type":"error","level":1,"name":"抽卡与卡组","meta":{"paths":["lp0hx8"]},"content":"2995135005抽卡失败，积分不足","timestamp":1778576102125}
{"id":339444,"type":"info","level":2,"name":"抽卡与卡组","meta":{"paths":["lp0hx8"]},"content":"1558713069抽到了一张☆二星★卡，剩余5082P点","timestamp":1778576104041}
{"id":339463,"type":"info","level":2,"name":"抽卡与卡组","meta":{"paths":["lp0hx8"]},"content":"1558713069抽到了一张❀三星☄卡，剩余4682P点","timestamp":1778576109572}
{"id":339484,"type":"info","level":2,"name":"抽卡与卡组","meta":{"paths":["lp0hx8"]},"content":"1558713069抽到了一张❀三星☄卡，剩余4282P点","timestamp":1778576118663}
{"id":339541,"type":"info","level":2,"name":"抽卡与卡组","meta":{"paths":["lp0hx8"]},"content":"1558713069抽到了一张☆二星★卡，剩余3882P点","timestamp":1778576166228}
{"id":339560,"type":"info","level":2,"name":"抽卡与卡组","meta":{"paths":["lp0hx8"]},"content":"1558713069抽到了一张☆二星★卡，剩余3482P点","timestamp":1778576170101}
{"id":339580,"type":"info","level":2,"name":"抽卡与卡组","meta":{"paths":["lp0hx8"]},"content":"1558713069抽到了一张☆二星★卡，剩余3082P点","timestamp":1778576173876}
{"id":339599,"type":"info","level":2,"name":"抽卡与卡组","meta":{"paths":["lp0hx8"]},"content":"1558713069抽到了一张❀三星☄卡，剩余2682P点","timestamp":1778576178396}
{"id":339618,"type":"info","level":2,"name":"抽卡与卡组","meta":{"paths":["lp0hx8"]},"content":"1558713069抽到了一张☆二星★卡，剩余2282P点","timestamp":1778576181154}
{"id":339637,"type":"info","level":2,"name":"抽卡与卡组","meta":{"paths":["lp0hx8"]},"content":"1558713069抽到了一张☆二星★卡，剩余1882P点","timestamp":1778576187301}
{"id":339656,"type":"info","level":2,"name":"抽卡与卡组","meta":{"paths":["lp0hx8"]},"content":"1558713069抽到了一张❀三星☄卡，剩余1482P点","timestamp":1778576193823}
{"id":339869,"type":"info","level":2,"name":"抽卡与卡组","meta":{"paths":["lp0hx8"]},"content":"1558713069抽到了一张☆二星★卡，剩余1082P点","timestamp":1778576330095}
{"id":339899,"type":"info","level":2,"name":"抽卡与卡组","meta":{"paths":["lp0hx8"]},"content":"1558713069抽到了一张☆二星★卡，剩余682P点","timestamp":1778576334636}
{"id":339923,"type":"info","level":2,"name":"抽卡与卡组","meta":{"paths":["lp0hx8"]},"content":"1558713069抽到了一张☆二星★卡，剩余282P点","timestamp":1778576337622}
{"id":341875,"type":"success","level":1,"name":"抽卡与卡组","meta":{"paths":["lp0hx8"]},"content":"366837668献祭了：3张二星  1张四星  获得2040P点，当前P点数为10546","timestamp":1778578378209}
{"id":342118,"type":"success","level":1,"name":"抽卡与卡组","meta":{"paths":["lp0hx8"]},"content":"366837668献祭了：4张二星  获得1120P点，当前P点数为10066","timestamp":1778578445028}
{"id":342222,"type":"success","level":1,"name":"抽卡与卡组","meta":{"paths":["lp0hx8"]},"content":"2628075910献祭了：3张二星  1张四星  获得2040P点，当前P点数为11482","timestamp":1778578475107}
{"id":342233,"type":"success","level":1,"name":"抽卡与卡组","meta":{"paths":["lp0hx8"]},"content":"366837668献祭了：2张二星  2张三星  获得1680P点，当前P点数为10146","timestamp":1778578477246}
{"id":343938,"type":"error","level":1,"name":"签到","meta":{"paths":["lp0hx8"]},"content":"3534850564签到失败！原因：该用户已经签到","timestamp":1778579361358}
{"id":343998,"type":"warn","level":2,"name":"command","meta":{},"content":"献祭 你好香\nTypeError: Cannot read properties of undefined (reading 'split')\n    at _Command.eval (eval at <anonymous> (/root/lezskabot/koishi/koishi-app/node_modules/koishi-plugin-blockly-null/lib/index.js:1:1), <anonymous>:356:55)\n    at async Array.<anonymous> (/root/lezskabot/koishi/koishi-app/node_modules/@koishijs/core/lib/index.cjs:1079:14)\n    at async _Command.execute (/root/lezskabot/koishi/koishi-app/node_modules/@koishijs/core/lib/index.cjs:1093:22)\n    at async /root/lezskabot/koishi/koishi-app/node_modules/@koishijs/core/lib/index.cjs:2049:22\n    at async Proxy.withScope (/root/lezskabot/koishi/koishi-app/node_modules/@koishijs/core/lib/index.cjs:1958:22)\n    at async next (/root/lezskabot/koishi/koishi-app/node_modules/@koishijs/core/lib/index.cjs:827:16)\n    at async next (/root/lezskabot/koishi/koishi-app/node_modules/@koishijs/core/lib/index.cjs:827:16)\n    at async next (/root/lezskabot/koishi/koishi-app/node_modules/@koishijs/core/lib/index.cjs:827:16)\n    at async next (/root/lezskabot/koishi/koishi-app/node_modules/@koishijs/core/lib/index.cjs:827:16)\n    at async Processor._handleMessage (/root/lezskabot/koishi/koishi-app/node_modules/@koishijs/core/lib/index.cjs:838:22)","timestamp":1778579396139}
{"id":347518,"type":"success","level":1,"name":"签到","meta":{"paths":["lp0hx8"]},"content":"2455800638完成了一次签到！","timestamp":1778582052896}
{"id":353690,"type":"info","level":2,"name":"绑定id","meta":{"paths":["lp0hx8"]},"content":"用户3463293114绑定了cnid：7485923127978105663","timestamp":1778586407254}
{"id":362621,"type":"error","level":1,"name":"绑定id","meta":{"paths":["lp0hx8"]},"content":"75749293输入错误id：ID7612931405366074162，id过短","timestamp":1778589947987}
{"id":363178,"type":"error","level":1,"name":"绑定id","meta":{"paths":["lp0hx8"]},"content":"75749293输入错误id：<id>76129314055366074162，id过短","timestamp":1778590083363}
{"id":363451,"type":"error","level":1,"name":"绑定id","meta":{"paths":["lp0hx8"]},"content":"75749293输入错误id：76129314055366074162，id过短","timestamp":1778590197262}
{"id":363968,"type":"error","level":1,"name":"绑定id","meta":{"paths":["lp0hx8"]},"content":"2085287779输入错误id：76129314053660744162，id过短","timestamp":1778590346675}
{"id":364356,"type":"error","level":1,"name":"绑定id","meta":{"paths":["lp0hx8"]},"content":"75749293输入错误id：761293140536674162，id过短","timestamp":1778590471627}
{"id":365796,"type":"error","level":1,"name":"签到","meta":{"paths":["lp0hx8"]},"content":"3997019972签到失败！原因：该用户已经签到","timestamp":1778590871275}
{"id":366126,"type":"success","level":1,"name":"抽卡与卡组","meta":{"paths":["lp0hx8"]},"content":"3997019972献祭了：4张二星  1张三星  获得1680P点，当前P点数为4112","timestamp":1778590945673}
{"id":366370,"type":"success","level":1,"name":"抽卡与卡组","meta":{"paths":["lp0hx8"]},"content":"3997019972献祭了：3张二星  1张三星  获得1400P点，当前P点数为3512","timestamp":1778590990099}
{"id":366597,"type":"success","level":1,"name":"抽卡与卡组","meta":{"paths":["lp0hx8"]},"content":"3997019972献祭了：4张二星  获得1120P点，当前P点数为3032","timestamp":1778591028131}
{"id":366728,"type":"success","level":1,"name":"抽卡与卡组","meta":{"paths":["lp0hx8"]},"content":"3997019972献祭了：3张二星  1张三星  获得1400P点，当前P点数为2832","timestamp":1778591049292}
{"id":366860,"type":"success","level":1,"name":"抽卡与卡组","meta":{"paths":["lp0hx8"]},"content":"3997019972献祭了：4张二星  获得1120P点，当前P点数为2352","timestamp":1778591070851}
{"id":367176,"type":"info","level":2,"name":"签到","meta":{"paths":["lp0hx8"]},"content":"已更新3997019972的抢劫次数和记录","timestamp":1778591137315}
{"id":367995,"type":"error","level":1,"name":"签到","meta":{"paths":["lp0hx8"]},"content":"3903949840签到失败！原因：该用户已经签到","timestamp":1778591373461}
{"id":368032,"type":"success","level":1,"name":"签到","meta":{"paths":["lp0hx8"]},"content":"3385275057完成了一次签到！","timestamp":1778591381730}
{"id":368090,"type":"success","level":1,"name":"签到","meta":{"paths":["lp0hx8"]},"content":"3940650338完成了一次签到！","timestamp":1778591399298}
{"id":368107,"type":"error","level":1,"name":"签到","meta":{"paths":["lp0hx8"]},"content":"1963408278签到失败！原因：该用户已经签到","timestamp":1778591401091}
{"id":373188,"type":"success","level":1,"name":"签到","meta":{"paths":["lp0hx8"]},"content":"3840729373完成了一次签到！","timestamp":1778593484718}
{"id":377005,"type":"success","level":1,"name":"签到","meta":{"paths":["lp0hx8"]},"content":"2250804603完成了一次签到！","timestamp":1778595267577}
{"id":378347,"type":"success","level":1,"name":"签到","meta":{"paths":["lp0hx8"]},"content":"1969859341完成了一次签到！","timestamp":1778595814335}
{"id":379646,"type":"success","level":1,"name":"签到","meta":{"paths":["lp0hx8"]},"content":"2627939216完成了一次签到！","timestamp":1778596246469}
{"id":380059,"type":"warn","level":2,"name":"onebot","meta":{"paths":["wqmw9x"]},"content":"Error: Error with request get_msg, args: {\"message_id\":1842109604}, retcode: 1200\n    at _Internal._get (/root/lezskabot/koishi/koishi-app/node_modules/koishi-plugin-adapter-onebot/lib/index.js:119:11)\n    at process.processTicksAndRejections (node:internal/process/task_queues:95:5)\n    at async _Internal.<computed> [as getMsg] (/root/lezskabot/koishi/koishi-app/node_modules/koishi-plugin-adapter-onebot/lib/index.js:152:20)\n    at async OneBotBot.getMessage (/root/lezskabot/koishi/koishi-app/node_modules/koishi-plugin-adapter-onebot/lib/index.js:936:18)\n    at async adaptMessage (/root/lezskabot/koishi/koishi-app/node_modules/koishi-plugin-adapter-onebot/lib/index.js:344:21)\n    at async adaptSession (/root/lezskabot/koishi/koishi-app/node_modules/koishi-plugin-adapter-onebot/lib/index.js:416:5)\n    at async dispatchSession (/root/lezskabot/koishi/koishi-app/node_modules/koishi-plugin-adapter-onebot/lib/index.js:405:19)","timestamp":1778596364350}
{"id":381833,"type":"success","level":1,"name":"签到","meta":{"paths":["lp0hx8"]},"content":"2141971921完成了一次签到！","timestamp":1778597066845}
{"id":381965,"type":"info","level":2,"name":"签到","meta":{"paths":["lp0hx8"]},"content":"2188730297向2141971921赠送了2484个P点","timestamp":1778597105161}
{"id":385708,"type":"success","level":1,"name":"签到","meta":{"paths":["lp0hx8"]},"content":"1569181511完成了一次签到！","timestamp":1778598540816}
{"id":385749,"type":"info","level":2,"name":"抽卡与卡组","meta":{"paths":["lp0hx8"]},"content":"1569181511抽到了一张❀三星☄卡，剩余1104P点","timestamp":1778598545727}
{"id":385785,"type":"info","level":2,"name":"签到","meta":{"paths":["lp0hx8"]},"content":"已更新1569181511的抢劫次数和记录","timestamp":1778598550074}
{"id":385836,"type":"success","level":1,"name":"签到","meta":{"paths":["lp0hx8"]},"content":"1569181511抢劫3911816075失败！失去了7P点！","timestamp":1778598554431}
{"id":385837,"type":"info","level":2,"name":"签到","meta":{"paths":["lp0hx8"]},"content":"1569181511今天的抢劫记录为-7   |    剩余抢劫次数为2","timestamp":1778598554433}
{"id":386011,"type":"success","level":1,"name":"签到","meta":{"paths":["lp0hx8"]},"content":"1569181511抢劫2432499215失败！失去了217P点！","timestamp":1778598587557}
{"id":386012,"type":"info","level":2,"name":"签到","meta":{"paths":["lp0hx8"]},"content":"1569181511今天的抢劫记录为-224   |    剩余抢劫次数为1","timestamp":1778598587560}
{"id":386068,"type":"info","level":2,"name":"抽卡与卡组","meta":{"paths":["lp0hx8"]},"content":"1569181511抽到了一张☆二星★卡，剩余480P点","timestamp":1778598599036}
{"id":386107,"type":"info","level":2,"name":"抽卡与卡组","meta":{"paths":["lp0hx8"]},"content":"1569181511抽到了一张☆二星★卡，剩余80P点","timestamp":1778598601793}
{"id":386628,"type":"info","level":2,"name":"抽卡与卡组","meta":{"paths":["lp0hx8"]},"content":"2658604288抽到了一张☆二星★卡，剩余1139P点","timestamp":1778598828858}
{"id":390331,"type":"success","level":1,"name":"签到","meta":{"paths":["lp0hx8"]},"content":"3389530537完成了一次签到！","timestamp":1778601614542}
{"id":390436,"type":"success","level":1,"name":"签到","meta":{"paths":["lp0hx8"]},"content":"3366143939完成了一次签到！","timestamp":1778601632306}
{"id":390570,"type":"success","level":1,"name":"签到","meta":{"paths":["lp0hx8"]},"content":"3663735613完成了一次签到！","timestamp":1778601645125}
{"id":390823,"type":"success","level":1,"name":"签到","meta":{"paths":["lp0hx8"]},"content":"2994459542完成了一次签到！","timestamp":1778601701842}
{"id":391184,"type":"success","level":1,"name":"签到","meta":{"paths":["lp0hx8"]},"content":"2513983517完成了一次签到！","timestamp":1778601825471}
{"id":391227,"type":"success","level":1,"name":"签到","meta":{"paths":["lp0hx8"]},"content":"1296434423完成了一次签到！","timestamp":1778601830217}
{"id":391267,"type":"success","level":1,"name":"签到","meta":{"paths":["lp0hx8"]},"content":"956937232完成了一次签到！","timestamp":1778601834556}
{"id":391337,"type":"success","level":1,"name":"签到","meta":{"paths":["lp0hx8"]},"content":"2558144075完成了一次签到！","timestamp":1778601844561}
{"id":391521,"type":"info","level":2,"name":"抽卡与卡组","meta":{"paths":["lp0hx8"]},"content":"956937232抽到了一张♔♕四星(?)♕♔卡，剩余3477P点","timestamp":1778601909186}
{"id":391587,"type":"success","level":1,"name":"签到","meta":{"paths":["lp0hx8"]},"content":"2334828455完成了一次签到！","timestamp":1778601923863}
{"id":391629,"type":"info","level":2,"name":"抽卡与卡组","meta":{"paths":["lp0hx8"]},"content":"3366143939抽到了一张♔♕四星(?)♕♔卡，剩余2605P点","timestamp":1778601936544}
{"id":391726,"type":"success","level":1,"name":"签到","meta":{"paths":["lp0hx8"]},"content":"1652933285完成了一次签到！","timestamp":1778601954026}
{"id":391788,"type":"success","level":1,"name":"签到","meta":{"paths":["lp0hx8"]},"content":"914880737完成了一次签到！","timestamp":1778601962699}
{"id":391903,"type":"success","level":1,"name":"抽卡与卡组","meta":{"paths":["lp0hx8"]},"content":"1652933285献祭了：5张二星  1张三星  获得1960P点，当前P点数为4442","timestamp":1778601992733}
{"id":392077,"type":"info","level":2,"name":"抽卡与卡组","meta":{"paths":["lp0hx8"]},"content":"2658604288抽到了一张☆二星★卡，剩余739P点","timestamp":1778602015217}
{"id":392113,"type":"info","level":2,"name":"抽卡与卡组","meta":{"paths":["lp0hx8"]},"content":"2658604288抽到了一张❀三星☄卡，剩余339P点","timestamp":1778602022035}
{"id":392176,"type":"success","level":1,"name":"抽卡与卡组","meta":{"paths":["lp0hx8"]},"content":"1652933285献祭了：5张二星  获得1400P点，当前P点数为3442","timestamp":1778602033670}
{"id":392255,"type":"success","level":1,"name":"抽卡与卡组","meta":{"paths":["lp0hx8"]},"content":"1652933285献祭了：5张二星  获得1400P点，当前P点数为2842","timestamp":1778602041135}
{"id":392341,"type":"success","level":1,"name":"抽卡与卡组","meta":{"paths":["lp0hx8"]},"content":"1652933285献祭了：5张二星  获得1400P点，当前P点数为2242","timestamp":1778602050426}
{"id":392413,"type":"success","level":1,"name":"抽卡与卡组","meta":{"paths":["lp0hx8"]},"content":"1652933285献祭了：3张二星  2张三星  获得1960P点，当前P点数为2202","timestamp":1778602059505}
{"id":392509,"type":"success","level":1,"name":"抽卡与卡组","meta":{"paths":["lp0hx8"]},"content":"1652933285献祭了：5张二星  获得1400P点，当前P点数为1602","timestamp":1778602072008}
{"id":393056,"type":"success","level":1,"name":"签到","meta":{"paths":["lp0hx8"]},"content":"978229136完成了一次签到！","timestamp":1778602196941}
{"id":393083,"type":"success","level":1,"name":"签到","meta":{"paths":["lp0hx8"]},"content":"2188730297完成了一次签到！","timestamp":1778602203564}
{"id":393284,"type":"success","level":1,"name":"签到","meta":{"paths":["lp0hx8"]},"content":"2858787094完成了一次签到！","timestamp":1778602243652}
{"id":393320,"type":"info","level":2,"name":"抽卡与卡组","meta":{"paths":["lp0hx8"]},"content":"2858787094抽到了一张☆二星★卡，剩余834P点","timestamp":1778602251527}
{"id":393351,"type":"info","level":2,"name":"抽卡与卡组","meta":{"paths":["lp0hx8"]},"content":"2858787094抽到了一张❀三星☄卡，剩余434P点","timestamp":1778602254492}
{"id":393421,"type":"success","level":1,"name":"签到","meta":{"paths":["lp0hx8"]},"content":"2658604288完成了一次签到！","timestamp":1778602276961}
{"id":393528,"type":"success","level":1,"name":"签到","meta":{"paths":["lp0hx8"]},"content":"2186790348完成了一次签到！","timestamp":1778602300316}
{"id":393604,"type":"info","level":2,"name":"抽卡与卡组","meta":{"paths":["lp0hx8"]},"content":"2858787094抽到了一张☆二星★卡，剩余34P点","timestamp":1778602307250}
{"id":393936,"type":"success","level":1,"name":"签到","meta":{"paths":["lp0hx8"]},"content":"2276942246完成了一次签到！","timestamp":1778602438724}
{"id":393996,"type":"success","level":1,"name":"签到","meta":{"paths":["lp0hx8"]},"content":"3764379512完成了一次签到！","timestamp":1778602449194}
{"id":394103,"type":"info","level":2,"name":"签到","meta":{"paths":["lp0hx8"]},"content":"已更新3764379512的抢劫次数和记录","timestamp":1778602462387}
{"id":394124,"type":"success","level":1,"name":"签到","meta":{"paths":["lp0hx8"]},"content":"3764379512抢了2085287779的246P点！","timestamp":1778602462714}
{"id":394125,"type":"info","level":2,"name":"签到","meta":{"paths":["lp0hx8"]},"content":"3764379512今天的抢劫记录为246   |    剩余抢劫次数为2","timestamp":1778602462715}
{"id":394159,"type":"success","level":1,"name":"签到","meta":{"paths":["lp0hx8"]},"content":"1986429457完成了一次签到！","timestamp":1778602468308}
{"id":394218,"type":"success","level":1,"name":"抽卡与卡组","meta":{"paths":["lp0hx8"]},"content":"2276942246献祭了：2张二星  1张四星  获得1760P点，当前P点数为5793","timestamp":1778602483853}
{"id":394284,"type":"success","level":1,"name":"抽卡与卡组","meta":{"paths":["lp0hx8"]},"content":"2276942246献祭了：1张二星  2张三星  获得1400P点，当前P点数为5993","timestamp":1778602495369}
{"id":394317,"type":"success","level":1,"name":"签到","meta":{"paths":["lp0hx8"]},"content":"2018283414完成了一次签到！","timestamp":1778602497688}
{"id":394408,"type":"success","level":1,"name":"抽卡与卡组","meta":{"paths":["lp0hx8"]},"content":"2276942246献祭了：3张二星  获得840P点，当前P点数为5633","timestamp":1778602507022}
{"id":394477,"type":"success","level":1,"name":"抽卡与卡组","meta":{"paths":["lp0hx8"]},"content":"2276942246献祭了：1张二星  2张三星  获得1400P点，当前P点数为5833","timestamp":1778602519545}
{"id":394533,"type":"info","level":2,"name":"抽卡与卡组","meta":{"paths":["lp0hx8"]},"content":"2276942246抽到了一张♔♕四星(?)♕♔卡，剩余2233P点","timestamp":1778602529016}
{"id":394656,"type":"success","level":1,"name":"抽卡与卡组","meta":{"paths":["lp0hx8"]},"content":"2276942246献祭了：2张二星  1张四星  获得1760P点，当前P点数为3193","timestamp":1778602547837}
{"id":394732,"type":"success","level":1,"name":"抽卡与卡组","meta":{"paths":["lp0hx8"]},"content":"2276942246献祭了：3张二星  获得840P点，当前P点数为2833","timestamp":1778602559531}
{"id":394803,"type":"success","level":1,"name":"抽卡与卡组","meta":{"paths":["lp0hx8"]},"content":"2276942246献祭了：1张二星  2张三星  获得1400P点，当前P点数为3033","timestamp":1778602569889}
{"id":394889,"type":"success","level":1,"name":"抽卡与卡组","meta":{"paths":["lp0hx8"]},"content":"2276942246献祭了：2张二星  1张三星  获得1120P点，当前P点数为2953","timestamp":1778602583292}
{"id":394972,"type":"success","level":1,"name":"抽卡与卡组","meta":{"paths":["lp0hx8"]},"content":"2276942246献祭了：2张二星  1张三星  获得1120P点，当前P点数为2873","timestamp":1778602593281}
{"id":395109,"type":"success","level":1,"name":"抽卡与卡组","meta":{"paths":["lp0hx8"]},"content":"2276942246献祭了：3张二星  获得840P点，当前P点数为2513","timestamp":1778602614575}
{"id":395180,"type":"success","level":1,"name":"抽卡与卡组","meta":{"paths":["lp0hx8"]},"content":"2276942246献祭了：3张二星  获得840P点，当前P点数为2153","timestamp":1778602627172}
{"id":395263,"type":"info","level":2,"name":"抽卡与卡组","meta":{"paths":["lp0hx8"]},"content":"2276942246抽到了一张♔♕四星(?)♕♔卡，剩余1753P点","timestamp":1778602638782}
{"id":395334,"type":"success","level":1,"name":"抽卡与卡组","meta":{"paths":["lp0hx8"]},"content":"2276942246献祭了：2张二星  1张四星  获得1760P点，当前P点数为2713","timestamp":1778602650298}
{"id":395442,"type":"info","level":2,"name":"签到","meta":{"paths":["lp0hx8"]},"content":"已更新2276942246的抢劫次数和记录","timestamp":1778602675393}
{"id":395459,"type":"success","level":1,"name":"签到","meta":{"paths":["lp0hx8"]},"content":"2276942246抢劫3764379512失败！失去了277P点！","timestamp":1778602675665}
{"id":395460,"type":"info","level":2,"name":"签到","meta":{"paths":["lp0hx8"]},"content":"2276942246今天的抢劫记录为-277   |    剩余抢劫次数为2","timestamp":1778602675668}
{"id":395529,"type":"success","level":1,"name":"签到","meta":{"paths":["lp0hx8"]},"content":"2276942246抢了3764379512的389P点！","timestamp":1778602689202}
{"id":395530,"type":"info","level":2,"name":"签到","meta":{"paths":["lp0hx8"]},"content":"2276942246今天的抢劫记录为112   |    剩余抢劫次数为1","timestamp":1778602689203}
{"id":395615,"type":"success","level":1,"name":"签到","meta":{"paths":["lp0hx8"]},"content":"2276942246抢劫3764379512失败！失去了169P点！","timestamp":1778602699362}
{"id":395616,"type":"info","level":2,"name":"签到","meta":{"paths":["lp0hx8"]},"content":"2276942246今天的抢劫记录为-57   |    剩余抢劫次数为0","timestamp":1778602699363}
{"id":395799,"type":"success","level":1,"name":"签到","meta":{"paths":["lp0hx8"]},"content":"3568930598完成了一次签到！","timestamp":1778602727278}
{"id":395888,"type":"info","level":2,"name":"抽卡与卡组","meta":{"paths":["lp0hx8"]},"content":"2018283414抽到了一张☆二星★卡，剩余3765P点","timestamp":1778602742075}
{"id":395976,"type":"info","level":2,"name":"抽卡与卡组","meta":{"paths":["lp0hx8"]},"content":"2018283414抽到了一张❀三星☄卡，剩余3365P点","timestamp":1778602766327}
{"id":396002,"type":"info","level":2,"name":"抽卡与卡组","meta":{"paths":["lp0hx8"]},"content":"2018283414抽到了一张☆二星★卡，剩余2965P点","timestamp":1778602772984}
{"id":396027,"type":"info","level":2,"name":"抽卡与卡组","meta":{"paths":["lp0hx8"]},"content":"2018283414抽到了一张❀三星☄卡，剩余2565P点","timestamp":1778602776680}
{"id":396052,"type":"info","level":2,"name":"抽卡与卡组","meta":{"paths":["lp0hx8"]},"content":"2018283414抽到了一张☆二星★卡，剩余2165P点","timestamp":1778602781740}
{"id":396071,"type":"info","level":2,"name":"抽卡与卡组","meta":{"paths":["lp0hx8"]},"content":"2018283414抽到了一张☆二星★卡，剩余1765P点","timestamp":1778602785683}
{"id":396098,"type":"info","level":2,"name":"抽卡与卡组","meta":{"paths":["lp0hx8"]},"content":"2018283414抽到了一张☆二星★卡，剩余1365P点","timestamp":1778602789653}
{"id":396120,"type":"info","level":2,"name":"抽卡与卡组","meta":{"paths":["lp0hx8"]},"content":"2018283414抽到了一张❀三星☄卡，剩余965P点","timestamp":1778602794427}
{"id":396157,"type":"info","level":2,"name":"抽卡与卡组","meta":{"paths":["lp0hx8"]},"content":"2018283414抽到了一张☆二星★卡，剩余565P点","timestamp":1778602799461}
{"id":396207,"type":"info","level":2,"name":"抽卡与卡组","meta":{"paths":["lp0hx8"]},"content":"2018283414抽到了一张❀三星☄卡，剩余165P点","timestamp":1778602804238}
{"id":396945,"type":"success","level":1,"name":"签到","meta":{"paths":["lp0hx8"]},"content":"629832381完成了一次签到！","timestamp":1778603016439}
{"id":397140,"type":"success","level":1,"name":"签到","meta":{"paths":["lp0hx8"]},"content":"2628075910完成了一次签到！","timestamp":1778603067452}
{"id":397447,"type":"success","level":1,"name":"签到","meta":{"paths":["lp0hx8"]},"content":"2085287779完成了一次签到！","timestamp":1778603167059}
{"id":397513,"type":"error","level":1,"name":"抽卡与卡组","meta":{"paths":["lp0hx8"]},"content":"971217490抽卡失败，积分不足","timestamp":1778603197792}
{"id":397535,"type":"success","level":1,"name":"签到","meta":{"paths":["lp0hx8"]},"content":"971217490完成了一次签到！","timestamp":1778603201821}
{"id":397551,"type":"info","level":2,"name":"签到","meta":{"paths":["lp0hx8"]},"content":"已更新29053789的抢劫次数和记录","timestamp":1778603203963}
{"id":397578,"type":"success","level":1,"name":"签到","meta":{"paths":["lp0hx8"]},"content":"29053789抢了971217490的564P点！","timestamp":1778603204625}
{"id":397579,"type":"info","level":2,"name":"签到","meta":{"paths":["lp0hx8"]},"content":"29053789今天的抢劫记录为564   |    剩余抢劫次数为3","timestamp":1778603204628}
{"id":397612,"type":"success","level":1,"name":"签到","meta":{"paths":["lp0hx8"]},"content":"29053789完成了一次签到！","timestamp":1778603213773}
{"id":397776,"type":"success","level":1,"name":"签到","meta":{"paths":["lp0hx8"]},"content":"3986092865完成了一次签到！","timestamp":1778603255181}
{"id":397808,"type":"success","level":1,"name":"抽卡与卡组","meta":{"paths":["lp0hx8"]},"content":"971217490献祭了：4张二星  3张三星  获得2800P点，当前P点数为5539","timestamp":1778603264371}
{"id":397889,"type":"success","level":1,"name":"抽卡与卡组","meta":{"paths":["lp0hx8"]},"content":"3986092865献祭了：2张二星  2张三星  获得1680P点，当前P点数为5597","timestamp":1778603282515}
{"id":397958,"type":"success","level":1,"name":"抽卡与卡组","meta":{"paths":["lp0hx8"]},"content":"971217490献祭了：6张二星  1张三星  获得2240P点，当前P点数为4979","timestamp":1778603302033}
{"id":397992,"type":"info","level":2,"name":"抽卡与卡组","meta":{"paths":["lp0hx8"]},"content":"29053789抽到了一张♔♕四星(?)♕♔卡，剩余224664P点","timestamp":1778603307639}
{"id":398210,"type":"success","level":1,"name":"抽卡与卡组","meta":{"paths":["lp0hx8"]},"content":"971217490献祭了：7张二星  获得1960P点，当前P点数为4139","timestamp":1778603349277}
{"id":398587,"type":"success","level":1,"name":"抽卡与卡组","meta":{"paths":["lp0hx8"]},"content":"971217490献祭了：4张二星  1张四星  获得2320P点，当前P点数为3659","timestamp":1778603444871}
{"id":398717,"type":"success","level":1,"name":"抽卡与卡组","meta":{"paths":["lp0hx8"]},"content":"971217490献祭了：4张二星  1张三星  获得1680P点，当前P点数为3339","timestamp":1778603485824}
{"id":398816,"type":"success","level":1,"name":"抽卡与卡组","meta":{"paths":["lp0hx8"]},"content":"971217490献祭了：5张二星  获得1400P点，当前P点数为2739","timestamp":1778603511941}
{"id":398911,"type":"info","level":2,"name":"签到","meta":{"paths":["lp0hx8"]},"content":"1652933285向971217490赠送了2个P点","timestamp":1778603540205}
{"id":398973,"type":"success","level":1,"name":"签到","meta":{"paths":["lp0hx8"]},"content":"29053789抢了971217490的140P点！","timestamp":1778603558592}
{"id":399017,"type":"success","level":1,"name":"签到","meta":{"paths":["lp0hx8"]},"content":"1012113121完成了一次签到！","timestamp":1778603565333}
{"id":399065,"type":"info","level":2,"name":"签到","meta":{"paths":["lp0hx8"]},"content":"已更新1652933285的抢劫次数和记录","timestamp":1778603572972}
{"id":399086,"type":"success","level":1,"name":"签到","meta":{"paths":["lp0hx8"]},"content":"1652933285抢了29053789的359P点！","timestamp":1778603573302}
{"id":399087,"type":"info","level":2,"name":"签到","meta":{"paths":["lp0hx8"]},"content":"1652933285今天的抢劫记录为359   |    剩余抢劫次数为2","timestamp":1778603573304}
{"id":399151,"type":"success","level":1,"name":"签到","meta":{"paths":["lp0hx8"]},"content":"1652933285抢了29053789的440P点！","timestamp":1778603581075}
{"id":399152,"type":"info","level":2,"name":"签到","meta":{"paths":["lp0hx8"]},"content":"1652933285今天的抢劫记录为799   |    剩余抢劫次数为1","timestamp":1778603581077}
{"id":399249,"type":"success","level":1,"name":"签到","meta":{"paths":["lp0hx8"]},"content":"29053789抢了1296434423的6820P点！","timestamp":1778603596155}
{"id":399270,"type":"warn","level":2,"name":"session","meta":{},"content":"Error: Error with request send_group_msg, args: {\"group_id\":1091191330,\"message\":[{\"type\":\"at\",\"data\":{\"qq\":\"956937232\"}},{\"type\":\"text\",\"data\":{\"text\":\"  你送出了1P点！\\n你还剩276的P点\\n→\"}},{\"type\":\"at\",\"data\":{\"qq\":\"1652933285\"}},{\"type\":\"text\",\"data\":{\"text\":\"  你收到了1P点！\\n你现在有400的P点\"}}]}, retcode: 1200\n    at _Internal._get (/root/lezskabot/koishi/koishi-app/node_modules/koishi-plugin-adapter-onebot/lib/index.js:119:11)\n    at process.processTicksAndRejections (node:internal/process/task_queues:95:5)\n    at async _Internal.<computed> [as sendGroupMsg] (/root/lezskabot/koishi/koishi-app/node_modules/koishi-plugin-adapter-onebot/lib/index.js:162:20)\n    at async OneBotMessageEncoder.flush (/root/lezskabot/koishi/koishi-app/node_modules/koishi-plugin-adapter-onebot/lib/index.js:771:338)\n    at async OneBotMessageEncoder.send (/root/lezskabot/koishi/koishi-app/node_modules/@satorijs/core/lib/index.cjs:755:5)\n    at async Proxy.sendMessage (/root/lezskabot/koishi/koishi-app/node_modules/@satorijs/core/lib/index.cjs:487:22)\n    at async _Command.eval (eval at <anonymous> (/root/lezskabot/koishi/koishi-app/node_modules/koishi-plugin-blockly-null/lib/index.js:1:1), <anonymous>:209:29)\n    at async Array.<anonymous> (/root/lezskabot/koishi/koishi-app/node_modules/@koishijs/core/lib/index.cjs:1079:14)\n    at async _Command.execute (/root/lezskabot/koishi/koishi-app/node_modules/@koishijs/core/lib/index.cjs:1093:22)\n    at async /root/lezskabot/koishi/koishi-app/node_modules/@koishijs/core/lib/index.cjs:2049:22","timestamp":1778603597127}
{"id":399271,"type":"info","level":2,"name":"签到","meta":{"paths":["lp0hx8"]},"content":"956937232向1652933285赠送了1个P点","timestamp":1778603597141}
{"id":399296,"type":"warn","level":2,"name":"session","meta":{},"content":"Error: Error with request send_group_msg, args: {\"group_id\":1091191330,\"message\":[{\"type\":\"image\",\"data\":{\"file\":\"/root/lezskabot/cards/1/191.png\",\"cache\":0}},{\"type\":\"at\",\"data\":{\"qq\":\"1652933285\"}},{\"type\":\"text\",\"data\":{\"text\":\"☆二星★\\n你还有0P点\\n也就是0抽。\\n请仔细阅读“抽卡帮助”！\\n此卡已自动存入你卡组的第4位\"}}]}, retcode: 1200\n    at _Internal._get (/root/lezskabot/koishi/koishi-app/node_modules/koishi-plugin-adapter-onebot/lib/index.js:119:11)\n    at process.processTicksAndRejections (node:internal/process/task_queues:95:5)\n    at async _Internal.<computed> [as sendGroupMsg] (/root/lezskabot/koishi/koishi-app/node_modules/koishi-plugin-adapter-onebot/lib/index.js:162:20)\n    at async OneBotMessageEncoder.flush (/root/lezskabot/koishi/koishi-app/node_modules/koishi-plugin-adapter-onebot/lib/index.js:771:338)\n    at async OneBotMessageEncoder.send (/root/lezskabot/koishi/koishi-app/node_modules/@satorijs/core/lib/index.cjs:755:5)\n    at async Proxy.sendMessage (/root/lezskabot/koishi/koishi-app/node_modules/@satorijs/core/lib/index.cjs:487:22)\n    at async _Command.eval (eval at <anonymous> (/root/lezskabot/koishi/koishi-app/node_modules/koishi-plugin-blockly-null/lib/index.js:1:1), <anonymous>:293:21)\n    at async Array.<anonymous> (/root/lezskabot/koishi/koishi-app/node_modules/@koishijs/core/lib/index.cjs:1079:14)\n    at async _Command.execute (/root/lezskabot/koishi/koishi-app/node_modules/@koishijs/core/lib/index.cjs:1093:22)\n    at async /root/lezskabot/koishi/koishi-app/node_modules/@koishijs/core/lib/index.cjs:2049:22","timestamp":1778603602379}
{"id":399302,"type":"info","level":2,"name":"抽卡与卡组","meta":{"paths":["lp0hx8"]},"content":"1652933285抽到了一张☆二星★卡，剩余0P点","timestamp":1778603602398}
{"id":399308,"type":"warn","level":2,"name":"session","meta":{},"content":"Error: Error with request send_group_msg, args: {\"group_id\":1091191330,\"message\":[{\"type\":\"at\",\"data\":{\"qq\":\"1296434423\"}},{\"type\":\"text\",\"data\":{\"text\":\"  你输入的啥啊笨蛋\"}}]}, retcode: 1200\n    at _Internal._get (/root/lezskabot/koishi/koishi-app/node_modules/koishi-plugin-adapter-onebot/lib/index.js:119:11)\n    at process.processTicksAndRejections (node:internal/process/task_queues:95:5)\n    at async _Internal.<computed> [as sendGroupMsg] (/root/lezskabot/koishi/koishi-app/node_modules/koishi-plugin-adapter-onebot/lib/index.js:162:20)\n    at async OneBotMessageEncoder.flush (/root/lezskabot/koishi/koishi-app/node_modules/koishi-plugin-adapter-onebot/lib/index.js:771:338)\n    at async OneBotMessageEncoder.send (/root/lezskabot/koishi/koishi-app/node_modules/@satorijs/core/lib/index.cjs:755:5)\n    at async Proxy.sendMessage (/root/lezskabot/koishi/koishi-app/node_modules/@satorijs/core/lib/index.cjs:487:22)\n    at async /root/lezskabot/koishi/koishi-app/node_modules/@koishijs/core/lib/index.cjs:2051:7\n    at async Proxy.withScope (/root/lezskabot/koishi/koishi-app/node_modules/@koishijs/core/lib/index.cjs:1958:22)\n    at async next (/root/lezskabot/koishi/koishi-app/node_modules/@koishijs/core/lib/index.cjs:827:16)\n    at async next (/root/lezskabot/koishi/koishi-app/node_modules/@koishijs/core/lib/index.cjs:827:16)","timestamp":1778603603269}
{"id":399373,"type":"error","level":1,"name":"抽卡与卡组","meta":{"paths":["lp0hx8"]},"content":"1652933285抽卡失败，积分不足","timestamp":1778603623910}
{"id":399529,"type":"info","level":2,"name":"签到","meta":{"paths":["lp0hx8"]},"content":"2334828455向3986092865赠送了313个P点","timestamp":1778603698937}
{"id":403100,"type":"success","level":1,"name":"签到","meta":{"paths":["lp0hx8"]},"content":"29053789抢了956937232的8570P点！","timestamp":1778605250763}
{"id":403304,"type":"info","level":2,"name":"签到","meta":{"paths":["lp0hx8"]},"content":"已更新3911816075的抢劫次数和记录","timestamp":1778605294644}
{"id":403368,"type":"success","level":1,"name":"签到","meta":{"paths":["lp0hx8"]},"content":"29053789抢了3911816075的319P点！","timestamp":1778605302819}
{"id":403369,"type":"info","level":2,"name":"签到","meta":{"paths":["lp0hx8"]},"content":"29053789今天的抢劫记录为-447264   |    剩余抢劫次数为3","timestamp":1778605302820}
{"id":403487,"type":"success","level":1,"name":"签到","meta":{"paths":["lp0hx8"]},"content":"29053789抢了1012113121的248P点！","timestamp":1778605320703}
{"id":403488,"type":"info","level":2,"name":"签到","meta":{"paths":["lp0hx8"]},"content":"29053789今天的抢劫记录为-447021   |    剩余抢劫次数为3","timestamp":1778605320705}
{"id":403558,"type":"info","level":2,"name":"签到","meta":{"paths":["lp0hx8"]},"content":"已更新1012113121的抢劫次数和记录","timestamp":1778605330432}
{"id":403579,"type":"success","level":1,"name":"签到","meta":{"paths":["lp0hx8"]},"content":"1012113121抢了29053789的65P点！","timestamp":1778605330758}
{"id":403580,"type":"info","level":2,"name":"签到","meta":{"paths":["lp0hx8"]},"content":"1012113121今天的抢劫记录为65   |    剩余抢劫次数为2","timestamp":1778605330770}
{"id":403670,"type":"success","level":1,"name":"签到","meta":{"paths":["lp0hx8"]},"content":"1012113121抢劫29053789失败！失去了5P点！","timestamp":1778605342493}
{"id":403671,"type":"info","level":2,"name":"签到","meta":{"paths":["lp0hx8"]},"content":"1012113121今天的抢劫记录为60   |    剩余抢劫次数为1","timestamp":1778605342494}
{"id":403712,"type":"success","level":1,"name":"签到","meta":{"paths":["lp0hx8"]},"content":"1012113121抢了29053789的59P点！","timestamp":1778605345209}
{"id":403713,"type":"info","level":2,"name":"签到","meta":{"paths":["lp0hx8"]},"content":"1012113121今天的抢劫记录为119   |    剩余抢劫次数为0","timestamp":1778605345210}
{"id":403771,"type":"success","level":1,"name":"签到","meta":{"paths":["lp0hx8"]},"content":"3911816075抢了1012113121的462P点！","timestamp":1778605348121}
{"id":403772,"type":"info","level":2,"name":"签到","meta":{"paths":["lp0hx8"]},"content":"3911816075今天的抢劫记录为-3000   |    剩余抢劫次数为2","timestamp":1778605348130}
{"id":403866,"type":"info","level":2,"name":"签到","meta":{"paths":["lp0hx8"]},"content":"已更新2188730297的抢劫次数和记录","timestamp":1778605365535}
{"id":403883,"type":"success","level":1,"name":"签到","meta":{"paths":["lp0hx8"]},"content":"2188730297抢劫3911816075失败！失去了105P点！","timestamp":1778605365842}
{"id":403884,"type":"info","level":2,"name":"签到","meta":{"paths":["lp0hx8"]},"content":"2188730297今天的抢劫记录为-105   |    剩余抢劫次数为2","timestamp":1778605365843}
{"id":403930,"type":"success","level":1,"name":"签到","meta":{"paths":["lp0hx8"]},"content":"2188730297抢劫3911816075失败！失去了76P点！","timestamp":1778605373348}
{"id":403931,"type":"info","level":2,"name":"签到","meta":{"paths":["lp0hx8"]},"content":"2188730297今天的抢劫记录为-181   |    剩余抢劫次数为1","timestamp":1778605373354}
{"id":403977,"type":"success","level":1,"name":"签到","meta":{"paths":["lp0hx8"]},"content":"2188730297抢了3911816075的218P点！","timestamp":1778605383136}
{"id":403978,"type":"info","level":2,"name":"签到","meta":{"paths":["lp0hx8"]},"content":"2188730297今天的抢劫记录为37   |    剩余抢劫次数为0","timestamp":1778605383138}
{"id":404143,"type":"success","level":1,"name":"签到","meta":{"paths":["lp0hx8"]},"content":"3911816075抢劫2188730297失败！失去了84P点！","timestamp":1778605429291}
{"id":404144,"type":"info","level":2,"name":"签到","meta":{"paths":["lp0hx8"]},"content":"3911816075今天的抢劫记录为-6003   |    剩余抢劫次数为19","timestamp":1778605429293}
{"id":404218,"type":"success","level":1,"name":"签到","meta":{"paths":["lp0hx8"]},"content":"3911816075抢劫2188730297失败！失去了49P点！","timestamp":1778605439577}
{"id":404219,"type":"info","level":2,"name":"签到","meta":{"paths":["lp0hx8"]},"content":"3911816075今天的抢劫记录为-6052   |    剩余抢劫次数为18","timestamp":1778605439580}
{"id":404282,"type":"success","level":1,"name":"签到","meta":{"paths":["lp0hx8"]},"content":"3911816075抢了2188730297的47P点！","timestamp":1778605449409}
{"id":404283,"type":"info","level":2,"name":"签到","meta":{"paths":["lp0hx8"]},"content":"3911816075今天的抢劫记录为-6005   |    剩余抢劫次数为17","timestamp":1778605449410}
{"id":404330,"type":"success","level":1,"name":"签到","meta":{"paths":["lp0hx8"]},"content":"3911816075抢劫2188730297失败！失去了106P点！","timestamp":1778605458644}
{"id":404331,"type":"info","level":2,"name":"签到","meta":{"paths":["lp0hx8"]},"content":"3911816075今天的抢劫记录为-6111   |    剩余抢劫次数为16","timestamp":1778605458645}
{"id":404441,"type":"success","level":1,"name":"签到","meta":{"paths":["lp0hx8"]},"content":"3911816075抢了971217490的33P点！","timestamp":1778605478577}
{"id":404442,"type":"info","level":2,"name":"签到","meta":{"paths":["lp0hx8"]},"content":"3911816075今天的抢劫记录为-6078   |    剩余抢劫次数为15","timestamp":1778605478579}
{"id":404497,"type":"success","level":1,"name":"签到","meta":{"paths":["lp0hx8"]},"content":"3911816075抢劫971217490失败！失去了87P点！","timestamp":1778605492913}
{"id":404498,"type":"info","level":2,"name":"签到","meta":{"paths":["lp0hx8"]},"content":"3911816075今天的抢劫记录为-6165   |    剩余抢劫次数为14","timestamp":1778605492914}
{"id":404718,"type":"success","level":1,"name":"签到","meta":{"paths":["lp0hx8"]},"content":"3911816075抢劫971217490失败！失去了51P点！","timestamp":1778605548728}
{"id":404719,"type":"info","level":2,"name":"签到","meta":{"paths":["lp0hx8"]},"content":"3911816075今天的抢劫记录为-6216   |    剩余抢劫次数为13","timestamp":1778605548729}
{"id":404827,"type":"success","level":1,"name":"签到","meta":{"paths":["lp0hx8"]},"content":"29053789抢了3911816075的6940P点！","timestamp":1778605581447}
{"id":405020,"type":"success","level":1,"name":"签到","meta":{"paths":["lp0hx8"]},"content":"3055983840完成了一次签到！","timestamp":1778605645184}
{"id":405042,"type":"info","level":2,"name":"签到","meta":{"paths":["lp0hx8"]},"content":"已更新971217490的抢劫次数和记录","timestamp":1778605659697}
{"id":405059,"type":"success","level":1,"name":"签到","meta":{"paths":["lp0hx8"]},"content":"971217490抢劫3055983840失败！失去了12P点！","timestamp":1778605660392}
{"id":405060,"type":"info","level":2,"name":"签到","meta":{"paths":["lp0hx8"]},"content":"971217490今天的抢劫记录为-12   |    剩余抢劫次数为2","timestamp":1778605660392}
{"id":405125,"type":"success","level":1,"name":"签到","meta":{"paths":["lp0hx8"]},"content":"3911816075抢了971217490的273P点！","timestamp":1778605679395}
{"id":405126,"type":"info","level":2,"name":"签到","meta":{"paths":["lp0hx8"]},"content":"3911816075今天的抢劫记录为-5943   |    剩余抢劫次数为12","timestamp":1778605679396}
{"id":405158,"type":"success","level":1,"name":"签到","meta":{"paths":["lp0hx8"]},"content":"971217490抢劫3911816075失败！失去了235P点！","timestamp":1778605684857}
{"id":405159,"type":"info","level":2,"name":"签到","meta":{"paths":["lp0hx8"]},"content":"971217490今天的抢劫记录为-2803   |    剩余抢劫次数为1","timestamp":1778605684859}
{"id":405249,"type":"info","level":2,"name":"签到","meta":{"paths":["lp0hx8"]},"content":"已更新3055983840的抢劫次数和记录","timestamp":1778605697283}
{"id":405266,"type":"success","level":1,"name":"签到","meta":{"paths":["lp0hx8"]},"content":"3055983840抢劫971217490失败！失去了116P点！","timestamp":1778605697797}
{"id":405267,"type":"info","level":2,"name":"签到","meta":{"paths":["lp0hx8"]},"content":"3055983840今天的抢劫记录为-116   |    剩余抢劫次数为2","timestamp":1778605697798}
{"id":405326,"type":"info","level":2,"name":"签到","meta":{"paths":["lp0hx8"]},"content":"29053789向3911816075赠送了4000个P点","timestamp":1778605707420}
{"id":405376,"type":"success","level":1,"name":"签到","meta":{"paths":["lp0hx8"]},"content":"971217490抢了3911816075的475P点！","timestamp":1778605717427}
{"id":405377,"type":"info","level":2,"name":"签到","meta":{"paths":["lp0hx8"]},"content":"971217490今天的抢劫记录为-2328   |    剩余抢劫次数为0","timestamp":1778605717428}
{"id":405435,"type":"warn","level":2,"name":"session","meta":{},"content":"Error: Error with request send_group_msg, args: {\"group_id\":1091191330,\"message\":[{\"type\":\"image\",\"data\":{\"file\":\"/root/lezskabot/cards/1/246.png\",\"cache\":0}},{\"type\":\"at\",\"data\":{\"qq\":\"971217490\"}},{\"type\":\"text\",\"data\":{\"text\":\"☆二星★\\n你还有2123P点\\n也就是5抽。\\n请仔细阅读“抽卡帮助”！\\n此卡已自动存入你卡组的第2位\"}}]}, retcode: 1200\n    at _Internal._get (/root/lezskabot/koishi/koishi-app/node_modules/koishi-plugin-adapter-onebot/lib/index.js:119:11)\n    at process.processTicksAndRejections (node:internal/process/task_queues:95:5)\n    at async _Internal.<computed> [as sendGroupMsg] (/root/lezskabot/koishi/koishi-app/node_modules/koishi-plugin-adapter-onebot/lib/index.js:162:20)\n    at async OneBotMessageEncoder.flush (/root/lezskabot/koishi/koishi-app/node_modules/koishi-plugin-adapter-onebot/lib/index.js:771:338)\n    at async OneBotMessageEncoder.send (/root/lezskabot/koishi/koishi-app/node_modules/@satorijs/core/lib/index.cjs:755:5)\n    at async Proxy.sendMessage (/root/lezskabot/koishi/koishi-app/node_modules/@satorijs/core/lib/index.cjs:487:22)\n    at async _Command.eval (eval at <anonymous> (/root/lezskabot/koishi/koishi-app/node_modules/koishi-plugin-blockly-null/lib/index.js:1:1), <anonymous>:293:21)\n    at async Array.<anonymous> (/root/lezskabot/koishi/koishi-app/node_modules/@koishijs/core/lib/index.cjs:1079:14)\n    at async _Command.execute (/root/lezskabot/koishi/koishi-app/node_modules/@koishijs/core/lib/index.cjs:1093:22)\n    at async /root/lezskabot/koishi/koishi-app/node_modules/@koishijs/core/lib/index.cjs:2049:22","timestamp":1778605729870}
{"id":405441,"type":"info","level":2,"name":"抽卡与卡组","meta":{"paths":["lp0hx8"]},"content":"971217490抽到了一张☆二星★卡，剩余2123P点","timestamp":1778605729891}
{"id":405506,"type":"success","level":1,"name":"签到","meta":{"paths":["lp0hx8"]},"content":"3911816075抢劫971217490失败！失去了293P点！","timestamp":1778605744807}
{"id":405507,"type":"info","level":2,"name":"签到","meta":{"paths":["lp0hx8"]},"content":"3911816075今天的抢劫记录为-10509   |    剩余抢劫次数为11","timestamp":1778605744807}
{"id":405843,"type":"success","level":1,"name":"签到","meta":{"paths":["lp0hx8"]},"content":"3055983840抢劫3911816075失败！失去了128P点！","timestamp":1778605889643}
{"id":405844,"type":"info","level":2,"name":"签到","meta":{"paths":["lp0hx8"]},"content":"3055983840今天的抢劫记录为-244   |    剩余抢劫次数为1","timestamp":1778605889643}
{"id":405944,"type":"success","level":1,"name":"签到","meta":{"paths":["lp0hx8"]},"content":"3055983840抢劫1950232183失败！失去了77P点！","timestamp":1778605920883}
{"id":405945,"type":"info","level":2,"name":"签到","meta":{"paths":["lp0hx8"]},"content":"3055983840今天的抢劫记录为-321   |    剩余抢劫次数为0","timestamp":1778605920884}
{"id":406125,"type":"error","level":1,"name":"抽卡与卡组","meta":{"paths":["lp0hx8"]},"content":"1012113121抽卡失败，积分不足","timestamp":1778606035682}
{"id":406149,"type":"error","level":1,"name":"抽卡与卡组","meta":{"paths":["lp0hx8"]},"content":"1012113121抽卡失败，积分不足","timestamp":1778606041547}
{"id":409055,"type":"success","level":1,"name":"签到","meta":{"paths":["lp0hx8"]},"content":"3903949840完成了一次签到！","timestamp":1778607324050}
{"id":417222,"type":"success","level":1,"name":"签到","meta":{"paths":["lp0hx8"]},"content":"1820639552完成了一次签到！","timestamp":1778613793525}
{"id":418051,"type":"success","level":1,"name":"签到","meta":{"paths":["lp0hx8"]},"content":"2250804603完成了一次签到！","timestamp":1778623952429}
{"id":418213,"type":"success","level":1,"name":"签到","meta":{"paths":["lp0hx8"]},"content":"2221639610完成了一次签到！","timestamp":1778624795546}
{"id":418479,"type":"success","level":1,"name":"签到","meta":{"paths":["lp0hx8"]},"content":"1969859341完成了一次签到！","timestamp":1778626042475}
{"id":418670,"type":"success","level":1,"name":"签到","meta":{"paths":["lp0hx8"]},"content":"1509417679完成了一次签到！","timestamp":1778627697434}
{"id":418816,"type":"success","level":1,"name":"签到","meta":{"paths":["lp0hx8"]},"content":"3227833184完成了一次签到！","timestamp":1778628297969}
{"id":418898,"type":"success","level":1,"name":"签到","meta":{"paths":["lp0hx8"]},"content":"3534850564完成了一次签到！","timestamp":1778628463856}
{"id":419007,"type":"success","level":1,"name":"签到","meta":{"paths":["lp0hx8"]},"content":"2455800638完成了一次签到！","timestamp":1778628961240}
{"id":419141,"type":"success","level":1,"name":"签到","meta":{"paths":["lp0hx8"]},"content":"1813783853完成了一次签到！","timestamp":1778629312479}
{"id":419382,"type":"success","level":1,"name":"签到","meta":{"paths":["lp0hx8"]},"content":"1090073898完成了一次签到！","timestamp":1778629589499}
