{"id":649570,"type":"success","level":1,"name":"抽卡与卡组","meta":{"paths":["lp0hx8"]},"content":"986054920献祭了：3张二星  1张三星  1张四星  获得2600P点，当前P点数为6080","timestamp":1778773319926}
{"id":649662,"type":"success","level":1,"name":"抽卡与卡组","meta":{"paths":["lp0hx8"]},"content":"2186790348献祭了：1张二星  2张三星  获得1400P点，当前P点数为32134","timestamp":1778773325588}
{"id":649743,"type":"success","level":1,"name":"抽卡与卡组","meta":{"paths":["lp0hx8"]},"content":"2186790348献祭了：2张二星  1张三星  获得1120P点，当前P点数为32054","timestamp":1778773331477}
{"id":649802,"type":"success","level":1,"name":"抽卡与卡组","meta":{"paths":["lp0hx8"]},"content":"986054920献祭了：4张二星  1张三星  获得1680P点，当前P点数为5760","timestamp":1778773334751}
{"id":649843,"type":"success","level":1,"name":"抽卡与卡组","meta":{"paths":["lp0hx8"]},"content":"2186790348献祭了：2张二星  1张三星  获得1120P点，当前P点数为31974","timestamp":1778773337440}
{"id":649962,"type":"success","level":1,"name":"抽卡与卡组","meta":{"paths":["lp0hx8"]},"content":"2186790348献祭了：3张二星  获得840P点，当前P点数为31614","timestamp":1778773347431}
{"id":649965,"type":"success","level":1,"name":"抽卡与卡组","meta":{"paths":["lp0hx8"]},"content":"2628075910献祭了：2张二星  2张四星  获得2960P点，当前P点数为25300","timestamp":1778773347479}
{"id":650032,"type":"success","level":1,"name":"抽卡与卡组","meta":{"paths":["lp0hx8"]},"content":"2186790348献祭了：2张二星  1张三星  获得1120P点，当前P点数为31534","timestamp":1778773353518}
{"id":650214,"type":"success","level":1,"name":"抽卡与卡组","meta":{"paths":["lp0hx8"]},"content":"986054920献祭了：3张二星  2张三星  获得1960P点，当前P点数为5720","timestamp":1778773369085}
{"id":650292,"type":"success","level":1,"name":"抽卡与卡组","meta":{"paths":["lp0hx8"]},"content":"2628075910献祭了：3张二星  1张四星  获得2040P点，当前P点数为25740","timestamp":1778773386046}
{"id":650570,"type":"success","level":1,"name":"抽卡与卡组","meta":{"paths":["lp0hx8"]},"content":"2186790348献祭了：2张二星  1张三星  获得1120P点，当前P点数为31454","timestamp":1778773426705}
{"id":650654,"type":"success","level":1,"name":"抽卡与卡组","meta":{"paths":["lp0hx8"]},"content":"2186790348献祭了：3张二星  获得840P点，当前P点数为31094","timestamp":1778773433714}
{"id":650665,"type":"success","level":1,"name":"抽卡与卡组","meta":{"paths":["lp0hx8"]},"content":"2628075910献祭了：1张二星  2张三星  1张四星  获得2600P点，当前P点数为26740","timestamp":1778773434792}
{"id":650772,"type":"success","level":1,"name":"抽卡与卡组","meta":{"paths":["lp0hx8"]},"content":"2628075910献祭了：3张二星  1张三星  获得1400P点，当前P点数为26540","timestamp":1778773444204}
{"id":650791,"type":"success","level":1,"name":"抽卡与卡组","meta":{"paths":["lp0hx8"]},"content":"986054920献祭了：2张二星  2张三星  1张FES  获得3680P点，当前P点数为7400","timestamp":1778773445667}
{"id":650853,"type":"success","level":1,"name":"抽卡与卡组","meta":{"paths":["lp0hx8"]},"content":"2186790348献祭了：1张二星  1张三星  1张四星  获得2040P点，当前P点数为31934","timestamp":1778773450453}
{"id":650961,"type":"success","level":1,"name":"抽卡与卡组","meta":{"paths":["lp0hx8"]},"content":"2186790348献祭了：3张三星  获得1680P点，当前P点数为32414","timestamp":1778773456338}
{"id":651035,"type":"success","level":1,"name":"抽卡与卡组","meta":{"paths":["lp0hx8"]},"content":"2186790348献祭了：3张二星  获得840P点，当前P点数为32054","timestamp":1778773461934}
{"id":651092,"type":"success","level":1,"name":"抽卡与卡组","meta":{"paths":["lp0hx8"]},"content":"2186790348献祭了：1张二星  2张三星  获得1400P点，当前P点数为32254","timestamp":1778773467770}
{"id":651131,"type":"success","level":1,"name":"抽卡与卡组","meta":{"paths":["lp0hx8"]},"content":"2628075910献祭了：1张二星  3张三星  获得1960P点，当前P点数为26900","timestamp":1778773469177}
{"id":651180,"type":"success","level":1,"name":"抽卡与卡组","meta":{"paths":["lp0hx8"]},"content":"986054920献祭了：1张二星  3张三星  1张四星  获得3160P点，当前P点数为8560","timestamp":1778773473442}
{"id":651199,"type":"success","level":1,"name":"抽卡与卡组","meta":{"paths":["lp0hx8"]},"content":"2186790348献祭了：2张二星  1张三星  获得1120P点，当前P点数为32174","timestamp":1778773474563}
{"id":651252,"type":"success","level":1,"name":"抽卡与卡组","meta":{"paths":["lp0hx8"]},"content":"2186790348献祭了：3张二星  获得840P点，当前P点数为31814","timestamp":1778773480006}
{"id":651341,"type":"success","level":1,"name":"抽卡与卡组","meta":{"paths":["lp0hx8"]},"content":"2186790348献祭了：3张二星  获得840P点，当前P点数为31454","timestamp":1778773486211}
{"id":651392,"type":"success","level":1,"name":"抽卡与卡组","meta":{"paths":["lp0hx8"]},"content":"986054920献祭了：3张二星  2张三星  获得1960P点，当前P点数为8520","timestamp":1778773490604}
{"id":651403,"type":"success","level":1,"name":"抽卡与卡组","meta":{"paths":["lp0hx8"]},"content":"2186790348献祭了：3张二星  获得840P点，当前P点数为31094","timestamp":1778773491496}
{"id":651453,"type":"success","level":1,"name":"抽卡与卡组","meta":{"paths":["lp0hx8"]},"content":"2628075910献祭了：3张二星  1张四星  获得2040P点，当前P点数为27340","timestamp":1778773495389}
{"id":651465,"type":"success","level":1,"name":"抽卡与卡组","meta":{"paths":["lp0hx8"]},"content":"2186790348献祭了：3张二星  获得840P点，当前P点数为30734","timestamp":1778773496611}
{"id":651585,"type":"success","level":1,"name":"抽卡与卡组","meta":{"paths":["lp0hx8"]},"content":"2628075910献祭了：2张二星  2张三星  获得1680P点，当前P点数为27420","timestamp":1778773505926}
{"id":651637,"type":"success","level":1,"name":"抽卡与卡组","meta":{"paths":["lp0hx8"]},"content":"2186790348献祭了：2张二星  1张四星  获得1760P点，当前P点数为31294","timestamp":1778773508961}
{"id":651708,"type":"success","level":1,"name":"抽卡与卡组","meta":{"paths":["lp0hx8"]},"content":"2628075910献祭了：2张二星  2张三星  获得1680P点，当前P点数为27500","timestamp":1778773514521}
{"id":651711,"type":"success","level":1,"name":"抽卡与卡组","meta":{"paths":["lp0hx8"]},"content":"2186790348献祭了：2张二星  1张三星  获得1120P点，当前P点数为31214","timestamp":1778773514842}
{"id":651808,"type":"success","level":1,"name":"抽卡与卡组","meta":{"paths":["lp0hx8"]},"content":"2186790348献祭了：3张二星  获得840P点，当前P点数为30854","timestamp":1778773520715}
{"id":651866,"type":"success","level":1,"name":"抽卡与卡组","meta":{"paths":["lp0hx8"]},"content":"2628075910献祭了：1张二星  3张三星  获得1960P点，当前P点数为27860","timestamp":1778773525574}
{"id":651952,"type":"success","level":1,"name":"抽卡与卡组","meta":{"paths":["lp0hx8"]},"content":"2186790348献祭了：3张二星  获得840P点，当前P点数为30494","timestamp":1778773532724}
{"id":652023,"type":"success","level":1,"name":"抽卡与卡组","meta":{"paths":["lp0hx8"]},"content":"2628075910献祭了：4张二星  获得1120P点，当前P点数为27380","timestamp":1778773537281}
{"id":652066,"type":"success","level":1,"name":"抽卡与卡组","meta":{"paths":["lp0hx8"]},"content":"2186790348献祭了：2张二星  1张三星  获得1120P点，当前P点数为30414","timestamp":1778773540017}
{"id":652107,"type":"success","level":1,"name":"抽卡与卡组","meta":{"paths":["lp0hx8"]},"content":"986054920献祭了：5张二星  获得1400P点，当前P点数为7920","timestamp":1778773543784}
{"id":652139,"type":"success","level":1,"name":"抽卡与卡组","meta":{"paths":["lp0hx8"]},"content":"2186790348献祭了：2张二星  1张三星  获得1120P点，当前P点数为30334","timestamp":1778773546055}
{"id":652205,"type":"success","level":1,"name":"抽卡与卡组","meta":{"paths":["lp0hx8"]},"content":"2186790348献祭了：3张二星  获得840P点，当前P点数为29974","timestamp":1778773552037}
{"id":652266,"type":"warn","level":2,"name":"command","meta":{},"content":"献祭 \nTypeError: 卡组[(Number(...) - 1)].charAt is not a function\n    at _Command.eval (eval at <anonymous> (/root/lezskabot/koishi/koishi-app/node_modules/koishi-plugin-blockly-null/lib/index.js:1:1), <anonymous>:387:86)\n    at process.processTicksAndRejections (node:internal/process/task_queues:95:5)\n    at async Array.<anonymous> (/root/lezskabot/koishi/koishi-app/node_modules/@koishijs/core/lib/index.cjs:1079:14)\n    at async _Command.execute (/root/lezskabot/koishi/koishi-app/node_modules/@koishijs/core/lib/index.cjs:1093:22)\n    at async /root/lezskabot/koishi/koishi-app/node_modules/@koishijs/core/lib/index.cjs:2049:22\n    at async Proxy.withScope (/root/lezskabot/koishi/koishi-app/node_modules/@koishijs/core/lib/index.cjs:1958:22)\n    at async next (/root/lezskabot/koishi/koishi-app/node_modules/@koishijs/core/lib/index.cjs:827:16)\n    at async next (/root/lezskabot/koishi/koishi-app/node_modules/@koishijs/core/lib/index.cjs:827:16)\n    at async next (/root/lezskabot/koishi/koishi-app/node_modules/@koishijs/core/lib/index.cjs:827:16)\n    at async next (/root/lezskabot/koishi/koishi-app/node_modules/@koishijs/core/lib/index.cjs:827:16)","timestamp":1778773557981}
{"id":652292,"type":"success","level":1,"name":"抽卡与卡组","meta":{"paths":["lp0hx8"]},"content":"2628075910献祭了：2张二星  1张三星  1张四星  获得2320P点，当前P点数为28100","timestamp":1778773559292}
{"id":652303,"type":"success","level":1,"name":"抽卡与卡组","meta":{"paths":["lp0hx8"]},"content":"2186790348献祭了：2张二星  1张三星  获得1120P点，当前P点数为29894","timestamp":1778773560528}
{"id":652368,"type":"success","level":1,"name":"抽卡与卡组","meta":{"paths":["lp0hx8"]},"content":"2186790348献祭了：2张二星  1张三星  获得1120P点，当前P点数为29814","timestamp":1778773566247}
{"id":652399,"type":"success","level":1,"name":"抽卡与卡组","meta":{"paths":["lp0hx8"]},"content":"986054920献祭了：4张二星  1张三星  获得1680P点，当前P点数为7600","timestamp":1778773569979}
{"id":652438,"type":"success","level":1,"name":"抽卡与卡组","meta":{"paths":["lp0hx8"]},"content":"2186790348献祭了：2张二星  1张三星  获得1120P点，当前P点数为29734","timestamp":1778773571758}
{"id":652604,"type":"success","level":1,"name":"抽卡与卡组","meta":{"paths":["lp0hx8"]},"content":"2628075910献祭了：3张二星  1张三星  获得1400P点，当前P点数为27900","timestamp":1778773579217}
{"id":652643,"type":"success","level":1,"name":"抽卡与卡组","meta":{"paths":["lp0hx8"]},"content":"986054920献祭了：3张二星  2张三星  获得1960P点，当前P点数为7560","timestamp":1778773584012}
{"id":652684,"type":"success","level":1,"name":"抽卡与卡组","meta":{"paths":["lp0hx8"]},"content":"2186790348献祭了：1张二星  2张三星  获得1400P点，当前P点数为29934","timestamp":1778773586644}
{"id":652775,"type":"success","level":1,"name":"抽卡与卡组","meta":{"paths":["lp0hx8"]},"content":"2628075910献祭了：1张二星  3张三星  获得1960P点，当前P点数为28260","timestamp":1778773590083}
{"id":652817,"type":"success","level":1,"name":"抽卡与卡组","meta":{"paths":["lp0hx8"]},"content":"2186790348献祭了：3张二星  获得840P点，当前P点数为29574","timestamp":1778773594275}
{"id":652870,"type":"success","level":1,"name":"抽卡与卡组","meta":{"paths":["lp0hx8"]},"content":"986054920献祭了：3张二星  2张三星  获得1960P点，当前P点数为7520","timestamp":1778773596990}
{"id":652910,"type":"success","level":1,"name":"抽卡与卡组","meta":{"paths":["lp0hx8"]},"content":"2186790348献祭了：3张二星  获得840P点，当前P点数为29214","timestamp":1778773599622}
{"id":652958,"type":"success","level":1,"name":"抽卡与卡组","meta":{"paths":["lp0hx8"]},"content":"2628075910献祭了：3张二星  1张三星  获得1400P点，当前P点数为28060","timestamp":1778773601767}
{"id":653035,"type":"success","level":1,"name":"抽卡与卡组","meta":{"paths":["lp0hx8"]},"content":"2186790348献祭了：2张二星  1张三星  获得1120P点，当前P点数为29134","timestamp":1778773607572}
{"id":653093,"type":"success","level":1,"name":"抽卡与卡组","meta":{"paths":["lp0hx8"]},"content":"2628075910献祭了：3张二星  1张三星  获得1400P点，当前P点数为27860","timestamp":1778773610748}
{"id":653151,"type":"success","level":1,"name":"抽卡与卡组","meta":{"paths":["lp0hx8"]},"content":"2186790348献祭了：1张二星  2张三星  获得1400P点，当前P点数为29334","timestamp":1778773613238}
{"id":653225,"type":"success","level":1,"name":"抽卡与卡组","meta":{"paths":["lp0hx8"]},"content":"2186790348献祭了：2张二星  1张三星  获得1120P点，当前P点数为29254","timestamp":1778773618486}
{"id":653259,"type":"success","level":1,"name":"抽卡与卡组","meta":{"paths":["lp0hx8"]},"content":"986054920献祭了：4张二星  1张四星  获得2320P点，当前P点数为7840","timestamp":1778773619686}
{"id":653372,"type":"success","level":1,"name":"抽卡与卡组","meta":{"paths":["lp0hx8"]},"content":"986054920献祭了：3张二星  2张三星  获得1960P点，当前P点数为7800","timestamp":1778773632552}
{"id":653383,"type":"success","level":1,"name":"抽卡与卡组","meta":{"paths":["lp0hx8"]},"content":"2628075910献祭了：2张二星  1张三星  1张四星  获得2320P点，当前P点数为28580","timestamp":1778773633718}
{"id":653453,"type":"success","level":1,"name":"抽卡与卡组","meta":{"paths":["lp0hx8"]},"content":"2186790348献祭了：1张二星  1张三星  1张四星  获得2040P点，当前P点数为30094","timestamp":1778773639146}
{"id":653517,"type":"success","level":1,"name":"抽卡与卡组","meta":{"paths":["lp0hx8"]},"content":"2186790348献祭了：3张二星  获得840P点，当前P点数为29734","timestamp":1778773644452}
{"id":653532,"type":"success","level":1,"name":"抽卡与卡组","meta":{"paths":["lp0hx8"]},"content":"2628075910献祭了：3张二星  1张三星  获得1400P点，当前P点数为28380","timestamp":1778773645628}
{"id":653637,"type":"success","level":1,"name":"抽卡与卡组","meta":{"paths":["lp0hx8"]},"content":"2186790348献祭了：2张二星  1张三星  获得1120P点，当前P点数为29654","timestamp":1778773649890}
{"id":653686,"type":"success","level":1,"name":"抽卡与卡组","meta":{"paths":["lp0hx8"]},"content":"2628075910献祭了：3张二星  1张三星  获得1400P点，当前P点数为28180","timestamp":1778773653565}
{"id":653741,"type":"success","level":1,"name":"抽卡与卡组","meta":{"paths":["lp0hx8"]},"content":"2186790348献祭了：3张二星  获得840P点，当前P点数为29294","timestamp":1778773655686}
{"id":653828,"type":"success","level":1,"name":"抽卡与卡组","meta":{"paths":["lp0hx8"]},"content":"2186790348献祭了：1张二星  2张三星  获得1400P点，当前P点数为29494","timestamp":1778773661062}
{"id":653855,"type":"success","level":1,"name":"抽卡与卡组","meta":{"paths":["lp0hx8"]},"content":"986054920献祭了：4张二星  1张三星  获得1680P点，当前P点数为7480","timestamp":1778773662362}
{"id":653877,"type":"success","level":1,"name":"抽卡与卡组","meta":{"paths":["lp0hx8"]},"content":"2628075910献祭了：3张二星  1张三星  获得1400P点，当前P点数为27980","timestamp":1778773662541}
{"id":654031,"type":"success","level":1,"name":"抽卡与卡组","meta":{"paths":["lp0hx8"]},"content":"2628075910献祭了：4张二星  获得1120P点，当前P点数为27500","timestamp":1778773673692}
{"id":654092,"type":"success","level":1,"name":"抽卡与卡组","meta":{"paths":["lp0hx8"]},"content":"2186790348献祭了：2张二星  1张FES  获得2560P点，当前P点数为30854","timestamp":1778773678209}
{"id":654182,"type":"success","level":1,"name":"抽卡与卡组","meta":{"paths":["lp0hx8"]},"content":"2186790348献祭了：2张二星  1张三星  获得1120P点，当前P点数为30774","timestamp":1778773684702}
{"id":654185,"type":"success","level":1,"name":"抽卡与卡组","meta":{"paths":["lp0hx8"]},"content":"986054920献祭了：5张二星  获得1400P点，当前P点数为6880","timestamp":1778773684754}
{"id":654243,"type":"success","level":1,"name":"抽卡与卡组","meta":{"paths":["lp0hx8"]},"content":"2186790348献祭了：3张二星  获得840P点，当前P点数为30414","timestamp":1778773690761}
{"id":654316,"type":"success","level":1,"name":"抽卡与卡组","meta":{"paths":["lp0hx8"]},"content":"2628075910献祭了：3张二星  1张FES  获得2840P点，当前P点数为28740","timestamp":1778773695831}
{"id":654320,"type":"success","level":1,"name":"抽卡与卡组","meta":{"paths":["lp0hx8"]},"content":"2186790348献祭了：2张二星  1张三星  获得1120P点，当前P点数为30334","timestamp":1778773696091}
{"id":654461,"type":"success","level":1,"name":"抽卡与卡组","meta":{"paths":["lp0hx8"]},"content":"2186790348献祭了：2张二星  1张三星  获得1120P点，当前P点数为30254","timestamp":1778773705989}
{"id":654562,"type":"success","level":1,"name":"抽卡与卡组","meta":{"paths":["lp0hx8"]},"content":"2186790348献祭了：2张二星  1张三星  获得1120P点，当前P点数为30174","timestamp":1778773715730}
{"id":654664,"type":"success","level":1,"name":"抽卡与卡组","meta":{"paths":["lp0hx8"]},"content":"986054920献祭了：3张二星  2张三星  获得1960P点，当前P点数为6840","timestamp":1778773725627}
{"id":654700,"type":"success","level":1,"name":"抽卡与卡组","meta":{"paths":["lp0hx8"]},"content":"2628075910献祭了：1张二星  2张三星  1张FES  获得3400P点，当前P点数为30540","timestamp":1778773729669}
{"id":654804,"type":"success","level":1,"name":"抽卡与卡组","meta":{"paths":["lp0hx8"]},"content":"2186790348献祭了：1张二星  1张三星  1张FES  获得2840P点，当前P点数为31814","timestamp":1778773735537}
{"id":654880,"type":"success","level":1,"name":"抽卡与卡组","meta":{"paths":["lp0hx8"]},"content":"986054920献祭了：5张二星  获得1400P点，当前P点数为6240","timestamp":1778773741704}
{"id":654883,"type":"success","level":1,"name":"抽卡与卡组","meta":{"paths":["lp0hx8"]},"content":"2628075910献祭了：4张二星  获得1120P点，当前P点数为30060","timestamp":1778773741899}
{"id":654945,"type":"success","level":1,"name":"抽卡与卡组","meta":{"paths":["lp0hx8"]},"content":"2628075910献祭了：2张二星  2张三星  获得1680P点，当前P点数为30140","timestamp":1778773749846}
{"id":655000,"type":"success","level":1,"name":"抽卡与卡组","meta":{"paths":["lp0hx8"]},"content":"2186790348献祭了：2张二星  1张四星  获得1760P点，当前P点数为32374","timestamp":1778773753049}
{"id":655079,"type":"success","level":1,"name":"抽卡与卡组","meta":{"paths":["lp0hx8"]},"content":"2186790348献祭了：3张二星  获得840P点，当前P点数为32014","timestamp":1778773758088}
{"id":655147,"type":"success","level":1,"name":"抽卡与卡组","meta":{"paths":["lp0hx8"]},"content":"2628075910献祭了：2张二星  2张三星  获得1680P点，当前P点数为30220","timestamp":1778773765885}
{"id":655249,"type":"success","level":1,"name":"抽卡与卡组","meta":{"paths":["lp0hx8"]},"content":"2628075910献祭了：3张二星  1张三星  获得1400P点，当前P点数为30020","timestamp":1778773777452}
{"id":655260,"type":"success","level":1,"name":"抽卡与卡组","meta":{"paths":["lp0hx8"]},"content":"2186790348献祭了：1张二星  1张三星  1张四星  获得2040P点，当前P点数为32854","timestamp":1778773778849}
{"id":655349,"type":"success","level":1,"name":"抽卡与卡组","meta":{"paths":["lp0hx8"]},"content":"2186790348献祭了：3张二星  获得840P点，当前P点数为32494","timestamp":1778773785399}
{"id":655421,"type":"success","level":1,"name":"抽卡与卡组","meta":{"paths":["lp0hx8"]},"content":"2628075910献祭了：3张二星  1张三星  获得1400P点，当前P点数为29820","timestamp":1778773789761}
{"id":655448,"type":"success","level":1,"name":"抽卡与卡组","meta":{"paths":["lp0hx8"]},"content":"2186790348献祭了：2张二星  1张三星  获得1120P点，当前P点数为32414","timestamp":1778773791310}
{"id":655545,"type":"success","level":1,"name":"抽卡与卡组","meta":{"paths":["lp0hx8"]},"content":"2186790348献祭了：2张二星  1张三星  获得1120P点，当前P点数为32334","timestamp":1778773797529}
{"id":655586,"type":"success","level":1,"name":"抽卡与卡组","meta":{"paths":["lp0hx8"]},"content":"2628075910献祭了：4张二星  获得1120P点，当前P点数为29340","timestamp":1778773799569}
{"id":655631,"type":"success","level":1,"name":"抽卡与卡组","meta":{"paths":["lp0hx8"]},"content":"2186790348献祭了：2张二星  1张三星  获得1120P点，当前P点数为32254","timestamp":1778773802569}
{"id":655810,"type":"success","level":1,"name":"抽卡与卡组","meta":{"paths":["lp0hx8"]},"content":"2186790348献祭了：2张二星  1张四星  获得1760P点，当前P点数为32814","timestamp":1778773820431}
{"id":655821,"type":"success","level":1,"name":"抽卡与卡组","meta":{"paths":["lp0hx8"]},"content":"2628075910献祭了：2张二星  1张三星  1张FES  获得3120P点，当前P点数为30860","timestamp":1778773822070}
{"id":655902,"type":"success","level":1,"name":"抽卡与卡组","meta":{"paths":["lp0hx8"]},"content":"2186790348献祭了：3张三星  获得1680P点，当前P点数为33294","timestamp":1778773826930}
{"id":655985,"type":"success","level":1,"name":"抽卡与卡组","meta":{"paths":["lp0hx8"]},"content":"2186790348献祭了：3张二星  获得840P点，当前P点数为32934","timestamp":1778773832265}
{"id":655988,"type":"success","level":1,"name":"抽卡与卡组","meta":{"paths":["lp0hx8"]},"content":"2628075910献祭了：2张二星  2张三星  获得1680P点，当前P点数为30940","timestamp":1778773832644}
{"id":656048,"type":"success","level":1,"name":"抽卡与卡组","meta":{"paths":["lp0hx8"]},"content":"986054920献祭了：1张二星  2张三星  2张四星  获得3800P点，当前P点数为8040","timestamp":1778773834843}
{"id":656099,"type":"success","level":1,"name":"抽卡与卡组","meta":{"paths":["lp0hx8"]},"content":"2186790348献祭了：3张二星  获得840P点，当前P点数为32574","timestamp":1778773836854}
{"id":656158,"type":"success","level":1,"name":"抽卡与卡组","meta":{"paths":["lp0hx8"]},"content":"2628075910献祭了：4张二星  获得1120P点，当前P点数为30460","timestamp":1778773841143}
{"id":656259,"type":"success","level":1,"name":"抽卡与卡组","meta":{"paths":["lp0hx8"]},"content":"2186790348献祭了：2张二星  1张三星  获得1120P点，当前P点数为32494","timestamp":1778773846241}
{"id":656318,"type":"success","level":1,"name":"抽卡与卡组","meta":{"paths":["lp0hx8"]},"content":"2628075910献祭了：3张二星  1张三星  获得1400P点，当前P点数为30260","timestamp":1778773849526}
{"id":656368,"type":"success","level":1,"name":"抽卡与卡组","meta":{"paths":["lp0hx8"]},"content":"2186790348献祭了：3张二星  获得840P点，当前P点数为32134","timestamp":1778773852092}
{"id":656431,"type":"success","level":1,"name":"抽卡与卡组","meta":{"paths":["lp0hx8"]},"content":"2186790348献祭了：2张二星  1张三星  获得1120P点，当前P点数为32054","timestamp":1778773857097}
{"id":656484,"type":"success","level":1,"name":"抽卡与卡组","meta":{"paths":["lp0hx8"]},"content":"986054920献祭了：4张二星  1张四星  获得2320P点，当前P点数为8360","timestamp":1778773858474}
{"id":656573,"type":"success","level":1,"name":"抽卡与卡组","meta":{"paths":["lp0hx8"]},"content":"2186790348献祭了：3张二星  获得840P点，当前P点数为31694","timestamp":1778773868208}
{"id":656576,"type":"success","level":1,"name":"抽卡与卡组","meta":{"paths":["lp0hx8"]},"content":"986054920献祭了：4张二星  1张三星  获得1680P点，当前P点数为8040","timestamp":1778773868370}
{"id":656617,"type":"success","level":1,"name":"抽卡与卡组","meta":{"paths":["lp0hx8"]},"content":"2628075910献祭了：2张二星  1张三星  1张FES  获得3120P点，当前P点数为31780","timestamp":1778773871426}
{"id":656702,"type":"success","level":1,"name":"抽卡与卡组","meta":{"paths":["lp0hx8"]},"content":"2186790348献祭了：1张二星  2张三星  获得1400P点，当前P点数为31894","timestamp":1778773875825}
{"id":656757,"type":"success","level":1,"name":"抽卡与卡组","meta":{"paths":["lp0hx8"]},"content":"2186790348献祭了：3张二星  获得840P点，当前P点数为31534","timestamp":1778773881545}
{"id":656860,"type":"success","level":1,"name":"抽卡与卡组","meta":{"paths":["lp0hx8"]},"content":"2186790348献祭了：1张二星  2张三星  获得1400P点，当前P点数为31734","timestamp":1778773888496}
{"id":656872,"type":"success","level":1,"name":"抽卡与卡组","meta":{"paths":["lp0hx8"]},"content":"986054920献祭了：3张二星  1张三星  1张四星  获得2600P点，当前P点数为8640","timestamp":1778773888850}
{"id":656910,"type":"success","level":1,"name":"抽卡与卡组","meta":{"paths":["lp0hx8"]},"content":"2628075910献祭了：3张二星  1张三星  获得1400P点，当前P点数为31580","timestamp":1778773891093}
{"id":656956,"type":"success","level":1,"name":"抽卡与卡组","meta":{"paths":["lp0hx8"]},"content":"2186790348献祭了：2张二星  1张三星  获得1120P点，当前P点数为31654","timestamp":1778773893673}
{"id":657038,"type":"success","level":1,"name":"抽卡与卡组","meta":{"paths":["lp0hx8"]},"content":"986054920献祭了：4张二星  1张三星  获得1680P点，当前P点数为8320","timestamp":1778773897105}
{"id":657075,"type":"success","level":1,"name":"抽卡与卡组","meta":{"paths":["lp0hx8"]},"content":"2186790348献祭了：3张二星  获得840P点，当前P点数为31294","timestamp":1778773899641}
{"id":657130,"type":"success","level":1,"name":"抽卡与卡组","meta":{"paths":["lp0hx8"]},"content":"2628075910献祭了：2张二星  2张三星  获得1680P点，当前P点数为31660","timestamp":1778773901132}
{"id":657208,"type":"success","level":1,"name":"抽卡与卡组","meta":{"paths":["lp0hx8"]},"content":"2628075910献祭了：1张二星  3张三星  获得1960P点，当前P点数为32020","timestamp":1778773909762}
{"id":657265,"type":"success","level":1,"name":"抽卡与卡组","meta":{"paths":["lp0hx8"]},"content":"2186790348献祭了：3张二星  获得840P点，当前P点数为30934","timestamp":1778773920852}
{"id":657324,"type":"success","level":1,"name":"抽卡与卡组","meta":{"paths":["lp0hx8"]},"content":"2186790348献祭了：1张二星  2张三星  获得1400P点，当前P点数为31134","timestamp":1778773927538}
{"id":657373,"type":"success","level":1,"name":"抽卡与卡组","meta":{"paths":["lp0hx8"]},"content":"986054920献祭了：1张二星  2张三星  1张四星  获得2600P点，当前P点数为8920","timestamp":1778773931651}
{"id":657478,"type":"success","level":1,"name":"抽卡与卡组","meta":{"paths":["lp0hx8"]},"content":"2628075910献祭了：4张二星  获得1120P点，当前P点数为31540","timestamp":1778773939638}
{"id":657583,"type":"success","level":1,"name":"抽卡与卡组","meta":{"paths":["lp0hx8"]},"content":"986054920献祭了：1张二星  3张三星  获得1960P点，当前P点数为9280","timestamp":1778773949001}
{"id":657594,"type":"success","level":1,"name":"抽卡与卡组","meta":{"paths":["lp0hx8"]},"content":"2628075910献祭了：4张二星  获得1120P点，当前P点数为31060","timestamp":1778773949348}
{"id":657736,"type":"success","level":1,"name":"抽卡与卡组","meta":{"paths":["lp0hx8"]},"content":"986054920献祭了：4张二星  获得1120P点，当前P点数为8800","timestamp":1778773960268}
{"id":657739,"type":"success","level":1,"name":"抽卡与卡组","meta":{"paths":["lp0hx8"]},"content":"2628075910献祭了：3张二星  1张三星  获得1400P点，当前P点数为30860","timestamp":1778773960316}
{"id":657869,"type":"success","level":1,"name":"抽卡与卡组","meta":{"paths":["lp0hx8"]},"content":"2186790348献祭了：2张二星  1张四星  获得1760P点，当前P点数为31694","timestamp":1778773970004}
{"id":657967,"type":"success","level":1,"name":"抽卡与卡组","meta":{"paths":["lp0hx8"]},"content":"2628075910献祭了：1张二星  2张三星  1张四星  获得2600P点，当前P点数为31860","timestamp":1778773982157}
{"id":657998,"type":"success","level":1,"name":"抽卡与卡组","meta":{"paths":["lp0hx8"]},"content":"2186790348献祭了：1张二星  2张三星  获得1400P点，当前P点数为31894","timestamp":1778773983976}
{"id":658009,"type":"success","level":1,"name":"抽卡与卡组","meta":{"paths":["lp0hx8"]},"content":"986054920献祭了：2张二星  2张三星  获得1680P点，当前P点数为8880","timestamp":1778773984873}
{"id":658091,"type":"success","level":1,"name":"抽卡与卡组","meta":{"paths":["lp0hx8"]},"content":"2186790348献祭了：3张二星  获得840P点，当前P点数为31534","timestamp":1778773989754}
{"id":658162,"type":"success","level":1,"name":"抽卡与卡组","meta":{"paths":["lp0hx8"]},"content":"986054920献祭了：1张二星  3张三星  获得1960P点，当前P点数为9240","timestamp":1778773993987}
{"id":658256,"type":"success","level":1,"name":"抽卡与卡组","meta":{"paths":["lp0hx8"]},"content":"2186790348献祭了：2张二星  1张三星  获得1120P点，当前P点数为31454","timestamp":1778773999816}
{"id":658308,"type":"success","level":1,"name":"抽卡与卡组","meta":{"paths":["lp0hx8"]},"content":"2628075910献祭了：1张二星  3张三星  获得1960P点，当前P点数为32220","timestamp":1778774001589}
{"id":658363,"type":"success","level":1,"name":"抽卡与卡组","meta":{"paths":["lp0hx8"]},"content":"2186790348献祭了：2张二星  1张三星  获得1120P点，当前P点数为31374","timestamp":1778774006070}
{"id":658380,"type":"success","level":1,"name":"抽卡与卡组","meta":{"paths":["lp0hx8"]},"content":"986054920献祭了：2张二星  2张三星  获得1680P点，当前P点数为9320","timestamp":1778774006876}
{"id":658475,"type":"success","level":1,"name":"抽卡与卡组","meta":{"paths":["lp0hx8"]},"content":"2186790348献祭了：1张二星  2张三星  获得1400P点，当前P点数为31574","timestamp":1778774011878}
{"id":658512,"type":"success","level":1,"name":"抽卡与卡组","meta":{"paths":["lp0hx8"]},"content":"2628075910献祭了：2张二星  2张三星  获得1680P点，当前P点数为32300","timestamp":1778774013794}
{"id":658571,"type":"success","level":1,"name":"抽卡与卡组","meta":{"paths":["lp0hx8"]},"content":"2186790348献祭了：2张二星  1张三星  获得1120P点，当前P点数为31494","timestamp":1778774019072}
{"id":658597,"type":"success","level":1,"name":"抽卡与卡组","meta":{"paths":["lp0hx8"]},"content":"986054920献祭了：3张二星  1张三星  获得1400P点，当前P点数为9120","timestamp":1778774019661}
{"id":658648,"type":"success","level":1,"name":"抽卡与卡组","meta":{"paths":["lp0hx8"]},"content":"2628075910献祭了：2张二星  2张三星  获得1680P点，当前P点数为32380","timestamp":1778774021285}
{"id":658713,"type":"success","level":1,"name":"抽卡与卡组","meta":{"paths":["lp0hx8"]},"content":"2186790348献祭了：1张二星  2张三星  获得1400P点，当前P点数为31694","timestamp":1778774026306}
{"id":658745,"type":"success","level":1,"name":"抽卡与卡组","meta":{"paths":["lp0hx8"]},"content":"986054920献祭了：4张二星  获得1120P点，当前P点数为8640","timestamp":1778774028574}
{"id":658886,"type":"success","level":1,"name":"抽卡与卡组","meta":{"paths":["lp0hx8"]},"content":"986054920献祭了：2张二星  2张三星  获得1680P点，当前P点数为8720","timestamp":1778774037034}
{"id":658925,"type":"success","level":1,"name":"抽卡与卡组","meta":{"paths":["lp0hx8"]},"content":"2628075910献祭了：4张二星  获得1120P点，当前P点数为31900","timestamp":1778774039752}
{"id":659030,"type":"success","level":1,"name":"抽卡与卡组","meta":{"paths":["lp0hx8"]},"content":"2186790348献祭了：1张二星  1张三星  1张四星  获得2040P点，当前P点数为32534","timestamp":1778774045363}
{"id":659107,"type":"success","level":1,"name":"抽卡与卡组","meta":{"paths":["lp0hx8"]},"content":"2628075910献祭了：3张二星  1张三星  获得1400P点，当前P点数为31700","timestamp":1778774051124}
{"id":659110,"type":"success","level":1,"name":"抽卡与卡组","meta":{"paths":["lp0hx8"]},"content":"2186790348献祭了：2张二星  1张三星  获得1120P点，当前P点数为32454","timestamp":1778774051496}
{"id":659193,"type":"success","level":1,"name":"抽卡与卡组","meta":{"paths":["lp0hx8"]},"content":"986054920献祭了：3张二星  1张四星  获得2040P点，当前P点数为9160","timestamp":1778774056245}
{"id":659281,"type":"success","level":1,"name":"抽卡与卡组","meta":{"paths":["lp0hx8"]},"content":"2186790348献祭了：2张二星  1张三星  获得1120P点，当前P点数为32374","timestamp":1778774061610}
{"id":659347,"type":"success","level":1,"name":"抽卡与卡组","meta":{"paths":["lp0hx8"]},"content":"2186790348献祭了：3张二星  获得840P点，当前P点数为32014","timestamp":1778774067633}
{"id":659456,"type":"success","level":1,"name":"抽卡与卡组","meta":{"paths":["lp0hx8"]},"content":"2186790348献祭了：3张二星  获得840P点，当前P点数为31654","timestamp":1778774073799}
{"id":659459,"type":"success","level":1,"name":"抽卡与卡组","meta":{"paths":["lp0hx8"]},"content":"986054920献祭了：3张二星  1张四星  获得2040P点，当前P点数为9600","timestamp":1778774073855}
{"id":659462,"type":"success","level":1,"name":"抽卡与卡组","meta":{"paths":["lp0hx8"]},"content":"2628075910献祭了：1张二星  2张三星  1张四星  获得2600P点，当前P点数为32700","timestamp":1778774074084}
{"id":659572,"type":"success","level":1,"name":"抽卡与卡组","meta":{"paths":["lp0hx8"]},"content":"2186790348献祭了：2张二星  1张三星  获得1120P点，当前P点数为31574","timestamp":1778774078854}
{"id":659664,"type":"success","level":1,"name":"抽卡与卡组","meta":{"paths":["lp0hx8"]},"content":"2186790348献祭了：2张二星  1张三星  获得1120P点，当前P点数为31494","timestamp":1778774084220}
{"id":659675,"type":"success","level":1,"name":"抽卡与卡组","meta":{"paths":["lp0hx8"]},"content":"986054920献祭了：3张二星  1张三星  获得1400P点，当前P点数为9400","timestamp":1778774084831}
{"id":659706,"type":"success","level":1,"name":"抽卡与卡组","meta":{"paths":["lp0hx8"]},"content":"2628075910献祭了：3张二星  1张三星  获得1400P点，当前P点数为32500","timestamp":1778774085603}
{"id":659822,"type":"success","level":1,"name":"抽卡与卡组","meta":{"paths":["lp0hx8"]},"content":"986054920献祭了：4张二星  获得1120P点，当前P点数为8920","timestamp":1778774093500}
{"id":659846,"type":"success","level":1,"name":"抽卡与卡组","meta":{"paths":["lp0hx8"]},"content":"2628075910献祭了：3张二星  1张三星  获得1400P点，当前P点数为32300","timestamp":1778774095219}
{"id":659925,"type":"success","level":1,"name":"抽卡与卡组","meta":{"paths":["lp0hx8"]},"content":"2186790348献祭了：1张二星  1张三星  1张FES  获得2840P点，当前P点数为33134","timestamp":1778774099327}
{"id":659990,"type":"success","level":1,"name":"抽卡与卡组","meta":{"paths":["lp0hx8"]},"content":"2628075910献祭了：4张二星  获得1120P点，当前P点数为31820","timestamp":1778774104715}
{"id":660038,"type":"success","level":1,"name":"抽卡与卡组","meta":{"paths":["lp0hx8"]},"content":"2186790348献祭了：1张二星  2张三星  获得1400P点，当前P点数为33334","timestamp":1778774106466}
{"id":660092,"type":"success","level":1,"name":"抽卡与卡组","meta":{"paths":["lp0hx8"]},"content":"986054920献祭了：2张二星  1张三星  1张四星  获得2320P点，当前P点数为9640","timestamp":1778774108923}
{"id":660166,"type":"success","level":1,"name":"抽卡与卡组","meta":{"paths":["lp0hx8"]},"content":"2186790348献祭了：2张二星  1张三星  获得1120P点，当前P点数为33254","timestamp":1778774112916}
{"id":660209,"type":"success","level":1,"name":"抽卡与卡组","meta":{"paths":["lp0hx8"]},"content":"2628075910献祭了：2张二星  2张三星  获得1680P点，当前P点数为31900","timestamp":1778774114183}
{"id":660255,"type":"success","level":1,"name":"抽卡与卡组","meta":{"paths":["lp0hx8"]},"content":"2186790348献祭了：2张二星  1张三星  获得1120P点，当前P点数为33174","timestamp":1778774118572}
{"id":660291,"type":"success","level":1,"name":"抽卡与卡组","meta":{"paths":["lp0hx8"]},"content":"986054920献祭了：3张二星  1张三星  获得1400P点，当前P点数为9440","timestamp":1778774119653}
{"id":660336,"type":"success","level":1,"name":"抽卡与卡组","meta":{"paths":["lp0hx8"]},"content":"2186790348献祭了：3张二星  获得840P点，当前P点数为32814","timestamp":1778774123960}
{"id":660488,"type":"success","level":1,"name":"抽卡与卡组","meta":{"paths":["lp0hx8"]},"content":"986054920献祭了：4张二星  获得1120P点，当前P点数为8960","timestamp":1778774137363}
{"id":660549,"type":"success","level":1,"name":"抽卡与卡组","meta":{"paths":["lp0hx8"]},"content":"2628075910献祭了：4张二星  获得1120P点，当前P点数为31420","timestamp":1778774140419}
{"id":660618,"type":"success","level":1,"name":"抽卡与卡组","meta":{"paths":["lp0hx8"]},"content":"2186790348献祭了：1张二星  1张三星  1张四星  获得2040P点，当前P点数为33654","timestamp":1778774144246}
{"id":660689,"type":"success","level":1,"name":"抽卡与卡组","meta":{"paths":["lp0hx8"]},"content":"2628075910献祭了：2张二星  2张三星  获得1680P点，当前P点数为31500","timestamp":1778774148910}
{"id":660707,"type":"success","level":1,"name":"抽卡与卡组","meta":{"paths":["lp0hx8"]},"content":"2186790348献祭了：2张二星  1张三星  获得1120P点，当前P点数为33574","timestamp":1778774149664}
{"id":660759,"type":"success","level":1,"name":"抽卡与卡组","meta":{"paths":["lp0hx8"]},"content":"986054920献祭了：4张二星  获得1120P点，当前P点数为8480","timestamp":1778774151181}
{"id":660809,"type":"success","level":1,"name":"抽卡与卡组","meta":{"paths":["lp0hx8"]},"content":"2186790348献祭了：3张二星  获得840P点，当前P点数为33214","timestamp":1778774155466}
{"id":660874,"type":"success","level":1,"name":"抽卡与卡组","meta":{"paths":["lp0hx8"]},"content":"2628075910献祭了：2张二星  2张三星  获得1680P点，当前P点数为31580","timestamp":1778774158626}
{"id":660877,"type":"success","level":1,"name":"抽卡与卡组","meta":{"paths":["lp0hx8"]},"content":"986054920献祭了：4张二星  获得1120P点，当前P点数为8000","timestamp":1778774158767}
{"id":660996,"type":"success","level":1,"name":"抽卡与卡组","meta":{"paths":["lp0hx8"]},"content":"2186790348献祭了：3张二星  获得840P点，当前P点数为32854","timestamp":1778774168723}
{"id":661046,"type":"success","level":1,"name":"抽卡与卡组","meta":{"paths":["lp0hx8"]},"content":"2628075910献祭了：1张二星  3张三星  获得1960P点，当前P点数为31940","timestamp":1778774171464}
{"id":661091,"type":"info","level":2,"name":"抽卡与卡组","meta":{"paths":["lp0hx8"]},"content":"2628075910抽到了一张❀三星☄卡，剩余31540P点","timestamp":1778774174659}
{"id":661094,"type":"success","level":1,"name":"抽卡与卡组","meta":{"paths":["lp0hx8"]},"content":"2186790348献祭了：3张二星  获得840P点，当前P点数为32494","timestamp":1778774175025}
{"id":661204,"type":"success","level":1,"name":"抽卡与卡组","meta":{"paths":["lp0hx8"]},"content":"986054920献祭了：2张二星  1张三星  1张四星  获得2320P点，当前P点数为8720","timestamp":1778774180653}
{"id":661221,"type":"success","level":1,"name":"抽卡与卡组","meta":{"paths":["lp0hx8"]},"content":"2186790348献祭了：1张二星  2张三星  获得1400P点，当前P点数为32694","timestamp":1778774180941}
{"id":661314,"type":"success","level":1,"name":"抽卡与卡组","meta":{"paths":["lp0hx8"]},"content":"2628075910献祭了：2张二星  2张三星  获得1680P点，当前P点数为32020","timestamp":1778774186799}
{"id":661335,"type":"success","level":1,"name":"抽卡与卡组","meta":{"paths":["lp0hx8"]},"content":"2186790348献祭了：3张二星  获得840P点，当前P点数为32334","timestamp":1778774187417}
{"id":661413,"type":"info","level":2,"name":"抽卡与卡组","meta":{"paths":["lp0hx8"]},"content":"2628075910抽到了一张❀三星☄卡，剩余31620P点","timestamp":1778774191811}
{"id":661416,"type":"success","level":1,"name":"抽卡与卡组","meta":{"paths":["lp0hx8"]},"content":"986054920献祭了：2张二星  2张三星  获得1680P点，当前P点数为8800","timestamp":1778774192025}
{"id":661443,"type":"success","level":1,"name":"抽卡与卡组","meta":{"paths":["lp0hx8"]},"content":"2186790348献祭了：3张二星  获得840P点，当前P点数为31974","timestamp":1778774194806}
{"id":661555,"type":"success","level":1,"name":"抽卡与卡组","meta":{"paths":["lp0hx8"]},"content":"986054920献祭了：2张二星  2张三星  获得1680P点，当前P点数为8880","timestamp":1778774201882}
{"id":661631,"type":"success","level":1,"name":"抽卡与卡组","meta":{"paths":["lp0hx8"]},"content":"2186790348献祭了：3张二星  获得840P点，当前P点数为31614","timestamp":1778774207783}
{"id":661670,"type":"success","level":1,"name":"抽卡与卡组","meta":{"paths":["lp0hx8"]},"content":"2628075910献祭了：3张二星  1张三星  获得1400P点，当前P点数为31820","timestamp":1778774209638}
{"id":661744,"type":"success","level":1,"name":"抽卡与卡组","meta":{"paths":["lp0hx8"]},"content":"986054920献祭了：3张二星  1张三星  获得1400P点，当前P点数为8680","timestamp":1778774213083}
{"id":661757,"type":"info","level":2,"name":"抽卡与卡组","meta":{"paths":["lp0hx8"]},"content":"2628075910抽到了一张☆二星★卡，剩余31420P点","timestamp":1778774213754}
{"id":661802,"type":"success","level":1,"name":"抽卡与卡组","meta":{"paths":["lp0hx8"]},"content":"2186790348献祭了：3张二星  获得840P点，当前P点数为31254","timestamp":1778774215984}
{"id":661957,"type":"success","level":1,"name":"抽卡与卡组","meta":{"paths":["lp0hx8"]},"content":"2186790348献祭了：3张二星  获得840P点，当前P点数为30894","timestamp":1778774221223}
{"id":662026,"type":"success","level":1,"name":"抽卡与卡组","meta":{"paths":["lp0hx8"]},"content":"2628075910献祭了：3张二星  1张三星  获得1400P点，当前P点数为31620","timestamp":1778774223494}
{"id":662142,"type":"info","level":2,"name":"抽卡与卡组","meta":{"paths":["lp0hx8"]},"content":"2628075910抽到了一张☆二星★卡，剩余31220P点","timestamp":1778774227940}
{"id":662249,"type":"success","level":1,"name":"抽卡与卡组","meta":{"paths":["lp0hx8"]},"content":"986054920献祭了：4张二星  获得1120P点，当前P点数为8200","timestamp":1778774232614}
{"id":662478,"type":"success","level":1,"name":"抽卡与卡组","meta":{"paths":["lp0hx8"]},"content":"2186790348献祭了：2张二星  1张四星  获得1760P点，当前P点数为31454","timestamp":1778774241461}
{"id":662701,"type":"success","level":1,"name":"抽卡与卡组","meta":{"paths":["lp0hx8"]},"content":"986054920献祭了：3张二星  1张三星  获得1400P点，当前P点数为8000","timestamp":1778774252253}
{"id":662796,"type":"success","level":1,"name":"抽卡与卡组","meta":{"paths":["lp0hx8"]},"content":"2186790348献祭了：2张二星  1张三星  获得1120P点，当前P点数为31374","timestamp":1778774255370}
{"id":662931,"type":"success","level":1,"name":"抽卡与卡组","meta":{"paths":["lp0hx8"]},"content":"2186790348献祭了：2张二星  1张三星  获得1120P点，当前P点数为31294","timestamp":1778774261369}
{"id":663066,"type":"success","level":1,"name":"抽卡与卡组","meta":{"paths":["lp0hx8"]},"content":"2628075910献祭了：3张二星  1张四星  获得2040P点，当前P点数为32060","timestamp":1778774271426}
{"id":663111,"type":"success","level":1,"name":"抽卡与卡组","meta":{"paths":["lp0hx8"]},"content":"2186790348献祭了：1张二星  1张三星  1张FES  获得2840P点，当前P点数为32934","timestamp":1778774274990}
{"id":663230,"type":"success","level":1,"name":"抽卡与卡组","meta":{"paths":["lp0hx8"]},"content":"2628075910献祭了：2张二星  2张三星  获得1680P点，当前P点数为32140","timestamp":1778774283973}
{"id":663426,"type":"success","level":1,"name":"抽卡与卡组","meta":{"paths":["lp0hx8"]},"content":"2186790348献祭了：1张二星  1张三星  1张四星  获得2040P点，当前P点数为33774","timestamp":1778774305690}
{"id":663500,"type":"success","level":1,"name":"抽卡与卡组","meta":{"paths":["lp0hx8"]},"content":"2186790348献祭了：1张二星  2张三星  获得1400P点，当前P点数为33974","timestamp":1778774311482}
{"id":663548,"type":"success","level":1,"name":"抽卡与卡组","meta":{"paths":["lp0hx8"]},"content":"2628075910献祭了：2张二星  1张三星  1张四星  获得2320P点，当前P点数为32860","timestamp":1778774313887}
{"id":663588,"type":"success","level":1,"name":"抽卡与卡组","meta":{"paths":["lp0hx8"]},"content":"2186790348献祭了：3张二星  获得840P点，当前P点数为33614","timestamp":1778774317591}
{"id":663687,"type":"success","level":1,"name":"抽卡与卡组","meta":{"paths":["lp0hx8"]},"content":"2186790348献祭了：3张二星  获得840P点，当前P点数为33254","timestamp":1778774327856}
{"id":663708,"type":"success","level":1,"name":"抽卡与卡组","meta":{"paths":["lp0hx8"]},"content":"2628075910献祭了：2张二星  2张三星  获得1680P点，当前P点数为32940","timestamp":1778774328416}
{"id":663748,"type":"success","level":1,"name":"抽卡与卡组","meta":{"paths":["lp0hx8"]},"content":"986054920献祭了：3张二星  1张三星  获得1400P点，当前P点数为7800","timestamp":1778774331454}
{"id":663813,"type":"success","level":1,"name":"抽卡与卡组","meta":{"paths":["lp0hx8"]},"content":"2186790348献祭了：1张二星  2张三星  获得1400P点，当前P点数为33454","timestamp":1778774333692}
{"id":663874,"type":"success","level":1,"name":"抽卡与卡组","meta":{"paths":["lp0hx8"]},"content":"2628075910献祭了：4张二星  获得1120P点，当前P点数为32460","timestamp":1778774338207}
{"id":663893,"type":"success","level":1,"name":"抽卡与卡组","meta":{"paths":["lp0hx8"]},"content":"2186790348献祭了：2张二星  1张三星  获得1120P点，当前P点数为33374","timestamp":1778774338786}
{"id":663896,"type":"success","level":1,"name":"抽卡与卡组","meta":{"paths":["lp0hx8"]},"content":"986054920献祭了：4张二星  获得1120P点，当前P点数为7320","timestamp":1778774339049}
{"id":664012,"type":"success","level":1,"name":"抽卡与卡组","meta":{"paths":["lp0hx8"]},"content":"2186790348献祭了：3张二星  获得840P点，当前P点数为33014","timestamp":1778774345297}
{"id":664053,"type":"success","level":1,"name":"抽卡与卡组","meta":{"paths":["lp0hx8"]},"content":"986054920献祭了：2张二星  2张三星  获得1680P点，当前P点数为7400","timestamp":1778774346854}
{"id":664056,"type":"success","level":1,"name":"抽卡与卡组","meta":{"paths":["lp0hx8"]},"content":"2628075910献祭了：3张二星  1张三星  获得1400P点，当前P点数为32260","timestamp":1778774347148}
{"id":664155,"type":"success","level":1,"name":"抽卡与卡组","meta":{"paths":["lp0hx8"]},"content":"986054920献祭了：2张二星  2张三星  获得1680P点，当前P点数为7480","timestamp":1778774355069}
{"id":664166,"type":"success","level":1,"name":"抽卡与卡组","meta":{"paths":["lp0hx8"]},"content":"2186790348献祭了：3张二星  获得840P点，当前P点数为32654","timestamp":1778774355873}
{"id":664178,"type":"success","level":1,"name":"抽卡与卡组","meta":{"paths":["lp0hx8"]},"content":"2628075910献祭了：3张二星  1张三星  获得1400P点，当前P点数为32060","timestamp":1778774356505}
{"id":664254,"type":"info","level":2,"name":"抽卡与卡组","meta":{"paths":["lp0hx8"]},"content":"2628075910抽到了一张❀三星☄卡，剩余31660P点","timestamp":1778774360585}
{"id":664265,"type":"success","level":1,"name":"抽卡与卡组","meta":{"paths":["lp0hx8"]},"content":"2186790348献祭了：2张二星  1张三星  获得1120P点，当前P点数为32574","timestamp":1778774361157}
{"id":664390,"type":"success","level":1,"name":"抽卡与卡组","meta":{"paths":["lp0hx8"]},"content":"2628075910献祭了：3张二星  1张三星  获得1400P点，当前P点数为31860","timestamp":1778774375399}
{"id":664422,"type":"info","level":2,"name":"抽卡与卡组","meta":{"paths":["lp0hx8"]},"content":"2628075910抽到了一张☆二星★卡，剩余31460P点","timestamp":1778774378785}
{"id":664477,"type":"success","level":1,"name":"抽卡与卡组","meta":{"paths":["lp0hx8"]},"content":"2186790348献祭了：1张三星  1张四星  1张FES  获得3760P点，当前P点数为35134","timestamp":1778774382823}
{"id":664534,"type":"success","level":1,"name":"抽卡与卡组","meta":{"paths":["lp0hx8"]},"content":"986054920献祭了：2张二星  1张三星  获得1120P点，当前P点数为7000","timestamp":1778774384173}
{"id":664571,"type":"success","level":1,"name":"抽卡与卡组","meta":{"paths":["lp0hx8"]},"content":"2186790348献祭了：2张二星  1张四星  获得1760P点，当前P点数为35694","timestamp":1778774389190}
{"id":664618,"type":"success","level":1,"name":"抽卡与卡组","meta":{"paths":["lp0hx8"]},"content":"2628075910献祭了：2张二星  2张三星  获得1680P点，当前P点数为31940","timestamp":1778774392742}
{"id":664679,"type":"success","level":1,"name":"抽卡与卡组","meta":{"paths":["lp0hx8"]},"content":"986054920献祭了：3张二星  获得840P点，当前P点数为6640","timestamp":1778774398608}
{"id":664824,"type":"success","level":1,"name":"签到","meta":{"paths":["lp0hx8"]},"content":"986054920完成了一次签到！","timestamp":1778774422137}
{"id":664857,"type":"success","level":1,"name":"抽卡与卡组","meta":{"paths":["lp0hx8"]},"content":"2186790348献祭了：2张二星  1张三星  获得1120P点，当前P点数为35614","timestamp":1778774426423}
{"id":664916,"type":"success","level":1,"name":"签到","meta":{"paths":["lp0hx8"]},"content":"2186790348完成了一次签到！","timestamp":1778774430594}
{"id":664950,"type":"success","level":1,"name":"签到","meta":{"paths":["lp0hx8"]},"content":"2018283414完成了一次签到！","timestamp":1778774431275}
{"id":664982,"type":"success","level":1,"name":"签到","meta":{"paths":["lp0hx8"]},"content":"366837668完成了一次签到！","timestamp":1778774432561}
{"id":665138,"type":"success","level":1,"name":"签到","meta":{"paths":["lp0hx8"]},"content":"3568930598完成了一次签到！","timestamp":1778774443327}
{"id":665149,"type":"success","level":1,"name":"抽卡与卡组","meta":{"paths":["lp0hx8"]},"content":"986054920献祭了：3张二星  获得840P点，当前P点数为10129","timestamp":1778774444749}
{"id":665275,"type":"success","level":1,"name":"抽卡与卡组","meta":{"paths":["lp0hx8"]},"content":"986054920献祭了：1张二星  2张三星  获得1400P点，当前P点数为10329","timestamp":1778774452498}
{"id":665285,"type":"success","level":1,"name":"签到","meta":{"paths":["lp0hx8"]},"content":"1494612814完成了一次签到！","timestamp":1778774453150}
{"id":665370,"type":"error","level":1,"name":"签到","meta":{"paths":["lp0hx8"]},"content":"2018283414签到失败！原因：该用户已经签到","timestamp":1778774457663}
{"id":665406,"type":"success","level":1,"name":"抽卡与卡组","meta":{"paths":["lp0hx8"]},"content":"986054920献祭了：3张二星  获得840P点，当前P点数为9969","timestamp":1778774458960}
{"id":665480,"type":"success","level":1,"name":"抽卡与卡组","meta":{"paths":["lp0hx8"]},"content":"2186790348献祭了：3张二星  获得840P点，当前P点数为36096","timestamp":1778774463573}
{"id":665516,"type":"success","level":1,"name":"抽卡与卡组","meta":{"paths":["lp0hx8"]},"content":"986054920献祭了：3张二星  获得840P点，当前P点数为9609","timestamp":1778774467911}
{"id":665615,"type":"success","level":1,"name":"抽卡与卡组","meta":{"paths":["lp0hx8"]},"content":"986054920献祭了：3张二星  获得840P点，当前P点数为9249","timestamp":1778774474503}
{"id":665673,"type":"success","level":1,"name":"抽卡与卡组","meta":{"paths":["lp0hx8"]},"content":"2186790348献祭了：2张二星  1张三星  获得1120P点，当前P点数为36016","timestamp":1778774477382}
{"id":665755,"type":"success","level":1,"name":"抽卡与卡组","meta":{"paths":["lp0hx8"]},"content":"2628075910献祭了：1张二星  2张四星  1张FES  获得4680P点，当前P点数为35020","timestamp":1778774481697}
{"id":665804,"type":"success","level":1,"name":"抽卡与卡组","meta":{"paths":["lp0hx8"]},"content":"2186790348献祭了：2张二星  1张三星  获得1120P点，当前P点数为35936","timestamp":1778774483747}
{"id":665807,"type":"success","level":1,"name":"抽卡与卡组","meta":{"paths":["lp0hx8"]},"content":"986054920献祭了：2张二星  1张三星  获得1120P点，当前P点数为9169","timestamp":1778774483829}
{"id":665942,"type":"success","level":1,"name":"抽卡与卡组","meta":{"paths":["lp0hx8"]},"content":"2186790348献祭了：1张二星  2张三星  获得1400P点，当前P点数为36136","timestamp":1778774490325}
{"id":665946,"type":"success","level":1,"name":"签到","meta":{"paths":["lp0hx8"]},"content":"2628075910完成了一次签到！","timestamp":1778774490556}
{"id":665957,"type":"success","level":1,"name":"抽卡与卡组","meta":{"paths":["lp0hx8"]},"content":"986054920献祭了：3张二星  获得840P点，当前P点数为8809","timestamp":1778774491260}
{"id":666105,"type":"success","level":1,"name":"抽卡与卡组","meta":{"paths":["lp0hx8"]},"content":"2186790348献祭了：2张二星  1张三星  获得1120P点，当前P点数为36056","timestamp":1778774498023}
{"id":666149,"type":"success","level":1,"name":"抽卡与卡组","meta":{"paths":["lp0hx8"]},"content":"986054920献祭了：3张二星  获得840P点，当前P点数为8449","timestamp":1778774500163}
{"id":666251,"type":"success","level":1,"name":"抽卡与卡组","meta":{"paths":["lp0hx8"]},"content":"2186790348献祭了：3张二星  获得840P点，当前P点数为35696","timestamp":1778774506261}
{"id":666395,"type":"success","level":1,"name":"抽卡与卡组","meta":{"paths":["lp0hx8"]},"content":"2628075910献祭了：1张二星  2张三星  1张四星  获得2600P点，当前P点数为40538","timestamp":1778774512673}
{"id":666398,"type":"success","level":1,"name":"抽卡与卡组","meta":{"paths":["lp0hx8"]},"content":"2186790348献祭了：3张二星  获得840P点，当前P点数为35336","timestamp":1778774512962}
{"id":666447,"type":"success","level":1,"name":"抽卡与卡组","meta":{"paths":["lp0hx8"]},"content":"986054920献祭了：2张二星  1张FES  获得2560P点，当前P点数为9809","timestamp":1778774516398}
{"id":666562,"type":"success","level":1,"name":"抽卡与卡组","meta":{"paths":["lp0hx8"]},"content":"986054920献祭了：3张二星  获得840P点，当前P点数为9449","timestamp":1778774529359}
{"id":666663,"type":"success","level":1,"name":"抽卡与卡组","meta":{"paths":["lp0hx8"]},"content":"986054920献祭了：3张二星  获得840P点，当前P点数为9089","timestamp":1778774536737}
{"id":666718,"type":"success","level":1,"name":"抽卡与卡组","meta":{"paths":["lp0hx8"]},"content":"2186790348献祭了：2张二星  1张FES  获得2560P点，当前P点数为36696","timestamp":1778774539094}
{"id":666803,"type":"success","level":1,"name":"抽卡与卡组","meta":{"paths":["lp0hx8"]},"content":"986054920献祭了：3张二星  获得840P点，当前P点数为8729","timestamp":1778774543778}
{"id":666865,"type":"success","level":1,"name":"签到","meta":{"paths":["lp0hx8"]},"content":"2558144075完成了一次签到！","timestamp":1778774547665}
{"id":666952,"type":"success","level":1,"name":"抽卡与卡组","meta":{"paths":["lp0hx8"]},"content":"2628075910献祭了：1张二星  3张三星  获得1960P点，当前P点数为40898","timestamp":1778774551940}
{"id":667004,"type":"success","level":1,"name":"签到","meta":{"paths":["lp0hx8"]},"content":"2513983517完成了一次签到！","timestamp":1778774555149}
{"id":667081,"type":"success","level":1,"name":"抽卡与卡组","meta":{"paths":["lp0hx8"]},"content":"2186790348献祭了：2张二星  1张四星  获得1760P点，当前P点数为37256","timestamp":1778774557453}
{"id":667142,"type":"success","level":1,"name":"抽卡与卡组","meta":{"paths":["lp0hx8"]},"content":"986054920献祭了：1张二星  1张三星  1张四星  获得2040P点，当前P点数为9569","timestamp":1778774560718}
{"id":667180,"type":"success","level":1,"name":"签到","meta":{"paths":["lp0hx8"]},"content":"2994459542完成了一次签到！","timestamp":1778774561675}
{"id":667297,"type":"success","level":1,"name":"抽卡与卡组","meta":{"paths":["lp0hx8"]},"content":"986054920献祭了：3张二星  获得840P点，当前P点数为9209","timestamp":1778774569726}
{"id":667394,"type":"success","level":1,"name":"抽卡与卡组","meta":{"paths":["lp0hx8"]},"content":"2186790348献祭了：1张二星  1张三星  1张四星  获得2040P点，当前P点数为38096","timestamp":1778774576772}
{"id":667460,"type":"success","level":1,"name":"抽卡与卡组","meta":{"paths":["lp0hx8"]},"content":"986054920献祭了：1张二星  2张三星  获得1400P点，当前P点数为9409","timestamp":1778774580048}
{"id":667497,"type":"success","level":1,"name":"签到","meta":{"paths":["lp0hx8"]},"content":"1296434423完成了一次签到！","timestamp":1778774580892}
{"id":667509,"type":"success","level":1,"name":"抽卡与卡组","meta":{"paths":["lp0hx8"]},"content":"2628075910献祭了：2张二星  2张四星  获得2960P点，当前P点数为42258","timestamp":1778774581167}
{"id":667547,"type":"success","level":1,"name":"抽卡与卡组","meta":{"paths":["lp0hx8"]},"content":"2186790348献祭了：2张二星  1张三星  获得1120P点，当前P点数为38016","timestamp":1778774582929}
{"id":667597,"type":"success","level":1,"name":"签到","meta":{"paths":["lp0hx8"]},"content":"1652933285完成了一次签到！","timestamp":1778774587526}
{"id":667625,"type":"success","level":1,"name":"抽卡与卡组","meta":{"paths":["lp0hx8"]},"content":"986054920献祭了：2张二星  1张三星  获得1120P点，当前P点数为9329","timestamp":1778774589099}
{"id":667723,"type":"success","level":1,"name":"抽卡与卡组","meta":{"paths":["lp0hx8"]},"content":"2628075910献祭了：4张二星  获得1120P点，当前P点数为41778","timestamp":1778774596236}
{"id":667751,"type":"success","level":1,"name":"抽卡与卡组","meta":{"paths":["lp0hx8"]},"content":"2186790348献祭了：2张二星  1张四星  获得1760P点，当前P点数为38576","timestamp":1778774598348}
{"id":667844,"type":"success","level":1,"name":"抽卡与卡组","meta":{"paths":["lp0hx8"]},"content":"2186790348献祭了：3张二星  获得840P点，当前P点数为38216","timestamp":1778774603532}
{"id":667885,"type":"success","level":1,"name":"抽卡与卡组","meta":{"paths":["lp0hx8"]},"content":"986054920献祭了：2张二星  1张三星  获得1120P点，当前P点数为9249","timestamp":1778774604955}
{"id":667915,"type":"success","level":1,"name":"抽卡与卡组","meta":{"paths":["lp0hx8"]},"content":"2628075910献祭了：2张二星  2张三星  获得1680P点，当前P点数为41858","timestamp":1778774606331}
{"id":667999,"type":"success","level":1,"name":"抽卡与卡组","meta":{"paths":["lp0hx8"]},"content":"986054920献祭了：2张二星  1张三星  获得1120P点，当前P点数为9169","timestamp":1778774612831}
{"id":668016,"type":"success","level":1,"name":"抽卡与卡组","meta":{"paths":["lp0hx8"]},"content":"2628075910献祭了：3张二星  1张三星  获得1400P点，当前P点数为41658","timestamp":1778774614185}
{"id":668077,"type":"info","level":2,"name":"抽卡与卡组","meta":{"paths":["lp0hx8"]},"content":"2628075910抽到了一张☆二星★卡，剩余41258P点","timestamp":1778774617578}
{"id":668089,"type":"success","level":1,"name":"抽卡与卡组","meta":{"paths":["lp0hx8"]},"content":"2186790348献祭了：1张二星  1张三星  1张四星  获得2040P点，当前P点数为39056","timestamp":1778774618554}
{"id":668129,"type":"success","level":1,"name":"抽卡与卡组","meta":{"paths":["lp0hx8"]},"content":"1652933285献祭了：4张二星  获得1120P点，当前P点数为2445","timestamp":1778774619765}
{"id":668141,"type":"success","level":1,"name":"抽卡与卡组","meta":{"paths":["lp0hx8"]},"content":"986054920献祭了：2张二星  1张三星  获得1120P点，当前P点数为9089","timestamp":1778774621095}
{"id":668228,"type":"success","level":1,"name":"抽卡与卡组","meta":{"paths":["lp0hx8"]},"content":"2186790348献祭了：2张二星  1张三星  获得1120P点，当前P点数为38976","timestamp":1778774623626}
{"id":668304,"type":"success","level":1,"name":"抽卡与卡组","meta":{"paths":["lp0hx8"]},"content":"2628075910献祭了：4张二星  获得1120P点，当前P点数为41178","timestamp":1778774628139}
{"id":668338,"type":"success","level":1,"name":"抽卡与卡组","meta":{"paths":["lp0hx8"]},"content":"986054920献祭了：1张二星  2张三星  获得1400P点，当前P点数为9289","timestamp":1778774629002}
{"id":668387,"type":"success","level":1,"name":"抽卡与卡组","meta":{"paths":["lp0hx8"]},"content":"1652933285献祭了：4张二星  获得1120P点，当前P点数为1965","timestamp":1778774630089}
{"id":668410,"type":"success","level":1,"name":"抽卡与卡组","meta":{"paths":["lp0hx8"]},"content":"2186790348献祭了：2张二星  1张三星  获得1120P点，当前P点数为38896","timestamp":1778774630516}
{"id":668499,"type":"success","level":1,"name":"抽卡与卡组","meta":{"paths":["lp0hx8"]},"content":"2186790348献祭了：2张二星  1张三星  获得1120P点，当前P点数为38816","timestamp":1778774635443}
{"id":668518,"type":"success","level":1,"name":"抽卡与卡组","meta":{"paths":["lp0hx8"]},"content":"2628075910献祭了：3张二星  1张三星  获得1400P点，当前P点数为40978","timestamp":1778774635997}
{"id":668521,"type":"success","level":1,"name":"抽卡与卡组","meta":{"paths":["lp0hx8"]},"content":"1652933285献祭了：3张二星  1张三星  获得1400P点，当前P点数为1765","timestamp":1778774636094}
{"id":668616,"type":"success","level":1,"name":"抽卡与卡组","meta":{"paths":["lp0hx8"]},"content":"2186790348献祭了：3张三星  获得1680P点，当前P点数为39296","timestamp":1778774640779}
{"id":668646,"type":"success","level":1,"name":"抽卡与卡组","meta":{"paths":["lp0hx8"]},"content":"986054920献祭了：2张二星  1张三星  获得1120P点，当前P点数为9209","timestamp":1778774641826}
{"id":668694,"type":"success","level":1,"name":"抽卡与卡组","meta":{"paths":["lp0hx8"]},"content":"2628075910献祭了：2张二星  2张三星  获得1680P点，当前P点数为41058","timestamp":1778774645106}
{"id":668739,"type":"success","level":1,"name":"抽卡与卡组","meta":{"paths":["lp0hx8"]},"content":"2186790348献祭了：2张二星  1张三星  获得1120P点，当前P点数为39216","timestamp":1778774646577}
{"id":668801,"type":"success","level":1,"name":"抽卡与卡组","meta":{"paths":["lp0hx8"]},"content":"1652933285献祭了：3张二星  1张四星  获得2040P点，当前P点数为2205","timestamp":1778774650173}
{"id":668853,"type":"success","level":1,"name":"抽卡与卡组","meta":{"paths":["lp0hx8"]},"content":"986054920献祭了：2张二星  1张三星  获得1120P点，当前P点数为9129","timestamp":1778774652805}
{"id":668884,"type":"success","level":1,"name":"签到","meta":{"paths":["lp0hx8"]},"content":"971217490完成了一次签到！","timestamp":1778774653755}
{"id":668930,"type":"success","level":1,"name":"抽卡与卡组","meta":{"paths":["lp0hx8"]},"content":"2628075910献祭了：3张二星  1张三星  获得1400P点，当前P点数为40858","timestamp":1778774655552}
{"id":668948,"type":"success","level":1,"name":"抽卡与卡组","meta":{"paths":["lp0hx8"]},"content":"1652933285献祭了：4张二星  获得1120P点，当前P点数为1725","timestamp":1778774656848}
{"id":668997,"type":"success","level":1,"name":"签到","meta":{"paths":["lp0hx8"]},"content":"956937232完成了一次签到！","timestamp":1778774658027}
{"id":669094,"type":"success","level":1,"name":"抽卡与卡组","meta":{"paths":["lp0hx8"]},"content":"986054920献祭了：2张二星  1张三星  获得1120P点，当前P点数为9049","timestamp":1778774662121}
{"id":669103,"type":"success","level":1,"name":"抽卡与卡组","meta":{"paths":["lp0hx8"]},"content":"2186790348献祭了：2张二星  1张四星  获得1760P点，当前P点数为39776","timestamp":1778774662280}
{"id":669106,"type":"success","level":1,"name":"抽卡与卡组","meta":{"paths":["lp0hx8"]},"content":"1652933285献祭了：3张二星  1张三星  获得1400P点，当前P点数为1525","timestamp":1778774662442}
{"id":669160,"type":"success","level":1,"name":"抽卡与卡组","meta":{"paths":["lp0hx8"]},"content":"2628075910献祭了：3张二星  1张三星  获得1400P点，当前P点数为40658","timestamp":1778774663470}
{"id":669228,"type":"info","level":2,"name":"签到","meta":{"paths":["lp0hx8"]},"content":"已更新3055983840的抢劫次数和记录","timestamp":1778774666550}
{"id":669258,"type":"success","level":1,"name":"签到","meta":{"paths":["lp0hx8"]},"content":"3055983840抢了956937232的98P点！","timestamp":1778774666860}
{"id":669259,"type":"info","level":2,"name":"签到","meta":{"paths":["lp0hx8"]},"content":"3055983840今天的抢劫记录为98   |    剩余抢劫次数为2","timestamp":1778774666861}
{"id":669304,"type":"success","level":1,"name":"抽卡与卡组","meta":{"paths":["lp0hx8"]},"content":"2186790348献祭了：2张二星  1张三星  获得1120P点，当前P点数为39696","timestamp":1778774669402}
{"id":669333,"type":"success","level":1,"name":"抽卡与卡组","meta":{"paths":["lp0hx8"]},"content":"2628075910献祭了：3张二星  1张三星  获得1400P点，当前P点数为40458","timestamp":1778774671427}
{"id":669381,"type":"success","level":1,"name":"签到","meta":{"paths":["lp0hx8"]},"content":"3986092865完成了一次签到！","timestamp":1778774672501}
{"id":669427,"type":"info","level":2,"name":"签到","meta":{"paths":["lp0hx8"]},"content":"已更新2188730297的抢劫次数和记录","timestamp":1778774674476}
{"id":669459,"type":"warn","level":2,"name":"session","meta":{},"content":"Error: Error with request send_group_msg, args: {\"group_id\":1091191330,\"message\":[{\"type\":\"at\",\"data\":{\"qq\":\"2188730297\"}},{\"type\":\"text\",\"data\":{\"text\":\"   恭喜你从对方手里抢到300P点！\\n你现在有4894P点\\n对方还剩2402P点\\n你还剩2次抢P点次数！\"}}]}, retcode: 1200\n    at _Internal._get (/root/lezskabot/koishi/koishi-app/node_modules/koishi-plugin-adapter-onebot/lib/index.js:119:11)\n    at process.processTicksAndRejections (node:internal/process/task_queues:95:5)\n    at async _Internal.<computed> [as sendGroupMsg] (/root/lezskabot/koishi/koishi-app/node_modules/koishi-plugin-adapter-onebot/lib/index.js:162:20)\n    at async OneBotMessageEncoder.flush (/root/lezskabot/koishi/koishi-app/node_modules/koishi-plugin-adapter-onebot/lib/index.js:771:338)\n    at async OneBotMessageEncoder.send (/root/lezskabot/koishi/koishi-app/node_modules/@satorijs/core/lib/index.cjs:755:5)\n    at async Proxy.sendMessage (/root/lezskabot/koishi/koishi-app/node_modules/@satorijs/core/lib/index.cjs:487:22)\n    at async _Command.eval (eval at <anonymous> (/root/lezskabot/koishi/koishi-app/node_modules/koishi-plugin-blockly-null/lib/index.js:1:1), <anonymous>:306:29)\n    at async Array.<anonymous> (/root/lezskabot/koishi/koishi-app/node_modules/@koishijs/core/lib/index.cjs:1079:14)\n    at async _Command.execute (/root/lezskabot/koishi/koishi-app/node_modules/@koishijs/core/lib/index.cjs:1093:22)\n    at async /root/lezskabot/koishi/koishi-app/node_modules/@koishijs/core/lib/index.cjs:2049:22","timestamp":1778774674810}
{"id":669460,"type":"success","level":1,"name":"签到","meta":{"paths":["lp0hx8"]},"content":"2188730297抢了971217490的300P点！","timestamp":1778774674820}
{"id":669461,"type":"info","level":2,"name":"签到","meta":{"paths":["lp0hx8"]},"content":"2188730297今天的抢劫记录为300   |    剩余抢劫次数为2","timestamp":1778774674829}
{"id":669471,"type":"warn","level":2,"name":"session","meta":{},"content":"Error: Error with request send_group_msg, args: {\"group_id\":1091191330,\"message\":[{\"type\":\"at\",\"data\":{\"qq\":\"3986092865\"}},{\"type\":\"text\",\"data\":{\"text\":\" 输入抽卡目标：（三星、四星、FES）\"}}]}, retcode: 1200\n    at _Internal._get (/root/lezskabot/koishi/koishi-app/node_modules/koishi-plugin-adapter-onebot/lib/index.js:119:11)\n    at process.processTicksAndRejections (node:internal/process/task_queues:95:5)\n    at async _Internal.<computed> [as sendGroupMsg] (/root/lezskabot/koishi/koishi-app/node_modules/koishi-plugin-adapter-onebot/lib/index.js:162:20)\n    at async OneBotMessageEncoder.flush (/root/lezskabot/koishi/koishi-app/node_modules/koishi-plugin-adapter-onebot/lib/index.js:771:338)\n    at async OneBotMessageEncoder.send (/root/lezskabot/koishi/koishi-app/node_modules/@satorijs/core/lib/index.cjs:755:5)\n    at async Proxy.sendMessage (/root/lezskabot/koishi/koishi-app/node_modules/@satorijs/core/lib/index.cjs:487:22)\n    at async _Command.eval (eval at <anonymous> (/root/lezskabot/koishi/koishi-app/node_modules/koishi-plugin-blockly-null/lib/index.js:1:1), <anonymous>:114:5)\n    at async Array.<anonymous> (/root/lezskabot/koishi/koishi-app/node_modules/@koishijs/core/lib/index.cjs:1079:14)\n    at async _Command.execute (/root/lezskabot/koishi/koishi-app/node_modules/@koishijs/core/lib/index.cjs:1093:22)\n    at async /root/lezskabot/koishi/koishi-app/node_modules/@koishijs/core/lib/index.cjs:2049:22","timestamp":1778774676146}
{"id":669515,"type":"warn","level":2,"name":"session","meta":{},"content":"Error: Error with request send_group_msg, args: {\"group_id\":1091191330,\"message\":[{\"type\":\"at\",\"data\":{\"qq\":\"3055983840\"}},{\"type\":\"text\",\"data\":{\"text\":\"   恭喜你从对方手里抢到152P点！\\n你现在有4272P点\\n对方还剩223657P点\\n你还剩1次抢P点次数！\"}}]}, retcode: 1200\n    at _Internal._get (/root/lezskabot/koishi/koishi-app/node_modules/koishi-plugin-adapter-onebot/lib/index.js:119:11)\n    at process.processTicksAndRejections (node:internal/process/task_queues:95:5)\n    at async _Internal.<computed> [as sendGroupMsg] (/root/lezskabot/koishi/koishi-app/node_modules/koishi-plugin-adapter-onebot/lib/index.js:162:20)\n    at async OneBotMessageEncoder.flush (/root/lezskabot/koishi/koishi-app/node_modules/koishi-plugin-adapter-onebot/lib/index.js:771:338)\n    at async OneBotMessageEncoder.send (/root/lezskabot/koishi/koishi-app/node_modules/@satorijs/core/lib/index.cjs:755:5)\n    at async Proxy.sendMessage (/root/lezskabot/koishi/koishi-app/node_modules/@satorijs/core/lib/index.cjs:487:22)\n    at async _Command.eval (eval at <anonymous> (/root/lezskabot/koishi/koishi-app/node_modules/koishi-plugin-blockly-null/lib/index.js:1:1), <anonymous>:306:29)\n    at async Array.<anonymous> (/root/lezskabot/koishi/koishi-app/node_modules/@koishijs/core/lib/index.cjs:1079:14)\n    at async _Command.execute (/root/lezskabot/koishi/koishi-app/node_modules/@koishijs/core/lib/index.cjs:1093:22)\n    at async /root/lezskabot/koishi/koishi-app/node_modules/@koishijs/core/lib/index.cjs:2049:22","timestamp":1778774678452}
{"id":669516,"type":"success","level":1,"name":"签到","meta":{"paths":["lp0hx8"]},"content":"3055983840抢了29053789的152P点！","timestamp":1778774678455}
{"id":669517,"type":"info","level":2,"name":"签到","meta":{"paths":["lp0hx8"]},"content":"3055983840今天的抢劫记录为250   |    剩余抢劫次数为1","timestamp":1778774678455}
{"id":669546,"type":"success","level":1,"name":"抽卡与卡组","meta":{"paths":["lp0hx8"]},"content":"2628075910献祭了：3张二星  1张三星  获得1400P点，当前P点数为40258","timestamp":1778774680196}
{"id":669557,"type":"success","level":1,"name":"抽卡与卡组","meta":{"paths":["lp0hx8"]},"content":"986054920献祭了：1张二星  1张三星  1张四星  获得2040P点，当前P点数为9889","timestamp":1778774682018}
{"id":669648,"type":"warn","level":2,"name":"session","meta":{},"content":"Error: Error with request send_group_msg, args: {\"group_id\":1091191330,\"message\":[{\"type\":\"at\",\"data\":{\"qq\":\"3986092865\"}},{\"type\":\"text\",\"data\":{\"text\":\"  你输入的啥啊笨蛋\"}}]}, retcode: 1200\n    at _Internal._get (/root/lezskabot/koishi/koishi-app/node_modules/koishi-plugin-adapter-onebot/lib/index.js:119:11)\n    at process.processTicksAndRejections (node:internal/process/task_queues:95:5)\n    at async _Internal.<computed> [as sendGroupMsg] (/root/lezskabot/koishi/koishi-app/node_modules/koishi-plugin-adapter-onebot/lib/index.js:162:20)\n    at async OneBotMessageEncoder.flush (/root/lezskabot/koishi/koishi-app/node_modules/koishi-plugin-adapter-onebot/lib/index.js:771:338)\n    at async OneBotMessageEncoder.send (/root/lezskabot/koishi/koishi-app/node_modules/@satorijs/core/lib/index.cjs:755:5)\n    at async Proxy.sendMessage (/root/lezskabot/koishi/koishi-app/node_modules/@satorijs/core/lib/index.cjs:487:22)\n    at async /root/lezskabot/koishi/koishi-app/node_modules/@koishijs/core/lib/index.cjs:2051:7\n    at async Proxy.withScope (/root/lezskabot/koishi/koishi-app/node_modules/@koishijs/core/lib/index.cjs:1958:22)\n    at async next (/root/lezskabot/koishi/koishi-app/node_modules/@koishijs/core/lib/index.cjs:827:16)\n    at async next (/root/lezskabot/koishi/koishi-app/node_modules/@koishijs/core/lib/index.cjs:827:16)","timestamp":1778774689254}
{"id":669661,"type":"success","level":1,"name":"抽卡与卡组","meta":{"paths":["lp0hx8"]},"content":"2186790348献祭了：1张二星  1张三星  1张四星  获得2040P点，当前P点数为40536","timestamp":1778774689817}
{"id":669697,"type":"success","level":1,"name":"抽卡与卡组","meta":{"paths":["lp0hx8"]},"content":"986054920献祭了：1张二星  2张三星  获得1400P点，当前P点数为10089","timestamp":1778774691374}
{"id":669750,"type":"success","level":1,"name":"抽卡与卡组","meta":{"paths":["lp0hx8"]},"content":"2186790348献祭了：1张二星  2张三星  获得1400P点，当前P点数为40736","timestamp":1778774696035}
{"id":669791,"type":"success","level":1,"name":"抽卡与卡组","meta":{"paths":["lp0hx8"]},"content":"2628075910献祭了：2张二星  1张三星  1张四星  获得2320P点，当前P点数为40978","timestamp":1778774699376}
{"id":669822,"type":"success","level":1,"name":"抽卡与卡组","meta":{"paths":["lp0hx8"]},"content":"2186790348献祭了：3张二星  获得840P点，当前P点数为40376","timestamp":1778774701615}
{"id":669839,"type":"success","level":1,"name":"抽卡与卡组","meta":{"paths":["lp0hx8"]},"content":"986054920献祭了：3张二星  获得840P点，当前P点数为9729","timestamp":1778774702858}
{"id":669889,"type":"warn","level":2,"name":"session","meta":{},"content":"Error: Error with request send_group_msg, args: {\"group_id\":1091191330,\"message\":[{\"type\":\"at\",\"data\":{\"qq\":\"978229136\"}},{\"type\":\"text\",\"data\":{\"text\":\"签到成功！你收到了2598P点！ 现在你已经有22967P点力！\\nP点可用来抽卡（见“抽卡帮助”）\"}}]}, retcode: 1200\n    at _Internal._get (/root/lezskabot/koishi/koishi-app/node_modules/koishi-plugin-adapter-onebot/lib/index.js:119:11)\n    at process.processTicksAndRejections (node:internal/process/task_queues:95:5)\n    at async _Internal.<computed> [as sendGroupMsg] (/root/lezskabot/koishi/koishi-app/node_modules/koishi-plugin-adapter-onebot/lib/index.js:162:20)\n    at async OneBotMessageEncoder.flush (/root/lezskabot/koishi/koishi-app/node_modules/koishi-plugin-adapter-onebot/lib/index.js:771:338)\n    at async OneBotMessageEncoder.send (/root/lezskabot/koishi/koishi-app/node_modules/@satorijs/core/lib/index.cjs:755:5)\n    at async Proxy.sendMessage (/root/lezskabot/koishi/koishi-app/node_modules/@satorijs/core/lib/index.cjs:487:22)\n    at async _Command.eval (eval at <anonymous> (/root/lezskabot/koishi/koishi-app/node_modules/koishi-plugin-blockly-null/lib/index.js:1:1), <anonymous>:372:19)\n    at async Array.<anonymous> (/root/lezskabot/koishi/koishi-app/node_modules/@koishijs/core/lib/index.cjs:1079:14)\n    at async _Command.execute (/root/lezskabot/koishi/koishi-app/node_modules/@koishijs/core/lib/index.cjs:1093:22)\n    at async /root/lezskabot/koishi/koishi-app/node_modules/@koishijs/core/lib/index.cjs:2049:22","timestamp":1778774704305}
{"id":669892,"type":"success","level":1,"name":"签到","meta":{"paths":["lp0hx8"]},"content":"978229136完成了一次签到！","timestamp":1778774704321}
{"id":669957,"type":"warn","level":2,"name":"session","meta":{},"content":"Error: Error with request send_group_msg, args: {\"group_id\":1091191330,\"message\":[{\"type\":\"at\",\"data\":{\"qq\":\"3055983840\"}},{\"type\":\"text\",\"data\":{\"text\":\"   恭喜你从对方手里抢到37P点！\\n你现在有4309P点\\n对方还剩2189P点\\n你还剩0次抢P点次数！\"}}]}, retcode: 1200\n    at _Internal._get (/root/lezskabot/koishi/koishi-app/node_modules/koishi-plugin-adapter-onebot/lib/index.js:119:11)\n    at process.processTicksAndRejections (node:internal/process/task_queues:95:5)\n    at async _Internal.<computed> [as sendGroupMsg] (/root/lezskabot/koishi/koishi-app/node_modules/koishi-plugin-adapter-onebot/lib/index.js:162:20)\n    at async OneBotMessageEncoder.flush (/root/lezskabot/koishi/koishi-app/node_modules/koishi-plugin-adapter-onebot/lib/index.js:771:338)\n    at async OneBotMessageEncoder.send (/root/lezskabot/koishi/koishi-app/node_modules/@satorijs/core/lib/index.cjs:755:5)\n    at async Proxy.sendMessage (/root/lezskabot/koishi/koishi-app/node_modules/@satorijs/core/lib/index.cjs:487:22)\n    at async _Command.eval (eval at <anonymous> (/root/lezskabot/koishi/koishi-app/node_modules/koishi-plugin-blockly-null/lib/index.js:1:1), <anonymous>:306:29)\n    at async Array.<anonymous> (/root/lezskabot/koishi/koishi-app/node_modules/@koishijs/core/lib/index.cjs:1079:14)\n    at async _Command.execute (/root/lezskabot/koishi/koishi-app/node_modules/@koishijs/core/lib/index.cjs:1093:22)\n    at async /root/lezskabot/koishi/koishi-app/node_modules/@koishijs/core/lib/index.cjs:2049:22","timestamp":1778774706260}
{"id":669958,"type":"success","level":1,"name":"签到","meta":{"paths":["lp0hx8"]},"content":"3055983840抢了3986092865的37P点！","timestamp":1778774706262}
{"id":669959,"type":"info","level":2,"name":"签到","meta":{"paths":["lp0hx8"]},"content":"3055983840今天的抢劫记录为287   |    剩余抢劫次数为0","timestamp":1778774706264}
{"id":669971,"type":"success","level":1,"name":"抽卡与卡组","meta":{"paths":["lp0hx8"]},"content":"2186790348献祭了：1张二星  2张三星  获得1400P点，当前P点数为40576","timestamp":1778774707098}
{"id":670022,"type":"success","level":1,"name":"抽卡与卡组","meta":{"paths":["lp0hx8"]},"content":"2186790348献祭了：2张二星  1张三星  获得1120P点，当前P点数为40496","timestamp":1778774712368}
{"id":670074,"type":"success","level":1,"name":"抽卡与卡组","meta":{"paths":["lp0hx8"]},"content":"986054920献祭了：2张二星  1张三星  获得1120P点，当前P点数为9649","timestamp":1778774713140}
{"id":670130,"type":"success","level":1,"name":"抽卡与卡组","meta":{"paths":["lp0hx8"]},"content":"2186790348献祭了：2张二星  1张三星  获得1120P点，当前P点数为40416","timestamp":1778774718489}
{"id":670170,"type":"success","level":1,"name":"抽卡与卡组","meta":{"paths":["lp0hx8"]},"content":"2628075910献祭了：2张二星  2张三星  获得1680P点，当前P点数为41058","timestamp":1778774719324}
{"id":670182,"type":"success","level":1,"name":"抽卡与卡组","meta":{"paths":["lp0hx8"]},"content":"986054920献祭了：2张二星  1张三星  获得1120P点，当前P点数为9569","timestamp":1778774720775}
{"id":670270,"type":"success","level":1,"name":"签到","meta":{"paths":["lp0hx8"]},"content":"2188730297抢劫956937232失败！失去了234P点！","timestamp":1778774724135}
{"id":670271,"type":"info","level":2,"name":"签到","meta":{"paths":["lp0hx8"]},"content":"2188730297今天的抢劫记录为66   |    剩余抢劫次数为1","timestamp":1778774724136}
{"id":670274,"type":"success","level":1,"name":"抽卡与卡组","meta":{"paths":["lp0hx8"]},"content":"2186790348献祭了：2张二星  1张三星  获得1120P点，当前P点数为40336","timestamp":1778774724489}
{"id":670360,"type":"success","level":1,"name":"签到","meta":{"paths":["lp0hx8"]},"content":"2188730297抢了3055983840的262P点！","timestamp":1778774728590}
{"id":670361,"type":"info","level":2,"name":"签到","meta":{"paths":["lp0hx8"]},"content":"2188730297今天的抢劫记录为328   |    剩余抢劫次数为0","timestamp":1778774728591}
{"id":670378,"type":"success","level":1,"name":"抽卡与卡组","meta":{"paths":["lp0hx8"]},"content":"986054920献祭了：2张二星  1张三星  获得1120P点，当前P点数为9489","timestamp":1778774729222}
{"id":670468,"type":"success","level":1,"name":"抽卡与卡组","meta":{"paths":["lp0hx8"]},"content":"2628075910献祭了：3张二星  1张三星  获得1400P点，当前P点数为40858","timestamp":1778774736910}
{"id":670489,"type":"success","level":1,"name":"抽卡与卡组","meta":{"paths":["lp0hx8"]},"content":"986054920献祭了：2张二星  1张三星  获得1120P点，当前P点数为9409","timestamp":1778774737976}
{"id":670505,"type":"error","level":1,"name":"签到","meta":{"paths":["lp0hx8"]},"content":"3055983840抢劫失败！该用户今天抢劫次数已用完","timestamp":1778774738588}
{"id":670569,"type":"success","level":1,"name":"抽卡与卡组","meta":{"paths":["lp0hx8"]},"content":"2186790348献祭了：2张二星  1张四星  获得1760P点，当前P点数为40896","timestamp":1778774740728}
{"id":670658,"type":"success","level":1,"name":"抽卡与卡组","meta":{"paths":["lp0hx8"]},"content":"2186790348献祭了：2张二星  1张三星  获得1120P点，当前P点数为40816","timestamp":1778774745754}
{"id":670661,"type":"success","level":1,"name":"抽卡与卡组","meta":{"paths":["lp0hx8"]},"content":"2628075910献祭了：3张二星  1张三星  获得1400P点，当前P点数为40658","timestamp":1778774745921}
{"id":670664,"type":"success","level":1,"name":"抽卡与卡组","meta":{"paths":["lp0hx8"]},"content":"986054920献祭了：3张二星  获得840P点，当前P点数为9049","timestamp":1778774746269}
{"id":670764,"type":"success","level":1,"name":"抽卡与卡组","meta":{"paths":["lp0hx8"]},"content":"2186790348献祭了：1张二星  2张三星  获得1400P点，当前P点数为41016","timestamp":1778774750271}
{"id":670854,"type":"success","level":1,"name":"抽卡与卡组","meta":{"paths":["lp0hx8"]},"content":"986054920献祭了：2张二星  1张三星  获得1120P点，当前P点数为8969","timestamp":1778774755174}
{"id":670878,"type":"success","level":1,"name":"抽卡与卡组","meta":{"paths":["lp0hx8"]},"content":"2628075910献祭了：4张二星  获得1120P点，当前P点数为40178","timestamp":1778774756542}
{"id":670960,"type":"success","level":1,"name":"抽卡与卡组","meta":{"paths":["lp0hx8"]},"content":"986054920献祭了：1张二星  2张三星  获得1400P点，当前P点数为9169","timestamp":1778774762447}
{"id":670987,"type":"success","level":1,"name":"抽卡与卡组","meta":{"paths":["lp0hx8"]},"content":"2628075910献祭了：1张二星  3张三星  获得1960P点，当前P点数为40538","timestamp":1778774766191}
{"id":671066,"type":"success","level":1,"name":"抽卡与卡组","meta":{"paths":["lp0hx8"]},"content":"2186790348献祭了：1张二星  1张三星  1张四星  获得2040P点，当前P点数为41856","timestamp":1778774769133}
{"id":671134,"type":"success","level":1,"name":"抽卡与卡组","meta":{"paths":["lp0hx8"]},"content":"2186790348献祭了：2张二星  1张三星  获得1120P点，当前P点数为41776","timestamp":1778774773549}
{"id":671174,"type":"success","level":1,"name":"抽卡与卡组","meta":{"paths":["lp0hx8"]},"content":"2628075910献祭了：4张二星  获得1120P点，当前P点数为40058","timestamp":1778774774791}
{"id":671176,"type":"error","level":1,"name":"抽卡与卡组","meta":{"paths":["lp0hx8"]},"content":"1652933285抽卡失败，积分不足","timestamp":1778774774850}
{"id":671188,"type":"success","level":1,"name":"抽卡与卡组","meta":{"paths":["lp0hx8"]},"content":"986054920献祭了：2张二星  1张三星  获得1120P点，当前P点数为9089","timestamp":1778774775676}
{"id":671271,"type":"success","level":1,"name":"抽卡与卡组","meta":{"paths":["lp0hx8"]},"content":"2186790348献祭了：3张二星  获得840P点，当前P点数为41416","timestamp":1778774779395}
{"id":671335,"type":"success","level":1,"name":"抽卡与卡组","meta":{"paths":["lp0hx8"]},"content":"2628075910献祭了：4张二星  获得1120P点，当前P点数为39578","timestamp":1778774783106}
{"id":671473,"type":"success","level":1,"name":"抽卡与卡组","meta":{"paths":["lp0hx8"]},"content":"2186790348献祭了：3张二星  获得840P点，当前P点数为41056","timestamp":1778774795323}
{"id":671490,"type":"success","level":1,"name":"抽卡与卡组","meta":{"paths":["lp0hx8"]},"content":"986054920献祭了：2张二星  1张FES  获得2560P点，当前P点数为10449","timestamp":1778774796261}
{"id":671568,"type":"success","level":1,"name":"抽卡与卡组","meta":{"paths":["lp0hx8"]},"content":"2186790348献祭了：2张二星  1张三星  获得1120P点，当前P点数为40976","timestamp":1778774802292}
{"id":671595,"type":"success","level":1,"name":"抽卡与卡组","meta":{"paths":["lp0hx8"]},"content":"986054920献祭了：2张二星  1张三星  获得1120P点，当前P点数为10369","timestamp":1778774804411}
{"id":671678,"type":"success","level":1,"name":"抽卡与卡组","meta":{"paths":["lp0hx8"]},"content":"2186790348献祭了：2张二星  1张三星  获得1120P点，当前P点数为40896","timestamp":1778774809377}
{"id":671719,"type":"success","level":1,"name":"抽卡与卡组","meta":{"paths":["lp0hx8"]},"content":"986054920献祭了：3张二星  获得840P点，当前P点数为10009","timestamp":1778774811881}
{"id":671785,"type":"success","level":1,"name":"抽卡与卡组","meta":{"paths":["lp0hx8"]},"content":"2186790348献祭了：2张二星  1张三星  获得1120P点，当前P点数为40816","timestamp":1778774814411}
{"id":671836,"type":"success","level":1,"name":"抽卡与卡组","meta":{"paths":["lp0hx8"]},"content":"986054920献祭了：2张二星  1张三星  获得1120P点，当前P点数为9929","timestamp":1778774817554}
{"id":671877,"type":"success","level":1,"name":"抽卡与卡组","meta":{"paths":["lp0hx8"]},"content":"2186790348献祭了：2张二星  1张三星  获得1120P点，当前P点数为40736","timestamp":1778774819574}
{"id":671959,"type":"success","level":1,"name":"抽卡与卡组","meta":{"paths":["lp0hx8"]},"content":"2186790348献祭了：3张二星  获得840P点，当前P点数为40376","timestamp":1778774824430}
{"id":672008,"type":"success","level":1,"name":"抽卡与卡组","meta":{"paths":["lp0hx8"]},"content":"986054920献祭了：1张二星  2张三星  获得1400P点，当前P点数为10129","timestamp":1778774827473}
{"id":672039,"type":"success","level":1,"name":"抽卡与卡组","meta":{"paths":["lp0hx8"]},"content":"2186790348献祭了：3张二星  获得840P点，当前P点数为40016","timestamp":1778774829327}
{"id":672127,"type":"success","level":1,"name":"抽卡与卡组","meta":{"paths":["lp0hx8"]},"content":"2628075910献祭了：3张二星  1张四星  获得2040P点，当前P点数为40018","timestamp":1778774838060}
{"id":672181,"type":"success","level":1,"name":"抽卡与卡组","meta":{"paths":["lp0hx8"]},"content":"986054920献祭了：1张二星  1张三星  1张四星  获得2040P点，当前P点数为10969","timestamp":1778774845803}
{"id":672228,"type":"success","level":1,"name":"抽卡与卡组","meta":{"paths":["lp0hx8"]},"content":"2628075910献祭了：4张二星  获得1120P点，当前P点数为39538","timestamp":1778774850270}
{"id":672301,"type":"success","level":1,"name":"抽卡与卡组","meta":{"paths":["lp0hx8"]},"content":"986054920献祭了：3张二星  获得840P点，当前P点数为10609","timestamp":1778774854184}
{"id":672368,"type":"info","level":2,"name":"签到","meta":{"paths":["lp0hx8"]},"content":"已更新3391406413的抢劫次数和记录","timestamp":1778774857525}
{"id":672397,"type":"success","level":1,"name":"签到","meta":{"paths":["lp0hx8"]},"content":"3391406413抢了2276942246的33P点！","timestamp":1778774857814}
{"id":672398,"type":"info","level":2,"name":"签到","meta":{"paths":["lp0hx8"]},"content":"3391406413今天的抢劫记录为33   |    剩余抢劫次数为2","timestamp":1778774857815}
{"id":672402,"type":"success","level":1,"name":"抽卡与卡组","meta":{"paths":["lp0hx8"]},"content":"2628075910献祭了：4张二星  获得1120P点，当前P点数为39058","timestamp":1778774858133}
{"id":672462,"type":"success","level":1,"name":"抽卡与卡组","meta":{"paths":["lp0hx8"]},"content":"986054920献祭了：2张二星  1张三星  获得1120P点，当前P点数为10529","timestamp":1778774861802}
{"id":672473,"type":"success","level":1,"name":"抽卡与卡组","meta":{"paths":["lp0hx8"]},"content":"2186790348献祭了：2张二星  1张三星  获得1120P点，当前P点数为39936","timestamp":1778774862316}
{"id":672541,"type":"success","level":1,"name":"抽卡与卡组","meta":{"paths":["lp0hx8"]},"content":"2628075910献祭了：2张二星  2张三星  获得1680P点，当前P点数为39138","timestamp":1778774865339}
{"id":672613,"type":"success","level":1,"name":"抽卡与卡组","meta":{"paths":["lp0hx8"]},"content":"2186790348献祭了：1张二星  2张三星  获得1400P点，当前P点数为40136","timestamp":1778774869294}
{"id":672624,"type":"success","level":1,"name":"抽卡与卡组","meta":{"paths":["lp0hx8"]},"content":"986054920献祭了：3张二星  获得840P点，当前P点数为10169","timestamp":1778774870222}
{"id":672725,"type":"success","level":1,"name":"抽卡与卡组","meta":{"paths":["lp0hx8"]},"content":"986054920献祭了：2张二星  1张三星  获得1120P点，当前P点数为10089","timestamp":1778774879428}
{"id":672746,"type":"success","level":1,"name":"抽卡与卡组","meta":{"paths":["lp0hx8"]},"content":"2186790348献祭了：2张二星  1张三星  获得1120P点，当前P点数为40056","timestamp":1778774882879}
{"id":672798,"type":"success","level":1,"name":"签到","meta":{"paths":["lp0hx8"]},"content":"3391406413抢了2276942246的111P点！","timestamp":1778774884870}
{"id":672799,"type":"info","level":2,"name":"签到","meta":{"paths":["lp0hx8"]},"content":"3391406413今天的抢劫记录为144   |    剩余抢劫次数为1","timestamp":1778774884871}
{"id":672838,"type":"success","level":1,"name":"抽卡与卡组","meta":{"paths":["lp0hx8"]},"content":"2186790348献祭了：1张二星  2张三星  获得1400P点，当前P点数为40256","timestamp":1778774889655}
{"id":672985,"type":"success","level":1,"name":"签到","meta":{"paths":["lp0hx8"]},"content":"3391406413抢了2276942246的116P点！","timestamp":1778774904995}
{"id":672986,"type":"info","level":2,"name":"签到","meta":{"paths":["lp0hx8"]},"content":"3391406413今天的抢劫记录为260   |    剩余抢劫次数为0","timestamp":1778774904996}
{"id":673046,"type":"info","level":2,"name":"签到","meta":{"paths":["lp0hx8"]},"content":"已更新986054920的抢劫次数和记录","timestamp":1778774913227}
{"id":673067,"type":"success","level":1,"name":"签到","meta":{"paths":["lp0hx8"]},"content":"986054920抢了3391406413的382P点！","timestamp":1778774913548}
{"id":673068,"type":"info","level":2,"name":"签到","meta":{"paths":["lp0hx8"]},"content":"986054920今天的抢劫记录为260   |    剩余抢劫次数为2","timestamp":1778774913549}
{"id":673182,"type":"success","level":1,"name":"抽卡与卡组","meta":{"paths":["lp0hx8"]},"content":"986054920献祭了：1张二星  2张三星  获得1400P点，当前P点数为10549","timestamp":1778774925789}
{"id":673199,"type":"info","level":2,"name":"签到","meta":{"paths":["lp0hx8"]},"content":"已更新2186790348的抢劫次数和记录","timestamp":1778774926128}
{"id":673216,"type":"success","level":1,"name":"签到","meta":{"paths":["lp0hx8"]},"content":"2186790348抢劫2628075910失败！失去了138P点！","timestamp":1778774926644}
{"id":673217,"type":"info","level":2,"name":"签到","meta":{"paths":["lp0hx8"]},"content":"2186790348今天的抢劫记录为-138   |    剩余抢劫次数为2","timestamp":1778774926648}
{"id":673322,"type":"success","level":1,"name":"签到","meta":{"paths":["lp0hx8"]},"content":"1962318808完成了一次签到！","timestamp":1778774936390}
{"id":673351,"type":"success","level":1,"name":"抽卡与卡组","meta":{"paths":["lp0hx8"]},"content":"986054920献祭了：3张二星  获得840P点，当前P点数为10189","timestamp":1778774937355}
{"id":673428,"type":"success","level":1,"name":"抽卡与卡组","meta":{"paths":["lp0hx8"]},"content":"986054920献祭了：1张二星  2张三星  获得1400P点，当前P点数为10389","timestamp":1778774944845}
{"id":673543,"type":"success","level":1,"name":"抽卡与卡组","meta":{"paths":["lp0hx8"]},"content":"986054920献祭了：2张二星  1张三星  获得1120P点，当前P点数为10309","timestamp":1778774955154}
{"id":673591,"type":"success","level":1,"name":"抽卡与卡组","meta":{"paths":["lp0hx8"]},"content":"2186790348献祭了：2张二星  1张四星  获得1760P点，当前P点数为40678","timestamp":1778774957308}
{"id":673668,"type":"success","level":1,"name":"抽卡与卡组","meta":{"paths":["lp0hx8"]},"content":"986054920献祭了：1张二星  2张三星  获得1400P点，当前P点数为10509","timestamp":1778774962707}
{"id":673723,"type":"success","level":1,"name":"抽卡与卡组","meta":{"paths":["lp0hx8"]},"content":"2628075910献祭了：1张三星  1张四星  2张FES  获得5760P点，当前P点数为43298","timestamp":1778774964801}
{"id":673849,"type":"success","level":1,"name":"抽卡与卡组","meta":{"paths":["lp0hx8"]},"content":"2186790348献祭了：2张二星  1张四星  获得1760P点，当前P点数为41238","timestamp":1778774978915}
{"id":673903,"type":"success","level":1,"name":"抽卡与卡组","meta":{"paths":["lp0hx8"]},"content":"2628075910献祭了：3张二星  1张三星  获得1400P点，当前P点数为43098","timestamp":1778774981871}
{"id":673914,"type":"success","level":1,"name":"抽卡与卡组","meta":{"paths":["lp0hx8"]},"content":"986054920献祭了：2张二星  1张四星  获得1760P点，当前P点数为11069","timestamp":1778774982551}
{"id":674022,"type":"success","level":1,"name":"抽卡与卡组","meta":{"paths":["lp0hx8"]},"content":"986054920献祭了：3张二星  获得840P点，当前P点数为10709","timestamp":1778774989988}
{"id":674058,"type":"info","level":2,"name":"签到","meta":{"paths":["lp0hx8"]},"content":"已更新2628075910的抢劫次数和记录","timestamp":1778774992809}
{"id":674079,"type":"success","level":1,"name":"签到","meta":{"paths":["lp0hx8"]},"content":"2628075910抢了2186790348的34P点！","timestamp":1778774993375}
{"id":674080,"type":"info","level":2,"name":"签到","meta":{"paths":["lp0hx8"]},"content":"2628075910今天的抢劫记录为34   |    剩余抢劫次数为2","timestamp":1778774993378}
{"id":674131,"type":"success","level":1,"name":"抽卡与卡组","meta":{"paths":["lp0hx8"]},"content":"2186790348献祭了：1张二星  1张三星  1张四星  获得2040P点，当前P点数为42044","timestamp":1778774999063}
{"id":674347,"type":"success","level":1,"name":"抽卡与卡组","meta":{"paths":["lp0hx8"]},"content":"2628075910献祭了：1张二星  2张三星  1张四星  获得2600P点，当前P点数为44132","timestamp":1778775021942}
{"id":674477,"type":"success","level":1,"name":"抽卡与卡组","meta":{"paths":["lp0hx8"]},"content":"2628075910献祭了：2张二星  2张三星  获得1680P点，当前P点数为44212","timestamp":1778775038046}
{"id":674480,"type":"success","level":1,"name":"抽卡与卡组","meta":{"paths":["lp0hx8"]},"content":"2186790348献祭了：1张二星  1张三星  1张FES  获得2840P点，当前P点数为43684","timestamp":1778775038142}
{"id":674592,"type":"success","level":1,"name":"抽卡与卡组","meta":{"paths":["lp0hx8"]},"content":"2186790348献祭了：3张二星  获得840P点，当前P点数为43324","timestamp":1778775044784}
{"id":674613,"type":"success","level":1,"name":"抽卡与卡组","meta":{"paths":["lp0hx8"]},"content":"2628075910献祭了：4张二星  获得1120P点，当前P点数为43732","timestamp":1778775045441}
{"id":674676,"type":"success","level":1,"name":"抽卡与卡组","meta":{"paths":["lp0hx8"]},"content":"2186790348献祭了：2张二星  1张三星  获得1120P点，当前P点数为43244","timestamp":1778775049988}
{"id":674758,"type":"success","level":1,"name":"抽卡与卡组","meta":{"paths":["lp0hx8"]},"content":"2628075910献祭了：3张二星  1张四星  获得2040P点，当前P点数为44172","timestamp":1778775065340}
{"id":674853,"type":"success","level":1,"name":"抽卡与卡组","meta":{"paths":["lp0hx8"]},"content":"2628075910献祭了：4张二星  获得1120P点，当前P点数为43692","timestamp":1778775078207}
{"id":674918,"type":"success","level":1,"name":"抽卡与卡组","meta":{"paths":["lp0hx8"]},"content":"2628075910献祭了：3张二星  1张三星  获得1400P点，当前P点数为43492","timestamp":1778775088143}
{"id":675025,"type":"success","level":1,"name":"签到","meta":{"paths":["lp0hx8"]},"content":"2628075910抢了2186790348的194P点！","timestamp":1778775102913}
{"id":675026,"type":"info","level":2,"name":"签到","meta":{"paths":["lp0hx8"]},"content":"2628075910今天的抢劫记录为228   |    剩余抢劫次数为1","timestamp":1778775102917}
{"id":675228,"type":"success","level":1,"name":"签到","meta":{"paths":["lp0hx8"]},"content":"2628075910抢劫2186790348失败！失去了248P点！","timestamp":1778775147198}
{"id":675229,"type":"info","level":2,"name":"签到","meta":{"paths":["lp0hx8"]},"content":"2628075910今天的抢劫记录为-20   |    剩余抢劫次数为0","timestamp":1778775147204}
{"id":675429,"type":"success","level":1,"name":"签到","meta":{"paths":["lp0hx8"]},"content":"1012113121完成了一次签到！","timestamp":1778775183519}
{"id":675500,"type":"warn","level":2,"name":"session","meta":{},"content":"Error: Error with request send_group_msg, args: {\"group_id\":1091191330,\"message\":[{\"type\":\"at\",\"data\":{\"qq\":\"1012113121\"}},{\"type\":\"text\",\"data\":{\"text\":\"真可惜呢花光了也没抽到\\n你还有109P点\\n最后一次抽卡结果：\\n☆二星★\"}},{\"type\":\"image\",\"data\":{\"file\":\"/root/lezskabot/cards/1/89.png\",\"cache\":0}}]}, retcode: 1200\n    at _Internal._get (/root/lezskabot/koishi/koishi-app/node_modules/koishi-plugin-adapter-onebot/lib/index.js:119:11)\n    at process.processTicksAndRejections (node:internal/process/task_queues:95:5)\n    at async _Internal.<computed> [as sendGroupMsg] (/root/lezskabot/koishi/koishi-app/node_modules/koishi-plugin-adapter-onebot/lib/index.js:162:20)\n    at async OneBotMessageEncoder.flush (/root/lezskabot/koishi/koishi-app/node_modules/koishi-plugin-adapter-onebot/lib/index.js:771:338)\n    at async OneBotMessageEncoder.send (/root/lezskabot/koishi/koishi-app/node_modules/@satorijs/core/lib/index.cjs:755:5)\n    at async Proxy.sendMessage (/root/lezskabot/koishi/koishi-app/node_modules/@satorijs/core/lib/index.cjs:487:22)\n    at async /root/lezskabot/koishi/koishi-app/node_modules/@koishijs/core/lib/index.cjs:2051:7\n    at async Proxy.withScope (/root/lezskabot/koishi/koishi-app/node_modules/@koishijs/core/lib/index.cjs:1958:22)\n    at async next (/root/lezskabot/koishi/koishi-app/node_modules/@koishijs/core/lib/index.cjs:827:16)\n    at async next (/root/lezskabot/koishi/koishi-app/node_modules/@koishijs/core/lib/index.cjs:827:16)","timestamp":1778775191408}
{"id":675653,"type":"success","level":1,"name":"签到","meta":{"paths":["lp0hx8"]},"content":"3161689072完成了一次签到！","timestamp":1778775210970}
