{"id":20629,"type":"success","level":1,"name":"签到","meta":{"paths":["lp0hx8"]},"content":"3389530537完成了一次签到！","timestamp":1779322344511}
{"id":20682,"type":"info","level":2,"name":"抽卡与卡组","meta":{"paths":["lp0hx8"]},"content":"3267282483抽到了一张☆二星★卡，剩余3069P点","timestamp":1779322585389}
{"id":20701,"type":"info","level":2,"name":"抽卡与卡组","meta":{"paths":["lp0hx8"]},"content":"3267282483抽到了一张❀三星☄卡，剩余2669P点","timestamp":1779322592206}
{"id":20727,"type":"info","level":2,"name":"抽卡与卡组","meta":{"paths":["lp0hx8"]},"content":"3956839342抽到了一张☆二星★卡，剩余2624P点","timestamp":1779322594900}
{"id":20892,"type":"success","level":1,"name":"签到","meta":{"paths":["lp0hx8"]},"content":"3044937168完成了一次签到！","timestamp":1779322998116}
{"id":21043,"type":"success","level":1,"name":"签到","meta":{"paths":["lp0hx8"]},"content":"2188730297完成了一次签到！","timestamp":1779323711038}
{"id":21103,"type":"success","level":1,"name":"签到","meta":{"paths":["lp0hx8"]},"content":"2558144075完成了一次签到！","timestamp":1779323745970}
{"id":21979,"type":"success","level":1,"name":"签到","meta":{"paths":["lp0hx8"]},"content":"3026137282完成了一次签到！","timestamp":1779325766203}
{"id":27145,"type":"success","level":1,"name":"签到","meta":{"paths":["lp0hx8"]},"content":"1329863603完成了一次签到！","timestamp":1779334088902}
{"id":27246,"type":"success","level":1,"name":"签到","meta":{"paths":["lp0hx8"]},"content":"2980858358完成了一次签到！","timestamp":1779334215484}
{"id":27406,"type":"success","level":1,"name":"签到","meta":{"paths":["lp0hx8"]},"content":"3161689072完成了一次签到！","timestamp":1779334503438}
{"id":27453,"type":"error","level":1,"name":"签到","meta":{"paths":["lp0hx8"]},"content":"3389530537签到失败！原因：该用户已经签到","timestamp":1779334517641}
{"id":28295,"type":"success","level":1,"name":"签到","meta":{"paths":["lp0hx8"]},"content":"3379490589完成了一次签到！","timestamp":1779335736699}
{"id":28775,"type":"success","level":1,"name":"签到","meta":{"paths":["lp0hx8"]},"content":"3409638283完成了一次签到！","timestamp":1779336049605}
{"id":28943,"type":"info","level":2,"name":"抽卡与卡组","meta":{"paths":["lp0hx8"]},"content":"629832381抽到了一张☆二星★卡，剩余23827P点","timestamp":1779336128418}
{"id":28973,"type":"info","level":2,"name":"抽卡与卡组","meta":{"paths":["lp0hx8"]},"content":"629832381抽到了一张☆二星★卡，剩余23427P点","timestamp":1779336135690}
{"id":28997,"type":"info","level":2,"name":"抽卡与卡组","meta":{"paths":["lp0hx8"]},"content":"629832381抽到了一张❀三星☄卡，剩余23027P点","timestamp":1779336142990}
{"id":29196,"type":"info","level":2,"name":"抽卡与卡组","meta":{"paths":["lp0hx8"]},"content":"2447114685抽到了一张❀三星☄卡，剩余4599P点","timestamp":1779336444512}
{"id":29283,"type":"info","level":2,"name":"抽卡与卡组","meta":{"paths":["lp0hx8"]},"content":"3409638283抽到了一张❀三星☄卡，剩余7956P点","timestamp":1779336503282}
{"id":29438,"type":"success","level":1,"name":"签到","meta":{"paths":["lp0hx8"]},"content":"2221639610完成了一次签到！","timestamp":1779336635917}
{"id":32226,"type":"success","level":1,"name":"签到","meta":{"paths":["lp0hx8"]},"content":"1090073898完成了一次签到！","timestamp":1779339729702}
{"id":32597,"type":"success","level":1,"name":"签到","meta":{"paths":["lp0hx8"]},"content":"2627939216完成了一次签到！","timestamp":1779340097419}
{"id":34310,"type":"success","level":1,"name":"签到","meta":{"paths":["lp0hx8"]},"content":"3568930598完成了一次签到！","timestamp":1779341188995}
{"id":34410,"type":"success","level":1,"name":"签到","meta":{"paths":["lp0hx8"]},"content":"167505290完成了一次签到！","timestamp":1779341220121}
{"id":34750,"type":"success","level":1,"name":"签到","meta":{"paths":["lp0hx8"]},"content":"1962318808完成了一次签到！","timestamp":1779341307118}
{"id":35344,"type":"info","level":2,"name":"抽卡与卡组","meta":{"paths":["lp0hx8"]},"content":"3873251910抽到了一张❀三星☄卡，剩余2472P点","timestamp":1779341589800}
{"id":36485,"type":"success","level":1,"name":"签到","meta":{"paths":["lp0hx8"]},"content":"914880737完成了一次签到！","timestamp":1779342178210}
{"id":42400,"type":"success","level":1,"name":"签到","meta":{"paths":["lp0hx8"]},"content":"2455800638完成了一次签到！","timestamp":1779344890010}
{"id":74742,"type":"success","level":1,"name":"签到","meta":{"paths":["lp0hx8"]},"content":"3840729373完成了一次签到！","timestamp":1779370940088}
{"id":74802,"type":"success","level":1,"name":"签到","meta":{"paths":["lp0hx8"]},"content":"813013693完成了一次签到！","timestamp":1779370949010}
{"id":89125,"type":"success","level":1,"name":"签到","meta":{"paths":["lp0hx8"]},"content":"908531782完成了一次签到！","timestamp":1779374145453}
{"id":89406,"type":"success","level":1,"name":"抽卡与卡组","meta":{"paths":["lp0hx8"]},"content":"908531782献祭了：2张二星  1张三星  获得1120P点，当前P点数为11559","timestamp":1779374217736}
{"id":89820,"type":"success","level":1,"name":"抽卡与卡组","meta":{"paths":["lp0hx8"]},"content":"908531782献祭了：2张三星  1张四星  获得2320P点，当前P点数为12679","timestamp":1779374280654}
{"id":90991,"type":"success","level":1,"name":"抽卡与卡组","meta":{"paths":["lp0hx8"]},"content":"908531782献祭了：2张二星  1张三星  获得1120P点，当前P点数为12599","timestamp":1779374519040}
{"id":91255,"type":"success","level":1,"name":"抽卡与卡组","meta":{"paths":["lp0hx8"]},"content":"908531782献祭了：3张二星  获得840P点，当前P点数为12239","timestamp":1779374576859}
{"id":91466,"type":"error","level":1,"name":"抽卡与卡组","meta":{"paths":["lp0hx8"]},"content":"1980709102抽卡失败，积分不足","timestamp":1779374610543}
{"id":91526,"type":"success","level":1,"name":"签到","meta":{"paths":["lp0hx8"]},"content":"1980709102完成了一次签到！","timestamp":1779374618560}
{"id":91600,"type":"info","level":2,"name":"抽卡与卡组","meta":{"paths":["lp0hx8"]},"content":"1980709102抽到了一张☆二星★卡，剩余1161P点","timestamp":1779374627742}
{"id":91670,"type":"info","level":2,"name":"抽卡与卡组","meta":{"paths":["lp0hx8"]},"content":"1980709102抽到了一张☆二星★卡，剩余761P点","timestamp":1779374637442}
{"id":91730,"type":"info","level":2,"name":"抽卡与卡组","meta":{"paths":["lp0hx8"]},"content":"1980709102抽到了一张☆二星★卡，剩余361P点","timestamp":1779374649840}
{"id":102741,"type":"success","level":1,"name":"抽卡与卡组","meta":{"paths":["lp0hx8"]},"content":"3903949840献祭了：4张二星  1张三星  获得1680P点，当前P点数为10143","timestamp":1779377635029}
{"id":102926,"type":"success","level":1,"name":"抽卡与卡组","meta":{"paths":["lp0hx8"]},"content":"3903949840献祭了：2张二星  2张三星  2张四星  获得4080P点，当前P点数为12223","timestamp":1779377707931}
{"id":103169,"type":"success","level":1,"name":"抽卡与卡组","meta":{"paths":["lp0hx8"]},"content":"3903949840献祭了：3张二星  2张三星  获得1960P点，当前P点数为11783","timestamp":1779377763730}
{"id":103254,"type":"success","level":1,"name":"抽卡与卡组","meta":{"paths":["lp0hx8"]},"content":"3903949840献祭了：5张二星  获得1400P点，当前P点数为11183","timestamp":1779377783639}
{"id":107534,"type":"success","level":1,"name":"签到","meta":{"paths":["lp0hx8"]},"content":"1820639552完成了一次签到！","timestamp":1779379281134}
{"id":107540,"type":"success","level":1,"name":"签到","meta":{"paths":["lp0hx8"]},"content":"2018283414完成了一次签到！","timestamp":1779379283010}
{"id":107601,"type":"success","level":1,"name":"签到","meta":{"paths":["lp0hx8"]},"content":"2513983517完成了一次签到！","timestamp":1779379291132}
{"id":107745,"type":"success","level":1,"name":"签到","meta":{"paths":["lp0hx8"]},"content":"2994459542完成了一次签到！","timestamp":1779379338515}
{"id":107846,"type":"success","level":1,"name":"签到","meta":{"paths":["lp0hx8"]},"content":"3320978551完成了一次签到！","timestamp":1779379346741}
{"id":108547,"type":"success","level":1,"name":"签到","meta":{"paths":["lp0hx8"]},"content":"978229136完成了一次签到！","timestamp":1779379538337}
{"id":108610,"type":"success","level":1,"name":"签到","meta":{"paths":["lp0hx8"]},"content":"2432499215完成了一次签到！","timestamp":1779379561138}
{"id":108872,"type":"success","level":1,"name":"签到","meta":{"paths":["lp0hx8"]},"content":"629832381完成了一次签到！","timestamp":1779379606435}
{"id":109131,"type":"success","level":1,"name":"签到","meta":{"paths":["lp0hx8"]},"content":"1509417679完成了一次签到！","timestamp":1779379686422}
{"id":109165,"type":"info","level":2,"name":"签到","meta":{"paths":["lp0hx8"]},"content":"已更新29053789的抢劫次数和记录","timestamp":1779379689744}
{"id":109212,"type":"success","level":1,"name":"签到","meta":{"paths":["lp0hx8"]},"content":"29053789抢了1012113121的953P点！","timestamp":1779379693740}
{"id":109213,"type":"info","level":2,"name":"签到","meta":{"paths":["lp0hx8"]},"content":"29053789今天的抢劫记录为206   |    剩余抢劫次数为3","timestamp":1779379693740}
{"id":109269,"type":"info","level":2,"name":"签到","meta":{"paths":["lp0hx8"]},"content":"已更新1012113121的抢劫次数和记录","timestamp":1779379701424}
{"id":109434,"type":"success","level":1,"name":"签到","meta":{"paths":["lp0hx8"]},"content":"29053789完成了一次签到！","timestamp":1779379717537}
{"id":109786,"type":"success","level":1,"name":"签到","meta":{"paths":["lp0hx8"]},"content":"1012113121完成了一次签到！","timestamp":1779379801317}
{"id":109948,"type":"info","level":2,"name":"抽卡与卡组","meta":{"paths":["lp0hx8"]},"content":"366837668抽到了一张☆二星★卡，剩余22434P点","timestamp":1779379816635}
{"id":111112,"type":"success","level":1,"name":"签到","meta":{"paths":["lp0hx8"]},"content":"1969859341完成了一次签到！","timestamp":1779380090621}
{"id":116969,"type":"success","level":1,"name":"签到","meta":{"paths":["lp0hx8"]},"content":"2628075910完成了一次签到！","timestamp":1779382887980}
{"id":117448,"type":"info","level":2,"name":"签到","meta":{"paths":["lp0hx8"]},"content":"已更新2186790348的抢劫次数和记录","timestamp":1779383108580}
{"id":117475,"type":"success","level":1,"name":"签到","meta":{"paths":["lp0hx8"]},"content":"2186790348抢了2628075910的106P点！","timestamp":1779383109380}
{"id":117476,"type":"info","level":2,"name":"签到","meta":{"paths":["lp0hx8"]},"content":"2186790348今天的抢劫记录为106   |    剩余抢劫次数为2","timestamp":1779383109381}
{"id":117534,"type":"success","level":1,"name":"签到","meta":{"paths":["lp0hx8"]},"content":"2186790348完成了一次签到！","timestamp":1779383127280}
{"id":117609,"type":"info","level":2,"name":"签到","meta":{"paths":["lp0hx8"]},"content":"已更新2628075910的抢劫次数和记录","timestamp":1779383142004}
{"id":117632,"type":"success","level":1,"name":"签到","meta":{"paths":["lp0hx8"]},"content":"366837668完成了一次签到！","timestamp":1779383142392}
{"id":117634,"type":"success","level":1,"name":"签到","meta":{"paths":["lp0hx8"]},"content":"2628075910抢了2186790348的256P点！","timestamp":1779383142982}
{"id":117635,"type":"info","level":2,"name":"签到","meta":{"paths":["lp0hx8"]},"content":"2628075910今天的抢劫记录为256   |    剩余抢劫次数为2","timestamp":1779383142982}
{"id":117669,"type":"info","level":2,"name":"签到","meta":{"paths":["lp0hx8"]},"content":"已更新366837668的抢劫次数和记录","timestamp":1779383150402}
{"id":117690,"type":"success","level":1,"name":"签到","meta":{"paths":["lp0hx8"]},"content":"366837668抢了2628075910的497P点！","timestamp":1779383151086}
{"id":117691,"type":"info","level":2,"name":"签到","meta":{"paths":["lp0hx8"]},"content":"366837668今天的抢劫记录为497   |    剩余抢劫次数为2","timestamp":1779383151086}
{"id":117741,"type":"success","level":1,"name":"签到","meta":{"paths":["lp0hx8"]},"content":"366837668抢劫2186790348失败！失去了123P点！","timestamp":1779383168295}
{"id":117742,"type":"info","level":2,"name":"签到","meta":{"paths":["lp0hx8"]},"content":"366837668今天的抢劫记录为374   |    剩余抢劫次数为1","timestamp":1779383168301}
{"id":117892,"type":"success","level":1,"name":"签到","meta":{"paths":["lp0hx8"]},"content":"366837668抢了2186790348的310P点！","timestamp":1779383200683}
{"id":117893,"type":"info","level":2,"name":"签到","meta":{"paths":["lp0hx8"]},"content":"366837668今天的抢劫记录为684   |    剩余抢劫次数为0","timestamp":1779383200683}
{"id":118006,"type":"success","level":1,"name":"签到","meta":{"paths":["lp0hx8"]},"content":"2186790348抢了366837668的41P点！","timestamp":1779383230383}
{"id":118007,"type":"info","level":2,"name":"签到","meta":{"paths":["lp0hx8"]},"content":"2186790348今天的抢劫记录为-118357   |    剩余抢劫次数为1","timestamp":1779383230386}
{"id":118087,"type":"success","level":1,"name":"签到","meta":{"paths":["lp0hx8"]},"content":"2628075910抢了366837668的202P点！","timestamp":1779383246111}
{"id":118088,"type":"info","level":2,"name":"签到","meta":{"paths":["lp0hx8"]},"content":"2628075910今天的抢劫记录为-52646   |    剩余抢劫次数为1","timestamp":1779383246177}
{"id":118656,"type":"success","level":1,"name":"签到","meta":{"paths":["lp0hx8"]},"content":"2433884076完成了一次签到！","timestamp":1779383522898}
{"id":118679,"type":"info","level":2,"name":"签到","meta":{"paths":["lp0hx8"]},"content":"已更新2433884076的抢劫次数和记录","timestamp":1779383526894}
{"id":118697,"type":"success","level":1,"name":"签到","meta":{"paths":["lp0hx8"]},"content":"2433884076抢劫2628075910失败！失去了237P点！","timestamp":1779383527798}
{"id":118698,"type":"info","level":2,"name":"签到","meta":{"paths":["lp0hx8"]},"content":"2433884076今天的抢劫记录为-237   |    剩余抢劫次数为2","timestamp":1779383527811}
{"id":118742,"type":"success","level":1,"name":"签到","meta":{"paths":["lp0hx8"]},"content":"2433884076抢了2628075910的187P点！","timestamp":1779383533185}
{"id":118743,"type":"info","level":2,"name":"签到","meta":{"paths":["lp0hx8"]},"content":"2433884076今天的抢劫记录为-50   |    剩余抢劫次数为1","timestamp":1779383533185}
{"id":118771,"type":"success","level":1,"name":"签到","meta":{"paths":["lp0hx8"]},"content":"2433884076抢劫2628075910失败！失去了26P点！","timestamp":1779383538894}
{"id":118772,"type":"info","level":2,"name":"签到","meta":{"paths":["lp0hx8"]},"content":"2433884076今天的抢劫记录为-76   |    剩余抢劫次数为0","timestamp":1779383538898}
{"id":118883,"type":"success","level":1,"name":"签到","meta":{"paths":["lp0hx8"]},"content":"2186790348抢了2628075910的403P点！","timestamp":1779383617579}
{"id":118884,"type":"info","level":2,"name":"签到","meta":{"paths":["lp0hx8"]},"content":"2186790348今天的抢劫记录为-117954   |    剩余抢劫次数为0","timestamp":1779383617590}
{"id":118977,"type":"success","level":1,"name":"签到","meta":{"paths":["lp0hx8"]},"content":"2628075910抢了2186790348的248P点！","timestamp":1779383664797}
{"id":118978,"type":"info","level":2,"name":"签到","meta":{"paths":["lp0hx8"]},"content":"2628075910今天的抢劫记录为-157829   |    剩余抢劫次数为0","timestamp":1779383664798}
{"id":119035,"type":"success","level":1,"name":"签到","meta":{"paths":["lp0hx8"]},"content":"986054920完成了一次签到！","timestamp":1779383678002}
{"id":119063,"type":"info","level":2,"name":"签到","meta":{"paths":["lp0hx8"]},"content":"已更新986054920的抢劫次数和记录","timestamp":1779383686611}
{"id":119086,"type":"success","level":1,"name":"签到","meta":{"paths":["lp0hx8"]},"content":"986054920抢劫2186790348失败！失去了119P点！","timestamp":1779383687305}
{"id":119087,"type":"info","level":2,"name":"签到","meta":{"paths":["lp0hx8"]},"content":"986054920今天的抢劫记录为-119   |    剩余抢劫次数为2","timestamp":1779383687306}
{"id":119349,"type":"success","level":1,"name":"签到","meta":{"paths":["lp0hx8"]},"content":"986054920抢劫2186790348失败！失去了203P点！","timestamp":1779383795480}
{"id":119350,"type":"info","level":2,"name":"签到","meta":{"paths":["lp0hx8"]},"content":"986054920今天的抢劫记录为-322   |    剩余抢劫次数为1","timestamp":1779383795481}
{"id":119388,"type":"success","level":1,"name":"签到","meta":{"paths":["lp0hx8"]},"content":"986054920抢劫2186790348失败！失去了190P点！","timestamp":1779383803597}
{"id":119389,"type":"info","level":2,"name":"签到","meta":{"paths":["lp0hx8"]},"content":"986054920今天的抢劫记录为-512   |    剩余抢劫次数为0","timestamp":1779383803600}
{"id":119639,"type":"info","level":2,"name":"签到","meta":{"paths":["lp0hx8"]},"content":"2186790348向986054920赠送了200个P点","timestamp":1779383896192}
{"id":119720,"type":"info","level":2,"name":"签到","meta":{"paths":["lp0hx8"]},"content":"366837668向986054920赠送了400个P点","timestamp":1779383911016}
{"id":119791,"type":"info","level":2,"name":"签到","meta":{"paths":["lp0hx8"]},"content":"2628075910向986054920赠送了250个P点","timestamp":1779383925325}
{"id":120445,"type":"success","level":1,"name":"抽卡与卡组","meta":{"paths":["lp0hx8"]},"content":"2628075910献祭了：4张二星  获得1120P点，当前P点数为53337","timestamp":1779384282600}
{"id":120600,"type":"success","level":1,"name":"抽卡与卡组","meta":{"paths":["lp0hx8"]},"content":"2628075910献祭了：4张二星  获得1120P点，当前P点数为52857","timestamp":1779384345591}
{"id":122320,"type":"success","level":1,"name":"签到","meta":{"paths":["lp0hx8"]},"content":"1602618344完成了一次签到！","timestamp":1779385156505}
{"id":134525,"type":"success","level":1,"name":"签到","meta":{"paths":["lp0hx8"]},"content":"1569181511完成了一次签到！","timestamp":1779402478788}
{"id":134556,"type":"info","level":2,"name":"抽卡与卡组","meta":{"paths":["lp0hx8"]},"content":"1569181511抽到了一张☆二星★卡，剩余2716P点","timestamp":1779402484895}
{"id":134575,"type":"info","level":2,"name":"抽卡与卡组","meta":{"paths":["lp0hx8"]},"content":"1569181511抽到了一张☆二星★卡，剩余2316P点","timestamp":1779402488300}
{"id":134594,"type":"info","level":2,"name":"抽卡与卡组","meta":{"paths":["lp0hx8"]},"content":"1569181511抽到了一张☆二星★卡，剩余1916P点","timestamp":1779402491680}
{"id":134613,"type":"info","level":2,"name":"抽卡与卡组","meta":{"paths":["lp0hx8"]},"content":"1569181511抽到了一张☆二星★卡，剩余1516P点","timestamp":1779402494800}
{"id":134636,"type":"info","level":2,"name":"抽卡与卡组","meta":{"paths":["lp0hx8"]},"content":"1569181511抽到了一张☆二星★卡，剩余1116P点","timestamp":1779402499588}
{"id":134655,"type":"info","level":2,"name":"抽卡与卡组","meta":{"paths":["lp0hx8"]},"content":"1569181511抽到了一张☆二星★卡，剩余716P点","timestamp":1779402504188}
{"id":134674,"type":"info","level":2,"name":"抽卡与卡组","meta":{"paths":["lp0hx8"]},"content":"1569181511抽到了一张☆二星★卡，剩余316P点","timestamp":1779402507888}
{"id":134731,"type":"success","level":1,"name":"签到","meta":{"paths":["lp0hx8"]},"content":"3980423768完成了一次签到！","timestamp":1779403213908}
{"id":135005,"type":"success","level":1,"name":"签到","meta":{"paths":["lp0hx8"]},"content":"1962318808完成了一次签到！","timestamp":1779405264305}
{"id":135108,"type":"success","level":1,"name":"签到","meta":{"paths":["lp0hx8"]},"content":"1813783853完成了一次签到！","timestamp":1779405501181}
{"id":135155,"type":"success","level":1,"name":"签到","meta":{"paths":["lp0hx8"]},"content":"3822680733完成了一次签到！","timestamp":1779405658589}
{"id":136006,"type":"success","level":1,"name":"签到","meta":{"paths":["lp0hx8"]},"content":"2781758816完成了一次签到！","timestamp":1779407827886}
