{"id":177778,"type":"error","level":1,"name":"抽卡与卡组","meta":{"paths":["lp0hx8"]},"content":"3290576298抽卡失败，积分不足","timestamp":1777634839252}
{"id":180503,"type":"error","level":1,"name":"签到","meta":{"paths":["lp0hx8"]},"content":"3980423768签到失败！原因：该用户已经签到","timestamp":1777636662579}
{"id":180544,"type":"success","level":1,"name":"签到","meta":{"paths":["lp0hx8"]},"content":"2432499215完成了一次签到！","timestamp":1777636674948}
{"id":186030,"type":"success","level":1,"name":"抽卡与卡组","meta":{"paths":["lp0hx8"]},"content":"2188730297献祭了：3张二星  1张FES  获得2840P点，当前P点数为4910","timestamp":1777639056386}
{"id":186148,"type":"success","level":1,"name":"抽卡与卡组","meta":{"paths":["lp0hx8"]},"content":"2188730297献祭了：1张二星  2张三星  1张四星  获得2600P点，当前P点数为5910","timestamp":1777639091732}
{"id":186172,"type":"info","level":2,"name":"抽卡与卡组","meta":{"paths":["lp0hx8"]},"content":"2432499215抽到了一张☆二星★卡，剩余3088P点","timestamp":1777639092613}
{"id":186240,"type":"info","level":2,"name":"抽卡与卡组","meta":{"paths":["lp0hx8"]},"content":"2558144075抽到了一张☆二星★卡，剩余6632P点","timestamp":1777639119572}
{"id":186297,"type":"error","level":1,"name":"抽卡与卡组","meta":{"paths":["lp0hx8"]},"content":"2432499215抽卡失败，积分不足","timestamp":1777639138680}
{"id":186344,"type":"info","level":2,"name":"签到","meta":{"paths":["lp0hx8"]},"content":"已更新2188730297的抢劫次数和记录","timestamp":1777639147865}
{"id":186360,"type":"success","level":1,"name":"签到","meta":{"paths":["lp0hx8"]},"content":"2188730297抢劫2432499215失败！失去了82P点！","timestamp":1777639148548}
{"id":186361,"type":"info","level":2,"name":"签到","meta":{"paths":["lp0hx8"]},"content":"2188730297今天的抢劫记录为-82   |    剩余抢劫次数为2","timestamp":1777639148549}
{"id":186363,"type":"warn","level":2,"name":"session","meta":{},"content":"Error: Error with request send_group_msg, args: {\"group_id\":1091191330,\"message\":[{\"type\":\"image\",\"data\":{\"file\":\"/root/lezskabot/cards/2/140.png\",\"cache\":0}},{\"type\":\"at\",\"data\":{\"qq\":\"2558144075\"}},{\"type\":\"text\",\"data\":{\"text\":\"❀三星☄\\n你还有6232P点\\n也就是15抽。\\n请仔细阅读“抽卡帮助”！\\n此卡已自动存入你卡组的第2位\"}}]}, retcode: 1200\n    at _Internal._get (/root/lezskabot/koishi/koishi-app/node_modules/koishi-plugin-adapter-onebot/lib/index.js:119:11)\n    at process.processTicksAndRejections (node:internal/process/task_queues:95:5)\n    at async _Internal.<computed> [as sendGroupMsg] (/root/lezskabot/koishi/koishi-app/node_modules/koishi-plugin-adapter-onebot/lib/index.js:162:20)\n    at async OneBotMessageEncoder.flush (/root/lezskabot/koishi/koishi-app/node_modules/koishi-plugin-adapter-onebot/lib/index.js:771:338)\n    at async OneBotMessageEncoder.send (/root/lezskabot/koishi/koishi-app/node_modules/@satorijs/core/lib/index.cjs:755:5)\n    at async Proxy.sendMessage (/root/lezskabot/koishi/koishi-app/node_modules/@satorijs/core/lib/index.cjs:487:22)\n    at async _Command.eval (eval at <anonymous> (/root/lezskabot/koishi/koishi-app/node_modules/koishi-plugin-blockly-null/lib/index.js:1:1), <anonymous>:294:21)\n    at async Array.<anonymous> (/root/lezskabot/koishi/koishi-app/node_modules/@koishijs/core/lib/index.cjs:1079:14)\n    at async _Command.execute (/root/lezskabot/koishi/koishi-app/node_modules/@koishijs/core/lib/index.cjs:1093:22)\n    at async /root/lezskabot/koishi/koishi-app/node_modules/@koishijs/core/lib/index.cjs:2049:22","timestamp":1777639149037}
{"id":186369,"type":"info","level":2,"name":"抽卡与卡组","meta":{"paths":["lp0hx8"]},"content":"2558144075抽到了一张❀三星☄卡，剩余6232P点","timestamp":1777639149047}
{"id":186411,"type":"warn","level":2,"name":"session","meta":{},"content":"Error: Error with request send_group_msg, args: {\"group_id\":1091191330,\"message\":[{\"type\":\"at\",\"data\":{\"qq\":\"2188730297\"}},{\"type\":\"text\",\"data\":{\"text\":\"   你抢到了288P点！因为对方只有288P点，所以他被你扒光了！\\n你现在有516P点\\n你还剩1次抢P点次数！\"}}]}, retcode: 1200\n    at _Internal._get (/root/lezskabot/koishi/koishi-app/node_modules/koishi-plugin-adapter-onebot/lib/index.js:119:11)\n    at process.processTicksAndRejections (node:internal/process/task_queues:95:5)\n    at async _Internal.<computed> [as sendGroupMsg] (/root/lezskabot/koishi/koishi-app/node_modules/koishi-plugin-adapter-onebot/lib/index.js:162:20)\n    at async OneBotMessageEncoder.flush (/root/lezskabot/koishi/koishi-app/node_modules/koishi-plugin-adapter-onebot/lib/index.js:771:338)\n    at async OneBotMessageEncoder.send (/root/lezskabot/koishi/koishi-app/node_modules/@satorijs/core/lib/index.cjs:755:5)\n    at async Proxy.sendMessage (/root/lezskabot/koishi/koishi-app/node_modules/@satorijs/core/lib/index.cjs:487:22)\n    at async _Command.eval (eval at <anonymous> (/root/lezskabot/koishi/koishi-app/node_modules/koishi-plugin-blockly-null/lib/index.js:1:1), <anonymous>:275:27)\n    at async Array.<anonymous> (/root/lezskabot/koishi/koishi-app/node_modules/@koishijs/core/lib/index.cjs:1079:14)\n    at async _Command.execute (/root/lezskabot/koishi/koishi-app/node_modules/@koishijs/core/lib/index.cjs:1093:22)\n    at async /root/lezskabot/koishi/koishi-app/node_modules/@koishijs/core/lib/index.cjs:2049:22","timestamp":1777639154550}
{"id":186412,"type":"success","level":1,"name":"签到","meta":{"paths":["lp0hx8"]},"content":"2188730297抢了2432499215的456P点！","timestamp":1777639154552}
{"id":186413,"type":"info","level":2,"name":"签到","meta":{"paths":["lp0hx8"]},"content":"2188730297今天的抢劫记录为206   |    剩余抢劫次数为1","timestamp":1777639154552}
{"id":186435,"type":"info","level":2,"name":"签到","meta":{"paths":["lp0hx8"]},"content":"已更新1652933285的抢劫次数和记录","timestamp":1777639159222}
{"id":186445,"type":"warn","level":2,"name":"session","meta":{},"content":"Error: Error with request send_group_msg, args: {\"group_id\":1091191330,\"message\":[{\"type\":\"text\",\"data\":{\"text\":\"他已经没有P点了！\"}}]}, retcode: 1200\n    at _Internal._get (/root/lezskabot/koishi/koishi-app/node_modules/koishi-plugin-adapter-onebot/lib/index.js:119:11)\n    at process.processTicksAndRejections (node:internal/process/task_queues:95:5)\n    at async _Internal.<computed> [as sendGroupMsg] (/root/lezskabot/koishi/koishi-app/node_modules/koishi-plugin-adapter-onebot/lib/index.js:162:20)\n    at async OneBotMessageEncoder.flush (/root/lezskabot/koishi/koishi-app/node_modules/koishi-plugin-adapter-onebot/lib/index.js:771:338)\n    at async OneBotMessageEncoder.send (/root/lezskabot/koishi/koishi-app/node_modules/@satorijs/core/lib/index.cjs:755:5)\n    at async Proxy.sendMessage (/root/lezskabot/koishi/koishi-app/node_modules/@satorijs/core/lib/index.cjs:487:22)\n    at async /root/lezskabot/koishi/koishi-app/node_modules/@koishijs/core/lib/index.cjs:2051:7\n    at async Proxy.withScope (/root/lezskabot/koishi/koishi-app/node_modules/@koishijs/core/lib/index.cjs:1958:22)\n    at async /root/lezskabot/koishi/koishi-app/node_modules/koishi-plugin-anti-space/lib/index.js:63:20\n    at async next (/root/lezskabot/koishi/koishi-app/node_modules/@koishijs/core/lib/index.cjs:827:16)","timestamp":1777639159755}
{"id":186461,"type":"info","level":2,"name":"签到","meta":{"paths":["lp0hx8"]},"content":"已更新2432499215的抢劫次数和记录","timestamp":1777639162682}
{"id":186479,"type":"warn","level":2,"name":"session","meta":{},"content":"Error: Error with request send_group_msg, args: {\"group_id\":1091191330,\"message\":[{\"type\":\"at\",\"data\":{\"qq\":\"2432499215\"}},{\"type\":\"text\",\"data\":{\"text\":\"   恭喜你从对方手里抢到335P点！\\n你现在有335P点\\n对方还剩181P点\\n你还剩2次抢P点次数！\"}}]}, retcode: 1200\n    at _Internal._get (/root/lezskabot/koishi/koishi-app/node_modules/koishi-plugin-adapter-onebot/lib/index.js:119:11)\n    at process.processTicksAndRejections (node:internal/process/task_queues:95:5)\n    at async _Internal.<computed> [as sendGroupMsg] (/root/lezskabot/koishi/koishi-app/node_modules/koishi-plugin-adapter-onebot/lib/index.js:162:20)\n    at async OneBotMessageEncoder.flush (/root/lezskabot/koishi/koishi-app/node_modules/koishi-plugin-adapter-onebot/lib/index.js:771:338)\n    at async OneBotMessageEncoder.send (/root/lezskabot/koishi/koishi-app/node_modules/@satorijs/core/lib/index.cjs:755:5)\n    at async Proxy.sendMessage (/root/lezskabot/koishi/koishi-app/node_modules/@satorijs/core/lib/index.cjs:487:22)\n    at async _Command.eval (eval at <anonymous> (/root/lezskabot/koishi/koishi-app/node_modules/koishi-plugin-blockly-null/lib/index.js:1:1), <anonymous>:281:27)\n    at async Array.<anonymous> (/root/lezskabot/koishi/koishi-app/node_modules/@koishijs/core/lib/index.cjs:1079:14)\n    at async _Command.execute (/root/lezskabot/koishi/koishi-app/node_modules/@koishijs/core/lib/index.cjs:1093:22)\n    at async /root/lezskabot/koishi/koishi-app/node_modules/@koishijs/core/lib/index.cjs:2049:22","timestamp":1777639163236}
{"id":186480,"type":"success","level":1,"name":"签到","meta":{"paths":["lp0hx8"]},"content":"2432499215抢了2188730297的335P点！","timestamp":1777639163239}
{"id":186481,"type":"info","level":2,"name":"签到","meta":{"paths":["lp0hx8"]},"content":"2432499215今天的抢劫记录为335   |    剩余抢劫次数为2","timestamp":1777639163240}
{"id":186506,"type":"warn","level":2,"name":"session","meta":{},"content":"Error: Error with request send_group_msg, args: {\"group_id\":1091191330,\"message\":[{\"type\":\"text\",\"data\":{\"text\":\"他已经没有P点了！\"}}]}, retcode: 1200\n    at _Internal._get (/root/lezskabot/koishi/koishi-app/node_modules/koishi-plugin-adapter-onebot/lib/index.js:119:11)\n    at process.processTicksAndRejections (node:internal/process/task_queues:95:5)\n    at async _Internal.<computed> [as sendGroupMsg] (/root/lezskabot/koishi/koishi-app/node_modules/koishi-plugin-adapter-onebot/lib/index.js:162:20)\n    at async OneBotMessageEncoder.flush (/root/lezskabot/koishi/koishi-app/node_modules/koishi-plugin-adapter-onebot/lib/index.js:771:338)\n    at async OneBotMessageEncoder.send (/root/lezskabot/koishi/koishi-app/node_modules/@satorijs/core/lib/index.cjs:755:5)\n    at async Proxy.sendMessage (/root/lezskabot/koishi/koishi-app/node_modules/@satorijs/core/lib/index.cjs:487:22)\n    at async /root/lezskabot/koishi/koishi-app/node_modules/@koishijs/core/lib/index.cjs:2051:7\n    at async Proxy.withScope (/root/lezskabot/koishi/koishi-app/node_modules/@koishijs/core/lib/index.cjs:1958:22)\n    at async /root/lezskabot/koishi/koishi-app/node_modules/koishi-plugin-anti-space/lib/index.js:63:20\n    at async next (/root/lezskabot/koishi/koishi-app/node_modules/@koishijs/core/lib/index.cjs:827:16)","timestamp":1777639165404}
{"id":186533,"type":"warn","level":2,"name":"session","meta":{},"content":"Error: Error with request send_group_msg, args: {\"group_id\":1091191330,\"message\":[{\"type\":\"at\",\"data\":{\"qq\":\"2188730297\"}},{\"type\":\"text\",\"data\":{\"text\":\"   抢劫失败！你失去了100P点！\\n你现在有81P点\\n你还剩0次抢P点次数！\"}}]}, retcode: 1200\n    at _Internal._get (/root/lezskabot/koishi/koishi-app/node_modules/koishi-plugin-adapter-onebot/lib/index.js:119:11)\n    at process.processTicksAndRejections (node:internal/process/task_queues:95:5)\n    at async _Internal.<computed> [as sendGroupMsg] (/root/lezskabot/koishi/koishi-app/node_modules/koishi-plugin-adapter-onebot/lib/index.js:162:20)\n    at async OneBotMessageEncoder.flush (/root/lezskabot/koishi/koishi-app/node_modules/koishi-plugin-adapter-onebot/lib/index.js:771:338)\n    at async OneBotMessageEncoder.send (/root/lezskabot/koishi/koishi-app/node_modules/@satorijs/core/lib/index.cjs:755:5)\n    at async Proxy.sendMessage (/root/lezskabot/koishi/koishi-app/node_modules/@satorijs/core/lib/index.cjs:487:22)\n    at async _Command.eval (eval at <anonymous> (/root/lezskabot/koishi/koishi-app/node_modules/koishi-plugin-blockly-null/lib/index.js:1:1), <anonymous>:300:29)\n    at async Array.<anonymous> (/root/lezskabot/koishi/koishi-app/node_modules/@koishijs/core/lib/index.cjs:1079:14)\n    at async _Command.execute (/root/lezskabot/koishi/koishi-app/node_modules/@koishijs/core/lib/index.cjs:1093:22)\n    at async /root/lezskabot/koishi/koishi-app/node_modules/@koishijs/core/lib/index.cjs:2049:22","timestamp":1777639165788}
{"id":186534,"type":"success","level":1,"name":"签到","meta":{"paths":["lp0hx8"]},"content":"2188730297抢劫2432499215失败！失去了100P点！","timestamp":1777639165790}
{"id":186535,"type":"info","level":2,"name":"签到","meta":{"paths":["lp0hx8"]},"content":"2188730297今天的抢劫记录为106   |    剩余抢劫次数为0","timestamp":1777639165790}
{"id":186584,"type":"warn","level":2,"name":"session","meta":{},"content":"Error: Error with request send_group_msg, args: {\"group_id\":1091191330,\"message\":[{\"type\":\"at\",\"data\":{\"qq\":\"2188730297\"}},{\"type\":\"text\",\"data\":{\"text\":\"baka！你今天已经抢劫次数用完了！不许抢了！\"}}]}, retcode: 1200\n    at _Internal._get (/root/lezskabot/koishi/koishi-app/node_modules/koishi-plugin-adapter-onebot/lib/index.js:119:11)\n    at process.processTicksAndRejections (node:internal/process/task_queues:95:5)\n    at async _Internal.<computed> [as sendGroupMsg] (/root/lezskabot/koishi/koishi-app/node_modules/koishi-plugin-adapter-onebot/lib/index.js:162:20)\n    at async OneBotMessageEncoder.flush (/root/lezskabot/koishi/koishi-app/node_modules/koishi-plugin-adapter-onebot/lib/index.js:771:338)\n    at async OneBotMessageEncoder.send (/root/lezskabot/koishi/koishi-app/node_modules/@satorijs/core/lib/index.cjs:755:5)\n    at async Proxy.sendMessage (/root/lezskabot/koishi/koishi-app/node_modules/@satorijs/core/lib/index.cjs:487:22)\n    at async _Command.eval (eval at <anonymous> (/root/lezskabot/koishi/koishi-app/node_modules/koishi-plugin-blockly-null/lib/index.js:1:1), <anonymous>:311:15)\n    at async Array.<anonymous> (/root/lezskabot/koishi/koishi-app/node_modules/@koishijs/core/lib/index.cjs:1079:14)\n    at async _Command.execute (/root/lezskabot/koishi/koishi-app/node_modules/@koishijs/core/lib/index.cjs:1093:22)\n    at async /root/lezskabot/koishi/koishi-app/node_modules/@koishijs/core/lib/index.cjs:2049:22","timestamp":1777639172153}
{"id":186585,"type":"error","level":1,"name":"签到","meta":{"paths":["lp0hx8"]},"content":"2188730297抢劫失败！该用户今天抢劫次数已用完","timestamp":1777639172155}
{"id":186593,"type":"warn","level":2,"name":"session","meta":{},"content":"Error: Error with request send_group_msg, args: {\"group_id\":1091191330,\"message\":[{\"type\":\"image\",\"data\":{\"file\":\"/root/lezskabot/cards/1/135.png\",\"cache\":0}},{\"type\":\"at\",\"data\":{\"qq\":\"2558144075\"}},{\"type\":\"text\",\"data\":{\"text\":\"☆二星★\\n你还有5832P点\\n也就是14抽。\\n请仔细阅读“抽卡帮助”！\\n此卡已自动存入你卡组的第3位\"}}]}, retcode: 1200\n    at _Internal._get (/root/lezskabot/koishi/koishi-app/node_modules/koishi-plugin-adapter-onebot/lib/index.js:119:11)\n    at process.processTicksAndRejections (node:internal/process/task_queues:95:5)\n    at async _Internal.<computed> [as sendGroupMsg] (/root/lezskabot/koishi/koishi-app/node_modules/koishi-plugin-adapter-onebot/lib/index.js:162:20)\n    at async OneBotMessageEncoder.flush (/root/lezskabot/koishi/koishi-app/node_modules/koishi-plugin-adapter-onebot/lib/index.js:771:338)\n    at async OneBotMessageEncoder.send (/root/lezskabot/koishi/koishi-app/node_modules/@satorijs/core/lib/index.cjs:755:5)\n    at async Proxy.sendMessage (/root/lezskabot/koishi/koishi-app/node_modules/@satorijs/core/lib/index.cjs:487:22)\n    at async _Command.eval (eval at <anonymous> (/root/lezskabot/koishi/koishi-app/node_modules/koishi-plugin-blockly-null/lib/index.js:1:1), <anonymous>:294:21)\n    at async Array.<anonymous> (/root/lezskabot/koishi/koishi-app/node_modules/@koishijs/core/lib/index.cjs:1079:14)\n    at async _Command.execute (/root/lezskabot/koishi/koishi-app/node_modules/@koishijs/core/lib/index.cjs:1093:22)\n    at async /root/lezskabot/koishi/koishi-app/node_modules/@koishijs/core/lib/index.cjs:2049:22","timestamp":1777639173704}
{"id":186599,"type":"info","level":2,"name":"抽卡与卡组","meta":{"paths":["lp0hx8"]},"content":"2558144075抽到了一张☆二星★卡，剩余5832P点","timestamp":1777639173714}
{"id":186699,"type":"error","level":1,"name":"签到","meta":{"paths":["lp0hx8"]},"content":"2188730297抢劫失败！该用户今天抢劫次数已用完","timestamp":1777639205405}
{"id":186777,"type":"error","level":1,"name":"抽卡与卡组","meta":{"paths":["lp0hx8"]},"content":"2188730297抽卡失败，积分不足","timestamp":1777639218883}
{"id":187190,"type":"success","level":1,"name":"签到","meta":{"paths":["lp0hx8"]},"content":"1652933285抢了2432499215的193P点！","timestamp":1777639370804}
{"id":187191,"type":"info","level":2,"name":"签到","meta":{"paths":["lp0hx8"]},"content":"1652933285今天的抢劫记录为193   |    剩余抢劫次数为2","timestamp":1777639370805}
{"id":187321,"type":"info","level":2,"name":"抽卡与卡组","meta":{"paths":["lp0hx8"]},"content":"2558144075抽到了一张☆二星★卡，剩余5432P点","timestamp":1777639406048}
{"id":187380,"type":"success","level":1,"name":"签到","meta":{"paths":["lp0hx8"]},"content":"2432499215抢了2558144075的4P点！","timestamp":1777639412302}
{"id":187381,"type":"info","level":2,"name":"签到","meta":{"paths":["lp0hx8"]},"content":"2432499215今天的抢劫记录为339   |    剩余抢劫次数为1","timestamp":1777639412304}
{"id":187411,"type":"info","level":2,"name":"抽卡与卡组","meta":{"paths":["lp0hx8"]},"content":"2558144075抽到了一张❀三星☄卡，剩余5028P点","timestamp":1777639420445}
{"id":187430,"type":"error","level":1,"name":"抽卡与卡组","meta":{"paths":["lp0hx8"]},"content":"3993290356抽卡失败，积分不足","timestamp":1777639424566}
{"id":187466,"type":"success","level":1,"name":"签到","meta":{"paths":["lp0hx8"]},"content":"3993290356完成了一次签到！","timestamp":1777639433910}
{"id":187497,"type":"info","level":2,"name":"抽卡与卡组","meta":{"paths":["lp0hx8"]},"content":"3993290356抽到了一张❀三星☄卡，剩余2354P点","timestamp":1777639438118}
{"id":187544,"type":"info","level":2,"name":"签到","meta":{"paths":["lp0hx8"]},"content":"已更新2558144075的抢劫次数和记录","timestamp":1777639443859}
{"id":187560,"type":"success","level":1,"name":"签到","meta":{"paths":["lp0hx8"]},"content":"2558144075抢劫2432499215失败！失去了123P点！","timestamp":1777639444244}
{"id":187561,"type":"info","level":2,"name":"签到","meta":{"paths":["lp0hx8"]},"content":"2558144075今天的抢劫记录为-123   |    剩余抢劫次数为2","timestamp":1777639444246}
{"id":187568,"type":"info","level":2,"name":"抽卡与卡组","meta":{"paths":["lp0hx8"]},"content":"3993290356抽到了一张☆二星★卡，剩余1954P点","timestamp":1777639446322}
{"id":187604,"type":"info","level":2,"name":"抽卡与卡组","meta":{"paths":["lp0hx8"]},"content":"3993290356抽到了一张☆二星★卡，剩余1554P点","timestamp":1777639453700}
{"id":187643,"type":"warn","level":2,"name":"session","meta":{},"content":"Error: Error with request send_group_msg, args: {\"group_id\":1091191330,\"message\":[{\"type\":\"image\",\"data\":{\"file\":\"/root/lezskabot/cards/1/27.png\",\"cache\":0}},{\"type\":\"at\",\"data\":{\"qq\":\"3993290356\"}},{\"type\":\"text\",\"data\":{\"text\":\"☆二星★\\n你还有1154P点\\n也就是2抽。\\n请仔细阅读“抽卡帮助”！\\n此卡已自动存入你卡组的第4位\"}}]}, retcode: 1200\n    at _Internal._get (/root/lezskabot/koishi/koishi-app/node_modules/koishi-plugin-adapter-onebot/lib/index.js:119:11)\n    at process.processTicksAndRejections (node:internal/process/task_queues:95:5)\n    at async _Internal.<computed> [as sendGroupMsg] (/root/lezskabot/koishi/koishi-app/node_modules/koishi-plugin-adapter-onebot/lib/index.js:162:20)\n    at async OneBotMessageEncoder.flush (/root/lezskabot/koishi/koishi-app/node_modules/koishi-plugin-adapter-onebot/lib/index.js:771:338)\n    at async OneBotMessageEncoder.send (/root/lezskabot/koishi/koishi-app/node_modules/@satorijs/core/lib/index.cjs:755:5)\n    at async Proxy.sendMessage (/root/lezskabot/koishi/koishi-app/node_modules/@satorijs/core/lib/index.cjs:487:22)\n    at async _Command.eval (eval at <anonymous> (/root/lezskabot/koishi/koishi-app/node_modules/koishi-plugin-blockly-null/lib/index.js:1:1), <anonymous>:294:21)\n    at async Array.<anonymous> (/root/lezskabot/koishi/koishi-app/node_modules/@koishijs/core/lib/index.cjs:1079:14)\n    at async _Command.execute (/root/lezskabot/koishi/koishi-app/node_modules/@koishijs/core/lib/index.cjs:1093:22)\n    at async /root/lezskabot/koishi/koishi-app/node_modules/@koishijs/core/lib/index.cjs:2049:22","timestamp":1777639461556}
{"id":187649,"type":"info","level":2,"name":"抽卡与卡组","meta":{"paths":["lp0hx8"]},"content":"3993290356抽到了一张☆二星★卡，剩余1154P点","timestamp":1777639461568}
{"id":187717,"type":"success","level":1,"name":"签到","meta":{"paths":["lp0hx8"]},"content":"2558144075抢劫2432499215失败！失去了252P点！","timestamp":1777639474785}
{"id":187718,"type":"info","level":2,"name":"签到","meta":{"paths":["lp0hx8"]},"content":"2558144075今天的抢劫记录为-375   |    剩余抢劫次数为1","timestamp":1777639474786}
{"id":187725,"type":"info","level":2,"name":"抽卡与卡组","meta":{"paths":["lp0hx8"]},"content":"3993290356抽到了一张☆二星★卡，剩余754P点","timestamp":1777639475418}
{"id":187773,"type":"info","level":2,"name":"抽卡与卡组","meta":{"paths":["lp0hx8"]},"content":"3993290356抽到了一张❀三星☄卡，剩余354P点","timestamp":1777639483117}
{"id":187786,"type":"error","level":1,"name":"签到","meta":{"paths":["lp0hx8"]},"content":"2558144075签到失败！原因：该用户已经签到","timestamp":1777639484275}
{"id":190583,"type":"error","level":1,"name":"绑定id","meta":{"paths":["lp0hx8"]},"content":"1249742734输入错误id：完了之后就能在群里绑定，id过短","timestamp":1777640829712}
{"id":208649,"type":"success","level":1,"name":"签到","meta":{"paths":["lp0hx8"]},"content":"1652933285完成了一次签到！","timestamp":1777651287940}
{"id":208885,"type":"info","level":2,"name":"签到","meta":{"paths":["lp0hx8"]},"content":"1652933285向2432499215赠送了183个P点","timestamp":1777651327466}
{"id":209213,"type":"success","level":1,"name":"签到","meta":{"paths":["lp0hx8"]},"content":"29053789完成了一次签到！","timestamp":1777651413178}
{"id":209259,"type":"success","level":1,"name":"签到","meta":{"paths":["lp0hx8"]},"content":"2432499215完成了一次签到！","timestamp":1777651416035}
{"id":209261,"type":"warn","level":2,"name":"session","meta":{},"content":"Error: Error with request send_group_msg, args: {\"group_id\":1091191330,\"message\":[{\"type\":\"at\",\"data\":{\"qq\":\"1652933285\"}},{\"type\":\"text\",\"data\":{\"text\":\"  你送出了422P点！\\n你还剩3013的P点\\n→\"}},{\"type\":\"at\",\"data\":{\"qq\":\"2188730297\"}},{\"type\":\"text\",\"data\":{\"text\":\"  你收到了422P点！\\n你现在有503的P点\"}}]}, retcode: 1200\n    at _Internal._get (/root/lezskabot/koishi/koishi-app/node_modules/koishi-plugin-adapter-onebot/lib/index.js:119:11)\n    at process.processTicksAndRejections (node:internal/process/task_queues:95:5)\n    at async _Internal.<computed> [as sendGroupMsg] (/root/lezskabot/koishi/koishi-app/node_modules/koishi-plugin-adapter-onebot/lib/index.js:162:20)\n    at async OneBotMessageEncoder.flush (/root/lezskabot/koishi/koishi-app/node_modules/koishi-plugin-adapter-onebot/lib/index.js:771:338)\n    at async OneBotMessageEncoder.send (/root/lezskabot/koishi/koishi-app/node_modules/@satorijs/core/lib/index.cjs:755:5)\n    at async Proxy.sendMessage (/root/lezskabot/koishi/koishi-app/node_modules/@satorijs/core/lib/index.cjs:487:22)\n    at async _Command.eval (eval at <anonymous> (/root/lezskabot/koishi/koishi-app/node_modules/koishi-plugin-blockly-null/lib/index.js:1:1), <anonymous>:190:29)\n    at async Array.<anonymous> (/root/lezskabot/koishi/koishi-app/node_modules/@koishijs/core/lib/index.cjs:1079:14)\n    at async _Command.execute (/root/lezskabot/koishi/koishi-app/node_modules/@koishijs/core/lib/index.cjs:1093:22)\n    at async /root/lezskabot/koishi/koishi-app/node_modules/@koishijs/core/lib/index.cjs:2049:22","timestamp":1777651416087}
{"id":209262,"type":"info","level":2,"name":"签到","meta":{"paths":["lp0hx8"]},"content":"1652933285向2188730297赠送了422个P点","timestamp":1777651416089}
{"id":209304,"type":"success","level":1,"name":"签到","meta":{"paths":["lp0hx8"]},"content":"2856202014完成了一次签到！","timestamp":1777651421585}
{"id":209329,"type":"success","level":1,"name":"签到","meta":{"paths":["lp0hx8"]},"content":"956937232完成了一次签到！","timestamp":1777651423447}
{"id":209360,"type":"success","level":1,"name":"签到","meta":{"paths":["lp0hx8"]},"content":"2558144075完成了一次签到！","timestamp":1777651429542}
{"id":209404,"type":"success","level":1,"name":"签到","meta":{"paths":["lp0hx8"]},"content":"2188730297完成了一次签到！","timestamp":1777651431694}
{"id":209408,"type":"success","level":1,"name":"签到","meta":{"paths":["lp0hx8"]},"content":"2085287779完成了一次签到！","timestamp":1777651431749}
{"id":209435,"type":"success","level":1,"name":"签到","meta":{"paths":["lp0hx8"]},"content":"29053789完成了一次签到！","timestamp":1777651434971}
{"id":209516,"type":"success","level":1,"name":"签到","meta":{"paths":["lp0hx8"]},"content":"3764379512完成了一次签到！","timestamp":1777651449495}
{"id":209715,"type":"info","level":2,"name":"签到","meta":{"paths":["lp0hx8"]},"content":"1652933285向2188730297赠送了422个P点","timestamp":1777651497445}
{"id":209960,"type":"info","level":2,"name":"签到","meta":{"paths":["lp0hx8"]},"content":"956937232向2432499215赠送了2000个P点","timestamp":1777651554018}
{"id":210037,"type":"info","level":2,"name":"签到","meta":{"paths":["lp0hx8"]},"content":"已更新956937232的抢劫次数和记录","timestamp":1777651571303}
{"id":210053,"type":"success","level":1,"name":"签到","meta":{"paths":["lp0hx8"]},"content":"956937232抢劫2432499215失败！失去了217P点！","timestamp":1777651571575}
{"id":210054,"type":"info","level":2,"name":"签到","meta":{"paths":["lp0hx8"]},"content":"956937232今天的抢劫记录为-217   |    剩余抢劫次数为2","timestamp":1777651571576}
{"id":210081,"type":"success","level":1,"name":"签到","meta":{"paths":["lp0hx8"]},"content":"956937232抢劫2432499215失败！失去了113P点！","timestamp":1777651580532}
{"id":210082,"type":"info","level":2,"name":"签到","meta":{"paths":["lp0hx8"]},"content":"956937232今天的抢劫记录为-330   |    剩余抢劫次数为1","timestamp":1777651580534}
{"id":210135,"type":"info","level":2,"name":"抽卡与卡组","meta":{"paths":["lp0hx8"]},"content":"2432499215抽到了一张❀三星☄卡，剩余2992P点","timestamp":1777651586025}
{"id":210212,"type":"success","level":1,"name":"签到","meta":{"paths":["lp0hx8"]},"content":"956937232抢了2432499215的417P点！","timestamp":1777651592127}
{"id":210213,"type":"info","level":2,"name":"签到","meta":{"paths":["lp0hx8"]},"content":"956937232今天的抢劫记录为87   |    剩余抢劫次数为0","timestamp":1777651592129}
{"id":210222,"type":"info","level":2,"name":"抽卡与卡组","meta":{"paths":["lp0hx8"]},"content":"2432499215抽到了一张❀三星☄卡，剩余2175P点","timestamp":1777651592471}
{"id":210259,"type":"info","level":2,"name":"抽卡与卡组","meta":{"paths":["lp0hx8"]},"content":"2432499215抽到了一张☆二星★卡，剩余1775P点","timestamp":1777651596584}
{"id":210291,"type":"info","level":2,"name":"抽卡与卡组","meta":{"paths":["lp0hx8"]},"content":"2432499215抽到了一张☆二星★卡，剩余1375P点","timestamp":1777651602934}
{"id":210314,"type":"info","level":2,"name":"抽卡与卡组","meta":{"paths":["lp0hx8"]},"content":"2432499215抽到了一张☆二星★卡，剩余975P点","timestamp":1777651606213}
{"id":210338,"type":"warn","level":2,"name":"session","meta":{},"content":"Error: Error with request send_group_msg, args: {\"group_id\":1091191330,\"message\":[{\"type\":\"text\",\"data\":{\"text\":\"输入赠送点数\"}}]}, retcode: 1200\n    at _Internal._get (/root/lezskabot/koishi/koishi-app/node_modules/koishi-plugin-adapter-onebot/lib/index.js:119:11)\n    at process.processTicksAndRejections (node:internal/process/task_queues:95:5)\n    at async _Internal.<computed> [as sendGroupMsg] (/root/lezskabot/koishi/koishi-app/node_modules/koishi-plugin-adapter-onebot/lib/index.js:162:20)\n    at async OneBotMessageEncoder.flush (/root/lezskabot/koishi/koishi-app/node_modules/koishi-plugin-adapter-onebot/lib/index.js:771:338)\n    at async OneBotMessageEncoder.send (/root/lezskabot/koishi/koishi-app/node_modules/@satorijs/core/lib/index.cjs:755:5)\n    at async Proxy.sendMessage (/root/lezskabot/koishi/koishi-app/node_modules/@satorijs/core/lib/index.cjs:487:22)\n    at async _Command.eval (eval at <anonymous> (/root/lezskabot/koishi/koishi-app/node_modules/koishi-plugin-blockly-null/lib/index.js:1:1), <anonymous>:168:23)\n    at async Array.<anonymous> (/root/lezskabot/koishi/koishi-app/node_modules/@koishijs/core/lib/index.cjs:1079:14)\n    at async _Command.execute (/root/lezskabot/koishi/koishi-app/node_modules/@koishijs/core/lib/index.cjs:1093:22)\n    at async /root/lezskabot/koishi/koishi-app/node_modules/@koishijs/core/lib/index.cjs:2049:22","timestamp":1777651607714}
{"id":210413,"type":"info","level":2,"name":"签到","meta":{"paths":["lp0hx8"]},"content":"已更新2432499215的抢劫次数和记录","timestamp":1777651628915}
{"id":210429,"type":"success","level":1,"name":"签到","meta":{"paths":["lp0hx8"]},"content":"2432499215抢劫956937232失败！失去了142P点！","timestamp":1777651629423}
{"id":210430,"type":"info","level":2,"name":"签到","meta":{"paths":["lp0hx8"]},"content":"2432499215今天的抢劫记录为-142   |    剩余抢劫次数为2","timestamp":1777651629424}
{"id":210497,"type":"info","level":2,"name":"签到","meta":{"paths":["lp0hx8"]},"content":"956937232向2188730297赠送了2000个P点","timestamp":1777651637853}
{"id":210643,"type":"success","level":1,"name":"签到","meta":{"paths":["lp0hx8"]},"content":"1012113121完成了一次签到！","timestamp":1777651658270}
{"id":210842,"type":"success","level":1,"name":"签到","meta":{"paths":["lp0hx8"]},"content":"2961801540完成了一次签到！","timestamp":1777651713974}
{"id":210880,"type":"success","level":1,"name":"抽卡与卡组","meta":{"paths":["lp0hx8"]},"content":"1652933285献祭了：5张二星  1张三星  获得1960P点，当前P点数为3751","timestamp":1777651722678}
{"id":210984,"type":"success","level":1,"name":"签到","meta":{"paths":["lp0hx8"]},"content":"2276942246完成了一次签到！","timestamp":1777651735347}
{"id":211052,"type":"info","level":2,"name":"签到","meta":{"paths":["lp0hx8"]},"content":"1652933285向2432499215赠送了1351个P点","timestamp":1777651748631}
{"id":211086,"type":"info","level":2,"name":"抽卡与卡组","meta":{"paths":["lp0hx8"]},"content":"3764379512抽到了一张☆二星★卡，剩余2910P点","timestamp":1777651752669}
{"id":211152,"type":"error","level":1,"name":"抽卡与卡组","meta":{"paths":["lp0hx8"]},"content":"3903118786抽卡失败，积分不足","timestamp":1777651760688}
{"id":211188,"type":"info","level":2,"name":"抽卡与卡组","meta":{"paths":["lp0hx8"]},"content":"3764379512抽到了一张❀三星☄卡，剩余2510P点","timestamp":1777651763667}
{"id":211285,"type":"success","level":1,"name":"签到","meta":{"paths":["lp0hx8"]},"content":"3903118786完成了一次签到！","timestamp":1777651772869}
{"id":211344,"type":"info","level":2,"name":"抽卡与卡组","meta":{"paths":["lp0hx8"]},"content":"2276942246抽到了一张☆二星★卡，剩余8023P点","timestamp":1777651776424}
{"id":211357,"type":"info","level":2,"name":"抽卡与卡组","meta":{"paths":["lp0hx8"]},"content":"29053789抽到了一张☆二星★卡，剩余75041P点","timestamp":1777651776908}
{"id":211493,"type":"info","level":2,"name":"抽卡与卡组","meta":{"paths":["lp0hx8"]},"content":"3903118786抽到了一张☆二星★卡，剩余146P点","timestamp":1777651804605}
{"id":211599,"type":"info","level":2,"name":"抽卡与卡组","meta":{"paths":["lp0hx8"]},"content":"2856202014抽到了一张☆二星★卡，剩余3787P点","timestamp":1777651812771}
{"id":211637,"type":"info","level":2,"name":"抽卡与卡组","meta":{"paths":["lp0hx8"]},"content":"3764379512抽到了一张❀三星☄卡，剩余2110P点","timestamp":1777651821529}
{"id":211667,"type":"info","level":2,"name":"抽卡与卡组","meta":{"paths":["lp0hx8"]},"content":"2276942246抽到了一张☆二星★卡，剩余7623P点","timestamp":1777651826631}
{"id":211728,"type":"info","level":2,"name":"抽卡与卡组","meta":{"paths":["lp0hx8"]},"content":"3764379512抽到了一张☆二星★卡，剩余1710P点","timestamp":1777651831416}
{"id":211735,"type":"info","level":2,"name":"抽卡与卡组","meta":{"paths":["lp0hx8"]},"content":"2276942246抽到了一张☆二星★卡，剩余7223P点","timestamp":1777651833050}
{"id":211788,"type":"info","level":2,"name":"抽卡与卡组","meta":{"paths":["lp0hx8"]},"content":"2856202014抽到了一张☆二星★卡，剩余3387P点","timestamp":1777651842858}
{"id":211818,"type":"info","level":2,"name":"抽卡与卡组","meta":{"paths":["lp0hx8"]},"content":"2276942246抽到了一张☆二星★卡，剩余6823P点","timestamp":1777651844214}
{"id":211886,"type":"info","level":2,"name":"抽卡与卡组","meta":{"paths":["lp0hx8"]},"content":"2276942246抽到了一张☆二星★卡，剩余6423P点","timestamp":1777651850875}
{"id":211893,"type":"info","level":2,"name":"抽卡与卡组","meta":{"paths":["lp0hx8"]},"content":"2856202014抽到了一张☆二星★卡，剩余2987P点","timestamp":1777651851750}
{"id":211940,"type":"info","level":2,"name":"抽卡与卡组","meta":{"paths":["lp0hx8"]},"content":"2276942246抽到了一张❀三星☄卡，剩余6023P点","timestamp":1777651860818}
{"id":211957,"type":"info","level":2,"name":"抽卡与卡组","meta":{"paths":["lp0hx8"]},"content":"2856202014抽到了一张☆二星★卡，剩余2587P点","timestamp":1777651861674}
{"id":211995,"type":"info","level":2,"name":"抽卡与卡组","meta":{"paths":["lp0hx8"]},"content":"2276942246抽到了一张☆二星★卡，剩余5623P点","timestamp":1777651868659}
{"id":212086,"type":"info","level":2,"name":"抽卡与卡组","meta":{"paths":["lp0hx8"]},"content":"2856202014抽到了一张❀三星☄卡，剩余2187P点","timestamp":1777651876287}
{"id":212097,"type":"info","level":2,"name":"抽卡与卡组","meta":{"paths":["lp0hx8"]},"content":"2276942246抽到了一张❀三星☄卡，剩余5223P点","timestamp":1777651878383}
{"id":212152,"type":"info","level":2,"name":"抽卡与卡组","meta":{"paths":["lp0hx8"]},"content":"2276942246抽到了一张☆二星★卡，剩余4823P点","timestamp":1777651886986}
{"id":212194,"type":"info","level":2,"name":"抽卡与卡组","meta":{"paths":["lp0hx8"]},"content":"2276942246抽到了一张☆二星★卡，剩余4423P点","timestamp":1777651893005}
{"id":212246,"type":"info","level":2,"name":"抽卡与卡组","meta":{"paths":["lp0hx8"]},"content":"2856202014抽到了一张☆二星★卡，剩余1787P点","timestamp":1777651897406}
{"id":212256,"type":"info","level":2,"name":"抽卡与卡组","meta":{"paths":["lp0hx8"]},"content":"2276942246抽到了一张☆二星★卡，剩余4023P点","timestamp":1777651898915}
{"id":212320,"type":"info","level":2,"name":"抽卡与卡组","meta":{"paths":["lp0hx8"]},"content":"2856202014抽到了一张☆二星★卡，剩余1387P点","timestamp":1777651905930}
{"id":212373,"type":"info","level":2,"name":"抽卡与卡组","meta":{"paths":["lp0hx8"]},"content":"2856202014抽到了一张❀三星☄卡，剩余987P点","timestamp":1777651911715}
{"id":212441,"type":"info","level":2,"name":"抽卡与卡组","meta":{"paths":["lp0hx8"]},"content":"2856202014抽到了一张❀三星☄卡，剩余587P点","timestamp":1777651917219}
{"id":212445,"type":"info","level":2,"name":"抽卡与卡组","meta":{"paths":["lp0hx8"]},"content":"2276942246抽到了一张☆二星★卡，剩余3623P点","timestamp":1777651918761}
{"id":212480,"type":"info","level":2,"name":"抽卡与卡组","meta":{"paths":["lp0hx8"]},"content":"2276942246抽到了一张☆二星★卡，剩余3223P点","timestamp":1777651921531}
{"id":212509,"type":"info","level":2,"name":"抽卡与卡组","meta":{"paths":["lp0hx8"]},"content":"2856202014抽到了一张☆二星★卡，剩余187P点","timestamp":1777651923981}
{"id":212535,"type":"info","level":2,"name":"抽卡与卡组","meta":{"paths":["lp0hx8"]},"content":"2276942246抽到了一张❀三星☄卡，剩余2823P点","timestamp":1777651928213}
{"id":212566,"type":"info","level":2,"name":"抽卡与卡组","meta":{"paths":["lp0hx8"]},"content":"2276942246抽到了一张☆二星★卡，剩余2423P点","timestamp":1777651931802}
{"id":212597,"type":"info","level":2,"name":"抽卡与卡组","meta":{"paths":["lp0hx8"]},"content":"2276942246抽到了一张☆二星★卡，剩余2023P点","timestamp":1777651936053}
{"id":212642,"type":"info","level":2,"name":"抽卡与卡组","meta":{"paths":["lp0hx8"]},"content":"2276942246抽到了一张☆二星★卡，剩余1623P点","timestamp":1777651938960}
{"id":212688,"type":"info","level":2,"name":"抽卡与卡组","meta":{"paths":["lp0hx8"]},"content":"2276942246抽到了一张☆二星★卡，剩余1223P点","timestamp":1777651952223}
{"id":212716,"type":"info","level":2,"name":"抽卡与卡组","meta":{"paths":["lp0hx8"]},"content":"2276942246抽到了一张☆二星★卡，剩余823P点","timestamp":1777651955438}
{"id":212742,"type":"info","level":2,"name":"抽卡与卡组","meta":{"paths":["lp0hx8"]},"content":"2276942246抽到了一张☆二星★卡，剩余423P点","timestamp":1777651959888}
{"id":212795,"type":"info","level":2,"name":"抽卡与卡组","meta":{"paths":["lp0hx8"]},"content":"2276942246抽到了一张☆二星★卡，剩余23P点","timestamp":1777651964497}
{"id":213188,"type":"info","level":2,"name":"抽卡与卡组","meta":{"paths":["lp0hx8"]},"content":"3764379512抽到了一张❀三星☄卡，剩余1310P点","timestamp":1777652051339}
{"id":213260,"type":"info","level":2,"name":"抽卡与卡组","meta":{"paths":["lp0hx8"]},"content":"3764379512抽到了一张☆二星★卡，剩余910P点","timestamp":1777652068322}
{"id":213284,"type":"success","level":1,"name":"抽卡与卡组","meta":{"paths":["lp0hx8"]},"content":"2276942246献祭了：6张二星  1张三星  获得2240P点，当前P点数为2263","timestamp":1777652078872}
{"id":213370,"type":"info","level":2,"name":"抽卡与卡组","meta":{"paths":["lp0hx8"]},"content":"3764379512抽到了一张❀三星☄卡，剩余510P点","timestamp":1777652099559}
{"id":213400,"type":"info","level":2,"name":"抽卡与卡组","meta":{"paths":["lp0hx8"]},"content":"3764379512抽到了一张❀三星☄卡，剩余110P点","timestamp":1777652105569}
{"id":213594,"type":"success","level":1,"name":"签到","meta":{"paths":["lp0hx8"]},"content":"3663735613完成了一次签到！","timestamp":1777652149303}
{"id":213678,"type":"info","level":2,"name":"抽卡与卡组","meta":{"paths":["lp0hx8"]},"content":"2276942246抽到了一张☆二星★卡，剩余1863P点","timestamp":1777652161350}
{"id":213754,"type":"info","level":2,"name":"抽卡与卡组","meta":{"paths":["lp0hx8"]},"content":"2276942246抽到了一张❀三星☄卡，剩余1463P点","timestamp":1777652175921}
{"id":213798,"type":"info","level":2,"name":"抽卡与卡组","meta":{"paths":["lp0hx8"]},"content":"2276942246抽到了一张❀三星☄卡，剩余1063P点","timestamp":1777652182346}
{"id":213837,"type":"info","level":2,"name":"抽卡与卡组","meta":{"paths":["lp0hx8"]},"content":"2276942246抽到了一张☆二星★卡，剩余663P点","timestamp":1777652187265}
{"id":213879,"type":"info","level":2,"name":"抽卡与卡组","meta":{"paths":["lp0hx8"]},"content":"2276942246抽到了一张❀三星☄卡，剩余263P点","timestamp":1777652193601}
{"id":217194,"type":"info","level":2,"name":"签到","meta":{"paths":["lp0hx8"]},"content":"29053789向3764379512赠送了10000个P点","timestamp":1777653243610}
{"id":220472,"type":"success","level":1,"name":"签到","meta":{"paths":["lp0hx8"]},"content":"576664653完成了一次签到！","timestamp":1777654536281}
{"id":220619,"type":"success","level":1,"name":"签到","meta":{"paths":["lp0hx8"]},"content":"971217490完成了一次签到！","timestamp":1777654588420}
{"id":220852,"type":"success","level":1,"name":"抽卡与卡组","meta":{"paths":["lp0hx8"]},"content":"1652933285献祭了：3张二星  3张三星  1张四星  获得3720P点，当前P点数为3720","timestamp":1777654652368}
{"id":224268,"type":"success","level":1,"name":"签到","meta":{"paths":["lp0hx8"]},"content":"3055983840完成了一次签到！","timestamp":1777656230980}
{"id":235480,"type":"warn","level":2,"name":"command","meta":{},"content":"献祭 抽卡\nTypeError: Cannot read properties of undefined (reading 'split')\n    at _Command.eval (eval at <anonymous> (/root/lezskabot/koishi/koishi-app/node_modules/koishi-plugin-blockly-null/lib/index.js:1:1), <anonymous>:323:15)\n    at process.processTicksAndRejections (node:internal/process/task_queues:95:5)\n    at async Array.<anonymous> (/root/lezskabot/koishi/koishi-app/node_modules/@koishijs/core/lib/index.cjs:1079:14)\n    at async _Command.execute (/root/lezskabot/koishi/koishi-app/node_modules/@koishijs/core/lib/index.cjs:1093:22)\n    at async /root/lezskabot/koishi/koishi-app/node_modules/@koishijs/core/lib/index.cjs:2049:22\n    at async Proxy.withScope (/root/lezskabot/koishi/koishi-app/node_modules/@koishijs/core/lib/index.cjs:1958:22)\n    at async next (/root/lezskabot/koishi/koishi-app/node_modules/@koishijs/core/lib/index.cjs:827:16)\n    at async next (/root/lezskabot/koishi/koishi-app/node_modules/@koishijs/core/lib/index.cjs:827:16)\n    at async next (/root/lezskabot/koishi/koishi-app/node_modules/@koishijs/core/lib/index.cjs:827:16)\n    at async next (/root/lezskabot/koishi/koishi-app/node_modules/@koishijs/core/lib/index.cjs:827:16)","timestamp":1777677202839}
