{"id":159180,"type":"success","level":1,"name":"签到","meta":{"paths":["lp0hx8"]},"content":"2085287779完成了一次签到！","timestamp":1778458937250}
{"id":159388,"type":"success","level":1,"name":"签到","meta":{"paths":["lp0hx8"]},"content":"2433884076完成了一次签到！","timestamp":1778459409720}
{"id":159470,"type":"success","level":1,"name":"抽卡与卡组","meta":{"paths":["lp0hx8"]},"content":"2433884076献祭了：6张二星  获得1680P点，当前P点数为2302","timestamp":1778459497485}
{"id":160821,"type":"success","level":1,"name":"抽卡与卡组","meta":{"paths":["lp0hx8"]},"content":"366837668献祭了：4张二星  2张三星  获得2240P点，当前P点数为6248","timestamp":1778460823329}
{"id":160887,"type":"success","level":1,"name":"抽卡与卡组","meta":{"paths":["lp0hx8"]},"content":"366837668献祭了：5张二星  1张三星  获得1960P点，当前P点数为5808","timestamp":1778460841272}
{"id":160967,"type":"success","level":1,"name":"抽卡与卡组","meta":{"paths":["lp0hx8"]},"content":"366837668献祭了：4张二星  2张三星  获得2240P点，当前P点数为5648","timestamp":1778460863929}
{"id":161059,"type":"success","level":1,"name":"抽卡与卡组","meta":{"paths":["lp0hx8"]},"content":"366837668献祭了：6张二星  获得1680P点，当前P点数为4928","timestamp":1778460890602}
{"id":161121,"type":"success","level":1,"name":"抽卡与卡组","meta":{"paths":["lp0hx8"]},"content":"366837668献祭了：2张二星  4张三星  获得2800P点，当前P点数为5328","timestamp":1778460906245}
{"id":161236,"type":"success","level":1,"name":"签到","meta":{"paths":["lp0hx8"]},"content":"366837668完成了一次签到！","timestamp":1778460961427}
{"id":161552,"type":"error","level":1,"name":"签到","meta":{"paths":["lp0hx8"]},"content":"2188730297签到失败！原因：该用户已经签到","timestamp":1778461500054}
{"id":161639,"type":"info","level":2,"name":"抽卡与卡组","meta":{"paths":["lp0hx8"]},"content":"3389530537抽到了一张☆二星★卡，剩余874P点","timestamp":1778461780604}
{"id":161658,"type":"info","level":2,"name":"抽卡与卡组","meta":{"paths":["lp0hx8"]},"content":"3389530537抽到了一张❀三星☄卡，剩余474P点","timestamp":1778461788499}
{"id":161677,"type":"info","level":2,"name":"抽卡与卡组","meta":{"paths":["lp0hx8"]},"content":"3389530537抽到了一张❀三星☄卡，剩余74P点","timestamp":1778461792551}
{"id":161791,"type":"success","level":1,"name":"签到","meta":{"paths":["lp0hx8"]},"content":"2276942246完成了一次签到！","timestamp":1778462030382}
{"id":162089,"type":"success","level":1,"name":"签到","meta":{"paths":["lp0hx8"]},"content":"3026137282完成了一次签到！","timestamp":1778462640713}
{"id":162132,"type":"info","level":2,"name":"抽卡与卡组","meta":{"paths":["lp0hx8"]},"content":"3026137282抽到了一张☆二星★卡，剩余8085P点","timestamp":1778462652205}
{"id":162156,"type":"info","level":2,"name":"抽卡与卡组","meta":{"paths":["lp0hx8"]},"content":"3026137282抽到了一张❀三星☄卡，剩余7685P点","timestamp":1778462662833}
{"id":162180,"type":"info","level":2,"name":"抽卡与卡组","meta":{"paths":["lp0hx8"]},"content":"3026137282抽到了一张☆二星★卡，剩余7285P点","timestamp":1778462667054}
{"id":162204,"type":"info","level":2,"name":"抽卡与卡组","meta":{"paths":["lp0hx8"]},"content":"3026137282抽到了一张☆二星★卡，剩余6885P点","timestamp":1778462669822}
{"id":162234,"type":"info","level":2,"name":"抽卡与卡组","meta":{"paths":["lp0hx8"]},"content":"3026137282抽到了一张❀三星☄卡，剩余6485P点","timestamp":1778462685135}
{"id":162258,"type":"info","level":2,"name":"抽卡与卡组","meta":{"paths":["lp0hx8"]},"content":"3026137282抽到了一张☆二星★卡，剩余6085P点","timestamp":1778462697734}
{"id":162288,"type":"info","level":2,"name":"抽卡与卡组","meta":{"paths":["lp0hx8"]},"content":"3026137282抽到了一张☆二星★卡，剩余5685P点","timestamp":1778462703656}
{"id":162312,"type":"info","level":2,"name":"抽卡与卡组","meta":{"paths":["lp0hx8"]},"content":"3026137282抽到了一张☆二星★卡，剩余5285P点","timestamp":1778462707694}
{"id":162332,"type":"info","level":2,"name":"抽卡与卡组","meta":{"paths":["lp0hx8"]},"content":"3026137282抽到了一张❀三星☄卡，剩余4885P点","timestamp":1778462711632}
{"id":162357,"type":"info","level":2,"name":"抽卡与卡组","meta":{"paths":["lp0hx8"]},"content":"3026137282抽到了一张❀三星☄卡，剩余4485P点","timestamp":1778462725716}
{"id":162376,"type":"info","level":2,"name":"抽卡与卡组","meta":{"paths":["lp0hx8"]},"content":"3026137282抽到了一张❀三星☄卡，剩余4085P点","timestamp":1778462730812}
{"id":163034,"type":"success","level":1,"name":"签到","meta":{"paths":["lp0hx8"]},"content":"2856202014完成了一次签到！","timestamp":1778463749346}
{"id":163080,"type":"success","level":1,"name":"签到","meta":{"paths":["lp0hx8"]},"content":"1986429457完成了一次签到！","timestamp":1778463804839}
{"id":163187,"type":"success","level":1,"name":"签到","meta":{"paths":["lp0hx8"]},"content":"986054920完成了一次签到！","timestamp":1778464215699}
{"id":163245,"type":"success","level":1,"name":"签到","meta":{"paths":["lp0hx8"]},"content":"3161689072完成了一次签到！","timestamp":1778464265426}
{"id":163289,"type":"info","level":2,"name":"抽卡与卡组","meta":{"paths":["lp0hx8"]},"content":"3161689072抽到了一张❀三星☄卡，剩余3887P点","timestamp":1778464285041}
{"id":163396,"type":"info","level":2,"name":"抽卡与卡组","meta":{"paths":["lp0hx8"]},"content":"3161689072抽到了一张☆二星★卡，剩余3487P点","timestamp":1778464322719}
{"id":163433,"type":"info","level":2,"name":"抽卡与卡组","meta":{"paths":["lp0hx8"]},"content":"3161689072抽到了一张☆二星★卡，剩余3087P点","timestamp":1778464329053}
{"id":163441,"type":"info","level":2,"name":"抽卡与卡组","meta":{"paths":["lp0hx8"]},"content":"652162228抽到了一张❀三星☄卡，剩余3018P点","timestamp":1778464330012}
{"id":163470,"type":"info","level":2,"name":"抽卡与卡组","meta":{"paths":["lp0hx8"]},"content":"3161689072抽到了一张☆二星★卡，剩余2687P点","timestamp":1778464333701}
{"id":163489,"type":"info","level":2,"name":"抽卡与卡组","meta":{"paths":["lp0hx8"]},"content":"3161689072抽到了一张☆二星★卡，剩余2287P点","timestamp":1778464337176}
{"id":163553,"type":"info","level":2,"name":"抽卡与卡组","meta":{"paths":["lp0hx8"]},"content":"3161689072抽到了一张❀三星☄卡，剩余1887P点","timestamp":1778464352478}
{"id":163609,"type":"info","level":2,"name":"抽卡与卡组","meta":{"paths":["lp0hx8"]},"content":"3161689072抽到了一张☆二星★卡，剩余1487P点","timestamp":1778464372607}
{"id":163633,"type":"info","level":2,"name":"抽卡与卡组","meta":{"paths":["lp0hx8"]},"content":"3161689072抽到了一张❀三星☄卡，剩余1087P点","timestamp":1778464377030}
{"id":163644,"type":"error","level":1,"name":"抽卡与卡组","meta":{"paths":["lp0hx8"]},"content":"2491541915抽卡失败，积分不足","timestamp":1778464381100}
{"id":163673,"type":"success","level":1,"name":"签到","meta":{"paths":["lp0hx8"]},"content":"2491541915完成了一次签到！","timestamp":1778464386297}
{"id":163712,"type":"success","level":1,"name":"签到","meta":{"paths":["lp0hx8"]},"content":"3409638283完成了一次签到！","timestamp":1778464392353}
{"id":163766,"type":"info","level":2,"name":"抽卡与卡组","meta":{"paths":["lp0hx8"]},"content":"2491541915抽到了一张☆二星★卡，剩余629P点","timestamp":1778464396828}
{"id":163785,"type":"info","level":2,"name":"抽卡与卡组","meta":{"paths":["lp0hx8"]},"content":"3161689072抽到了一张☆二星★卡，剩余687P点","timestamp":1778464406845}
{"id":163813,"type":"info","level":2,"name":"抽卡与卡组","meta":{"paths":["lp0hx8"]},"content":"3161689072抽到了一张❀三星☄卡，剩余287P点","timestamp":1778464411038}
{"id":163887,"type":"info","level":2,"name":"抽卡与卡组","meta":{"paths":["lp0hx8"]},"content":"2491541915抽到了一张❀三星☄卡，剩余229P点","timestamp":1778464444340}
{"id":163913,"type":"info","level":2,"name":"抽卡与卡组","meta":{"paths":["lp0hx8"]},"content":"3409638283抽到了一张☆二星★卡，剩余3808P点","timestamp":1778464452453}
{"id":163932,"type":"info","level":2,"name":"抽卡与卡组","meta":{"paths":["lp0hx8"]},"content":"3409638283抽到了一张❀三星☄卡，剩余3408P点","timestamp":1778464457866}
{"id":163951,"type":"info","level":2,"name":"抽卡与卡组","meta":{"paths":["lp0hx8"]},"content":"3409638283抽到了一张❀三星☄卡，剩余3008P点","timestamp":1778464471430}
{"id":163975,"type":"info","level":2,"name":"抽卡与卡组","meta":{"paths":["lp0hx8"]},"content":"2856202014抽到了一张❀三星☄卡，剩余13327P点","timestamp":1778464492054}
{"id":164048,"type":"info","level":2,"name":"抽卡与卡组","meta":{"paths":["lp0hx8"]},"content":"2856202014抽到了一张☆二星★卡，剩余12927P点","timestamp":1778464543068}
{"id":164113,"type":"info","level":2,"name":"抽卡与卡组","meta":{"paths":["lp0hx8"]},"content":"2856202014抽到了一张❀三星☄卡，剩余12527P点","timestamp":1778464620109}
{"id":164307,"type":"info","level":2,"name":"抽卡与卡组","meta":{"paths":["lp0hx8"]},"content":"2856202014抽到了一张❀三星☄卡，剩余10927P点","timestamp":1778464839227}
{"id":164388,"type":"success","level":1,"name":"抽卡与卡组","meta":{"paths":["lp0hx8"]},"content":"366837668献祭了：5张二星  1张三星  获得1960P点，当前P点数为5666","timestamp":1778465027652}
{"id":164441,"type":"success","level":1,"name":"抽卡与卡组","meta":{"paths":["lp0hx8"]},"content":"366837668献祭了：3张二星  3张三星  获得2520P点，当前P点数为5786","timestamp":1778465038718}
{"id":164704,"type":"success","level":1,"name":"抽卡与卡组","meta":{"paths":["lp0hx8"]},"content":"366837668献祭了：4张二星  1张三星  获得1680P点，当前P点数为5066","timestamp":1778465234116}
{"id":164808,"type":"success","level":1,"name":"抽卡与卡组","meta":{"paths":["lp0hx8"]},"content":"366837668献祭了：2张二星  2张三星  获得1680P点，当前P点数为4746","timestamp":1778465282117}
{"id":164858,"type":"success","level":1,"name":"抽卡与卡组","meta":{"paths":["lp0hx8"]},"content":"366837668献祭了：2张二星  2张三星  获得1680P点，当前P点数为4826","timestamp":1778465300687}
{"id":164907,"type":"success","level":1,"name":"抽卡与卡组","meta":{"paths":["lp0hx8"]},"content":"366837668献祭了：2张二星  2张三星  获得1680P点，当前P点数为4906","timestamp":1778465314381}
{"id":164962,"type":"success","level":1,"name":"抽卡与卡组","meta":{"paths":["lp0hx8"]},"content":"366837668献祭了：3张二星  1张三星  获得1400P点，当前P点数为4706","timestamp":1778465328659}
{"id":165005,"type":"success","level":1,"name":"抽卡与卡组","meta":{"paths":["lp0hx8"]},"content":"366837668献祭了：4张二星  获得1120P点，当前P点数为4226","timestamp":1778465339872}
{"id":165148,"type":"success","level":1,"name":"抽卡与卡组","meta":{"paths":["lp0hx8"]},"content":"366837668献祭了：3张二星  1张三星  获得1400P点，当前P点数为4026","timestamp":1778465626079}
{"id":165205,"type":"success","level":1,"name":"抽卡与卡组","meta":{"paths":["lp0hx8"]},"content":"366837668献祭了：3张二星  1张三星  获得1400P点，当前P点数为3826","timestamp":1778465642410}
{"id":165311,"type":"success","level":1,"name":"抽卡与卡组","meta":{"paths":["lp0hx8"]},"content":"366837668献祭了：2张二星  2张三星  获得1680P点，当前P点数为3906","timestamp":1778465671206}
{"id":165354,"type":"success","level":1,"name":"抽卡与卡组","meta":{"paths":["lp0hx8"]},"content":"366837668献祭了：3张二星  1张三星  获得1400P点，当前P点数为3706","timestamp":1778465683185}
{"id":166169,"type":"success","level":1,"name":"签到","meta":{"paths":["lp0hx8"]},"content":"3536694017完成了一次签到！","timestamp":1778467167763}
{"id":166481,"type":"error","level":1,"name":"签到","meta":{"paths":["lp0hx8"]},"content":"3568930598签到失败！原因：该用户已经签到","timestamp":1778467388428}
{"id":166554,"type":"info","level":2,"name":"抽卡与卡组","meta":{"paths":["lp0hx8"]},"content":"3568930598抽到了一张♔♕四星(?)♕♔卡，剩余6435P点","timestamp":1778467418035}
{"id":166620,"type":"info","level":2,"name":"抽卡与卡组","meta":{"paths":["lp0hx8"]},"content":"3568930598抽到了一张♔♕四星(?)♕♔卡，剩余1635P点","timestamp":1778467462081}
{"id":166779,"type":"success","level":1,"name":"签到","meta":{"paths":["lp0hx8"]},"content":"3862674159完成了一次签到！","timestamp":1778467559692}
{"id":169529,"type":"warn","level":2,"name":"command","meta":{},"content":"绑定 \nTypeError: Cannot read properties of undefined (reading 'indexOf')\n    at _Command.eval (eval at <anonymous> (/root/lezskabot/koishi/koishi-app/node_modules/koishi-plugin-blockly-null/lib/index.js:1:1), <anonymous>:148:14)\n    at Array.<anonymous> (/root/lezskabot/koishi/koishi-app/node_modules/@koishijs/core/lib/index.cjs:1079:27)\n    at argv.next (/root/lezskabot/koishi/koishi-app/node_modules/@koishijs/core/lib/index.cjs:1090:30)\n    at _Command.execute (/root/lezskabot/koishi/koishi-app/node_modules/@koishijs/core/lib/index.cjs:1093:33)\n    at process.processTicksAndRejections (node:internal/process/task_queues:95:5)\n    at async /root/lezskabot/koishi/koishi-app/node_modules/@koishijs/core/lib/index.cjs:2049:22\n    at async Proxy.withScope (/root/lezskabot/koishi/koishi-app/node_modules/@koishijs/core/lib/index.cjs:1958:22)\n    at async next (/root/lezskabot/koishi/koishi-app/node_modules/@koishijs/core/lib/index.cjs:827:16)\n    at async next (/root/lezskabot/koishi/koishi-app/node_modules/@koishijs/core/lib/index.cjs:827:16)\n    at async next (/root/lezskabot/koishi/koishi-app/node_modules/@koishijs/core/lib/index.cjs:827:16)","timestamp":1778470052505}
{"id":169556,"type":"error","level":1,"name":"绑定id","meta":{"paths":["lp0hx8"]},"content":"3534850564输入错误id：➕id，id过短","timestamp":1778470064147}
{"id":169657,"type":"info","level":2,"name":"绑定id","meta":{"paths":["lp0hx8"]},"content":"用户2181712967绑定了cnid：7607308919404862258","timestamp":1778470132284}
{"id":170547,"type":"error","level":1,"name":"绑定id","meta":{"paths":["lp0hx8"]},"content":"1652933285输入错误id：7485947010277972786，id过短","timestamp":1778471065494}
{"id":170641,"type":"info","level":2,"name":"绑定id","meta":{"paths":["lp0hx8"]},"content":"用户1652933285绑定了cnid：7485947010277972786","timestamp":1778471141044}
{"id":174241,"type":"success","level":1,"name":"签到","meta":{"paths":["lp0hx8"]},"content":"2181712967完成了一次签到！","timestamp":1778473291855}
{"id":174365,"type":"info","level":2,"name":"签到","meta":{"paths":["lp0hx8"]},"content":"2181712967向1296434423赠送了3个P点","timestamp":1778473324412}
{"id":174390,"type":"info","level":2,"name":"绑定id","meta":{"paths":["lp0hx8"]},"content":"用户1652933285绑定了cnid：7485947010277972786","timestamp":1778473333142}
{"id":174444,"type":"success","level":1,"name":"签到","meta":{"paths":["lp0hx8"]},"content":"2984990569完成了一次签到！","timestamp":1778473359646}
{"id":174510,"type":"error","level":1,"name":"签到","meta":{"paths":["lp0hx8"]},"content":"1652933285签到失败！原因：该用户已经签到","timestamp":1778473385596}
{"id":174570,"type":"info","level":2,"name":"签到","meta":{"paths":["lp0hx8"]},"content":"2181712967向2432499215赠送了5个P点","timestamp":1778473402646}
{"id":174610,"type":"success","level":1,"name":"签到","meta":{"paths":["lp0hx8"]},"content":"29053789完成了一次签到！","timestamp":1778473429917}
{"id":174681,"type":"error","level":1,"name":"签到","meta":{"paths":["lp0hx8"]},"content":"1012113121签到失败！原因：该用户已经签到","timestamp":1778473461600}
{"id":174767,"type":"error","level":1,"name":"签到","meta":{"paths":["lp0hx8"]},"content":"956937232签到失败！原因：该用户已经签到","timestamp":1778473496112}
{"id":179617,"type":"error","level":1,"name":"抽卡与卡组","meta":{"paths":["lp0hx8"]},"content":"2858787094抽卡失败，积分不足","timestamp":1778476158850}
{"id":179964,"type":"success","level":1,"name":"签到","meta":{"paths":["lp0hx8"]},"content":"1962318808完成了一次签到！","timestamp":1778476283755}
{"id":180378,"type":"info","level":2,"name":"抽卡与卡组","meta":{"paths":["lp0hx8"]},"content":"652162228抽到了一张☆二星★卡，剩余2618P点","timestamp":1778476521452}
{"id":180762,"type":"success","level":1,"name":"签到","meta":{"paths":["lp0hx8"]},"content":"1813783853完成了一次签到！","timestamp":1778476809905}
{"id":180998,"type":"success","level":1,"name":"签到","meta":{"paths":["lp0hx8"]},"content":"2628075910完成了一次签到！","timestamp":1778477030439}
{"id":181602,"type":"success","level":1,"name":"签到","meta":{"paths":["lp0hx8"]},"content":"2186790348完成了一次签到！","timestamp":1778477996068}
{"id":181725,"type":"success","level":1,"name":"抽卡与卡组","meta":{"paths":["lp0hx8"]},"content":"2186790348献祭了：2张二星  1张三星  1张四星  获得2320P点，当前P点数为8104","timestamp":1778478059414}
{"id":181774,"type":"success","level":1,"name":"抽卡与卡组","meta":{"paths":["lp0hx8"]},"content":"2186790348献祭了：2张二星  2张三星  获得1680P点，当前P点数为8184","timestamp":1778478071802}
{"id":181843,"type":"success","level":1,"name":"抽卡与卡组","meta":{"paths":["lp0hx8"]},"content":"2186790348献祭了：3张二星  1张四星  获得2040P点，当前P点数为8624","timestamp":1778478106633}
{"id":181892,"type":"success","level":1,"name":"抽卡与卡组","meta":{"paths":["lp0hx8"]},"content":"2186790348献祭了：2张二星  2张三星  获得1680P点，当前P点数为8704","timestamp":1778478117182}
{"id":181941,"type":"success","level":1,"name":"抽卡与卡组","meta":{"paths":["lp0hx8"]},"content":"2186790348献祭了：4张二星  获得1120P点，当前P点数为8224","timestamp":1778478127452}
{"id":181985,"type":"success","level":1,"name":"抽卡与卡组","meta":{"paths":["lp0hx8"]},"content":"2186790348献祭了：3张二星  1张三星  获得1400P点，当前P点数为8024","timestamp":1778478135757}
{"id":182040,"type":"success","level":1,"name":"抽卡与卡组","meta":{"paths":["lp0hx8"]},"content":"2186790348献祭了：2张二星  2张三星  获得1680P点，当前P点数为8104","timestamp":1778478148092}
{"id":182087,"type":"success","level":1,"name":"抽卡与卡组","meta":{"paths":["lp0hx8"]},"content":"2186790348献祭了：4张二星  获得1120P点，当前P点数为7624","timestamp":1778478159426}
{"id":182150,"type":"success","level":1,"name":"抽卡与卡组","meta":{"paths":["lp0hx8"]},"content":"2186790348献祭了：2张二星  2张三星  获得1680P点，当前P点数为7704","timestamp":1778478171007}
{"id":182217,"type":"success","level":1,"name":"抽卡与卡组","meta":{"paths":["lp0hx8"]},"content":"2186790348献祭了：3张二星  1张三星  获得1400P点，当前P点数为7504","timestamp":1778478178352}
{"id":182276,"type":"success","level":1,"name":"抽卡与卡组","meta":{"paths":["lp0hx8"]},"content":"2186790348献祭了：3张二星  1张三星  获得1400P点，当前P点数为7304","timestamp":1778478187966}
{"id":182340,"type":"success","level":1,"name":"抽卡与卡组","meta":{"paths":["lp0hx8"]},"content":"2186790348献祭了：3张二星  1张三星  获得1400P点，当前P点数为7104","timestamp":1778478201546}
{"id":182501,"type":"success","level":1,"name":"抽卡与卡组","meta":{"paths":["lp0hx8"]},"content":"2186790348献祭了：4张二星  1张三星  1张四星  获得2880P点，当前P点数为8384","timestamp":1778478300335}
{"id":182563,"type":"success","level":1,"name":"抽卡与卡组","meta":{"paths":["lp0hx8"]},"content":"2186790348献祭了：3张二星  3张三星  获得2520P点，当前P点数为8504","timestamp":1778478320874}
{"id":182612,"type":"success","level":1,"name":"抽卡与卡组","meta":{"paths":["lp0hx8"]},"content":"2186790348献祭了：5张二星  1张三星  获得1960P点，当前P点数为8064","timestamp":1778478336824}
{"id":182665,"type":"success","level":1,"name":"抽卡与卡组","meta":{"paths":["lp0hx8"]},"content":"2186790348献祭了：3张二星  3张三星  获得2520P点，当前P点数为8184","timestamp":1778478347857}
{"id":182739,"type":"success","level":1,"name":"抽卡与卡组","meta":{"paths":["lp0hx8"]},"content":"2186790348献祭了：4张二星  1张三星  1张FES  获得3680P点，当前P点数为9464","timestamp":1778478375583}
{"id":182792,"type":"success","level":1,"name":"抽卡与卡组","meta":{"paths":["lp0hx8"]},"content":"2186790348献祭了：6张二星  获得1680P点，当前P点数为8744","timestamp":1778478383821}
{"id":182839,"type":"success","level":1,"name":"抽卡与卡组","meta":{"paths":["lp0hx8"]},"content":"2186790348献祭了：2张二星  4张三星  获得2800P点，当前P点数为9144","timestamp":1778478395350}
{"id":182933,"type":"success","level":1,"name":"抽卡与卡组","meta":{"paths":["lp0hx8"]},"content":"2186790348献祭了：4张二星  1张三星  1张四星  获得2880P点，当前P点数为9624","timestamp":1778478435211}
{"id":182980,"type":"success","level":1,"name":"抽卡与卡组","meta":{"paths":["lp0hx8"]},"content":"2186790348献祭了：5张二星  1张三星  获得1960P点，当前P点数为9184","timestamp":1778478444546}
{"id":183027,"type":"success","level":1,"name":"抽卡与卡组","meta":{"paths":["lp0hx8"]},"content":"2186790348献祭了：5张二星  1张三星  获得1960P点，当前P点数为8744","timestamp":1778478452640}
{"id":183108,"type":"success","level":1,"name":"抽卡与卡组","meta":{"paths":["lp0hx8"]},"content":"2186790348献祭了：5张二星  1张四星  获得2600P点，当前P点数为8944","timestamp":1778478480481}
{"id":183245,"type":"success","level":1,"name":"抽卡与卡组","meta":{"paths":["lp0hx8"]},"content":"2186790348献祭了：4张二星  1张三星  1张FES  获得3680P点，当前P点数为10224","timestamp":1778478529370}
{"id":183282,"type":"success","level":1,"name":"抽卡与卡组","meta":{"paths":["lp0hx8"]},"content":"366837668献祭了：3张二星  2张四星  获得3240P点，当前P点数为5346","timestamp":1778478532573}
{"id":183303,"type":"success","level":1,"name":"抽卡与卡组","meta":{"paths":["lp0hx8"]},"content":"2186790348献祭了：5张二星  1张三星  获得1960P点，当前P点数为9784","timestamp":1778478536669}
{"id":183403,"type":"success","level":1,"name":"抽卡与卡组","meta":{"paths":["lp0hx8"]},"content":"2186790348献祭了：5张二星  1张四星  获得2600P点，当前P点数为9984","timestamp":1778478556609}
{"id":183450,"type":"success","level":1,"name":"抽卡与卡组","meta":{"paths":["lp0hx8"]},"content":"2186790348献祭了：5张二星  1张三星  获得1960P点，当前P点数为9544","timestamp":1778478563398}
{"id":183497,"type":"success","level":1,"name":"抽卡与卡组","meta":{"paths":["lp0hx8"]},"content":"2186790348献祭了：6张二星  获得1680P点，当前P点数为8824","timestamp":1778478571225}
{"id":183550,"type":"success","level":1,"name":"抽卡与卡组","meta":{"paths":["lp0hx8"]},"content":"366837668献祭了：4张二星  获得1120P点，当前P点数为4466","timestamp":1778478576546}
{"id":183617,"type":"success","level":1,"name":"抽卡与卡组","meta":{"paths":["lp0hx8"]},"content":"366837668献祭了：4张三星  获得2240P点，当前P点数为5106","timestamp":1778478596166}
{"id":183670,"type":"success","level":1,"name":"抽卡与卡组","meta":{"paths":["lp0hx8"]},"content":"2186790348献祭了：4张二星  1张三星  1张四星  获得2880P点，当前P点数为9304","timestamp":1778478605903}
{"id":183747,"type":"success","level":1,"name":"抽卡与卡组","meta":{"paths":["lp0hx8"]},"content":"366837668献祭了：3张二星  1张三星  获得1400P点，当前P点数为4906","timestamp":1778478619953}
{"id":183829,"type":"success","level":1,"name":"抽卡与卡组","meta":{"paths":["lp0hx8"]},"content":"2186790348献祭了：5张二星  1张四星  获得2600P点，当前P点数为9504","timestamp":1778478634679}
{"id":183946,"type":"success","level":1,"name":"抽卡与卡组","meta":{"paths":["lp0hx8"]},"content":"2186790348献祭了：5张二星  1张三星  获得1960P点，当前P点数为9064","timestamp":1778478674781}
{"id":184009,"type":"success","level":1,"name":"抽卡与卡组","meta":{"paths":["lp0hx8"]},"content":"2186790348献祭了：5张二星  1张三星  获得1960P点，当前P点数为8624","timestamp":1778478683201}
{"id":184020,"type":"success","level":1,"name":"抽卡与卡组","meta":{"paths":["lp0hx8"]},"content":"366837668献祭了：2张二星  1张三星  1张四星  获得2320P点，当前P点数为5626","timestamp":1778478685054}
{"id":184101,"type":"success","level":1,"name":"抽卡与卡组","meta":{"paths":["lp0hx8"]},"content":"2186790348献祭了：5张二星  1张三星  获得1960P点，当前P点数为8184","timestamp":1778478691280}
{"id":184157,"type":"success","level":1,"name":"抽卡与卡组","meta":{"paths":["lp0hx8"]},"content":"2186790348献祭了：5张二星  1张三星  获得1960P点，当前P点数为7744","timestamp":1778478697990}
{"id":184205,"type":"success","level":1,"name":"抽卡与卡组","meta":{"paths":["lp0hx8"]},"content":"2186790348献祭了：4张二星  2张三星  获得2240P点，当前P点数为7584","timestamp":1778478710664}
{"id":184327,"type":"success","level":1,"name":"抽卡与卡组","meta":{"paths":["lp0hx8"]},"content":"2186790348献祭了：3张二星  2张三星  1张四星  获得3160P点，当前P点数为8344","timestamp":1778478779158}
{"id":184415,"type":"success","level":1,"name":"抽卡与卡组","meta":{"paths":["lp0hx8"]},"content":"2186790348献祭了：3张二星  2张三星  1张四星  获得3160P点，当前P点数为9104","timestamp":1778478820694}
{"id":184468,"type":"success","level":1,"name":"抽卡与卡组","meta":{"paths":["lp0hx8"]},"content":"2186790348献祭了：4张二星  2张三星  获得2240P点，当前P点数为8944","timestamp":1778478827767}
{"id":184545,"type":"success","level":1,"name":"抽卡与卡组","meta":{"paths":["lp0hx8"]},"content":"2186790348献祭了：5张二星  1张三星  获得1960P点，当前P点数为8504","timestamp":1778478834873}
{"id":184592,"type":"success","level":1,"name":"抽卡与卡组","meta":{"paths":["lp0hx8"]},"content":"2186790348献祭了：2张二星  4张三星  获得2800P点，当前P点数为8904","timestamp":1778478843485}
{"id":184674,"type":"success","level":1,"name":"抽卡与卡组","meta":{"paths":["lp0hx8"]},"content":"2186790348献祭了：4张二星  2张三星  获得2240P点，当前P点数为8744","timestamp":1778478851584}
{"id":184738,"type":"success","level":1,"name":"抽卡与卡组","meta":{"paths":["lp0hx8"]},"content":"2186790348献祭了：5张二星  1张三星  获得1960P点，当前P点数为8304","timestamp":1778478859546}
{"id":184803,"type":"success","level":1,"name":"抽卡与卡组","meta":{"paths":["lp0hx8"]},"content":"2186790348献祭了：6张二星  获得1680P点，当前P点数为7584","timestamp":1778478869947}
{"id":184876,"type":"success","level":1,"name":"抽卡与卡组","meta":{"paths":["lp0hx8"]},"content":"2186790348献祭了：6张二星  获得1680P点，当前P点数为6864","timestamp":1778478875890}
{"id":185064,"type":"success","level":1,"name":"抽卡与卡组","meta":{"paths":["lp0hx8"]},"content":"2186790348献祭了：5张二星  1张三星  获得1960P点，当前P点数为6424","timestamp":1778478916187}
{"id":185106,"type":"success","level":1,"name":"抽卡与卡组","meta":{"paths":["lp0hx8"]},"content":"2628075910献祭了：4张二星  1张三星  获得1680P点，当前P点数为8144","timestamp":1778478921307}
{"id":185129,"type":"success","level":1,"name":"抽卡与卡组","meta":{"paths":["lp0hx8"]},"content":"2186790348献祭了：4张二星  2张三星  获得2240P点，当前P点数为6264","timestamp":1778478931574}
{"id":185274,"type":"success","level":1,"name":"抽卡与卡组","meta":{"paths":["lp0hx8"]},"content":"2628075910献祭了：5张二星  获得1400P点，当前P点数为7544","timestamp":1778478947658}
{"id":185357,"type":"success","level":1,"name":"抽卡与卡组","meta":{"paths":["lp0hx8"]},"content":"2186790348献祭了：3张二星  2张三星  1张FES  获得3960P点，当前P点数为7824","timestamp":1778478960529}
{"id":185369,"type":"success","level":1,"name":"抽卡与卡组","meta":{"paths":["lp0hx8"]},"content":"2628075910献祭了：3张二星  2张三星  获得1960P点，当前P点数为7504","timestamp":1778478962828}
{"id":185508,"type":"success","level":1,"name":"抽卡与卡组","meta":{"paths":["lp0hx8"]},"content":"2628075910献祭了：5张二星  获得1400P点，当前P点数为6904","timestamp":1778478989004}
{"id":185567,"type":"success","level":1,"name":"抽卡与卡组","meta":{"paths":["lp0hx8"]},"content":"2628075910献祭了：2张二星  3张三星  获得2240P点，当前P点数为7144","timestamp":1778479009083}
{"id":185600,"type":"success","level":1,"name":"抽卡与卡组","meta":{"paths":["lp0hx8"]},"content":"2186790348献祭了：2张二星  3张三星  1张四星  获得3440P点，当前P点数为8864","timestamp":1778479022498}
{"id":185745,"type":"success","level":1,"name":"抽卡与卡组","meta":{"paths":["lp0hx8"]},"content":"2628075910献祭了：4张二星  1张三星  获得1680P点，当前P点数为6824","timestamp":1778479049937}
{"id":185815,"type":"success","level":1,"name":"抽卡与卡组","meta":{"paths":["lp0hx8"]},"content":"2186790348献祭了：2张二星  3张三星  1张四星  获得3440P点，当前P点数为9904","timestamp":1778479061080}
{"id":185875,"type":"success","level":1,"name":"抽卡与卡组","meta":{"paths":["lp0hx8"]},"content":"2628075910献祭了：4张二星  1张四星  获得2320P点，当前P点数为7144","timestamp":1778479077345}
{"id":185922,"type":"success","level":1,"name":"签到","meta":{"paths":["lp0hx8"]},"content":"29053789抢了2628075910的419P点！","timestamp":1778479081666}
{"id":185923,"type":"info","level":2,"name":"签到","meta":{"paths":["lp0hx8"]},"content":"29053789今天的抢劫记录为-80342   |    剩余抢劫次数为3","timestamp":1778479081667}
{"id":185934,"type":"success","level":1,"name":"抽卡与卡组","meta":{"paths":["lp0hx8"]},"content":"2186790348献祭了：6张二星  获得1680P点，当前P点数为9184","timestamp":1778479084029}
{"id":186021,"type":"info","level":2,"name":"签到","meta":{"paths":["lp0hx8"]},"content":"29053789向2628075910赠送了4000个P点","timestamp":1778479103432}
{"id":186082,"type":"success","level":1,"name":"签到","meta":{"paths":["lp0hx8"]},"content":"29053789抢了2186790348的631P点！","timestamp":1778479125213}
{"id":186083,"type":"info","level":2,"name":"签到","meta":{"paths":["lp0hx8"]},"content":"29053789今天的抢劫记录为-79711   |    剩余抢劫次数为3","timestamp":1778479125215}
{"id":186111,"type":"success","level":1,"name":"签到","meta":{"paths":["lp0hx8"]},"content":"29053789抢了2186790348的6900P点！","timestamp":1778479128731}
{"id":186163,"type":"info","level":2,"name":"签到","meta":{"paths":["lp0hx8"]},"content":"已更新2085287779的抢劫次数和记录","timestamp":1778479143783}
{"id":186180,"type":"success","level":1,"name":"签到","meta":{"paths":["lp0hx8"]},"content":"2085287779抢劫29053789失败！失去了298P点！","timestamp":1778479144133}
{"id":186181,"type":"info","level":2,"name":"签到","meta":{"paths":["lp0hx8"]},"content":"2085287779今天的抢劫记录为-298   |    剩余抢劫次数为2","timestamp":1778479144139}
{"id":186247,"type":"info","level":2,"name":"签到","meta":{"paths":["lp0hx8"]},"content":"29053789向2186790348赠送了10000个P点","timestamp":1778479158248}
{"id":186305,"type":"success","level":1,"name":"签到","meta":{"paths":["lp0hx8"]},"content":"2085287779抢劫29053789失败！失去了114P点！","timestamp":1778479173676}
{"id":186306,"type":"info","level":2,"name":"签到","meta":{"paths":["lp0hx8"]},"content":"2085287779今天的抢劫记录为-412   |    剩余抢劫次数为1","timestamp":1778479173677}
{"id":186390,"type":"success","level":1,"name":"签到","meta":{"paths":["lp0hx8"]},"content":"2085287779抢了2628075910的23P点！","timestamp":1778479188073}
{"id":186391,"type":"info","level":2,"name":"签到","meta":{"paths":["lp0hx8"]},"content":"2085287779今天的抢劫记录为-389   |    剩余抢劫次数为0","timestamp":1778479188088}
{"id":186410,"type":"info","level":2,"name":"签到","meta":{"paths":["lp0hx8"]},"content":"已更新2433884076的抢劫次数和记录","timestamp":1778479188276}
{"id":186427,"type":"success","level":1,"name":"签到","meta":{"paths":["lp0hx8"]},"content":"2433884076抢劫2085287779失败！失去了115P点！","timestamp":1778479189120}
{"id":186428,"type":"info","level":2,"name":"签到","meta":{"paths":["lp0hx8"]},"content":"2433884076今天的抢劫记录为-115   |    剩余抢劫次数为2","timestamp":1778479189128}
{"id":186530,"type":"info","level":2,"name":"签到","meta":{"paths":["lp0hx8"]},"content":"已更新2628075910的抢劫次数和记录","timestamp":1778479202536}
{"id":186555,"type":"success","level":1,"name":"签到","meta":{"paths":["lp0hx8"]},"content":"2628075910抢了2085287779的479P点！","timestamp":1778479203189}
{"id":186556,"type":"info","level":2,"name":"签到","meta":{"paths":["lp0hx8"]},"content":"2628075910今天的抢劫记录为479   |    剩余抢劫次数为2","timestamp":1778479203193}
{"id":186651,"type":"error","level":1,"name":"抽卡与卡组","meta":{"paths":["lp0hx8"]},"content":"2433884076抽卡失败，积分不足","timestamp":1778479230762}
{"id":186748,"type":"success","level":1,"name":"签到","meta":{"paths":["lp0hx8"]},"content":"29053789完成了一次签到！","timestamp":1778479254039}
{"id":187071,"type":"success","level":1,"name":"抽卡与卡组","meta":{"paths":["lp0hx8"]},"content":"2628075910献祭了：4张二星  1张三星  获得1680P点，当前P点数为10861","timestamp":1778479370396}
{"id":187134,"type":"success","level":1,"name":"抽卡与卡组","meta":{"paths":["lp0hx8"]},"content":"2186790348献祭了：4张二星  2张三星  获得2240P点，当前P点数为11493","timestamp":1778479379718}
{"id":187200,"type":"success","level":1,"name":"抽卡与卡组","meta":{"paths":["lp0hx8"]},"content":"2186790348献祭了：5张二星  1张三星  获得1960P点，当前P点数为11053","timestamp":1778479387874}
{"id":187293,"type":"success","level":1,"name":"抽卡与卡组","meta":{"paths":["lp0hx8"]},"content":"2628075910献祭了：4张二星  1张三星  获得1680P点，当前P点数为10541","timestamp":1778479398441}
{"id":187381,"type":"success","level":1,"name":"抽卡与卡组","meta":{"paths":["lp0hx8"]},"content":"2628075910献祭了：2张二星  3张三星  获得2240P点，当前P点数为10781","timestamp":1778479420803}
{"id":187441,"type":"success","level":1,"name":"抽卡与卡组","meta":{"paths":["lp0hx8"]},"content":"2085287779献祭了：2张二星  3张三星  获得2240P点，当前P点数为21459","timestamp":1778479437837}
{"id":187452,"type":"success","level":1,"name":"抽卡与卡组","meta":{"paths":["lp0hx8"]},"content":"2186790348献祭了：4张二星  1张三星  获得1680P点，当前P点数为10333","timestamp":1778479438724}
{"id":187522,"type":"success","level":1,"name":"抽卡与卡组","meta":{"paths":["lp0hx8"]},"content":"2085287779献祭了：2张二星  3张三星  获得2240P点，当前P点数为21699","timestamp":1778479450894}
{"id":187615,"type":"success","level":1,"name":"抽卡与卡组","meta":{"paths":["lp0hx8"]},"content":"2628075910献祭了：5张二星  获得1400P点，当前P点数为10181","timestamp":1778479457817}
{"id":187618,"type":"success","level":1,"name":"抽卡与卡组","meta":{"paths":["lp0hx8"]},"content":"2186790348献祭了：5张二星  获得1400P点，当前P点数为9733","timestamp":1778479457950}
{"id":187669,"type":"success","level":1,"name":"抽卡与卡组","meta":{"paths":["lp0hx8"]},"content":"2085287779献祭了：5张二星  获得1400P点，当前P点数为21099","timestamp":1778479460531}
{"id":187760,"type":"success","level":1,"name":"抽卡与卡组","meta":{"paths":["lp0hx8"]},"content":"2085287779献祭了：3张二星  2张三星  获得1960P点，当前P点数为21059","timestamp":1778479470484}
{"id":187771,"type":"success","level":1,"name":"抽卡与卡组","meta":{"paths":["lp0hx8"]},"content":"2628075910献祭了：4张二星  1张三星  获得1680P点，当前P点数为9861","timestamp":1778479472167}
{"id":187852,"type":"success","level":1,"name":"抽卡与卡组","meta":{"paths":["lp0hx8"]},"content":"2085287779献祭了：4张二星  1张三星  获得1680P点，当前P点数为20739","timestamp":1778479480153}
{"id":187914,"type":"success","level":1,"name":"抽卡与卡组","meta":{"paths":["lp0hx8"]},"content":"2628075910献祭了：3张二星  2张三星  获得1960P点，当前P点数为9821","timestamp":1778479485580}
{"id":187993,"type":"success","level":1,"name":"抽卡与卡组","meta":{"paths":["lp0hx8"]},"content":"2085287779献祭了：2张二星  2张三星  1张四星  获得2880P点，当前P点数为21619","timestamp":1778479499308}
{"id":188073,"type":"success","level":1,"name":"抽卡与卡组","meta":{"paths":["lp0hx8"]},"content":"2085287779献祭了：5张二星  获得1400P点，当前P点数为21019","timestamp":1778479509732}
{"id":188148,"type":"success","level":1,"name":"抽卡与卡组","meta":{"paths":["lp0hx8"]},"content":"2085287779献祭了：3张二星  2张三星  获得1960P点，当前P点数为20979","timestamp":1778479518287}
{"id":188212,"type":"success","level":1,"name":"抽卡与卡组","meta":{"paths":["lp0hx8"]},"content":"2628075910献祭了：4张二星  1张四星  获得2320P点，当前P点数为10141","timestamp":1778479522154}
{"id":188260,"type":"success","level":1,"name":"抽卡与卡组","meta":{"paths":["lp0hx8"]},"content":"2186790348献祭了：3张二星  1张三星  获得1400P点，当前P点数为9133","timestamp":1778479534398}
{"id":188368,"type":"success","level":1,"name":"抽卡与卡组","meta":{"paths":["lp0hx8"]},"content":"2085287779献祭了：3张二星  1张三星  1张四星  获得2600P点，当前P点数为21579","timestamp":1778479547253}
{"id":188421,"type":"success","level":1,"name":"抽卡与卡组","meta":{"paths":["lp0hx8"]},"content":"2186790348献祭了：2张二星  2张三星  获得1680P点，当前P点数为9213","timestamp":1778479551039}
{"id":188500,"type":"success","level":1,"name":"抽卡与卡组","meta":{"paths":["lp0hx8"]},"content":"2186790348献祭了：3张二星  1张三星  获得1400P点，当前P点数为9013","timestamp":1778479557753}
{"id":188511,"type":"success","level":1,"name":"抽卡与卡组","meta":{"paths":["lp0hx8"]},"content":"2085287779献祭了：4张二星  1张三星  获得1680P点，当前P点数为21259","timestamp":1778479558424}
{"id":188609,"type":"success","level":1,"name":"抽卡与卡组","meta":{"paths":["lp0hx8"]},"content":"2186790348献祭了：3张二星  1张三星  获得1400P点，当前P点数为8813","timestamp":1778479574371}
{"id":188714,"type":"success","level":1,"name":"抽卡与卡组","meta":{"paths":["lp0hx8"]},"content":"2628075910献祭了：3张二星  1张三星  1张四星  获得2600P点，当前P点数为10741","timestamp":1778479605429}
{"id":188781,"type":"success","level":1,"name":"抽卡与卡组","meta":{"paths":["lp0hx8"]},"content":"2085287779献祭了：5张二星  获得1400P点，当前P点数为20659","timestamp":1778479617742}
{"id":188809,"type":"success","level":1,"name":"抽卡与卡组","meta":{"paths":["lp0hx8"]},"content":"2628075910献祭了：3张二星  2张三星  获得1960P点，当前P点数为10701","timestamp":1778479622388}
{"id":188888,"type":"success","level":1,"name":"抽卡与卡组","meta":{"paths":["lp0hx8"]},"content":"2085287779献祭了：4张二星  1张三星  获得1680P点，当前P点数为20339","timestamp":1778479636529}
{"id":188939,"type":"success","level":1,"name":"抽卡与卡组","meta":{"paths":["lp0hx8"]},"content":"2085287779献祭了：5张二星  获得1400P点，当前P点数为19739","timestamp":1778479644127}
{"id":188983,"type":"info","level":2,"name":"签到","meta":{"paths":["lp0hx8"]},"content":"已更新3764379512的抢劫次数和记录","timestamp":1778479652108}
{"id":189000,"type":"success","level":1,"name":"签到","meta":{"paths":["lp0hx8"]},"content":"3764379512抢劫2085287779失败！失去了185P点！","timestamp":1778479652666}
{"id":189001,"type":"info","level":2,"name":"签到","meta":{"paths":["lp0hx8"]},"content":"3764379512今天的抢劫记录为-185   |    剩余抢劫次数为2","timestamp":1778479652671}
{"id":189103,"type":"success","level":1,"name":"签到","meta":{"paths":["lp0hx8"]},"content":"3764379512抢了2085287779的376P点！","timestamp":1778479670803}
{"id":189104,"type":"info","level":2,"name":"签到","meta":{"paths":["lp0hx8"]},"content":"3764379512今天的抢劫记录为191   |    剩余抢劫次数为1","timestamp":1778479670806}
{"id":189190,"type":"success","level":1,"name":"签到","meta":{"paths":["lp0hx8"]},"content":"3764379512抢了2085287779的400P点！","timestamp":1778479690911}
{"id":189191,"type":"info","level":2,"name":"签到","meta":{"paths":["lp0hx8"]},"content":"3764379512今天的抢劫记录为591   |    剩余抢劫次数为0","timestamp":1778479690915}
{"id":189220,"type":"success","level":1,"name":"抽卡与卡组","meta":{"paths":["lp0hx8"]},"content":"2186790348献祭了：2张二星  3张四星  获得4160P点，当前P点数为11373","timestamp":1778479696851}
{"id":189365,"type":"success","level":1,"name":"签到","meta":{"paths":["lp0hx8"]},"content":"2628075910抢劫2085287779失败！失去了138P点！","timestamp":1778479731405}
{"id":189366,"type":"info","level":2,"name":"签到","meta":{"paths":["lp0hx8"]},"content":"2628075910今天的抢劫记录为341   |    剩余抢劫次数为1","timestamp":1778479731406}
{"id":189400,"type":"success","level":1,"name":"抽卡与卡组","meta":{"paths":["lp0hx8"]},"content":"2186790348献祭了：4张二星  1张三星  获得1680P点，当前P点数为11053","timestamp":1778479746604}
{"id":189502,"type":"success","level":1,"name":"抽卡与卡组","meta":{"paths":["lp0hx8"]},"content":"2186790348献祭了：5张二星  获得1400P点，当前P点数为10453","timestamp":1778479762273}
{"id":189547,"type":"success","level":1,"name":"抽卡与卡组","meta":{"paths":["lp0hx8"]},"content":"2085287779献祭了：4张二星  1张三星  获得1680P点，当前P点数为18643","timestamp":1778479767687}
{"id":189568,"type":"success","level":1,"name":"抽卡与卡组","meta":{"paths":["lp0hx8"]},"content":"2186790348献祭了：5张二星  获得1400P点，当前P点数为9853","timestamp":1778479769408}
{"id":189663,"type":"success","level":1,"name":"抽卡与卡组","meta":{"paths":["lp0hx8"]},"content":"2186790348献祭了：4张二星  1张三星  获得1680P点，当前P点数为9533","timestamp":1778479779019}
{"id":189707,"type":"success","level":1,"name":"抽卡与卡组","meta":{"paths":["lp0hx8"]},"content":"2628075910献祭了：3张二星  1张三星  1张四星  获得2600P点，当前P点数为11163","timestamp":1778479785389}
{"id":189729,"type":"success","level":1,"name":"抽卡与卡组","meta":{"paths":["lp0hx8"]},"content":"2085287779献祭了：4张二星  1张四星  获得2320P点，当前P点数为18963","timestamp":1778479788411}
{"id":189798,"type":"success","level":1,"name":"抽卡与卡组","meta":{"paths":["lp0hx8"]},"content":"2085287779献祭了：4张二星  1张三星  获得1680P点，当前P点数为18643","timestamp":1778479796278}
{"id":189899,"type":"success","level":1,"name":"抽卡与卡组","meta":{"paths":["lp0hx8"]},"content":"2628075910献祭了：5张二星  获得1400P点，当前P点数为10563","timestamp":1778479801299}
{"id":189926,"type":"success","level":1,"name":"抽卡与卡组","meta":{"paths":["lp0hx8"]},"content":"2085287779献祭了：2张二星  3张三星  获得2240P点，当前P点数为18883","timestamp":1778479806244}
{"id":189995,"type":"success","level":1,"name":"抽卡与卡组","meta":{"paths":["lp0hx8"]},"content":"2186790348献祭了：4张二星  1张三星  获得1680P点，当前P点数为9213","timestamp":1778479809223}
{"id":190074,"type":"success","level":1,"name":"抽卡与卡组","meta":{"paths":["lp0hx8"]},"content":"2085287779献祭了：4张二星  1张三星  获得1680P点，当前P点数为18563","timestamp":1778479816252}
{"id":190077,"type":"success","level":1,"name":"抽卡与卡组","meta":{"paths":["lp0hx8"]},"content":"2628075910献祭了：3张二星  2张三星  获得1960P点，当前P点数为10523","timestamp":1778479816410}
{"id":190157,"type":"success","level":1,"name":"抽卡与卡组","meta":{"paths":["lp0hx8"]},"content":"2085287779献祭了：4张二星  1张三星  获得1680P点，当前P点数为18243","timestamp":1778479826851}
{"id":190168,"type":"success","level":1,"name":"抽卡与卡组","meta":{"paths":["lp0hx8"]},"content":"2628075910献祭了：3张二星  2张三星  获得1960P点，当前P点数为10483","timestamp":1778479828379}
{"id":190262,"type":"success","level":1,"name":"抽卡与卡组","meta":{"paths":["lp0hx8"]},"content":"2085287779献祭了：5张三星  获得2800P点，当前P点数为19043","timestamp":1778479842889}
{"id":190273,"type":"success","level":1,"name":"抽卡与卡组","meta":{"paths":["lp0hx8"]},"content":"2628075910献祭了：3张二星  2张三星  获得1960P点，当前P点数为10443","timestamp":1778479843667}
{"id":190318,"type":"success","level":1,"name":"抽卡与卡组","meta":{"paths":["lp0hx8"]},"content":"2186790348献祭了：3张二星  2张三星  获得1960P点，当前P点数为9173","timestamp":1778479846116}
{"id":190399,"type":"success","level":1,"name":"抽卡与卡组","meta":{"paths":["lp0hx8"]},"content":"2628075910献祭了：3张二星  2张三星  获得1960P点，当前P点数为10403","timestamp":1778479857887}
{"id":190462,"type":"success","level":1,"name":"抽卡与卡组","meta":{"paths":["lp0hx8"]},"content":"2085287779献祭了：2张二星  2张三星  1张四星  获得2880P点，当前P点数为19923","timestamp":1778479864078}
{"id":190471,"type":"success","level":1,"name":"抽卡与卡组","meta":{"paths":["lp0hx8"]},"content":"2186790348献祭了：3张二星  2张三星  获得1960P点，当前P点数为9133","timestamp":1778479864582}
{"id":190557,"type":"success","level":1,"name":"抽卡与卡组","meta":{"paths":["lp0hx8"]},"content":"2628075910献祭了：4张二星  1张三星  获得1680P点，当前P点数为10083","timestamp":1778479871939}
{"id":190575,"type":"success","level":1,"name":"抽卡与卡组","meta":{"paths":["lp0hx8"]},"content":"2186790348献祭了：5张二星  获得1400P点，当前P点数为8533","timestamp":1778479873309}
{"id":190620,"type":"success","level":1,"name":"抽卡与卡组","meta":{"paths":["lp0hx8"]},"content":"2085287779献祭了：3张二星  2张三星  获得1960P点，当前P点数为19883","timestamp":1778479875350}
{"id":190699,"type":"success","level":1,"name":"抽卡与卡组","meta":{"paths":["lp0hx8"]},"content":"2186790348献祭了：4张二星  1张三星  获得1680P点，当前P点数为8213","timestamp":1778479880846}
{"id":190710,"type":"success","level":1,"name":"抽卡与卡组","meta":{"paths":["lp0hx8"]},"content":"2628075910献祭了：5张二星  获得1400P点，当前P点数为9483","timestamp":1778479882618}
{"id":190809,"type":"success","level":1,"name":"抽卡与卡组","meta":{"paths":["lp0hx8"]},"content":"2186790348献祭了：5张二星  获得1400P点，当前P点数为7613","timestamp":1778479899132}
{"id":190812,"type":"success","level":1,"name":"抽卡与卡组","meta":{"paths":["lp0hx8"]},"content":"2628075910献祭了：3张二星  2张三星  获得1960P点，当前P点数为9443","timestamp":1778479899576}
{"id":190863,"type":"success","level":1,"name":"抽卡与卡组","meta":{"paths":["lp0hx8"]},"content":"2186790348献祭了：4张二星  1张三星  获得1680P点，当前P点数为7293","timestamp":1778479908597}
{"id":190984,"type":"success","level":1,"name":"抽卡与卡组","meta":{"paths":["lp0hx8"]},"content":"2085287779献祭了：4张二星  1张三星  获得1680P点，当前P点数为19563","timestamp":1778479926565}
{"id":190995,"type":"success","level":1,"name":"抽卡与卡组","meta":{"paths":["lp0hx8"]},"content":"2628075910献祭了：5张二星  获得1400P点，当前P点数为8843","timestamp":1778479927395}
{"id":191024,"type":"success","level":1,"name":"抽卡与卡组","meta":{"paths":["lp0hx8"]},"content":"2186790348献祭了：4张二星  1张四星  获得2320P点，当前P点数为7613","timestamp":1778479933530}
{"id":191136,"type":"success","level":1,"name":"抽卡与卡组","meta":{"paths":["lp0hx8"]},"content":"2186790348献祭了：2张二星  3张三星  获得2240P点，当前P点数为7853","timestamp":1778479940342}
{"id":191139,"type":"success","level":1,"name":"抽卡与卡组","meta":{"paths":["lp0hx8"]},"content":"2085287779献祭了：4张二星  1张三星  获得1680P点，当前P点数为19243","timestamp":1778479940593}
{"id":191189,"type":"success","level":1,"name":"抽卡与卡组","meta":{"paths":["lp0hx8"]},"content":"2628075910献祭了：4张二星  1张三星  获得1680P点，当前P点数为8523","timestamp":1778479943033}
{"id":191278,"type":"success","level":1,"name":"抽卡与卡组","meta":{"paths":["lp0hx8"]},"content":"2628075910献祭了：4张二星  1张三星  获得1680P点，当前P点数为8203","timestamp":1778479952976}
{"id":191299,"type":"success","level":1,"name":"抽卡与卡组","meta":{"paths":["lp0hx8"]},"content":"2186790348献祭了：2张二星  3张三星  获得2240P点，当前P点数为8093","timestamp":1778479954945}
{"id":191405,"type":"success","level":1,"name":"抽卡与卡组","meta":{"paths":["lp0hx8"]},"content":"2085287779献祭了：3张二星  1张三星  1张四星  获得2600P点，当前P点数为19843","timestamp":1778479967248}
{"id":191426,"type":"success","level":1,"name":"抽卡与卡组","meta":{"paths":["lp0hx8"]},"content":"2186790348献祭了：2张二星  3张三星  获得2240P点，当前P点数为8333","timestamp":1778479968258}
{"id":191523,"type":"success","level":1,"name":"抽卡与卡组","meta":{"paths":["lp0hx8"]},"content":"2085287779献祭了：3张二星  2张三星  获得1960P点，当前P点数为19803","timestamp":1778479979613}
{"id":191535,"type":"success","level":1,"name":"抽卡与卡组","meta":{"paths":["lp0hx8"]},"content":"2628075910献祭了：3张二星  1张三星  1张四星  获得2600P点，当前P点数为8803","timestamp":1778479982160}
{"id":191580,"type":"success","level":1,"name":"抽卡与卡组","meta":{"paths":["lp0hx8"]},"content":"2186790348献祭了：2张二星  2张三星  1张四星  获得2880P点，当前P点数为9213","timestamp":1778479987137}
{"id":191625,"type":"success","level":1,"name":"抽卡与卡组","meta":{"paths":["lp0hx8"]},"content":"2085287779献祭了：2张二星  3张三星  获得2240P点，当前P点数为20043","timestamp":1778479989270}
{"id":191696,"type":"success","level":1,"name":"抽卡与卡组","meta":{"paths":["lp0hx8"]},"content":"2628075910献祭了：3张二星  2张三星  获得1960P点，当前P点数为8763","timestamp":1778479996798}
{"id":191717,"type":"success","level":1,"name":"抽卡与卡组","meta":{"paths":["lp0hx8"]},"content":"2186790348献祭了：3张二星  2张三星  获得1960P点，当前P点数为9173","timestamp":1778479998450}
{"id":191802,"type":"success","level":1,"name":"抽卡与卡组","meta":{"paths":["lp0hx8"]},"content":"2628075910献祭了：5张二星  获得1400P点，当前P点数为8163","timestamp":1778480005088}
{"id":191813,"type":"success","level":1,"name":"抽卡与卡组","meta":{"paths":["lp0hx8"]},"content":"2186790348献祭了：3张二星  2张三星  获得1960P点，当前P点数为9133","timestamp":1778480006240}
{"id":191882,"type":"success","level":1,"name":"抽卡与卡组","meta":{"paths":["lp0hx8"]},"content":"2628075910献祭了：3张二星  2张三星  获得1960P点，当前P点数为8123","timestamp":1778480018703}
{"id":191981,"type":"success","level":1,"name":"抽卡与卡组","meta":{"paths":["lp0hx8"]},"content":"2085287779献祭了：5张二星  获得1400P点，当前P点数为19443","timestamp":1778480053481}
{"id":192044,"type":"success","level":1,"name":"抽卡与卡组","meta":{"paths":["lp0hx8"]},"content":"2085287779献祭了：2张二星  3张三星  获得2240P点，当前P点数为19683","timestamp":1778480065275}
{"id":192083,"type":"success","level":1,"name":"抽卡与卡组","meta":{"paths":["lp0hx8"]},"content":"2186790348献祭了：3张二星  1张三星  1张四星  获得2600P点，当前P点数为9733","timestamp":1778480072527}
{"id":192094,"type":"success","level":1,"name":"抽卡与卡组","meta":{"paths":["lp0hx8"]},"content":"2628075910献祭了：5张二星  获得1400P点，当前P点数为7523","timestamp":1778480073978}
{"id":192211,"type":"success","level":1,"name":"抽卡与卡组","meta":{"paths":["lp0hx8"]},"content":"2628075910献祭了：4张二星  1张三星  获得1680P点，当前P点数为7203","timestamp":1778480087679}
{"id":192274,"type":"success","level":1,"name":"抽卡与卡组","meta":{"paths":["lp0hx8"]},"content":"2628075910献祭了：4张二星  1张三星  获得1680P点，当前P点数为6883","timestamp":1778480098237}
{"id":192320,"type":"success","level":1,"name":"抽卡与卡组","meta":{"paths":["lp0hx8"]},"content":"2186790348献祭了：3张二星  1张三星  1张FES  获得3400P点，当前P点数为11133","timestamp":1778480105518}
{"id":192372,"type":"success","level":1,"name":"抽卡与卡组","meta":{"paths":["lp0hx8"]},"content":"2628075910献祭了：2张二星  3张三星  获得2240P点，当前P点数为7123","timestamp":1778480111818}
{"id":192424,"type":"success","level":1,"name":"抽卡与卡组","meta":{"paths":["lp0hx8"]},"content":"2186790348献祭了：4张二星  1张三星  获得1680P点，当前P点数为10813","timestamp":1778480116945}
{"id":192447,"type":"success","level":1,"name":"抽卡与卡组","meta":{"paths":["lp0hx8"]},"content":"2628075910献祭了：2张二星  3张三星  获得2240P点，当前P点数为7363","timestamp":1778480126596}
{"id":192516,"type":"success","level":1,"name":"抽卡与卡组","meta":{"paths":["lp0hx8"]},"content":"2186790348献祭了：5张二星  获得1400P点，当前P点数为10213","timestamp":1778480133205}
{"id":192561,"type":"success","level":1,"name":"抽卡与卡组","meta":{"paths":["lp0hx8"]},"content":"2628075910献祭了：4张二星  1张三星  获得1680P点，当前P点数为7043","timestamp":1778480137077}
{"id":192616,"type":"success","level":1,"name":"抽卡与卡组","meta":{"paths":["lp0hx8"]},"content":"2186790348献祭了：4张二星  1张三星  获得1680P点，当前P点数为9893","timestamp":1778480138750}
{"id":192683,"type":"info","level":2,"name":"签到","meta":{"paths":["lp0hx8"]},"content":"3764379512向2085287779赠送了10000个P点","timestamp":1778480142792}
{"id":192715,"type":"success","level":1,"name":"抽卡与卡组","meta":{"paths":["lp0hx8"]},"content":"2186790348献祭了：3张二星  2张三星  获得1960P点，当前P点数为9853","timestamp":1778480149426}
{"id":192761,"type":"success","level":1,"name":"抽卡与卡组","meta":{"paths":["lp0hx8"]},"content":"2186790348献祭了：3张二星  2张三星  获得1960P点，当前P点数为9813","timestamp":1778480157030}
{"id":192821,"type":"success","level":1,"name":"抽卡与卡组","meta":{"paths":["lp0hx8"]},"content":"2628075910献祭了：2张二星  2张三星  1张FES  获得3680P点，当前P点数为8723","timestamp":1778480162187}
{"id":192833,"type":"success","level":1,"name":"抽卡与卡组","meta":{"paths":["lp0hx8"]},"content":"2186790348献祭了：4张二星  1张三星  获得1680P点，当前P点数为9493","timestamp":1778480163243}
{"id":192906,"type":"success","level":1,"name":"抽卡与卡组","meta":{"paths":["lp0hx8"]},"content":"2186790348献祭了：5张二星  获得1400P点，当前P点数为8893","timestamp":1778480169132}
{"id":192971,"type":"success","level":1,"name":"抽卡与卡组","meta":{"paths":["lp0hx8"]},"content":"2186790348献祭了：3张二星  2张三星  获得1960P点，当前P点数为8853","timestamp":1778480177241}
{"id":193052,"type":"success","level":1,"name":"抽卡与卡组","meta":{"paths":["lp0hx8"]},"content":"2186790348献祭了：4张二星  1张FES  获得3120P点，当前P点数为9973","timestamp":1778480206978}
{"id":193115,"type":"success","level":1,"name":"抽卡与卡组","meta":{"paths":["lp0hx8"]},"content":"2628075910献祭了：2张二星  2张三星  1张FES  获得3680P点，当前P点数为10403","timestamp":1778480215553}
{"id":193118,"type":"success","level":1,"name":"抽卡与卡组","meta":{"paths":["lp0hx8"]},"content":"2186790348献祭了：2张二星  3张三星  获得2240P点，当前P点数为10213","timestamp":1778480215734}
{"id":193200,"type":"success","level":1,"name":"抽卡与卡组","meta":{"paths":["lp0hx8"]},"content":"2628075910献祭了：2张二星  3张三星  获得2240P点，当前P点数为10643","timestamp":1778480226963}
{"id":193264,"type":"success","level":1,"name":"抽卡与卡组","meta":{"paths":["lp0hx8"]},"content":"2186790348献祭了：2张二星  2张三星  1张四星  获得2880P点，当前P点数为11093","timestamp":1778480236074}
{"id":193267,"type":"success","level":1,"name":"抽卡与卡组","meta":{"paths":["lp0hx8"]},"content":"2628075910献祭了：4张二星  1张三星  获得1680P点，当前P点数为10323","timestamp":1778480236434}
{"id":193346,"type":"success","level":1,"name":"抽卡与卡组","meta":{"paths":["lp0hx8"]},"content":"2628075910献祭了：3张二星  2张三星  获得1960P点，当前P点数为10283","timestamp":1778480245097}
{"id":193357,"type":"success","level":1,"name":"抽卡与卡组","meta":{"paths":["lp0hx8"]},"content":"2186790348献祭了：4张二星  1张三星  获得1680P点，当前P点数为10773","timestamp":1778480245407}
{"id":193432,"type":"success","level":1,"name":"抽卡与卡组","meta":{"paths":["lp0hx8"]},"content":"2186790348献祭了：5张二星  获得1400P点，当前P点数为10173","timestamp":1778480254724}
{"id":193489,"type":"success","level":1,"name":"抽卡与卡组","meta":{"paths":["lp0hx8"]},"content":"2186790348献祭了：4张二星  1张三星  获得1680P点，当前P点数为9853","timestamp":1778480264336}
{"id":193551,"type":"success","level":1,"name":"抽卡与卡组","meta":{"paths":["lp0hx8"]},"content":"2628075910献祭了：2张二星  2张三星  1张四星  获得2880P点，当前P点数为11163","timestamp":1778480273257}
{"id":193647,"type":"success","level":1,"name":"抽卡与卡组","meta":{"paths":["lp0hx8"]},"content":"2628075910献祭了：5张二星  获得1400P点，当前P点数为10563","timestamp":1778480316381}
{"id":193702,"type":"success","level":1,"name":"抽卡与卡组","meta":{"paths":["lp0hx8"]},"content":"2186790348献祭了：2张二星  2张三星  1张四星  获得2880P点，当前P点数为10733","timestamp":1778480324026}
{"id":193713,"type":"success","level":1,"name":"抽卡与卡组","meta":{"paths":["lp0hx8"]},"content":"2628075910献祭了：4张二星  1张三星  获得1680P点，当前P点数为10243","timestamp":1778480325902}
{"id":193814,"type":"success","level":1,"name":"抽卡与卡组","meta":{"paths":["lp0hx8"]},"content":"2186790348献祭了：1张二星  2张三星  2张四星  获得3800P点，当前P点数为12533","timestamp":1778480347510}
{"id":193908,"type":"success","level":1,"name":"抽卡与卡组","meta":{"paths":["lp0hx8"]},"content":"2186790348献祭了：3张二星  1张三星  1张FES  获得3400P点，当前P点数为13933","timestamp":1778480372221}
{"id":193982,"type":"success","level":1,"name":"抽卡与卡组","meta":{"paths":["lp0hx8"]},"content":"2186790348献祭了：5张二星  获得1400P点，当前P点数为13333","timestamp":1778480385731}
{"id":194044,"type":"success","level":1,"name":"抽卡与卡组","meta":{"paths":["lp0hx8"]},"content":"2628075910献祭了：4张二星  1张四星  获得2320P点，当前P点数为10563","timestamp":1778480394042}
{"id":194106,"type":"success","level":1,"name":"抽卡与卡组","meta":{"paths":["lp0hx8"]},"content":"2186790348献祭了：4张二星  1张四星  获得2320P点，当前P点数为13653","timestamp":1778480403242}
{"id":194170,"type":"success","level":1,"name":"抽卡与卡组","meta":{"paths":["lp0hx8"]},"content":"2628075910献祭了：3张二星  2张三星  获得1960P点，当前P点数为10523","timestamp":1778480409463}
{"id":194173,"type":"success","level":1,"name":"抽卡与卡组","meta":{"paths":["lp0hx8"]},"content":"2186790348献祭了：4张二星  1张三星  获得1680P点，当前P点数为13333","timestamp":1778480409684}
{"id":194277,"type":"success","level":1,"name":"抽卡与卡组","meta":{"paths":["lp0hx8"]},"content":"2628075910献祭了：5张二星  获得1400P点，当前P点数为9923","timestamp":1778480432404}
{"id":194380,"type":"success","level":1,"name":"抽卡与卡组","meta":{"paths":["lp0hx8"]},"content":"2628075910献祭了：5张二星  获得1400P点，当前P点数为9323","timestamp":1778480459654}
{"id":194391,"type":"success","level":1,"name":"抽卡与卡组","meta":{"paths":["lp0hx8"]},"content":"2186790348献祭了：3张二星  1张三星  1张四星  获得2600P点，当前P点数为13933","timestamp":1778480460330}
{"id":194467,"type":"success","level":1,"name":"抽卡与卡组","meta":{"paths":["lp0hx8"]},"content":"2186790348献祭了：2张二星  3张三星  获得2240P点，当前P点数为14173","timestamp":1778480470042}
{"id":194517,"type":"success","level":1,"name":"抽卡与卡组","meta":{"paths":["lp0hx8"]},"content":"2628075910献祭了：4张二星  1张三星  获得1680P点，当前P点数为9003","timestamp":1778480472345}
{"id":194545,"type":"success","level":1,"name":"抽卡与卡组","meta":{"paths":["lp0hx8"]},"content":"2186790348献祭了：3张二星  2张三星  获得1960P点，当前P点数为14133","timestamp":1778480477373}
{"id":194629,"type":"success","level":1,"name":"抽卡与卡组","meta":{"paths":["lp0hx8"]},"content":"2628075910献祭了：4张二星  1张三星  获得1680P点，当前P点数为8683","timestamp":1778480507900}
{"id":194764,"type":"success","level":1,"name":"抽卡与卡组","meta":{"paths":["lp0hx8"]},"content":"2628075910献祭了：3张二星  1张三星  1张四星  获得2600P点，当前P点数为9283","timestamp":1778480544299}
{"id":194800,"type":"success","level":1,"name":"抽卡与卡组","meta":{"paths":["lp0hx8"]},"content":"2186790348献祭了：1张二星  2张三星  1张四星  获得2600P点，当前P点数为14733","timestamp":1778480549032}
{"id":194821,"type":"success","level":1,"name":"抽卡与卡组","meta":{"paths":["lp0hx8"]},"content":"2628075910献祭了：4张二星  1张三星  获得1680P点，当前P点数为8963","timestamp":1778480556716}
{"id":194910,"type":"success","level":1,"name":"抽卡与卡组","meta":{"paths":["lp0hx8"]},"content":"2186790348献祭了：3张二星  1张三星  获得1400P点，当前P点数为14533","timestamp":1778480577959}
{"id":194958,"type":"success","level":1,"name":"抽卡与卡组","meta":{"paths":["lp0hx8"]},"content":"2628075910献祭了：4张二星  1张四星  获得2320P点，当前P点数为9283","timestamp":1778480586327}
{"id":194970,"type":"success","level":1,"name":"抽卡与卡组","meta":{"paths":["lp0hx8"]},"content":"2186790348献祭了：2张二星  2张三星  获得1680P点，当前P点数为14613","timestamp":1778480587623}
{"id":195050,"type":"success","level":1,"name":"抽卡与卡组","meta":{"paths":["lp0hx8"]},"content":"2186790348献祭了：4张二星  获得1120P点，当前P点数为14133","timestamp":1778480603311}
{"id":195105,"type":"success","level":1,"name":"抽卡与卡组","meta":{"paths":["lp0hx8"]},"content":"2628075910献祭了：2张二星  1张三星  2张四星  获得3520P点，当前P点数为10803","timestamp":1778480614670}
{"id":195168,"type":"success","level":1,"name":"抽卡与卡组","meta":{"paths":["lp0hx8"]},"content":"2628075910献祭了：2张二星  3张三星  获得2240P点，当前P点数为11043","timestamp":1778480631190}
{"id":195213,"type":"success","level":1,"name":"抽卡与卡组","meta":{"paths":["lp0hx8"]},"content":"2628075910献祭了：5张二星  获得1400P点，当前P点数为10443","timestamp":1778480643304}
{"id":195240,"type":"success","level":1,"name":"抽卡与卡组","meta":{"paths":["lp0hx8"]},"content":"2186790348献祭了：2张二星  1张三星  1张FES  获得3120P点，当前P点数为15653","timestamp":1778480647941}
{"id":195319,"type":"success","level":1,"name":"抽卡与卡组","meta":{"paths":["lp0hx8"]},"content":"2186790348献祭了：3张二星  1张三星  获得1400P点，当前P点数为15453","timestamp":1778480656231}
{"id":195372,"type":"success","level":1,"name":"抽卡与卡组","meta":{"paths":["lp0hx8"]},"content":"2628075910献祭了：4张二星  1张四星  获得2320P点，当前P点数为10763","timestamp":1778480666968}
{"id":195384,"type":"success","level":1,"name":"抽卡与卡组","meta":{"paths":["lp0hx8"]},"content":"2186790348献祭了：4张二星  获得1120P点，当前P点数为14973","timestamp":1778480668471}
{"id":195462,"type":"success","level":1,"name":"抽卡与卡组","meta":{"paths":["lp0hx8"]},"content":"2186790348献祭了：2张二星  2张三星  获得1680P点，当前P点数为15053","timestamp":1778480677345}
{"id":195521,"type":"success","level":1,"name":"抽卡与卡组","meta":{"paths":["lp0hx8"]},"content":"2628075910献祭了：4张二星  1张四星  获得2320P点，当前P点数为11083","timestamp":1778480688259}
{"id":195553,"type":"success","level":1,"name":"抽卡与卡组","meta":{"paths":["lp0hx8"]},"content":"2186790348献祭了：3张二星  1张四星  获得2040P点，当前P点数为15493","timestamp":1778480707350}
{"id":195611,"type":"success","level":1,"name":"抽卡与卡组","meta":{"paths":["lp0hx8"]},"content":"2628075910献祭了：2张二星  3张三星  获得2240P点，当前P点数为11323","timestamp":1778480730172}
{"id":195686,"type":"success","level":1,"name":"抽卡与卡组","meta":{"paths":["lp0hx8"]},"content":"2628075910献祭了：4张二星  1张四星  获得2320P点，当前P点数为11643","timestamp":1778480751289}
{"id":195772,"type":"success","level":1,"name":"抽卡与卡组","meta":{"paths":["lp0hx8"]},"content":"2186790348献祭了：4张二星  获得1120P点，当前P点数为15013","timestamp":1778480765376}
{"id":195828,"type":"success","level":1,"name":"抽卡与卡组","meta":{"paths":["lp0hx8"]},"content":"2186790348献祭了：4张二星  获得1120P点，当前P点数为14533","timestamp":1778480773709}
{"id":195871,"type":"success","level":1,"name":"抽卡与卡组","meta":{"paths":["lp0hx8"]},"content":"2186790348献祭了：3张二星  1张三星  获得1400P点，当前P点数为14333","timestamp":1778480781913}
{"id":195924,"type":"success","level":1,"name":"抽卡与卡组","meta":{"paths":["lp0hx8"]},"content":"2628075910献祭了：2张二星  2张三星  1张四星  获得2880P点，当前P点数为12523","timestamp":1778480787308}
{"id":195935,"type":"success","level":1,"name":"抽卡与卡组","meta":{"paths":["lp0hx8"]},"content":"2186790348献祭了：4张二星  获得1120P点，当前P点数为13853","timestamp":1778480787984}
{"id":195978,"type":"success","level":1,"name":"抽卡与卡组","meta":{"paths":["lp0hx8"]},"content":"2186790348献祭了：2张二星  2张三星  获得1680P点，当前P点数为13933","timestamp":1778480793961}
{"id":196080,"type":"success","level":1,"name":"抽卡与卡组","meta":{"paths":["lp0hx8"]},"content":"2628075910献祭了：3张二星  1张三星  1张四星  获得2600P点，当前P点数为13123","timestamp":1778480818642}
{"id":196160,"type":"success","level":1,"name":"抽卡与卡组","meta":{"paths":["lp0hx8"]},"content":"2628075910献祭了：5张二星  获得1400P点，当前P点数为12523","timestamp":1778480848370}
{"id":196171,"type":"success","level":1,"name":"抽卡与卡组","meta":{"paths":["lp0hx8"]},"content":"2186790348献祭了：3张二星  1张FES  获得2840P点，当前P点数为15173","timestamp":1778480849531}
{"id":196249,"type":"success","level":1,"name":"抽卡与卡组","meta":{"paths":["lp0hx8"]},"content":"2186790348献祭了：4张二星  获得1120P点，当前P点数为14693","timestamp":1778480857738}
{"id":196305,"type":"success","level":1,"name":"抽卡与卡组","meta":{"paths":["lp0hx8"]},"content":"2186790348献祭了：3张二星  1张三星  获得1400P点，当前P点数为14493","timestamp":1778480873583}
{"id":196326,"type":"success","level":1,"name":"抽卡与卡组","meta":{"paths":["lp0hx8"]},"content":"2628075910献祭了：3张二星  1张三星  1张四星  获得2600P点，当前P点数为13123","timestamp":1778480876804}
{"id":196402,"type":"success","level":1,"name":"抽卡与卡组","meta":{"paths":["lp0hx8"]},"content":"2186790348献祭了：2张二星  2张三星  获得1680P点，当前P点数为14573","timestamp":1778480884982}
{"id":196435,"type":"success","level":1,"name":"抽卡与卡组","meta":{"paths":["lp0hx8"]},"content":"2628075910献祭了：3张二星  2张三星  获得1960P点，当前P点数为13083","timestamp":1778480887512}
{"id":196482,"type":"success","level":1,"name":"抽卡与卡组","meta":{"paths":["lp0hx8"]},"content":"2186790348献祭了：3张二星  1张三星  获得1400P点，当前P点数为14373","timestamp":1778480893833}
{"id":196541,"type":"success","level":1,"name":"抽卡与卡组","meta":{"paths":["lp0hx8"]},"content":"2186790348献祭了：3张二星  1张三星  获得1400P点，当前P点数为14173","timestamp":1778480901053}
{"id":196600,"type":"success","level":1,"name":"抽卡与卡组","meta":{"paths":["lp0hx8"]},"content":"2186790348献祭了：2张二星  2张三星  获得1680P点，当前P点数为14253","timestamp":1778480907547}
{"id":196617,"type":"success","level":1,"name":"抽卡与卡组","meta":{"paths":["lp0hx8"]},"content":"2628075910献祭了：3张二星  1张三星  1张四星  获得2600P点，当前P点数为13683","timestamp":1778480908957}
{"id":196660,"type":"success","level":1,"name":"抽卡与卡组","meta":{"paths":["lp0hx8"]},"content":"2186790348献祭了：4张二星  获得1120P点，当前P点数为13773","timestamp":1778480913927}
{"id":196738,"type":"success","level":1,"name":"抽卡与卡组","meta":{"paths":["lp0hx8"]},"content":"2186790348献祭了：4张二星  获得1120P点，当前P点数为13293","timestamp":1778480920765}
{"id":196782,"type":"success","level":1,"name":"抽卡与卡组","meta":{"paths":["lp0hx8"]},"content":"2186790348献祭了：1张二星  3张三星  获得1960P点，当前P点数为13653","timestamp":1778480928448}
{"id":196843,"type":"success","level":1,"name":"抽卡与卡组","meta":{"paths":["lp0hx8"]},"content":"2186790348献祭了：3张二星  1张三星  获得1400P点，当前P点数为13453","timestamp":1778480937118}
{"id":196911,"type":"success","level":1,"name":"抽卡与卡组","meta":{"paths":["lp0hx8"]},"content":"2628075910献祭了：2张二星  2张三星  1张四星  获得2880P点，当前P点数为14563","timestamp":1778480953103}
{"id":196962,"type":"success","level":1,"name":"抽卡与卡组","meta":{"paths":["lp0hx8"]},"content":"2628075910献祭了：5张二星  获得1400P点，当前P点数为13963","timestamp":1778480964357}
{"id":197007,"type":"success","level":1,"name":"抽卡与卡组","meta":{"paths":["lp0hx8"]},"content":"2186790348献祭了：3张二星  1张FES  获得2840P点，当前P点数为14693","timestamp":1778480966593}
{"id":197050,"type":"success","level":1,"name":"抽卡与卡组","meta":{"paths":["lp0hx8"]},"content":"2628075910献祭了：5张二星  获得1400P点，当前P点数为13363","timestamp":1778480973707}
{"id":197071,"type":"success","level":1,"name":"抽卡与卡组","meta":{"paths":["lp0hx8"]},"content":"2186790348献祭了：4张二星  获得1120P点，当前P点数为14213","timestamp":1778480975985}
{"id":197147,"type":"success","level":1,"name":"抽卡与卡组","meta":{"paths":["lp0hx8"]},"content":"2186790348献祭了：3张二星  1张三星  获得1400P点，当前P点数为14013","timestamp":1778480983991}
{"id":197180,"type":"success","level":1,"name":"抽卡与卡组","meta":{"paths":["lp0hx8"]},"content":"2628075910献祭了：5张二星  获得1400P点，当前P点数为12763","timestamp":1778480986101}
{"id":197266,"type":"success","level":1,"name":"抽卡与卡组","meta":{"paths":["lp0hx8"]},"content":"2628075910献祭了：3张二星  2张三星  获得1960P点，当前P点数为12723","timestamp":1778481001863}
{"id":197288,"type":"success","level":1,"name":"抽卡与卡组","meta":{"paths":["lp0hx8"]},"content":"2186790348献祭了：2张二星  1张三星  1张四星  获得2320P点，当前P点数为14733","timestamp":1778481007456}
{"id":197382,"type":"success","level":1,"name":"抽卡与卡组","meta":{"paths":["lp0hx8"]},"content":"2186790348献祭了：2张二星  2张三星  获得1680P点，当前P点数为14813","timestamp":1778481013813}
{"id":197393,"type":"success","level":1,"name":"抽卡与卡组","meta":{"paths":["lp0hx8"]},"content":"2628075910献祭了：5张二星  获得1400P点，当前P点数为12123","timestamp":1778481014773}
{"id":197472,"type":"success","level":1,"name":"抽卡与卡组","meta":{"paths":["lp0hx8"]},"content":"2628075910献祭了：4张二星  1张三星  获得1680P点，当前P点数为11803","timestamp":1778481023126}
{"id":197528,"type":"success","level":1,"name":"抽卡与卡组","meta":{"paths":["lp0hx8"]},"content":"2186790348献祭了：3张二星  1张四星  获得2040P点，当前P点数为15253","timestamp":1778481032680}
{"id":197572,"type":"success","level":1,"name":"抽卡与卡组","meta":{"paths":["lp0hx8"]},"content":"2186790348献祭了：2张二星  2张三星  获得1680P点，当前P点数为15333","timestamp":1778481043245}
{"id":197643,"type":"success","level":1,"name":"抽卡与卡组","meta":{"paths":["lp0hx8"]},"content":"2186790348献祭了：4张二星  获得1120P点，当前P点数为14853","timestamp":1778481049279}
{"id":197675,"type":"success","level":1,"name":"抽卡与卡组","meta":{"paths":["lp0hx8"]},"content":"2628075910献祭了：2张二星  1张三星  2张四星  获得3520P点，当前P点数为13323","timestamp":1778481050807}
{"id":197697,"type":"success","level":1,"name":"抽卡与卡组","meta":{"paths":["lp0hx8"]},"content":"2186790348献祭了：2张二星  2张三星  获得1680P点，当前P点数为14933","timestamp":1778481056396}
{"id":197782,"type":"success","level":1,"name":"抽卡与卡组","meta":{"paths":["lp0hx8"]},"content":"2186790348献祭了：3张二星  1张三星  获得1400P点，当前P点数为14733","timestamp":1778481063310}
{"id":197793,"type":"success","level":1,"name":"抽卡与卡组","meta":{"paths":["lp0hx8"]},"content":"2628075910献祭了：3张二星  2张三星  获得1960P点，当前P点数为13283","timestamp":1778481064029}
{"id":197860,"type":"success","level":1,"name":"抽卡与卡组","meta":{"paths":["lp0hx8"]},"content":"2186790348献祭了：4张二星  获得1120P点，当前P点数为14253","timestamp":1778481069067}
{"id":197904,"type":"success","level":1,"name":"抽卡与卡组","meta":{"paths":["lp0hx8"]},"content":"2628075910献祭了：5张二星  获得1400P点，当前P点数为12683","timestamp":1778481071749}
{"id":197949,"type":"success","level":1,"name":"抽卡与卡组","meta":{"paths":["lp0hx8"]},"content":"2186790348献祭了：3张二星  1张三星  获得1400P点，当前P点数为14053","timestamp":1778481076356}
{"id":197998,"type":"success","level":1,"name":"抽卡与卡组","meta":{"paths":["lp0hx8"]},"content":"2628075910献祭了：5张二星  获得1400P点，当前P点数为12083","timestamp":1778481080407}
{"id":198019,"type":"success","level":1,"name":"抽卡与卡组","meta":{"paths":["lp0hx8"]},"content":"2186790348献祭了：4张二星  获得1120P点，当前P点数为13573","timestamp":1778481084650}
{"id":198096,"type":"success","level":1,"name":"抽卡与卡组","meta":{"paths":["lp0hx8"]},"content":"2628075910献祭了：4张二星  1张三星  获得1680P点，当前P点数为11763","timestamp":1778481090970}
{"id":198107,"type":"success","level":1,"name":"抽卡与卡组","meta":{"paths":["lp0hx8"]},"content":"2186790348献祭了：4张二星  获得1120P点，当前P点数为13093","timestamp":1778481091538}
{"id":198230,"type":"success","level":1,"name":"抽卡与卡组","meta":{"paths":["lp0hx8"]},"content":"2186790348献祭了：3张二星  1张三星  获得1400P点，当前P点数为12893","timestamp":1778481127697}
{"id":198264,"type":"success","level":1,"name":"抽卡与卡组","meta":{"paths":["lp0hx8"]},"content":"2628075910献祭了：4张二星  1张四星  获得2320P点，当前P点数为12083","timestamp":1778481140915}
{"id":198338,"type":"success","level":1,"name":"抽卡与卡组","meta":{"paths":["lp0hx8"]},"content":"2186790348献祭了：3张二星  1张三星  获得1400P点，当前P点数为12693","timestamp":1778481192925}
{"id":198405,"type":"success","level":1,"name":"抽卡与卡组","meta":{"paths":["lp0hx8"]},"content":"2186790348献祭了：3张二星  1张三星  获得1400P点，当前P点数为12493","timestamp":1778481199010}
{"id":198448,"type":"success","level":1,"name":"抽卡与卡组","meta":{"paths":["lp0hx8"]},"content":"2628075910献祭了：5张二星  获得1400P点，当前P点数为11483","timestamp":1778481203543}
{"id":198523,"type":"success","level":1,"name":"抽卡与卡组","meta":{"paths":["lp0hx8"]},"content":"2628075910献祭了：4张二星  1张三星  获得1680P点，当前P点数为11163","timestamp":1778481216006}
{"id":198526,"type":"success","level":1,"name":"抽卡与卡组","meta":{"paths":["lp0hx8"]},"content":"2186790348献祭了：3张二星  1张FES  获得2840P点，当前P点数为13733","timestamp":1778481216371}
{"id":198593,"type":"success","level":1,"name":"抽卡与卡组","meta":{"paths":["lp0hx8"]},"content":"2186790348献祭了：3张二星  1张三星  获得1400P点，当前P点数为13533","timestamp":1778481224150}
{"id":198636,"type":"success","level":1,"name":"抽卡与卡组","meta":{"paths":["lp0hx8"]},"content":"2628075910献祭了：5张二星  获得1400P点，当前P点数为10563","timestamp":1778481228484}
{"id":198681,"type":"success","level":1,"name":"抽卡与卡组","meta":{"paths":["lp0hx8"]},"content":"2186790348献祭了：4张二星  获得1120P点，当前P点数为13053","timestamp":1778481231405}
{"id":198742,"type":"success","level":1,"name":"抽卡与卡组","meta":{"paths":["lp0hx8"]},"content":"2628075910献祭了：5张二星  获得1400P点，当前P点数为9963","timestamp":1778481238481}
{"id":198745,"type":"success","level":1,"name":"抽卡与卡组","meta":{"paths":["lp0hx8"]},"content":"2186790348献祭了：2张二星  2张三星  获得1680P点，当前P点数为13133","timestamp":1778481238511}
{"id":198812,"type":"success","level":1,"name":"抽卡与卡组","meta":{"paths":["lp0hx8"]},"content":"2186790348献祭了：3张二星  1张三星  获得1400P点，当前P点数为12933","timestamp":1778481243464}
{"id":198880,"type":"success","level":1,"name":"抽卡与卡组","meta":{"paths":["lp0hx8"]},"content":"2186790348献祭了：3张二星  1张四星  获得2040P点，当前P点数为13373","timestamp":1778481258299}
{"id":198933,"type":"success","level":1,"name":"抽卡与卡组","meta":{"paths":["lp0hx8"]},"content":"2628075910献祭了：3张二星  1张三星  1张四星  获得2600P点，当前P点数为10563","timestamp":1778481265588}
{"id":198944,"type":"success","level":1,"name":"抽卡与卡组","meta":{"paths":["lp0hx8"]},"content":"2186790348献祭了：3张二星  1张三星  获得1400P点，当前P点数为13173","timestamp":1778481266026}
{"id":199043,"type":"success","level":1,"name":"抽卡与卡组","meta":{"paths":["lp0hx8"]},"content":"2186790348献祭了：2张二星  1张三星  1张四星  获得2320P点，当前P点数为13893","timestamp":1778481285013}
{"id":199097,"type":"success","level":1,"name":"抽卡与卡组","meta":{"paths":["lp0hx8"]},"content":"2628075910献祭了：3张二星  1张三星  1张四星  获得2600P点，当前P点数为11163","timestamp":1778481294484}
{"id":199153,"type":"success","level":1,"name":"抽卡与卡组","meta":{"paths":["lp0hx8"]},"content":"2186790348献祭了：2张二星  1张三星  1张四星  获得2320P点，当前P点数为14613","timestamp":1778481306892}
{"id":199164,"type":"success","level":1,"name":"抽卡与卡组","meta":{"paths":["lp0hx8"]},"content":"2628075910献祭了：3张二星  2张三星  获得1960P点，当前P点数为11123","timestamp":1778481307843}
{"id":199212,"type":"success","level":1,"name":"抽卡与卡组","meta":{"paths":["lp0hx8"]},"content":"2186790348献祭了：3张二星  1张三星  获得1400P点，当前P点数为14413","timestamp":1778481312641}
{"id":199296,"type":"success","level":1,"name":"抽卡与卡组","meta":{"paths":["lp0hx8"]},"content":"2628075910献祭了：5张二星  获得1400P点，当前P点数为10523","timestamp":1778481322326}
{"id":199351,"type":"success","level":1,"name":"抽卡与卡组","meta":{"paths":["lp0hx8"]},"content":"2628075910献祭了：3张二星  2张三星  获得1960P点，当前P点数为10483","timestamp":1778481330281}
{"id":199363,"type":"success","level":1,"name":"抽卡与卡组","meta":{"paths":["lp0hx8"]},"content":"2186790348献祭了：3张二星  1张四星  获得2040P点，当前P点数为14853","timestamp":1778481331575}
{"id":199430,"type":"success","level":1,"name":"抽卡与卡组","meta":{"paths":["lp0hx8"]},"content":"2628075910献祭了：3张二星  2张三星  获得1960P点，当前P点数为10443","timestamp":1778481338379}
{"id":199491,"type":"success","level":1,"name":"抽卡与卡组","meta":{"paths":["lp0hx8"]},"content":"2628075910献祭了：3张二星  2张三星  获得1960P点，当前P点数为10403","timestamp":1778481346774}
{"id":199542,"type":"success","level":1,"name":"抽卡与卡组","meta":{"paths":["lp0hx8"]},"content":"2628075910献祭了：3张二星  2张三星  获得1960P点，当前P点数为10363","timestamp":1778481357195}
{"id":199594,"type":"success","level":1,"name":"抽卡与卡组","meta":{"paths":["lp0hx8"]},"content":"2628075910献祭了：5张二星  获得1400P点，当前P点数为9763","timestamp":1778481384284}
{"id":199645,"type":"success","level":1,"name":"抽卡与卡组","meta":{"paths":["lp0hx8"]},"content":"2628075910献祭了：4张二星  1张三星  获得1680P点，当前P点数为9443","timestamp":1778481392838}
{"id":199694,"type":"success","level":1,"name":"抽卡与卡组","meta":{"paths":["lp0hx8"]},"content":"2628075910献祭了：5张二星  获得1400P点，当前P点数为8843","timestamp":1778481401055}
{"id":199740,"type":"success","level":1,"name":"抽卡与卡组","meta":{"paths":["lp0hx8"]},"content":"2628075910献祭了：3张二星  2张三星  获得1960P点，当前P点数为8803","timestamp":1778481408913}
{"id":199820,"type":"success","level":1,"name":"抽卡与卡组","meta":{"paths":["lp0hx8"]},"content":"2186790348献祭了：1张二星  2张四星  1张FES  获得4680P点，当前P点数为17933","timestamp":1778481442439}
{"id":199841,"type":"success","level":1,"name":"抽卡与卡组","meta":{"paths":["lp0hx8"]},"content":"2628075910献祭了：5张二星  获得1400P点，当前P点数为8203","timestamp":1778481452450}
{"id":199904,"type":"success","level":1,"name":"抽卡与卡组","meta":{"paths":["lp0hx8"]},"content":"2628075910献祭了：4张二星  1张三星  获得1680P点，当前P点数为7883","timestamp":1778481470195}
{"id":199990,"type":"success","level":1,"name":"抽卡与卡组","meta":{"paths":["lp0hx8"]},"content":"2628075910献祭了：3张二星  2张三星  获得1960P点，当前P点数为7843","timestamp":1778481499759}
{"id":200035,"type":"success","level":1,"name":"抽卡与卡组","meta":{"paths":["lp0hx8"]},"content":"2186790348献祭了：1张二星  2张三星  1张FES  获得3400P点，当前P点数为19733","timestamp":1778481503626}
{"id":200078,"type":"success","level":1,"name":"抽卡与卡组","meta":{"paths":["lp0hx8"]},"content":"2628075910献祭了：4张二星  1张三星  获得1680P点，当前P点数为7523","timestamp":1778481509074}
{"id":200131,"type":"success","level":1,"name":"抽卡与卡组","meta":{"paths":["lp0hx8"]},"content":"2186790348献祭了：3张二星  1张三星  获得1400P点，当前P点数为19533","timestamp":1778481513289}
{"id":200174,"type":"success","level":1,"name":"抽卡与卡组","meta":{"paths":["lp0hx8"]},"content":"2628075910献祭了：4张二星  1张三星  获得1680P点，当前P点数为7203","timestamp":1778481518841}
{"id":200231,"type":"success","level":1,"name":"抽卡与卡组","meta":{"paths":["lp0hx8"]},"content":"2628075910献祭了：4张二星  1张三星  获得1680P点，当前P点数为6883","timestamp":1778481526497}
{"id":200276,"type":"success","level":1,"name":"抽卡与卡组","meta":{"paths":["lp0hx8"]},"content":"2628075910献祭了：3张二星  2张三星  获得1960P点，当前P点数为6843","timestamp":1778481535291}
{"id":200333,"type":"success","level":1,"name":"抽卡与卡组","meta":{"paths":["lp0hx8"]},"content":"2628075910献祭了：3张二星  2张三星  获得1960P点，当前P点数为6803","timestamp":1778481547676}
{"id":200375,"type":"success","level":1,"name":"抽卡与卡组","meta":{"paths":["lp0hx8"]},"content":"2186790348献祭了：2张二星  1张四星  获得1760P点，当前P点数为19693","timestamp":1778481569719}
{"id":200420,"type":"success","level":1,"name":"抽卡与卡组","meta":{"paths":["lp0hx8"]},"content":"2628075910献祭了：2张二星  3张三星  获得2240P点，当前P点数为7043","timestamp":1778481577132}
{"id":200491,"type":"success","level":1,"name":"抽卡与卡组","meta":{"paths":["lp0hx8"]},"content":"2186790348献祭了：2张二星  1张三星  获得1120P点，当前P点数为19613","timestamp":1778481586498}
{"id":200532,"type":"success","level":1,"name":"抽卡与卡组","meta":{"paths":["lp0hx8"]},"content":"2628075910献祭了：5张二星  获得1400P点，当前P点数为6443","timestamp":1778481590455}
{"id":200578,"type":"success","level":1,"name":"抽卡与卡组","meta":{"paths":["lp0hx8"]},"content":"2186790348献祭了：3张二星  获得840P点，当前P点数为19253","timestamp":1778481594602}
{"id":200631,"type":"success","level":1,"name":"抽卡与卡组","meta":{"paths":["lp0hx8"]},"content":"2186790348献祭了：3张二星  获得840P点，当前P点数为18893","timestamp":1778481600877}
{"id":200687,"type":"success","level":1,"name":"抽卡与卡组","meta":{"paths":["lp0hx8"]},"content":"2186790348献祭了：3张二星  获得840P点，当前P点数为18533","timestamp":1778481608329}
{"id":200729,"type":"success","level":1,"name":"抽卡与卡组","meta":{"paths":["lp0hx8"]},"content":"2186790348献祭了：2张二星  1张三星  获得1120P点，当前P点数为18453","timestamp":1778481616281}
{"id":200776,"type":"success","level":1,"name":"抽卡与卡组","meta":{"paths":["lp0hx8"]},"content":"2186790348献祭了：3张二星  获得840P点，当前P点数为18093","timestamp":1778481625868}
{"id":200811,"type":"success","level":1,"name":"抽卡与卡组","meta":{"paths":["lp0hx8"]},"content":"2628075910献祭了：4张二星  1张四星  获得2320P点，当前P点数为6763","timestamp":1778481631774}
{"id":200886,"type":"success","level":1,"name":"抽卡与卡组","meta":{"paths":["lp0hx8"]},"content":"2628075910献祭了：5张二星  获得1400P点，当前P点数为6163","timestamp":1778481651135}
{"id":200947,"type":"success","level":1,"name":"抽卡与卡组","meta":{"paths":["lp0hx8"]},"content":"2628075910献祭了：4张二星  1张三星  获得1680P点，当前P点数为5843","timestamp":1778481664909}
{"id":200969,"type":"success","level":1,"name":"抽卡与卡组","meta":{"paths":["lp0hx8"]},"content":"2186790348献祭了：2张二星  1张FES  获得2560P点，当前P点数为19453","timestamp":1778481669437}
{"id":201038,"type":"success","level":1,"name":"抽卡与卡组","meta":{"paths":["lp0hx8"]},"content":"2628075910献祭了：4张二星  1张三星  获得1680P点，当前P点数为5523","timestamp":1778481677147}
{"id":201095,"type":"success","level":1,"name":"抽卡与卡组","meta":{"paths":["lp0hx8"]},"content":"2628075910献祭了：5张二星  获得1400P点，当前P点数为4923","timestamp":1778481685758}
{"id":201140,"type":"success","level":1,"name":"抽卡与卡组","meta":{"paths":["lp0hx8"]},"content":"2186790348献祭了：2张二星  1张四星  获得1760P点，当前P点数为20013","timestamp":1778481691061}
{"id":201193,"type":"success","level":1,"name":"抽卡与卡组","meta":{"paths":["lp0hx8"]},"content":"2186790348献祭了：1张二星  2张三星  获得1400P点，当前P点数为20213","timestamp":1778481703030}
{"id":201244,"type":"success","level":1,"name":"抽卡与卡组","meta":{"paths":["lp0hx8"]},"content":"2186790348献祭了：2张二星  1张三星  获得1120P点，当前P点数为20133","timestamp":1778481713029}
{"id":201284,"type":"success","level":1,"name":"抽卡与卡组","meta":{"paths":["lp0hx8"]},"content":"2628075910献祭了：4张二星  1张四星  1张FES  获得4320P点，当前P点数为7243","timestamp":1778481719211}
{"id":201296,"type":"success","level":1,"name":"抽卡与卡组","meta":{"paths":["lp0hx8"]},"content":"2186790348献祭了：2张二星  1张三星  获得1120P点，当前P点数为20053","timestamp":1778481720764}
{"id":201374,"type":"success","level":1,"name":"抽卡与卡组","meta":{"paths":["lp0hx8"]},"content":"2186790348献祭了：2张二星  1张三星  获得1120P点，当前P点数为19973","timestamp":1778481729583}
{"id":201395,"type":"success","level":1,"name":"抽卡与卡组","meta":{"paths":["lp0hx8"]},"content":"2628075910献祭了：5张二星  获得1400P点，当前P点数为6243","timestamp":1778481733264}
{"id":201471,"type":"success","level":1,"name":"抽卡与卡组","meta":{"paths":["lp0hx8"]},"content":"2186790348献祭了：1张二星  2张三星  获得1400P点，当前P点数为20173","timestamp":1778481743388}
{"id":201541,"type":"success","level":1,"name":"抽卡与卡组","meta":{"paths":["lp0hx8"]},"content":"2628075910献祭了：4张二星  1张三星  1张四星  获得2880P点，当前P点数为7123","timestamp":1778481767076}
{"id":201566,"type":"success","level":1,"name":"抽卡与卡组","meta":{"paths":["lp0hx8"]},"content":"2085287779献祭了：3张二星  1张三星  1张四星  获得2600P点，当前P点数为30283","timestamp":1778481781930}
{"id":201638,"type":"success","level":1,"name":"抽卡与卡组","meta":{"paths":["lp0hx8"]},"content":"2186790348献祭了：2张二星  1张FES  获得2560P点，当前P点数为21533","timestamp":1778481788562}
{"id":201681,"type":"success","level":1,"name":"抽卡与卡组","meta":{"paths":["lp0hx8"]},"content":"2186790348献祭了：3张二星  获得840P点，当前P点数为21173","timestamp":1778481798364}
{"id":201766,"type":"success","level":1,"name":"抽卡与卡组","meta":{"paths":["lp0hx8"]},"content":"2628075910献祭了：6张二星  获得1680P点，当前P点数为6403","timestamp":1778481815189}
{"id":201825,"type":"success","level":1,"name":"抽卡与卡组","meta":{"paths":["lp0hx8"]},"content":"2628075910献祭了：4张二星  2张三星  获得2240P点，当前P点数为6243","timestamp":1778481825609}
{"id":201941,"type":"success","level":1,"name":"抽卡与卡组","meta":{"paths":["lp0hx8"]},"content":"2186790348献祭了：2张二星  1张四星  获得1760P点，当前P点数为21733","timestamp":1778481861778}
{"id":201944,"type":"success","level":1,"name":"抽卡与卡组","meta":{"paths":["lp0hx8"]},"content":"2628075910献祭了：3张二星  2张三星  1张四星  获得3160P点，当前P点数为7003","timestamp":1778481862196}
{"id":202019,"type":"success","level":1,"name":"抽卡与卡组","meta":{"paths":["lp0hx8"]},"content":"2186790348献祭了：1张二星  2张三星  获得1400P点，当前P点数为21933","timestamp":1778481877183}
{"id":202085,"type":"success","level":1,"name":"抽卡与卡组","meta":{"paths":["lp0hx8"]},"content":"2186790348献祭了：2张二星  1张三星  获得1120P点，当前P点数为21853","timestamp":1778481884955}
{"id":202132,"type":"success","level":1,"name":"抽卡与卡组","meta":{"paths":["lp0hx8"]},"content":"2186790348献祭了：2张二星  1张三星  获得1120P点，当前P点数为21773","timestamp":1778481890760}
{"id":202173,"type":"success","level":1,"name":"抽卡与卡组","meta":{"paths":["lp0hx8"]},"content":"2628075910献祭了：2张二星  2张三星  2张四星  获得4080P点，当前P点数为8683","timestamp":1778481894201}
{"id":202239,"type":"success","level":1,"name":"抽卡与卡组","meta":{"paths":["lp0hx8"]},"content":"2186790348献祭了：1张二星  1张三星  1张FES  获得2840P点，当前P点数为23413","timestamp":1778481910858}
{"id":202266,"type":"success","level":1,"name":"抽卡与卡组","meta":{"paths":["lp0hx8"]},"content":"2628075910献祭了：2张二星  4张三星  获得2800P点，当前P点数为9083","timestamp":1778481913983}
{"id":202365,"type":"success","level":1,"name":"抽卡与卡组","meta":{"paths":["lp0hx8"]},"content":"2628075910献祭了：4张二星  1张三星  1张四星  获得2880P点，当前P点数为9563","timestamp":1778481935326}
{"id":202486,"type":"success","level":1,"name":"抽卡与卡组","meta":{"paths":["lp0hx8"]},"content":"2628075910献祭了：4张二星  2张三星  获得2240P点，当前P点数为9403","timestamp":1778481954892}
{"id":202489,"type":"success","level":1,"name":"抽卡与卡组","meta":{"paths":["lp0hx8"]},"content":"2186790348献祭了：2张二星  1张四星  获得1760P点，当前P点数为23973","timestamp":1778481955085}
{"id":202556,"type":"success","level":1,"name":"抽卡与卡组","meta":{"paths":["lp0hx8"]},"content":"2186790348献祭了：2张二星  1张三星  获得1120P点，当前P点数为23893","timestamp":1778481961115}
{"id":202609,"type":"success","level":1,"name":"抽卡与卡组","meta":{"paths":["lp0hx8"]},"content":"2186790348献祭了：2张二星  1张三星  获得1120P点，当前P点数为23813","timestamp":1778481968084}
{"id":202662,"type":"success","level":1,"name":"抽卡与卡组","meta":{"paths":["lp0hx8"]},"content":"2186790348献祭了：2张二星  1张三星  获得1120P点，当前P点数为23733","timestamp":1778481973517}
{"id":202693,"type":"success","level":1,"name":"抽卡与卡组","meta":{"paths":["lp0hx8"]},"content":"2628075910献祭了：4张二星  1张三星  1张四星  获得2880P点，当前P点数为9883","timestamp":1778481975225}
{"id":202759,"type":"success","level":1,"name":"抽卡与卡组","meta":{"paths":["lp0hx8"]},"content":"2186790348献祭了：3张二星  获得840P点，当前P点数为23373","timestamp":1778481985602}
{"id":202814,"type":"success","level":1,"name":"抽卡与卡组","meta":{"paths":["lp0hx8"]},"content":"2628075910献祭了：5张二星  1张FES  获得3400P点，当前P点数为10883","timestamp":1778481994646}
{"id":202902,"type":"success","level":1,"name":"抽卡与卡组","meta":{"paths":["lp0hx8"]},"content":"2186790348献祭了：2张二星  1张四星  获得1760P点，当前P点数为23933","timestamp":1778482011740}
{"id":202914,"type":"success","level":1,"name":"抽卡与卡组","meta":{"paths":["lp0hx8"]},"content":"2628075910献祭了：4张二星  1张三星  1张四星  获得2880P点，当前P点数为11363","timestamp":1778482013128}
{"id":202973,"type":"success","level":1,"name":"抽卡与卡组","meta":{"paths":["lp0hx8"]},"content":"2628075910献祭了：5张二星  1张三星  获得1960P点，当前P点数为10923","timestamp":1778482022329}
{"id":203093,"type":"success","level":1,"name":"抽卡与卡组","meta":{"paths":["lp0hx8"]},"content":"2186790348献祭了：2张二星  1张三星  获得1120P点，当前P点数为23853","timestamp":1778482041137}
{"id":203104,"type":"success","level":1,"name":"抽卡与卡组","meta":{"paths":["lp0hx8"]},"content":"2628075910献祭了：6张二星  获得1680P点，当前P点数为10203","timestamp":1778482041590}
{"id":203170,"type":"success","level":1,"name":"抽卡与卡组","meta":{"paths":["lp0hx8"]},"content":"2186790348献祭了：3张二星  获得840P点，当前P点数为23493","timestamp":1778482047693}
{"id":203228,"type":"success","level":1,"name":"抽卡与卡组","meta":{"paths":["lp0hx8"]},"content":"2186790348献祭了：1张二星  2张三星  获得1400P点，当前P点数为23693","timestamp":1778482058247}
{"id":203269,"type":"success","level":1,"name":"抽卡与卡组","meta":{"paths":["lp0hx8"]},"content":"2628075910献祭了：3张二星  2张三星  1张四星  获得3160P点，当前P点数为10963","timestamp":1778482063187}
{"id":203290,"type":"success","level":1,"name":"抽卡与卡组","meta":{"paths":["lp0hx8"]},"content":"2186790348献祭了：3张二星  获得840P点，当前P点数为23333","timestamp":1778482064911}
{"id":203357,"type":"success","level":1,"name":"抽卡与卡组","meta":{"paths":["lp0hx8"]},"content":"2186790348献祭了：2张二星  1张三星  获得1120P点，当前P点数为23253","timestamp":1778482071430}
{"id":203378,"type":"success","level":1,"name":"抽卡与卡组","meta":{"paths":["lp0hx8"]},"content":"2628075910献祭了：6张二星  获得1680P点，当前P点数为10243","timestamp":1778482074793}
{"id":203445,"type":"success","level":1,"name":"抽卡与卡组","meta":{"paths":["lp0hx8"]},"content":"2186790348献祭了：3张二星  获得840P点，当前P点数为22893","timestamp":1778482080150}
{"id":203466,"type":"success","level":1,"name":"抽卡与卡组","meta":{"paths":["lp0hx8"]},"content":"2628075910献祭了：5张二星  1张三星  获得1960P点，当前P点数为9803","timestamp":1778482082653}
{"id":203545,"type":"success","level":1,"name":"抽卡与卡组","meta":{"paths":["lp0hx8"]},"content":"2628075910献祭了：4张二星  2张三星  获得2240P点，当前P点数为9643","timestamp":1778482091584}
{"id":203607,"type":"success","level":1,"name":"抽卡与卡组","meta":{"paths":["lp0hx8"]},"content":"2186790348献祭了：1张二星  2张四星  获得2680P点，当前P点数为24373","timestamp":1778482101539}
{"id":203652,"type":"success","level":1,"name":"抽卡与卡组","meta":{"paths":["lp0hx8"]},"content":"2628075910献祭了：3张二星  3张三星  获得2520P点，当前P点数为9763","timestamp":1778482107075}
{"id":203673,"type":"success","level":1,"name":"抽卡与卡组","meta":{"paths":["lp0hx8"]},"content":"2186790348献祭了：1张二星  2张三星  获得1400P点，当前P点数为24573","timestamp":1778482110917}
{"id":203758,"type":"success","level":1,"name":"抽卡与卡组","meta":{"paths":["lp0hx8"]},"content":"2186790348献祭了：3张二星  获得840P点，当前P点数为24213","timestamp":1778482118635}
{"id":203769,"type":"success","level":1,"name":"抽卡与卡组","meta":{"paths":["lp0hx8"]},"content":"2628075910献祭了：4张二星  2张三星  获得2240P点，当前P点数为9603","timestamp":1778482119001}
{"id":203810,"type":"success","level":1,"name":"抽卡与卡组","meta":{"paths":["lp0hx8"]},"content":"2186790348献祭了：2张二星  1张三星  获得1120P点，当前P点数为24133","timestamp":1778482124799}
{"id":203895,"type":"success","level":1,"name":"抽卡与卡组","meta":{"paths":["lp0hx8"]},"content":"2628075910献祭了：6张二星  获得1680P点，当前P点数为8883","timestamp":1778482130411}
{"id":203906,"type":"success","level":1,"name":"抽卡与卡组","meta":{"paths":["lp0hx8"]},"content":"2186790348献祭了：2张二星  1张三星  获得1120P点，当前P点数为24053","timestamp":1778482130895}
{"id":203988,"type":"success","level":1,"name":"抽卡与卡组","meta":{"paths":["lp0hx8"]},"content":"2628075910献祭了：3张二星  3张三星  获得2520P点，当前P点数为9003","timestamp":1778482138613}
{"id":204042,"type":"success","level":1,"name":"抽卡与卡组","meta":{"paths":["lp0hx8"]},"content":"2628075910献祭了：5张二星  1张三星  获得1960P点，当前P点数为8563","timestamp":1778482148828}
{"id":204090,"type":"success","level":1,"name":"抽卡与卡组","meta":{"paths":["lp0hx8"]},"content":"2186790348献祭了：2张二星  1张四星  获得1760P点，当前P点数为24613","timestamp":1778482153230}
{"id":204153,"type":"success","level":1,"name":"抽卡与卡组","meta":{"paths":["lp0hx8"]},"content":"2186790348献祭了：3张二星  获得840P点，当前P点数为24253","timestamp":1778482161033}
