{"id":1,"type":"info","level":2,"name":"app","meta":{},"content":"\u001b[38;5;15;1mKoishi/4.18.10\u001b[0m","timestamp":1778383064582}
{"id":2,"type":"info","level":2,"name":"loader","meta":{"paths":[]},"content":"apply plugin \u001b[38;5;45mgroup:entry\u001b[0m","timestamp":1778383064983}
{"id":3,"type":"info","level":2,"name":"loader","meta":{"paths":[]},"content":"apply plugin \u001b[38;5;45mgroup:server\u001b[0m","timestamp":1778383064985}
{"id":4,"type":"info","level":2,"name":"loader","meta":{"paths":[]},"content":"apply plugin \u001b[38;5;45mserver:iyvqw3\u001b[0m","timestamp":1778383064992}
{"id":5,"type":"info","level":2,"name":"loader","meta":{"paths":[]},"content":"apply plugin \u001b[38;5;45mgroup:basic\u001b[0m","timestamp":1778383067886}
{"id":6,"type":"info","level":2,"name":"loader","meta":{"paths":[]},"content":"apply plugin \u001b[38;5;45madmin:yfr8w8\u001b[0m","timestamp":1778383067890}
{"id":7,"type":"info","level":2,"name":"loader","meta":{"paths":[]},"content":"apply plugin \u001b[38;5;45mcommands:liuq4c\u001b[0m","timestamp":1778383067896}
{"id":8,"type":"info","level":2,"name":"loader","meta":{"paths":[]},"content":"apply plugin \u001b[38;5;45mhelp:fakvkp\u001b[0m","timestamp":1778383067902}
{"id":9,"type":"info","level":2,"name":"loader","meta":{"paths":[]},"content":"apply plugin \u001b[38;5;45mhttp:7ka2ck\u001b[0m","timestamp":1778383067981}
{"id":10,"type":"info","level":2,"name":"loader","meta":{"paths":[]},"content":"apply plugin \u001b[38;5;45mlocales:dhqsqe\u001b[0m","timestamp":1778383067988}
{"id":11,"type":"info","level":2,"name":"loader","meta":{"paths":[]},"content":"apply plugin \u001b[38;5;45mproxy-agent:594rku\u001b[0m","timestamp":1778383068674}
{"id":12,"type":"info","level":2,"name":"loader","meta":{"paths":[]},"content":"apply plugin \u001b[38;5;45mrate-limit:jeszun\u001b[0m","timestamp":1778383070705}
{"id":13,"type":"info","level":2,"name":"loader","meta":{"paths":[]},"content":"apply plugin \u001b[38;5;45mtelemetry:eob9t0\u001b[0m","timestamp":1778383070775}
{"id":14,"type":"info","level":2,"name":"loader","meta":{"paths":[]},"content":"apply plugin \u001b[38;5;45mgroup:console\u001b[0m","timestamp":1778383070972}
{"id":15,"type":"info","level":2,"name":"loader","meta":{"paths":[]},"content":"apply plugin \u001b[38;5;45mactions:2y6lej\u001b[0m","timestamp":1778383070974}
{"id":16,"type":"info","level":2,"name":"loader","meta":{"paths":[]},"content":"apply plugin \u001b[38;5;45manalytics:wynivs\u001b[0m","timestamp":1778383070977}
{"id":17,"type":"info","level":2,"name":"loader","meta":{"paths":[]},"content":"apply plugin \u001b[38;5;45mauth:c9brgm\u001b[0m","timestamp":1778383071008}
{"id":18,"type":"info","level":2,"name":"loader","meta":{"paths":[]},"content":"apply plugin \u001b[38;5;45mconfig:ez1tt3\u001b[0m","timestamp":1778383071174}
{"id":19,"type":"info","level":2,"name":"loader","meta":{"paths":[]},"content":"apply plugin \u001b[38;5;45mconsole:y6kw4v\u001b[0m","timestamp":1778383071589}
{"id":20,"type":"info","level":2,"name":"loader","meta":{"paths":[]},"content":"apply plugin \u001b[38;5;45mdataview:kh0qqb\u001b[0m","timestamp":1778383071781}
{"id":21,"type":"info","level":2,"name":"loader","meta":{"paths":[]},"content":"apply plugin \u001b[38;5;45mlogger:3oafoi\u001b[0m","timestamp":1778383071795}
{"id":22,"type":"info","level":2,"name":"loader","meta":{"paths":[]},"content":"apply plugin \u001b[38;5;45mmarket:rb9ss1\u001b[0m","timestamp":1778383071977}
{"id":23,"type":"info","level":2,"name":"loader","meta":{"paths":[]},"content":"apply plugin \u001b[38;5;45mnotifier:hqhrom\u001b[0m","timestamp":1778383073375}
{"id":24,"type":"info","level":2,"name":"loader","meta":{"paths":[]},"content":"apply plugin \u001b[38;5;45moobe:gedmxh\u001b[0m","timestamp":1778383073493}
{"id":25,"type":"info","level":2,"name":"loader","meta":{"paths":[]},"content":"apply plugin \u001b[38;5;45mstatus:rjhdf0\u001b[0m","timestamp":1778383073510}
{"id":26,"type":"info","level":2,"name":"loader","meta":{"paths":[]},"content":"apply plugin \u001b[38;5;45mtheme-vanilla:xph3ej\u001b[0m","timestamp":1778383074586}
{"id":27,"type":"info","level":2,"name":"loader","meta":{"paths":[]},"content":"apply plugin \u001b[38;5;45mgroup:storage\u001b[0m","timestamp":1778383074691}
{"id":28,"type":"info","level":2,"name":"loader","meta":{"paths":[]},"content":"apply plugin \u001b[38;5;45mdatabase-sqlite:trh0pf\u001b[0m","timestamp":1778383074693}
{"id":29,"type":"info","level":2,"name":"loader","meta":{"paths":[]},"content":"apply plugin \u001b[38;5;45massets-local:ffai0c\u001b[0m","timestamp":1778383074889}
{"id":30,"type":"info","level":2,"name":"loader","meta":{"paths":[]},"content":"apply plugin \u001b[38;5;45mgroup:adapter\u001b[0m","timestamp":1778383074981}
{"id":31,"type":"info","level":2,"name":"loader","meta":{"paths":[]},"content":"apply plugin \u001b[38;5;45manti-space:fk2qty\u001b[0m","timestamp":1778383074982}
{"id":32,"type":"info","level":2,"name":"loader","meta":{"paths":[]},"content":"apply plugin \u001b[38;5;45mblockly-null:lp0hx8\u001b[0m","timestamp":1778383075077}
{"id":33,"type":"info","level":2,"name":"loader","meta":{"paths":[]},"content":"apply plugin \u001b[38;5;45mpuppeteer:noenkr\u001b[0m","timestamp":1778383075207}
{"id":34,"type":"info","level":2,"name":"loader","meta":{"paths":[]},"content":"apply plugin \u001b[38;5;45madapter-onebot:wqmw9x\u001b[0m","timestamp":1778383080686}
{"id":35,"type":"info","level":2,"name":"loader","meta":{"paths":[]},"content":"apply plugin \u001b[38;5;45mmenu:mulwf1\u001b[0m","timestamp":1778383080782}
{"id":36,"type":"info","level":2,"name":"loader","meta":{"paths":[]},"content":"apply plugin \u001b[38;5;45mrizgame-guess-letters:2xa68a\u001b[0m","timestamp":1778383080791}
{"id":37,"type":"info","level":2,"name":"loader","meta":{"paths":[]},"content":"apply plugin \u001b[38;5;45msayo-roll:oibvy4\u001b[0m","timestamp":1778383080796}
{"id":38,"type":"info","level":2,"name":"loader","meta":{"paths":[]},"content":"apply plugin \u001b[38;5;45mre-driftbottle:ptodv9\u001b[0m","timestamp":1778383080800}
{"id":39,"type":"info","level":2,"name":"loader","meta":{"paths":[]},"content":"apply plugin \u001b[38;5;45mkeyword-blocker:1b1278\u001b[0m","timestamp":1778383080892}
{"id":40,"type":"info","level":2,"name":"loader","meta":{"paths":[]},"content":"apply plugin \u001b[38;5;45mlunatic:22bd3m\u001b[0m","timestamp":1778383080901}
{"id":41,"type":"info","level":2,"name":"loader","meta":{"paths":[]},"content":"apply plugin \u001b[38;5;45mawa-mc-ament:rwr33m\u001b[0m","timestamp":1778383080905}
{"id":42,"type":"info","level":2,"name":"loader","meta":{"paths":[]},"content":"apply plugin \u001b[38;5;45mmc-tools:h22llh\u001b[0m","timestamp":1778383080913}
{"id":43,"type":"info","level":2,"name":"assets","meta":{"paths":["ffai0c"]},"content":"missing config \"selfUrl\", fallback to \"file:\" scheme","timestamp":1778383082180}
{"id":44,"type":"info","level":2,"name":"rizgame-guess-letters","meta":{},"content":"plugin register finish.","timestamp":1778383082396}
{"id":45,"type":"info","level":2,"name":"puppeteer","meta":{"paths":["noenkr"]},"content":"chrome executable found at \u001b[38;5;201m/usr/bin/google-chrome-stable\u001b[0m","timestamp":1778383085511}
{"id":46,"type":"info","level":2,"name":"server","meta":{"paths":["iyvqw3"]},"content":"server listening at \u001b[38;5;57mhttp://0.0.0.0:5140\u001b[0m","timestamp":1778383086190}
{"id":47,"type":"info","level":2,"name":"console","meta":{"paths":["y6kw4v"]},"content":"webui is available at \u001b[38;5;166mhttp://127.0.0.1:5140\u001b[0m","timestamp":1778383086191}
{"id":48,"type":"info","level":2,"name":"auth","meta":{"paths":["c9brgm"]},"content":"creating admin account","timestamp":1778383087509}
{"id":82,"type":"info","level":2,"name":"blockly","meta":{"paths":["lp0hx8"]},"content":"Loading 3 plugin(s)","timestamp":1778383090979}
{"id":83,"type":"info","level":2,"name":"blockly","meta":{"paths":["lp0hx8"]},"content":"Loaded 3 plugin(s)","timestamp":1778383091901}
