{"id":138445,"type":"info","level":2,"name":"抽卡与卡组","meta":{"paths":["lp0hx8"]},"content":"2018283414抽到了一张❀三星☄卡，剩余2699P点","timestamp":1778429118781}
{"id":138485,"type":"success","level":1,"name":"签到","meta":{"paths":["lp0hx8"]},"content":"3997019972抢劫3055983840失败！失去了112P点！","timestamp":1778429121262}
{"id":138486,"type":"info","level":2,"name":"签到","meta":{"paths":["lp0hx8"]},"content":"3997019972今天的抢劫记录为-412   |    剩余抢劫次数为1","timestamp":1778429121275}
{"id":138520,"type":"info","level":2,"name":"抽卡与卡组","meta":{"paths":["lp0hx8"]},"content":"2018283414抽到了一张☆二星★卡，剩余2299P点","timestamp":1778429123606}
{"id":138546,"type":"info","level":2,"name":"抽卡与卡组","meta":{"paths":["lp0hx8"]},"content":"2018283414抽到了一张☆二星★卡，剩余1899P点","timestamp":1778429128513}
{"id":138603,"type":"info","level":2,"name":"抽卡与卡组","meta":{"paths":["lp0hx8"]},"content":"1969859341抽到了一张☆二星★卡，剩余744P点","timestamp":1778429131536}
{"id":138627,"type":"info","level":2,"name":"抽卡与卡组","meta":{"paths":["lp0hx8"]},"content":"2018283414抽到了一张❀三星☄卡，剩余1499P点","timestamp":1778429132936}
{"id":138657,"type":"info","level":2,"name":"抽卡与卡组","meta":{"paths":["lp0hx8"]},"content":"629832381抽到了一张☆二星★卡，剩余11693P点","timestamp":1778429136468}
{"id":138697,"type":"info","level":2,"name":"抽卡与卡组","meta":{"paths":["lp0hx8"]},"content":"2018283414抽到了一张☆二星★卡，剩余1099P点","timestamp":1778429138647}
{"id":138708,"type":"info","level":2,"name":"抽卡与卡组","meta":{"paths":["lp0hx8"]},"content":"1969859341抽到了一张❀三星☄卡，剩余344P点","timestamp":1778429139943}
{"id":138740,"type":"info","level":2,"name":"抽卡与卡组","meta":{"paths":["lp0hx8"]},"content":"629832381抽到了一张☆二星★卡，剩余11293P点","timestamp":1778429141953}
{"id":138759,"type":"info","level":2,"name":"抽卡与卡组","meta":{"paths":["lp0hx8"]},"content":"2018283414抽到了一张❀三星☄卡，剩余699P点","timestamp":1778429143656}
{"id":138791,"type":"success","level":1,"name":"签到","meta":{"paths":["lp0hx8"]},"content":"3997019972抢了3055983840的440P点！","timestamp":1778429144616}
{"id":138792,"type":"info","level":2,"name":"签到","meta":{"paths":["lp0hx8"]},"content":"3997019972今天的抢劫记录为-127   |    剩余抢劫次数为0","timestamp":1778429144629}
{"id":138822,"type":"info","level":2,"name":"抽卡与卡组","meta":{"paths":["lp0hx8"]},"content":"629832381抽到了一张☆二星★卡，剩余10893P点","timestamp":1778429147432}
{"id":138857,"type":"info","level":2,"name":"抽卡与卡组","meta":{"paths":["lp0hx8"]},"content":"2018283414抽到了一张❀三星☄卡，剩余299P点","timestamp":1778429149696}
{"id":138897,"type":"info","level":2,"name":"抽卡与卡组","meta":{"paths":["lp0hx8"]},"content":"629832381抽到了一张☆二星★卡，剩余10493P点","timestamp":1778429153894}
{"id":138929,"type":"info","level":2,"name":"抽卡与卡组","meta":{"paths":["lp0hx8"]},"content":"629832381抽到了一张☆二星★卡，剩余10093P点","timestamp":1778429159567}
{"id":139001,"type":"info","level":2,"name":"抽卡与卡组","meta":{"paths":["lp0hx8"]},"content":"629832381抽到了一张☆二星★卡，剩余9693P点","timestamp":1778429176422}
{"id":139045,"type":"info","level":2,"name":"抽卡与卡组","meta":{"paths":["lp0hx8"]},"content":"629832381抽到了一张☆二星★卡，剩余9293P点","timestamp":1778429183143}
{"id":139080,"type":"info","level":2,"name":"抽卡与卡组","meta":{"paths":["lp0hx8"]},"content":"629832381抽到了一张☆二星★卡，剩余8893P点","timestamp":1778429189002}
{"id":139143,"type":"info","level":2,"name":"抽卡与卡组","meta":{"paths":["lp0hx8"]},"content":"629832381抽到了一张☆二星★卡，剩余8493P点","timestamp":1778429196706}
{"id":139164,"type":"success","level":1,"name":"抽卡与卡组","meta":{"paths":["lp0hx8"]},"content":"3366143939献祭了：4张二星  获得1120P点，当前P点数为2410","timestamp":1778429201584}
{"id":139189,"type":"info","level":2,"name":"抽卡与卡组","meta":{"paths":["lp0hx8"]},"content":"629832381抽到了一张❀三星☄卡，剩余8093P点","timestamp":1778429202926}
{"id":139228,"type":"success","level":1,"name":"抽卡与卡组","meta":{"paths":["lp0hx8"]},"content":"1820639552献祭了：4张二星  获得1120P点，当前P点数为12393","timestamp":1778429208015}
{"id":139258,"type":"info","level":2,"name":"抽卡与卡组","meta":{"paths":["lp0hx8"]},"content":"1820639552抽到了一张☆二星★卡，剩余11993P点","timestamp":1778429213707}
{"id":139282,"type":"info","level":2,"name":"抽卡与卡组","meta":{"paths":["lp0hx8"]},"content":"1820639552抽到了一张☆二星★卡，剩余11593P点","timestamp":1778429217166}
{"id":139306,"type":"info","level":2,"name":"抽卡与卡组","meta":{"paths":["lp0hx8"]},"content":"1820639552抽到了一张☆二星★卡，剩余11193P点","timestamp":1778429220484}
{"id":139330,"type":"info","level":2,"name":"抽卡与卡组","meta":{"paths":["lp0hx8"]},"content":"1820639552抽到了一张☆二星★卡，剩余10793P点","timestamp":1778429222673}
{"id":139367,"type":"info","level":2,"name":"抽卡与卡组","meta":{"paths":["lp0hx8"]},"content":"813013693抽到了一张☆二星★卡，剩余5383P点","timestamp":1778429226360}
{"id":139420,"type":"success","level":1,"name":"抽卡与卡组","meta":{"paths":["lp0hx8"]},"content":"1820639552献祭了：4张二星  获得1120P点，当前P点数为11913","timestamp":1778429233704}
{"id":139484,"type":"success","level":1,"name":"抽卡与卡组","meta":{"paths":["lp0hx8"]},"content":"1820639552献祭了：3张二星  1张三星  获得1400P点，当前P点数为11713","timestamp":1778429246831}
{"id":139520,"type":"info","level":2,"name":"抽卡与卡组","meta":{"paths":["lp0hx8"]},"content":"813013693抽到了一张☆二星★卡，剩余4983P点","timestamp":1778429251282}
{"id":139552,"type":"info","level":2,"name":"抽卡与卡组","meta":{"paths":["lp0hx8"]},"content":"813013693抽到了一张❀三星☄卡，剩余4583P点","timestamp":1778429256392}
{"id":139576,"type":"info","level":2,"name":"抽卡与卡组","meta":{"paths":["lp0hx8"]},"content":"1820639552抽到了一张☆二星★卡，剩余11313P点","timestamp":1778429258464}
{"id":139604,"type":"info","level":2,"name":"抽卡与卡组","meta":{"paths":["lp0hx8"]},"content":"1820639552抽到了一张☆二星★卡，剩余10913P点","timestamp":1778429262759}
{"id":139645,"type":"info","level":2,"name":"抽卡与卡组","meta":{"paths":["lp0hx8"]},"content":"813013693抽到了一张❀三星☄卡，剩余4183P点","timestamp":1778429266535}
{"id":139680,"type":"info","level":2,"name":"抽卡与卡组","meta":{"paths":["lp0hx8"]},"content":"1820639552抽到了一张☆二星★卡，剩余10513P点","timestamp":1778429267073}
{"id":139711,"type":"info","level":2,"name":"抽卡与卡组","meta":{"paths":["lp0hx8"]},"content":"3366143939抽到了一张❀三星☄卡，剩余2010P点","timestamp":1778429268559}
{"id":139741,"type":"info","level":2,"name":"抽卡与卡组","meta":{"paths":["lp0hx8"]},"content":"1820639552抽到了一张☆二星★卡，剩余10113P点","timestamp":1778429270330}
{"id":139772,"type":"info","level":2,"name":"抽卡与卡组","meta":{"paths":["lp0hx8"]},"content":"3366143939抽到了一张☆二星★卡，剩余1610P点","timestamp":1778429276028}
{"id":139796,"type":"info","level":2,"name":"抽卡与卡组","meta":{"paths":["lp0hx8"]},"content":"813013693抽到了一张❀三星☄卡，剩余3783P点","timestamp":1778429277316}
{"id":139840,"type":"info","level":2,"name":"抽卡与卡组","meta":{"paths":["lp0hx8"]},"content":"813013693抽到了一张☆二星★卡，剩余3383P点","timestamp":1778429283856}
{"id":139881,"type":"info","level":2,"name":"抽卡与卡组","meta":{"paths":["lp0hx8"]},"content":"813013693抽到了一张☆二星★卡，剩余2983P点","timestamp":1778429289042}
{"id":139920,"type":"info","level":2,"name":"抽卡与卡组","meta":{"paths":["lp0hx8"]},"content":"3366143939抽到了一张☆二星★卡，剩余1210P点","timestamp":1778429292465}
{"id":139964,"type":"info","level":2,"name":"抽卡与卡组","meta":{"paths":["lp0hx8"]},"content":"3366143939抽到了一张❀三星☄卡，剩余810P点","timestamp":1778429303204}
{"id":140110,"type":"info","level":2,"name":"抽卡与卡组","meta":{"paths":["lp0hx8"]},"content":"813013693抽到了一张☆二星★卡，剩余2583P点","timestamp":1778429323066}
{"id":140143,"type":"success","level":1,"name":"签到","meta":{"paths":["lp0hx8"]},"content":"1509417679完成了一次签到！","timestamp":1778429326651}
{"id":140208,"type":"error","level":1,"name":"抽卡与卡组","meta":{"paths":["lp0hx8"]},"content":"652162228抽卡失败，积分不足","timestamp":1778429331219}
{"id":140286,"type":"success","level":1,"name":"签到","meta":{"paths":["lp0hx8"]},"content":"813013693完成了一次签到！","timestamp":1778429337654}
{"id":140350,"type":"error","level":1,"name":"签到","meta":{"paths":["lp0hx8"]},"content":"1969859341签到失败！原因：该用户已经签到","timestamp":1778429343513}
{"id":140354,"type":"success","level":1,"name":"签到","meta":{"paths":["lp0hx8"]},"content":"3044937168完成了一次签到！","timestamp":1778429343540}
{"id":140444,"type":"success","level":1,"name":"签到","meta":{"paths":["lp0hx8"]},"content":"652162228完成了一次签到！","timestamp":1778429348126}
{"id":140453,"type":"info","level":2,"name":"抽卡与卡组","meta":{"paths":["lp0hx8"]},"content":"813013693抽到了一张❀三星☄卡，剩余4502P点","timestamp":1778429348824}
{"id":140518,"type":"info","level":2,"name":"抽卡与卡组","meta":{"paths":["lp0hx8"]},"content":"652162228抽到了一张☆二星★卡，剩余3818P点","timestamp":1778429354460}
{"id":140569,"type":"info","level":2,"name":"抽卡与卡组","meta":{"paths":["lp0hx8"]},"content":"813013693抽到了一张☆二星★卡，剩余4102P点","timestamp":1778429361286}
{"id":140620,"type":"success","level":1,"name":"签到","meta":{"paths":["lp0hx8"]},"content":"3903949840完成了一次签到！","timestamp":1778429367945}
{"id":140680,"type":"info","level":2,"name":"抽卡与卡组","meta":{"paths":["lp0hx8"]},"content":"652162228抽到了一张☆二星★卡，剩余3418P点","timestamp":1778429377690}
{"id":140974,"type":"success","level":1,"name":"抽卡与卡组","meta":{"paths":["lp0hx8"]},"content":"3366143939献祭了：2张二星  1张三星  获得1120P点，当前P点数为1930","timestamp":1778429417165}
{"id":141093,"type":"info","level":2,"name":"抽卡与卡组","meta":{"paths":["lp0hx8"]},"content":"3366143939抽到了一张☆二星★卡，剩余1530P点","timestamp":1778429452802}
{"id":141124,"type":"info","level":2,"name":"抽卡与卡组","meta":{"paths":["lp0hx8"]},"content":"3366143939抽到了一张☆二星★卡，剩余1130P点","timestamp":1778429460573}
{"id":141155,"type":"info","level":2,"name":"抽卡与卡组","meta":{"paths":["lp0hx8"]},"content":"3366143939抽到了一张☆二星★卡，剩余730P点","timestamp":1778429467615}
{"id":141202,"type":"error","level":1,"name":"签到","meta":{"paths":["lp0hx8"]},"content":"3055983840抢劫失败！该用户今天抢劫次数已用完","timestamp":1778429499290}
{"id":141243,"type":"success","level":1,"name":"抽卡与卡组","meta":{"paths":["lp0hx8"]},"content":"3366143939献祭了：3张二星  获得840P点，当前P点数为1570","timestamp":1778429504713}
{"id":141278,"type":"info","level":2,"name":"抽卡与卡组","meta":{"paths":["lp0hx8"]},"content":"3366143939抽到了一张☆二星★卡，剩余1170P点","timestamp":1778429512207}
{"id":141308,"type":"info","level":2,"name":"抽卡与卡组","meta":{"paths":["lp0hx8"]},"content":"3366143939抽到了一张❀三星☄卡，剩余770P点","timestamp":1778429518341}
{"id":141338,"type":"info","level":2,"name":"抽卡与卡组","meta":{"paths":["lp0hx8"]},"content":"3366143939抽到了一张☆二星★卡，剩余370P点","timestamp":1778429525789}
{"id":141456,"type":"success","level":1,"name":"签到","meta":{"paths":["lp0hx8"]},"content":"2994459542完成了一次签到！","timestamp":1778429579261}
{"id":141549,"type":"success","level":1,"name":"签到","meta":{"paths":["lp0hx8"]},"content":"3663735613完成了一次签到！","timestamp":1778429614853}
{"id":141710,"type":"success","level":1,"name":"签到","meta":{"paths":["lp0hx8"]},"content":"2858787094完成了一次签到！","timestamp":1778429727948}
{"id":141787,"type":"success","level":1,"name":"签到","meta":{"paths":["lp0hx8"]},"content":"3497892115完成了一次签到！","timestamp":1778429743064}
{"id":141877,"type":"info","level":2,"name":"抽卡与卡组","meta":{"paths":["lp0hx8"]},"content":"3497892115抽到了一张❀三星☄卡，剩余1897P点","timestamp":1778429754289}
{"id":141933,"type":"info","level":2,"name":"抽卡与卡组","meta":{"paths":["lp0hx8"]},"content":"2858787094抽到了一张☆二星★卡，剩余3731P点","timestamp":1778429762919}
{"id":141940,"type":"info","level":2,"name":"抽卡与卡组","meta":{"paths":["lp0hx8"]},"content":"3497892115抽到了一张☆二星★卡，剩余1497P点","timestamp":1778429763735}
{"id":141979,"type":"info","level":2,"name":"抽卡与卡组","meta":{"paths":["lp0hx8"]},"content":"3497892115抽到了一张☆二星★卡，剩余1097P点","timestamp":1778429769393}
{"id":142015,"type":"info","level":2,"name":"抽卡与卡组","meta":{"paths":["lp0hx8"]},"content":"3497892115抽到了一张☆二星★卡，剩余697P点","timestamp":1778429774826}
{"id":142051,"type":"info","level":2,"name":"抽卡与卡组","meta":{"paths":["lp0hx8"]},"content":"2858787094抽到了一张☆二星★卡，剩余3331P点","timestamp":1778429778170}
{"id":142058,"type":"info","level":2,"name":"抽卡与卡组","meta":{"paths":["lp0hx8"]},"content":"3497892115抽到了一张❀三星☄卡，剩余297P点","timestamp":1778429778860}
{"id":142095,"type":"info","level":2,"name":"抽卡与卡组","meta":{"paths":["lp0hx8"]},"content":"2858787094抽到了一张☆二星★卡，剩余2931P点","timestamp":1778429782728}
{"id":142170,"type":"info","level":2,"name":"抽卡与卡组","meta":{"paths":["lp0hx8"]},"content":"2858787094抽到了一张☆二星★卡，剩余2531P点","timestamp":1778429791960}
{"id":142193,"type":"info","level":2,"name":"抽卡与卡组","meta":{"paths":["lp0hx8"]},"content":"2858787094抽到了一张❀三星☄卡，剩余2131P点","timestamp":1778429798074}
{"id":142411,"type":"info","level":2,"name":"抽卡与卡组","meta":{"paths":["lp0hx8"]},"content":"2858787094抽到了一张❀三星☄卡，剩余1731P点","timestamp":1778429900870}
{"id":142477,"type":"info","level":2,"name":"抽卡与卡组","meta":{"paths":["lp0hx8"]},"content":"2858787094抽到了一张☆二星★卡，剩余1331P点","timestamp":1778429940299}
{"id":142504,"type":"info","level":2,"name":"抽卡与卡组","meta":{"paths":["lp0hx8"]},"content":"2858787094抽到了一张☆二星★卡，剩余931P点","timestamp":1778429946258}
{"id":142524,"type":"info","level":2,"name":"抽卡与卡组","meta":{"paths":["lp0hx8"]},"content":"2858787094抽到了一张☆二星★卡，剩余531P点","timestamp":1778429951643}
{"id":142549,"type":"info","level":2,"name":"抽卡与卡组","meta":{"paths":["lp0hx8"]},"content":"2858787094抽到了一张☆二星★卡，剩余131P点","timestamp":1778429958142}
{"id":142887,"type":"error","level":1,"name":"签到","meta":{"paths":["lp0hx8"]},"content":"2858787094签到失败！原因：该用户已经签到","timestamp":1778430121312}
{"id":142936,"type":"info","level":2,"name":"抽卡与卡组","meta":{"paths":["lp0hx8"]},"content":"263659416抽到了一张❀三星☄卡，剩余9804P点","timestamp":1778430139745}
{"id":142974,"type":"info","level":2,"name":"抽卡与卡组","meta":{"paths":["lp0hx8"]},"content":"263659416抽到了一张☆二星★卡，剩余9404P点","timestamp":1778430152278}
{"id":143010,"type":"info","level":2,"name":"抽卡与卡组","meta":{"paths":["lp0hx8"]},"content":"263659416抽到了一张❀三星☄卡，剩余9004P点","timestamp":1778430169915}
{"id":143125,"type":"success","level":1,"name":"签到","meta":{"paths":["lp0hx8"]},"content":"1806625477完成了一次签到！","timestamp":1778430273546}
{"id":143196,"type":"success","level":1,"name":"签到","meta":{"paths":["lp0hx8"]},"content":"3568930598完成了一次签到！","timestamp":1778430295007}
{"id":143237,"type":"success","level":1,"name":"签到","meta":{"paths":["lp0hx8"]},"content":"3287471240完成了一次签到！","timestamp":1778430298389}
{"id":143669,"type":"success","level":1,"name":"签到","meta":{"paths":["lp0hx8"]},"content":"1296434423完成了一次签到！","timestamp":1778430480610}
{"id":143707,"type":"info","level":2,"name":"签到","meta":{"paths":["lp0hx8"]},"content":"已更新29053789的抢劫次数和记录","timestamp":1778430493864}
{"id":143727,"type":"success","level":1,"name":"签到","meta":{"paths":["lp0hx8"]},"content":"29053789抢了1296434423的454P点！","timestamp":1778430494160}
{"id":143728,"type":"info","level":2,"name":"签到","meta":{"paths":["lp0hx8"]},"content":"29053789今天的抢劫记录为454   |    剩余抢劫次数为3","timestamp":1778430494163}
{"id":143778,"type":"success","level":1,"name":"签到","meta":{"paths":["lp0hx8"]},"content":"29053789抢了1296434423的8050P点！","timestamp":1778430518345}
{"id":143877,"type":"info","level":2,"name":"签到","meta":{"paths":["lp0hx8"]},"content":"29053789向1296434423赠送了30000个P点","timestamp":1778430536525}
{"id":144113,"type":"info","level":2,"name":"签到","meta":{"paths":["lp0hx8"]},"content":"29053789向3986092865赠送了5000个P点","timestamp":1778430621162}
{"id":144147,"type":"success","level":1,"name":"签到","meta":{"paths":["lp0hx8"]},"content":"29053789抢了3986092865的4040P点！","timestamp":1778430625873}
{"id":144315,"type":"success","level":1,"name":"签到","meta":{"paths":["lp0hx8"]},"content":"29053789完成了一次签到！","timestamp":1778430698015}
{"id":144366,"type":"info","level":2,"name":"签到","meta":{"paths":["lp0hx8"]},"content":"29053789向3986092865赠送了8000个P点","timestamp":1778430710800}
{"id":144703,"type":"error","level":1,"name":"抽卡与卡组","meta":{"paths":["lp0hx8"]},"content":"1652933285抽卡失败，积分不足","timestamp":1778430947063}
{"id":144745,"type":"info","level":2,"name":"抽卡与卡组","meta":{"paths":["lp0hx8"]},"content":"29053789抽到了一张♔♕四星(?)♕♔卡，剩余104658P点","timestamp":1778430967385}
{"id":144788,"type":"info","level":2,"name":"抽卡与卡组","meta":{"paths":["lp0hx8"]},"content":"1012113121抽到了一张❀三星☄卡，剩余202P点","timestamp":1778430979196}
{"id":144825,"type":"success","level":1,"name":"签到","meta":{"paths":["lp0hx8"]},"content":"1012113121完成了一次签到！","timestamp":1778430992208}
{"id":144855,"type":"success","level":1,"name":"签到","meta":{"paths":["lp0hx8"]},"content":"29053789抢了1012113121的669P点！","timestamp":1778430997336}
{"id":144856,"type":"info","level":2,"name":"签到","meta":{"paths":["lp0hx8"]},"content":"29053789今天的抢劫记录为9566   |    剩余抢劫次数为3","timestamp":1778430997346}
{"id":144878,"type":"error","level":1,"name":"抽卡与卡组","meta":{"paths":["lp0hx8"]},"content":"1012113121抽卡失败，积分不足","timestamp":1778431003789}
{"id":144959,"type":"info","level":2,"name":"签到","meta":{"paths":["lp0hx8"]},"content":"29053789向1012113121赠送了5000个P点","timestamp":1778431016959}
{"id":145031,"type":"success","level":1,"name":"签到","meta":{"paths":["lp0hx8"]},"content":"29053789抢了971217490的801P点！","timestamp":1778431027040}
{"id":145032,"type":"info","level":2,"name":"签到","meta":{"paths":["lp0hx8"]},"content":"29053789今天的抢劫记录为10367   |    剩余抢劫次数为3","timestamp":1778431027040}
{"id":145058,"type":"error","level":1,"name":"签到","meta":{"paths":["lp0hx8"]},"content":"2334828455签到失败！原因：该用户已经签到","timestamp":1778431033176}
{"id":145338,"type":"success","level":1,"name":"签到","meta":{"paths":["lp0hx8"]},"content":"3055983840完成了一次签到！","timestamp":1778431223647}
{"id":145368,"type":"success","level":1,"name":"签到","meta":{"paths":["lp0hx8"]},"content":"29053789抢了3055983840的866P点！","timestamp":1778431229247}
{"id":145369,"type":"info","level":2,"name":"签到","meta":{"paths":["lp0hx8"]},"content":"29053789今天的抢劫记录为11233   |    剩余抢劫次数为3","timestamp":1778431229259}
{"id":145409,"type":"success","level":1,"name":"签到","meta":{"paths":["lp0hx8"]},"content":"971217490完成了一次签到！","timestamp":1778431235364}
{"id":145450,"type":"info","level":2,"name":"签到","meta":{"paths":["lp0hx8"]},"content":"29053789向3055983840赠送了10000个P点","timestamp":1778431244913}
{"id":145472,"type":"error","level":1,"name":"抽卡与卡组","meta":{"paths":["lp0hx8"]},"content":"1652933285抽卡失败，积分不足","timestamp":1778431253162}
{"id":145493,"type":"success","level":1,"name":"签到","meta":{"paths":["lp0hx8"]},"content":"3986092865完成了一次签到！","timestamp":1778431254312}
{"id":145530,"type":"warn","level":2,"name":"session","meta":{},"content":"Error: Error with request send_group_msg, args: {\"group_id\":1091191330,\"message\":[{\"type\":\"at\",\"data\":{\"qq\":\"3055983840\"}},{\"type\":\"text\",\"data\":{\"text\":\" 输入抽卡目标：（三星、四星、FES）\"}}]}, retcode: 1200\n    at _Internal._get (/root/lezskabot/koishi/koishi-app/node_modules/koishi-plugin-adapter-onebot/lib/index.js:119:11)\n    at process.processTicksAndRejections (node:internal/process/task_queues:95:5)\n    at async _Internal.<computed> [as sendGroupMsg] (/root/lezskabot/koishi/koishi-app/node_modules/koishi-plugin-adapter-onebot/lib/index.js:162:20)\n    at async OneBotMessageEncoder.flush (/root/lezskabot/koishi/koishi-app/node_modules/koishi-plugin-adapter-onebot/lib/index.js:771:338)\n    at async OneBotMessageEncoder.send (/root/lezskabot/koishi/koishi-app/node_modules/@satorijs/core/lib/index.cjs:755:5)\n    at async Proxy.sendMessage (/root/lezskabot/koishi/koishi-app/node_modules/@satorijs/core/lib/index.cjs:487:22)\n    at async _Command.eval (eval at <anonymous> (/root/lezskabot/koishi/koishi-app/node_modules/koishi-plugin-blockly-null/lib/index.js:1:1), <anonymous>:114:5)\n    at async Array.<anonymous> (/root/lezskabot/koishi/koishi-app/node_modules/@koishijs/core/lib/index.cjs:1079:14)\n    at async _Command.execute (/root/lezskabot/koishi/koishi-app/node_modules/@koishijs/core/lib/index.cjs:1093:22)\n    at async /root/lezskabot/koishi/koishi-app/node_modules/@koishijs/core/lib/index.cjs:2049:22","timestamp":1778431259857}
{"id":145551,"type":"warn","level":2,"name":"session","meta":{},"content":"Error: Error with request send_group_msg, args: {\"group_id\":1091191330,\"message\":[{\"type\":\"text\",\"data\":{\"text\":\"在第10次抽到四星(?)，消耗4000P点\"}}]}, retcode: 1200\n    at _Internal._get (/root/lezskabot/koishi/koishi-app/node_modules/koishi-plugin-adapter-onebot/lib/index.js:119:11)\n    at process.processTicksAndRejections (node:internal/process/task_queues:95:5)\n    at async _Internal.<computed> [as sendGroupMsg] (/root/lezskabot/koishi/koishi-app/node_modules/koishi-plugin-adapter-onebot/lib/index.js:162:20)\n    at async OneBotMessageEncoder.flush (/root/lezskabot/koishi/koishi-app/node_modules/koishi-plugin-adapter-onebot/lib/index.js:771:338)\n    at async OneBotMessageEncoder.send (/root/lezskabot/koishi/koishi-app/node_modules/@satorijs/core/lib/index.cjs:755:5)\n    at async Proxy.sendMessage (/root/lezskabot/koishi/koishi-app/node_modules/@satorijs/core/lib/index.cjs:487:22)\n    at async _Command.eval (eval at <anonymous> (/root/lezskabot/koishi/koishi-app/node_modules/koishi-plugin-blockly-null/lib/index.js:1:1), <anonymous>:159:23)\n    at async Array.<anonymous> (/root/lezskabot/koishi/koishi-app/node_modules/@koishijs/core/lib/index.cjs:1079:14)\n    at async _Command.execute (/root/lezskabot/koishi/koishi-app/node_modules/@koishijs/core/lib/index.cjs:1093:22)\n    at async /root/lezskabot/koishi/koishi-app/node_modules/@koishijs/core/lib/index.cjs:2049:22","timestamp":1778431262451}
{"id":145561,"type":"warn","level":2,"name":"session","meta":{},"content":"Error: Error with request send_group_msg, args: {\"group_id\":1091191330,\"message\":[{\"type\":\"at\",\"data\":{\"qq\":\"3986092865\"}},{\"type\":\"text\",\"data\":{\"text\":\"你当前的卡组为\\n1-稀有度： ♔♕四星(?)♕♔\"}},{\"type\":\"image\",\"data\":{\"file\":\"/root/lezskabot/cards/3/655.png\",\"cache\":0}},{\"type\":\"text\",\"data\":{\"text\":\"2-稀有度： ♔♕四星(?)♕♔\"}},{\"type\":\"image\",\"data\":{\"file\":\"/root/lezskabot/cards/3/290.png\",\"cache\":0}},{\"type\":\"text\",\"data\":{\"text\":\"3-没有卡牌\\n4-没有卡牌\\n5-稀有度： ♔♕四星(?)♕♔\"}},{\"type\":\"image\",\"data\":{\"file\":\"/root/lezskabot/cards/3/296.png\",\"cache\":0}},{\"type\":\"text\",\"data\":{\"text\":\"6-没有卡牌\\n7-稀有度： ☂FES☃\"}},{\"type\":\"image\",\"data\":{\"file\":\"/root/lezskabot/cards/4/21.png\",\"cache\":0}},{\"type\":\"text\",\"data\":{\"text\":\"8-稀有度： ☂FES☃\"}},{\"type\":\"image\",\"data\":{\"file\":\"/root/lezskabot/cards/4/7.png\",\"cache\":0}}]}, retcode: 1200\n    at _Internal._get (/root/lezskabot/koishi/koishi-app/node_modules/koishi-plugin-adapter-onebot/lib/index.js:119:11)\n    at process.processTicksAndRejections (node:internal/process/task_queues:95:5)\n    at async _Internal.<computed> [as sendGroupMsg] (/root/lezskabot/koishi/koishi-app/node_modules/koishi-plugin-adapter-onebot/lib/index.js:162:20)\n    at async OneBotMessageEncoder.flush (/root/lezskabot/koishi/koishi-app/node_modules/koishi-plugin-adapter-onebot/lib/index.js:771:338)\n    at async OneBotMessageEncoder.send (/root/lezskabot/koishi/koishi-app/node_modules/@satorijs/core/lib/index.cjs:755:5)\n    at async Proxy.sendMessage (/root/lezskabot/koishi/koishi-app/node_modules/@satorijs/core/lib/index.cjs:487:22)\n    at async _Command.eval (eval at <anonymous> (/root/lezskabot/koishi/koishi-app/node_modules/koishi-plugin-blockly-null/lib/index.js:1:1), <anonymous>:105:9)\n    at async Array.<anonymous> (/root/lezskabot/koishi/koishi-app/node_modules/@koishijs/core/lib/index.cjs:1079:14)\n    at async _Command.execute (/root/lezskabot/koishi/koishi-app/node_modules/@koishijs/core/lib/index.cjs:1093:22)\n    at async /root/lezskabot/koishi/koishi-app/node_modules/@koishijs/core/lib/index.cjs:2049:22","timestamp":1778431263458}
{"id":145567,"type":"warn","level":2,"name":"session","meta":{},"content":"Error: Error with request send_group_msg, args: {\"group_id\":1091191330,\"message\":[{\"type\":\"text\",\"data\":{\"text\":\"在第3次抽到四星(?)，消耗1200P点\"}}]}, retcode: 1200\n    at _Internal._get (/root/lezskabot/koishi/koishi-app/node_modules/koishi-plugin-adapter-onebot/lib/index.js:119:11)\n    at process.processTicksAndRejections (node:internal/process/task_queues:95:5)\n    at async _Internal.<computed> [as sendGroupMsg] (/root/lezskabot/koishi/koishi-app/node_modules/koishi-plugin-adapter-onebot/lib/index.js:162:20)\n    at async OneBotMessageEncoder.flush (/root/lezskabot/koishi/koishi-app/node_modules/koishi-plugin-adapter-onebot/lib/index.js:771:338)\n    at async OneBotMessageEncoder.send (/root/lezskabot/koishi/koishi-app/node_modules/@satorijs/core/lib/index.cjs:755:5)\n    at async Proxy.sendMessage (/root/lezskabot/koishi/koishi-app/node_modules/@satorijs/core/lib/index.cjs:487:22)\n    at async _Command.eval (eval at <anonymous> (/root/lezskabot/koishi/koishi-app/node_modules/koishi-plugin-blockly-null/lib/index.js:1:1), <anonymous>:159:23)\n    at async Array.<anonymous> (/root/lezskabot/koishi/koishi-app/node_modules/@koishijs/core/lib/index.cjs:1079:14)\n    at async _Command.execute (/root/lezskabot/koishi/koishi-app/node_modules/@koishijs/core/lib/index.cjs:1093:22)\n    at async /root/lezskabot/koishi/koishi-app/node_modules/@koishijs/core/lib/index.cjs:2049:22","timestamp":1778431264052}
{"id":145576,"type":"warn","level":2,"name":"session","meta":{},"content":"Error: Error with request send_group_msg, args: {\"group_id\":1091191330,\"message\":[{\"type\":\"image\",\"data\":{\"file\":\"/root/lezskabot/cards/3/139.png\",\"cache\":0}},{\"type\":\"at\",\"data\":{\"qq\":\"3055983840\"}},{\"type\":\"text\",\"data\":{\"text\":\"♔♕四星(?)♕♔\\n你还有6161P点\\n也就是15抽。\\n请仔细阅读“抽卡帮助”！\\n此卡已自动存入你卡组的第4位\"}}]}, retcode: 1200\n    at _Internal._get (/root/lezskabot/koishi/koishi-app/node_modules/koishi-plugin-adapter-onebot/lib/index.js:119:11)\n    at process.processTicksAndRejections (node:internal/process/task_queues:95:5)\n    at async _Internal.<computed> [as sendGroupMsg] (/root/lezskabot/koishi/koishi-app/node_modules/koishi-plugin-adapter-onebot/lib/index.js:162:20)\n    at async OneBotMessageEncoder.flush (/root/lezskabot/koishi/koishi-app/node_modules/koishi-plugin-adapter-onebot/lib/index.js:771:338)\n    at async OneBotMessageEncoder.send (/root/lezskabot/koishi/koishi-app/node_modules/@satorijs/core/lib/index.cjs:755:5)\n    at async Proxy.sendMessage (/root/lezskabot/koishi/koishi-app/node_modules/@satorijs/core/lib/index.cjs:487:22)\n    at async _Command.eval (eval at <anonymous> (/root/lezskabot/koishi/koishi-app/node_modules/koishi-plugin-blockly-null/lib/index.js:1:1), <anonymous>:208:27)\n    at async Array.<anonymous> (/root/lezskabot/koishi/koishi-app/node_modules/@koishijs/core/lib/index.cjs:1079:14)\n    at async _Command.execute (/root/lezskabot/koishi/koishi-app/node_modules/@koishijs/core/lib/index.cjs:1093:22)\n    at async /root/lezskabot/koishi/koishi-app/node_modules/@koishijs/core/lib/index.cjs:2049:22","timestamp":1778431267151}
{"id":145582,"type":"info","level":2,"name":"抽卡与卡组","meta":{"paths":["lp0hx8"]},"content":"3055983840抽到了一张♔♕四星(?)♕♔卡，剩余6161P点","timestamp":1778431267171}
{"id":145584,"type":"warn","level":2,"name":"session","meta":{},"content":"Error: Error with request send_group_msg, args: {\"group_id\":1091191330,\"message\":[{\"type\":\"image\",\"data\":{\"file\":\"/root/lezskabot/cards/3/177.png\",\"cache\":0}},{\"type\":\"at\",\"data\":{\"qq\":\"971217490\"}},{\"type\":\"text\",\"data\":{\"text\":\"♔♕四星(?)♕♔\\n此卡在你手中，请手动加入卡组\\n你还有4668P点\\n也就是11抽。\\n请仔细阅读“抽卡帮助”！\"}}]}, retcode: 1200\n    at _Internal._get (/root/lezskabot/koishi/koishi-app/node_modules/koishi-plugin-adapter-onebot/lib/index.js:119:11)\n    at process.processTicksAndRejections (node:internal/process/task_queues:95:5)\n    at async _Internal.<computed> [as sendGroupMsg] (/root/lezskabot/koishi/koishi-app/node_modules/koishi-plugin-adapter-onebot/lib/index.js:162:20)\n    at async OneBotMessageEncoder.flush (/root/lezskabot/koishi/koishi-app/node_modules/koishi-plugin-adapter-onebot/lib/index.js:771:338)\n    at async OneBotMessageEncoder.send (/root/lezskabot/koishi/koishi-app/node_modules/@satorijs/core/lib/index.cjs:755:5)\n    at async Proxy.sendMessage (/root/lezskabot/koishi/koishi-app/node_modules/@satorijs/core/lib/index.cjs:487:22)\n    at async _Command.eval (eval at <anonymous> (/root/lezskabot/koishi/koishi-app/node_modules/koishi-plugin-blockly-null/lib/index.js:1:1), <anonymous>:217:21)\n    at async Array.<anonymous> (/root/lezskabot/koishi/koishi-app/node_modules/@koishijs/core/lib/index.cjs:1079:14)\n    at async _Command.execute (/root/lezskabot/koishi/koishi-app/node_modules/@koishijs/core/lib/index.cjs:1093:22)\n    at async /root/lezskabot/koishi/koishi-app/node_modules/@koishijs/core/lib/index.cjs:2049:22","timestamp":1778431267824}
{"id":145586,"type":"info","level":2,"name":"抽卡与卡组","meta":{"paths":["lp0hx8"]},"content":"971217490抽到了一张♔♕四星(?)♕♔卡，剩余4668P点","timestamp":1778431267828}
{"id":147348,"type":"info","level":2,"name":"签到","meta":{"paths":["lp0hx8"]},"content":"已更新1652933285的抢劫次数和记录","timestamp":1778432174095}
{"id":147365,"type":"success","level":1,"name":"签到","meta":{"paths":["lp0hx8"]},"content":"1652933285抢劫29053789失败！失去了135P点！","timestamp":1778432174735}
{"id":147366,"type":"info","level":2,"name":"签到","meta":{"paths":["lp0hx8"]},"content":"1652933285今天的抢劫记录为-135   |    剩余抢劫次数为2","timestamp":1778432174747}
{"id":147402,"type":"info","level":2,"name":"签到","meta":{"paths":["lp0hx8"]},"content":"已更新971217490的抢劫次数和记录","timestamp":1778432184863}
{"id":147423,"type":"success","level":1,"name":"签到","meta":{"paths":["lp0hx8"]},"content":"971217490抢了29053789的194P点！","timestamp":1778432185408}
{"id":147424,"type":"info","level":2,"name":"签到","meta":{"paths":["lp0hx8"]},"content":"971217490今天的抢劫记录为194   |    剩余抢劫次数为2","timestamp":1778432185411}
{"id":147453,"type":"success","level":1,"name":"签到","meta":{"paths":["lp0hx8"]},"content":"1652933285抢劫29053789失败！失去了所有P点！","timestamp":1778432187738}
{"id":147454,"type":"info","level":2,"name":"签到","meta":{"paths":["lp0hx8"]},"content":"1652933285今天的抢劫记录为-300   |    剩余抢劫次数为1","timestamp":1778432187739}
{"id":147674,"type":"success","level":1,"name":"抽卡与卡组","meta":{"paths":["lp0hx8"]},"content":"2334828455献祭了：7张二星  1张三星  获得2520P点，当前P点数为6328","timestamp":1778432259065}
{"id":147824,"type":"success","level":1,"name":"签到","meta":{"paths":["lp0hx8"]},"content":"971217490抢劫29053789失败！失去了17P点！","timestamp":1778432301054}
{"id":147825,"type":"info","level":2,"name":"签到","meta":{"paths":["lp0hx8"]},"content":"971217490今天的抢劫记录为177   |    剩余抢劫次数为1","timestamp":1778432301055}
{"id":147842,"type":"success","level":1,"name":"抽卡与卡组","meta":{"paths":["lp0hx8"]},"content":"2334828455献祭了：7张二星  1张三星  获得2520P点，当前P点数为5648","timestamp":1778432303164}
{"id":147937,"type":"warn","level":2,"name":"command","meta":{},"content":"送p点 \nTypeError: Cannot read properties of undefined (reading 'attrs')\n    at _Command.eval (eval at <anonymous> (/root/lezskabot/koishi/koishi-app/node_modules/koishi-plugin-blockly-null/lib/index.js:1:1), <anonymous>:123:93)\n    at Array.<anonymous> (/root/lezskabot/koishi/koishi-app/node_modules/@koishijs/core/lib/index.cjs:1079:27)\n    at argv.next (/root/lezskabot/koishi/koishi-app/node_modules/@koishijs/core/lib/index.cjs:1090:30)\n    at _Command.execute (/root/lezskabot/koishi/koishi-app/node_modules/@koishijs/core/lib/index.cjs:1093:33)\n    at process.processTicksAndRejections (node:internal/process/task_queues:95:5)\n    at async /root/lezskabot/koishi/koishi-app/node_modules/@koishijs/core/lib/index.cjs:2049:22\n    at async Proxy.withScope (/root/lezskabot/koishi/koishi-app/node_modules/@koishijs/core/lib/index.cjs:1958:22)\n    at async next (/root/lezskabot/koishi/koishi-app/node_modules/@koishijs/core/lib/index.cjs:827:16)\n    at async next (/root/lezskabot/koishi/koishi-app/node_modules/@koishijs/core/lib/index.cjs:827:16)\n    at async next (/root/lezskabot/koishi/koishi-app/node_modules/@koishijs/core/lib/index.cjs:827:16)","timestamp":1778432329496}
{"id":147998,"type":"success","level":1,"name":"抽卡与卡组","meta":{"paths":["lp0hx8"]},"content":"2334828455献祭了：8张二星  获得2240P点，当前P点数为4688","timestamp":1778432336915}
{"id":148012,"type":"info","level":2,"name":"签到","meta":{"paths":["lp0hx8"]},"content":"971217490向2334828455赠送了500个P点","timestamp":1778432340695}
{"id":148086,"type":"info","level":2,"name":"签到","meta":{"paths":["lp0hx8"]},"content":"2334828455向3986092865赠送了4688个P点","timestamp":1778432352357}
{"id":148115,"type":"success","level":1,"name":"签到","meta":{"paths":["lp0hx8"]},"content":"2432499215完成了一次签到！","timestamp":1778432361150}
{"id":148163,"type":"warn","level":2,"name":"session","meta":{},"content":"Error: Error with request send_group_msg, args: {\"group_id\":1091191330,\"message\":[{\"type\":\"text\",\"data\":{\"text\":\"输入位置有误\"}}]}, retcode: 1200\n    at _Internal._get (/root/lezskabot/koishi/koishi-app/node_modules/koishi-plugin-adapter-onebot/lib/index.js:119:11)\n    at process.processTicksAndRejections (node:internal/process/task_queues:95:5)\n    at async _Internal.<computed> [as sendGroupMsg] (/root/lezskabot/koishi/koishi-app/node_modules/koishi-plugin-adapter-onebot/lib/index.js:162:20)\n    at async OneBotMessageEncoder.flush (/root/lezskabot/koishi/koishi-app/node_modules/koishi-plugin-adapter-onebot/lib/index.js:771:338)\n    at async OneBotMessageEncoder.send (/root/lezskabot/koishi/koishi-app/node_modules/@satorijs/core/lib/index.cjs:755:5)\n    at async Proxy.sendMessage (/root/lezskabot/koishi/koishi-app/node_modules/@satorijs/core/lib/index.cjs:487:22)\n    at async /root/lezskabot/koishi/koishi-app/node_modules/@koishijs/core/lib/index.cjs:2051:7\n    at async Proxy.withScope (/root/lezskabot/koishi/koishi-app/node_modules/@koishijs/core/lib/index.cjs:1958:22)\n    at async next (/root/lezskabot/koishi/koishi-app/node_modules/@koishijs/core/lib/index.cjs:827:16)\n    at async next (/root/lezskabot/koishi/koishi-app/node_modules/@koishijs/core/lib/index.cjs:827:16)","timestamp":1778432380026}
{"id":148242,"type":"success","level":1,"name":"抽卡与卡组","meta":{"paths":["lp0hx8"]},"content":"2432499215献祭了：4张二星  获得1120P点，当前P点数为2932","timestamp":1778432410161}
{"id":148313,"type":"success","level":1,"name":"抽卡与卡组","meta":{"paths":["lp0hx8"]},"content":"2432499215献祭了：3张二星  1张三星  获得1400P点，当前P点数为2732","timestamp":1778432444977}
{"id":148372,"type":"success","level":1,"name":"抽卡与卡组","meta":{"paths":["lp0hx8"]},"content":"2432499215献祭了：3张二星  1张三星  获得1400P点，当前P点数为2532","timestamp":1778432467533}
{"id":148481,"type":"success","level":1,"name":"抽卡与卡组","meta":{"paths":["lp0hx8"]},"content":"2432499215献祭了：3张二星  1张四星  获得2040P点，当前P点数为2972","timestamp":1778432540412}
{"id":148545,"type":"success","level":1,"name":"抽卡与卡组","meta":{"paths":["lp0hx8"]},"content":"2432499215献祭了：3张二星  1张三星  获得1400P点，当前P点数为2772","timestamp":1778432558443}
{"id":148654,"type":"warn","level":2,"name":"session","meta":{},"content":"Error: Error with request send_group_msg, args: {\"group_id\":1091191330,\"message\":[{\"type\":\"at\",\"data\":{\"qq\":\"971217490\"}},{\"type\":\"text\",\"data\":{\"text\":\"你献祭了：\\n2张二星\\n3张三星\\n3张四星\\n获得5840P点！\\n当前P点数6285\"}}]}, retcode: 1200\n    at _Internal._get (/root/lezskabot/koishi/koishi-app/node_modules/koishi-plugin-adapter-onebot/lib/index.js:119:11)\n    at process.processTicksAndRejections (node:internal/process/task_queues:95:5)\n    at async _Internal.<computed> [as sendGroupMsg] (/root/lezskabot/koishi/koishi-app/node_modules/koishi-plugin-adapter-onebot/lib/index.js:162:20)\n    at async OneBotMessageEncoder.flush (/root/lezskabot/koishi/koishi-app/node_modules/koishi-plugin-adapter-onebot/lib/index.js:771:338)\n    at async OneBotMessageEncoder.send (/root/lezskabot/koishi/koishi-app/node_modules/@satorijs/core/lib/index.cjs:755:5)\n    at async Proxy.sendMessage (/root/lezskabot/koishi/koishi-app/node_modules/@satorijs/core/lib/index.cjs:487:22)\n    at async _Command.eval (eval at <anonymous> (/root/lezskabot/koishi/koishi-app/node_modules/koishi-plugin-blockly-null/lib/index.js:1:1), <anonymous>:396:17)\n    at async Array.<anonymous> (/root/lezskabot/koishi/koishi-app/node_modules/@koishijs/core/lib/index.cjs:1079:14)\n    at async _Command.execute (/root/lezskabot/koishi/koishi-app/node_modules/@koishijs/core/lib/index.cjs:1093:22)\n    at async /root/lezskabot/koishi/koishi-app/node_modules/@koishijs/core/lib/index.cjs:2049:22","timestamp":1778432591713}
{"id":148656,"type":"success","level":1,"name":"抽卡与卡组","meta":{"paths":["lp0hx8"]},"content":"971217490献祭了：2张二星  3张三星  3张四星  获得5840P点，当前P点数为6285","timestamp":1778432591735}
{"id":148666,"type":"warn","level":2,"name":"session","meta":{},"content":"Error: Error with request send_group_msg, args: {\"group_id\":1091191330,\"message\":[{\"type\":\"at\",\"data\":{\"qq\":\"2432499215\"}},{\"type\":\"text\",\"data\":{\"text\":\"你献祭了：\\n2张二星\\n2张三星\\n获得1680P点！\\n当前P点数2852\"}}]}, retcode: 1200\n    at _Internal._get (/root/lezskabot/koishi/koishi-app/node_modules/koishi-plugin-adapter-onebot/lib/index.js:119:11)\n    at process.processTicksAndRejections (node:internal/process/task_queues:95:5)\n    at async _Internal.<computed> [as sendGroupMsg] (/root/lezskabot/koishi/koishi-app/node_modules/koishi-plugin-adapter-onebot/lib/index.js:162:20)\n    at async OneBotMessageEncoder.flush (/root/lezskabot/koishi/koishi-app/node_modules/koishi-plugin-adapter-onebot/lib/index.js:771:338)\n    at async OneBotMessageEncoder.send (/root/lezskabot/koishi/koishi-app/node_modules/@satorijs/core/lib/index.cjs:755:5)\n    at async Proxy.sendMessage (/root/lezskabot/koishi/koishi-app/node_modules/@satorijs/core/lib/index.cjs:487:22)\n    at async _Command.eval (eval at <anonymous> (/root/lezskabot/koishi/koishi-app/node_modules/koishi-plugin-blockly-null/lib/index.js:1:1), <anonymous>:396:17)\n    at async Array.<anonymous> (/root/lezskabot/koishi/koishi-app/node_modules/@koishijs/core/lib/index.cjs:1079:14)\n    at async _Command.execute (/root/lezskabot/koishi/koishi-app/node_modules/@koishijs/core/lib/index.cjs:1093:22)\n    at async /root/lezskabot/koishi/koishi-app/node_modules/@koishijs/core/lib/index.cjs:2049:22","timestamp":1778432593791}
{"id":148668,"type":"success","level":1,"name":"抽卡与卡组","meta":{"paths":["lp0hx8"]},"content":"2432499215献祭了：2张二星  2张三星  获得1680P点，当前P点数为2852","timestamp":1778432593799}
{"id":148687,"type":"warn","level":2,"name":"command","meta":{},"content":"送p点 \nTypeError: Cannot read properties of undefined (reading 'attrs')\n    at _Command.eval (eval at <anonymous> (/root/lezskabot/koishi/koishi-app/node_modules/koishi-plugin-blockly-null/lib/index.js:1:1), <anonymous>:123:93)\n    at Array.<anonymous> (/root/lezskabot/koishi/koishi-app/node_modules/@koishijs/core/lib/index.cjs:1079:27)\n    at argv.next (/root/lezskabot/koishi/koishi-app/node_modules/@koishijs/core/lib/index.cjs:1090:30)\n    at _Command.execute (/root/lezskabot/koishi/koishi-app/node_modules/@koishijs/core/lib/index.cjs:1093:33)\n    at process.processTicksAndRejections (node:internal/process/task_queues:95:5)\n    at async /root/lezskabot/koishi/koishi-app/node_modules/@koishijs/core/lib/index.cjs:2049:22\n    at async Proxy.withScope (/root/lezskabot/koishi/koishi-app/node_modules/@koishijs/core/lib/index.cjs:1958:22)\n    at async next (/root/lezskabot/koishi/koishi-app/node_modules/@koishijs/core/lib/index.cjs:827:16)\n    at async next (/root/lezskabot/koishi/koishi-app/node_modules/@koishijs/core/lib/index.cjs:827:16)\n    at async next (/root/lezskabot/koishi/koishi-app/node_modules/@koishijs/core/lib/index.cjs:827:16)","timestamp":1778432610781}
{"id":148752,"type":"info","level":2,"name":"签到","meta":{"paths":["lp0hx8"]},"content":"971217490向2432499215赠送了5000个P点","timestamp":1778432620970}
{"id":149430,"type":"success","level":1,"name":"抽卡与卡组","meta":{"paths":["lp0hx8"]},"content":"2432499215献祭了：3张二星  1张三星  获得1400P点，当前P点数为7652","timestamp":1778432876017}
{"id":149482,"type":"success","level":1,"name":"抽卡与卡组","meta":{"paths":["lp0hx8"]},"content":"2432499215献祭了：3张二星  1张三星  获得1400P点，当前P点数为7452","timestamp":1778432891123}
{"id":149548,"type":"success","level":1,"name":"抽卡与卡组","meta":{"paths":["lp0hx8"]},"content":"2432499215献祭了：3张二星  1张三星  获得1400P点，当前P点数为7252","timestamp":1778432904983}
{"id":151593,"type":"success","level":1,"name":"签到","meta":{"paths":["lp0hx8"]},"content":"2188730297完成了一次签到！","timestamp":1778434116169}
{"id":153172,"type":"success","level":1,"name":"签到","meta":{"paths":["lp0hx8"]},"content":"1789330834完成了一次签到！","timestamp":1778435032510}
{"id":157606,"type":"success","level":1,"name":"签到","meta":{"paths":["lp0hx8"]},"content":"2250804603完成了一次签到！","timestamp":1778451407774}
{"id":158287,"type":"success","level":1,"name":"签到","meta":{"paths":["lp0hx8"]},"content":"3534850564完成了一次签到！","timestamp":1778454775167}
{"id":158605,"type":"success","level":1,"name":"签到","meta":{"paths":["lp0hx8"]},"content":"2455800638完成了一次签到！","timestamp":1778456611058}
