{"id":286105,"type":"success","level":1,"name":"签到","meta":{"paths":["lp0hx8"]},"content":"3903949840完成了一次签到！","timestamp":1779494652896}
{"id":288163,"type":"success","level":1,"name":"签到","meta":{"paths":["lp0hx8"]},"content":"1962318808完成了一次签到！","timestamp":1779499436599}
{"id":290671,"type":"success","level":1,"name":"签到","meta":{"paths":["lp0hx8"]},"content":"3840729373完成了一次签到！","timestamp":1779502004248}
{"id":291680,"type":"success","level":1,"name":"签到","meta":{"paths":["lp0hx8"]},"content":"3988136739完成了一次签到！","timestamp":1779503069370}
{"id":295405,"type":"success","level":1,"name":"签到","meta":{"paths":["lp0hx8"]},"content":"2856202014完成了一次签到！","timestamp":1779505866132}
{"id":295649,"type":"success","level":1,"name":"签到","meta":{"paths":["lp0hx8"]},"content":"3959907439完成了一次签到！","timestamp":1779505967806}
{"id":295688,"type":"success","level":1,"name":"签到","meta":{"paths":["lp0hx8"]},"content":"1986429457完成了一次签到！","timestamp":1779505973448}
{"id":296051,"type":"success","level":1,"name":"签到","meta":{"paths":["lp0hx8"]},"content":"3247534886完成了一次签到！","timestamp":1779506235639}
{"id":296156,"type":"success","level":1,"name":"抽卡与卡组","meta":{"paths":["lp0hx8"]},"content":"3988136739献祭了：2张三星  1张四星  获得2320P点，当前P点数为2447","timestamp":1779506298529}
{"id":296190,"type":"info","level":2,"name":"抽卡与卡组","meta":{"paths":["lp0hx8"]},"content":"3988136739抽到了一张☂FES☃卡，剩余1247P点","timestamp":1779506320023}
{"id":296260,"type":"error","level":1,"name":"签到","meta":{"paths":["lp0hx8"]},"content":"2276942246签到失败！原因：该用户已经签到","timestamp":1779506351881}
{"id":296313,"type":"success","level":1,"name":"抽卡与卡组","meta":{"paths":["lp0hx8"]},"content":"2276942246献祭了：3张二星  获得840P点，当前P点数为24145","timestamp":1779506362955}
{"id":296335,"type":"success","level":1,"name":"抽卡与卡组","meta":{"paths":["lp0hx8"]},"content":"3988136739献祭了：2张二星  1张三星  获得1120P点，当前P点数为1567","timestamp":1779506379102}
{"id":296470,"type":"success","level":1,"name":"抽卡与卡组","meta":{"paths":["lp0hx8"]},"content":"3840729373献祭了：1张二星  6张三星  获得3640P点，当前P点数为23488","timestamp":1779506446168}
{"id":296473,"type":"success","level":1,"name":"抽卡与卡组","meta":{"paths":["lp0hx8"]},"content":"3988136739献祭了：2张二星  1张三星  获得1120P点，当前P点数为1487","timestamp":1779506446433}
{"id":296557,"type":"info","level":2,"name":"抽卡与卡组","meta":{"paths":["lp0hx8"]},"content":"3840729373抽到了一张♔♕四星(?)♕♔卡，剩余20688P点","timestamp":1779506485452}
{"id":296599,"type":"info","level":2,"name":"抽卡与卡组","meta":{"paths":["lp0hx8"]},"content":"3840729373抽到了一张♔♕四星(?)♕♔卡，剩余19488P点","timestamp":1779506506489}
{"id":296634,"type":"info","level":2,"name":"抽卡与卡组","meta":{"paths":["lp0hx8"]},"content":"3840729373抽到了一张☂FES☃卡，剩余18288P点","timestamp":1779506518529}
{"id":296673,"type":"info","level":2,"name":"抽卡与卡组","meta":{"paths":["lp0hx8"]},"content":"3840729373抽到了一张♔♕四星(?)♕♔卡，剩余13888P点","timestamp":1779506531210}
{"id":296724,"type":"info","level":2,"name":"抽卡与卡组","meta":{"paths":["lp0hx8"]},"content":"3840729373抽到了一张♔♕四星(?)♕♔卡，剩余13488P点","timestamp":1779506545086}
{"id":296766,"type":"info","level":2,"name":"抽卡与卡组","meta":{"paths":["lp0hx8"]},"content":"3840729373抽到了一张♔♕四星(?)♕♔卡，剩余6688P点","timestamp":1779506559836}
{"id":296849,"type":"success","level":1,"name":"签到","meta":{"paths":["lp0hx8"]},"content":"3627079472完成了一次签到！","timestamp":1779506591793}
{"id":296856,"type":"info","level":2,"name":"抽卡与卡组","meta":{"paths":["lp0hx8"]},"content":"3840729373抽到了一张☂FES☃卡，剩余688P点","timestamp":1779506592479}
{"id":296894,"type":"info","level":2,"name":"抽卡与卡组","meta":{"paths":["lp0hx8"]},"content":"3627079472抽到了一张☆二星★卡，剩余1653P点","timestamp":1779506609579}
{"id":296919,"type":"info","level":2,"name":"抽卡与卡组","meta":{"paths":["lp0hx8"]},"content":"3627079472抽到了一张❀三星☄卡，剩余1253P点","timestamp":1779506618468}
{"id":296943,"type":"info","level":2,"name":"抽卡与卡组","meta":{"paths":["lp0hx8"]},"content":"3627079472抽到了一张☆二星★卡，剩余853P点","timestamp":1779506624757}
{"id":296979,"type":"info","level":2,"name":"抽卡与卡组","meta":{"paths":["lp0hx8"]},"content":"3627079472抽到了一张☆二星★卡，剩余453P点","timestamp":1779506631012}
{"id":297003,"type":"info","level":2,"name":"抽卡与卡组","meta":{"paths":["lp0hx8"]},"content":"3627079472抽到了一张☆二星★卡，剩余53P点","timestamp":1779506638812}
{"id":297587,"type":"success","level":1,"name":"签到","meta":{"paths":["lp0hx8"]},"content":"3940650338完成了一次签到！","timestamp":1779507134512}
{"id":297702,"type":"success","level":1,"name":"签到","meta":{"paths":["lp0hx8"]},"content":"3366143939完成了一次签到！","timestamp":1779507219299}
{"id":297803,"type":"success","level":1,"name":"签到","meta":{"paths":["lp0hx8"]},"content":"813013693完成了一次签到！","timestamp":1779507543653}
{"id":297842,"type":"success","level":1,"name":"签到","meta":{"paths":["lp0hx8"]},"content":"3568930598完成了一次签到！","timestamp":1779507565214}
{"id":300817,"type":"success","level":1,"name":"签到","meta":{"paths":["lp0hx8"]},"content":"1963408278完成了一次签到！","timestamp":1779510809394}
{"id":302537,"type":"info","level":2,"name":"签到","meta":{"paths":["lp0hx8"]},"content":"已更新29053789的抢劫次数和记录","timestamp":1779511820086}
{"id":305127,"type":"success","level":1,"name":"签到","meta":{"paths":["lp0hx8"]},"content":"3633026539完成了一次签到！","timestamp":1779513752885}
{"id":305155,"type":"success","level":1,"name":"签到","meta":{"paths":["lp0hx8"]},"content":"2085287779完成了一次签到！","timestamp":1779513757270}
{"id":305206,"type":"success","level":1,"name":"签到","meta":{"paths":["lp0hx8"]},"content":"986054920完成了一次签到！","timestamp":1779513769830}
{"id":305211,"type":"success","level":1,"name":"签到","meta":{"paths":["lp0hx8"]},"content":"2303164675完成了一次签到！","timestamp":1779513770344}
