{"id":283880,"type":"info","level":2,"name":"抽卡与卡组","meta":{"paths":["lp0hx8"]},"content":"3366143939抽到了一张☆二星★卡，剩余2262P点","timestamp":1778515482050}
{"id":283917,"type":"info","level":2,"name":"抽卡与卡组","meta":{"paths":["lp0hx8"]},"content":"3366143939抽到了一张☆二星★卡，剩余1862P点","timestamp":1778515490345}
{"id":283942,"type":"info","level":2,"name":"抽卡与卡组","meta":{"paths":["lp0hx8"]},"content":"3366143939抽到了一张❀三星☄卡，剩余1462P点","timestamp":1778515495997}
{"id":284563,"type":"success","level":1,"name":"签到","meta":{"paths":["lp0hx8"]},"content":"29053789完成了一次签到！","timestamp":1778515630438}
{"id":284659,"type":"info","level":2,"name":"签到","meta":{"paths":["lp0hx8"]},"content":"已更新1652933285的抢劫次数和记录","timestamp":1778515640359}
{"id":284676,"type":"success","level":1,"name":"签到","meta":{"paths":["lp0hx8"]},"content":"1652933285抢劫29053789失败！失去了32P点！","timestamp":1778515640687}
{"id":284677,"type":"info","level":2,"name":"签到","meta":{"paths":["lp0hx8"]},"content":"1652933285今天的抢劫记录为-32   |    剩余抢劫次数为2","timestamp":1778515640689}
{"id":285807,"type":"success","level":1,"name":"签到","meta":{"paths":["lp0hx8"]},"content":"2334828455完成了一次签到！","timestamp":1778515869630}
{"id":285891,"type":"info","level":2,"name":"签到","meta":{"paths":["lp0hx8"]},"content":"2334828455向3986092865赠送了3380个P点","timestamp":1778515882176}
{"id":287913,"type":"success","level":1,"name":"抽卡与卡组","meta":{"paths":["lp0hx8"]},"content":"1296434423献祭了：1张二星  3张三星  获得1960P点，当前P点数为32683","timestamp":1778516623851}
{"id":288159,"type":"success","level":1,"name":"签到","meta":{"paths":["lp0hx8"]},"content":"2856239518完成了一次签到！","timestamp":1778516697341}
{"id":288244,"type":"success","level":1,"name":"签到","meta":{"paths":["lp0hx8"]},"content":"3980423768完成了一次签到！","timestamp":1778516712401}
{"id":290128,"type":"success","level":1,"name":"抽卡与卡组","meta":{"paths":["lp0hx8"]},"content":"1296434423献祭了：3张二星  1张三星  获得1400P点，当前P点数为32483","timestamp":1778517311379}
{"id":290156,"type":"success","level":1,"name":"签到","meta":{"paths":["lp0hx8"]},"content":"1296434423完成了一次签到！","timestamp":1778517316810}
{"id":290435,"type":"success","level":1,"name":"签到","meta":{"paths":["lp0hx8"]},"content":"914880737完成了一次签到！","timestamp":1778517405980}
{"id":291028,"type":"success","level":1,"name":"抽卡与卡组","meta":{"paths":["lp0hx8"]},"content":"1296434423献祭了：2张二星  1张三星  获得1120P点，当前P点数为33839","timestamp":1778517593947}
{"id":291355,"type":"success","level":1,"name":"抽卡与卡组","meta":{"paths":["lp0hx8"]},"content":"1296434423献祭了：2张二星  2张三星  获得1680P点，当前P点数为34319","timestamp":1778517669408}
{"id":291544,"type":"success","level":1,"name":"抽卡与卡组","meta":{"paths":["lp0hx8"]},"content":"1652933285献祭了：4张二星  2张三星  获得2240P点，当前P点数为2470","timestamp":1778517712571}
{"id":291726,"type":"success","level":1,"name":"抽卡与卡组","meta":{"paths":["lp0hx8"]},"content":"1296434423献祭了：3张二星  1张三星  获得1400P点，当前P点数为34119","timestamp":1778517770984}
{"id":291784,"type":"success","level":1,"name":"抽卡与卡组","meta":{"paths":["lp0hx8"]},"content":"1652933285献祭了：6张二星  获得1680P点，当前P点数为1750","timestamp":1778517787620}
{"id":291868,"type":"success","level":1,"name":"抽卡与卡组","meta":{"paths":["lp0hx8"]},"content":"1296434423献祭了：2张二星  2张三星  1张四星  获得2880P点，当前P点数为35399","timestamp":1778517836261}
{"id":291963,"type":"success","level":1,"name":"抽卡与卡组","meta":{"paths":["lp0hx8"]},"content":"1296434423献祭了：3张二星  2张三星  获得1960P点，当前P点数为35359","timestamp":1778517865559}
{"id":292033,"type":"success","level":1,"name":"抽卡与卡组","meta":{"paths":["lp0hx8"]},"content":"1296434423献祭了：3张二星  2张三星  获得1960P点，当前P点数为35319","timestamp":1778517882025}
{"id":292064,"type":"warn","level":2,"name":"session","meta":{},"content":"Error: Error with request send_group_msg, args: {\"group_id\":1091191330,\"message\":[{\"type\":\"text\",\"data\":{\"text\":\"你抽到了：\\n3张二星  \\n2张三星  \\n一共5张卡\\n已存入你卡组的第2, 4, 5, 6, 7位\\n你还有33319P点\"}}]}, retcode: 1200\n    at _Internal._get (/root/lezskabot/koishi/koishi-app/node_modules/koishi-plugin-adapter-onebot/lib/index.js:119:11)\n    at process.processTicksAndRejections (node:internal/process/task_queues:95:5)\n    at async _Internal.<computed> [as sendGroupMsg] (/root/lezskabot/koishi/koishi-app/node_modules/koishi-plugin-adapter-onebot/lib/index.js:162:20)\n    at async OneBotMessageEncoder.flush (/root/lezskabot/koishi/koishi-app/node_modules/koishi-plugin-adapter-onebot/lib/index.js:771:338)\n    at async OneBotMessageEncoder.send (/root/lezskabot/koishi/koishi-app/node_modules/@satorijs/core/lib/index.cjs:755:5)\n    at async Proxy.sendMessage (/root/lezskabot/koishi/koishi-app/node_modules/@satorijs/core/lib/index.cjs:487:22)\n    at async /root/lezskabot/koishi/koishi-app/node_modules/@koishijs/core/lib/index.cjs:2051:7\n    at async Proxy.withScope (/root/lezskabot/koishi/koishi-app/node_modules/@koishijs/core/lib/index.cjs:1958:22)\n    at async next (/root/lezskabot/koishi/koishi-app/node_modules/@koishijs/core/lib/index.cjs:827:16)\n    at async next (/root/lezskabot/koishi/koishi-app/node_modules/@koishijs/core/lib/index.cjs:827:16)","timestamp":1778517887991}
{"id":292176,"type":"info","level":2,"name":"抽卡与卡组","meta":{"paths":["lp0hx8"]},"content":"1652933285抽到了一张☆二星★卡，剩余1350P点","timestamp":1778517962949}
{"id":292211,"type":"info","level":2,"name":"抽卡与卡组","meta":{"paths":["lp0hx8"]},"content":"1296434423抽到了一张❀三星☄卡，剩余32919P点","timestamp":1778517976674}
{"id":292247,"type":"info","level":2,"name":"抽卡与卡组","meta":{"paths":["lp0hx8"]},"content":"1652933285抽到了一张☆二星★卡，剩余950P点","timestamp":1778517985229}
{"id":292282,"type":"info","level":2,"name":"抽卡与卡组","meta":{"paths":["lp0hx8"]},"content":"1652933285抽到了一张☆二星★卡，剩余550P点","timestamp":1778518008746}
{"id":292334,"type":"info","level":2,"name":"抽卡与卡组","meta":{"paths":["lp0hx8"]},"content":"1296434423抽到了一张❀三星☄卡，剩余32519P点","timestamp":1778518017990}
{"id":292364,"type":"info","level":2,"name":"抽卡与卡组","meta":{"paths":["lp0hx8"]},"content":"1652933285抽到了一张❀三星☄卡，剩余150P点","timestamp":1778518020039}
{"id":292501,"type":"info","level":2,"name":"抽卡与卡组","meta":{"paths":["lp0hx8"]},"content":"1296434423抽到了一张☆二星★卡，剩余32119P点","timestamp":1778518076217}
{"id":292773,"type":"success","level":1,"name":"签到","meta":{"paths":["lp0hx8"]},"content":"3986092865完成了一次签到！","timestamp":1778518123861}
{"id":292881,"type":"info","level":2,"name":"抽卡与卡组","meta":{"paths":["lp0hx8"]},"content":"3986092865抽到了一张☂FES☃卡，剩余10378P点","timestamp":1778518144682}
{"id":293052,"type":"info","level":2,"name":"抽卡与卡组","meta":{"paths":["lp0hx8"]},"content":"3986092865抽到了一张☂FES☃卡，剩余7978P点","timestamp":1778518179525}
{"id":293181,"type":"info","level":2,"name":"抽卡与卡组","meta":{"paths":["lp0hx8"]},"content":"1012113121抽到了一张☂FES☃卡，剩余4955P点","timestamp":1778518200848}
{"id":293412,"type":"success","level":1,"name":"抽卡与卡组","meta":{"paths":["lp0hx8"]},"content":"1296434423献祭了：3张二星  1张三星  获得1400P点，当前P点数为33519","timestamp":1778518242126}
{"id":293816,"type":"success","level":1,"name":"抽卡与卡组","meta":{"paths":["lp0hx8"]},"content":"1012113121献祭了：4张二星  1张三星  1张四星  获得2880P点，当前P点数为5835","timestamp":1778518348488}
{"id":293916,"type":"success","level":1,"name":"抽卡与卡组","meta":{"paths":["lp0hx8"]},"content":"1296434423献祭了：3张二星  1张三星  获得1400P点，当前P点数为33319","timestamp":1778518373287}
{"id":293990,"type":"success","level":1,"name":"签到","meta":{"paths":["lp0hx8"]},"content":"526076285完成了一次签到！","timestamp":1778518391189}
{"id":294036,"type":"success","level":1,"name":"抽卡与卡组","meta":{"paths":["lp0hx8"]},"content":"1296434423献祭了：3张二星  1张三星  获得1400P点，当前P点数为33119","timestamp":1778518399254}
{"id":294229,"type":"info","level":2,"name":"抽卡与卡组","meta":{"paths":["lp0hx8"]},"content":"1012113121抽到了一张☂FES☃卡，剩余5035P点","timestamp":1778518434811}
{"id":294459,"type":"success","level":1,"name":"抽卡与卡组","meta":{"paths":["lp0hx8"]},"content":"1296434423献祭了：2张二星  2张三星  获得1680P点，当前P点数为33199","timestamp":1778518488010}
{"id":294601,"type":"success","level":1,"name":"抽卡与卡组","meta":{"paths":["lp0hx8"]},"content":"1296434423献祭了：3张二星  1张三星  获得1400P点，当前P点数为32999","timestamp":1778518527404}
{"id":294622,"type":"success","level":1,"name":"签到","meta":{"paths":["lp0hx8"]},"content":"3055983840完成了一次签到！","timestamp":1778518529125}
{"id":294705,"type":"info","level":2,"name":"签到","meta":{"paths":["lp0hx8"]},"content":"1012113121向971217490赠送了500个P点","timestamp":1778518553119}
{"id":294756,"type":"error","level":1,"name":"抽卡与卡组","meta":{"paths":["lp0hx8"]},"content":"1652933285抽卡失败，积分不足","timestamp":1778518558250}
{"id":294763,"type":"info","level":2,"name":"抽卡与卡组","meta":{"paths":["lp0hx8"]},"content":"971217490抽到了一张☆二星★卡，剩余350P点","timestamp":1778518559306}
{"id":294780,"type":"warn","level":2,"name":"session","meta":{},"content":"Error: Error with request send_group_msg, args: {\"group_id\":1091191330,\"message\":[{\"type\":\"text\",\"data\":{\"text\":\"输入要献祭的卡在卡组中的位置，用空格隔开（可献祭3~8张卡）\"}}]}, retcode: 1200\n    at _Internal._get (/root/lezskabot/koishi/koishi-app/node_modules/koishi-plugin-adapter-onebot/lib/index.js:119:11)\n    at process.processTicksAndRejections (node:internal/process/task_queues:95:5)\n    at async _Internal.<computed> [as sendGroupMsg] (/root/lezskabot/koishi/koishi-app/node_modules/koishi-plugin-adapter-onebot/lib/index.js:162:20)\n    at async OneBotMessageEncoder.flush (/root/lezskabot/koishi/koishi-app/node_modules/koishi-plugin-adapter-onebot/lib/index.js:771:338)\n    at async OneBotMessageEncoder.send (/root/lezskabot/koishi/koishi-app/node_modules/@satorijs/core/lib/index.cjs:755:5)\n    at async Proxy.sendMessage (/root/lezskabot/koishi/koishi-app/node_modules/@satorijs/core/lib/index.cjs:487:22)\n    at async _Command.eval (eval at <anonymous> (/root/lezskabot/koishi/koishi-app/node_modules/koishi-plugin-blockly-null/lib/index.js:1:1), <anonymous>:354:11)\n    at async Array.<anonymous> (/root/lezskabot/koishi/koishi-app/node_modules/@koishijs/core/lib/index.cjs:1079:14)\n    at async _Command.execute (/root/lezskabot/koishi/koishi-app/node_modules/@koishijs/core/lib/index.cjs:1093:22)\n    at async /root/lezskabot/koishi/koishi-app/node_modules/@koishijs/core/lib/index.cjs:2049:22","timestamp":1778518562828}
{"id":294824,"type":"warn","level":2,"name":"session","meta":{},"content":"Error: Error with request send_group_msg, args: {\"group_id\":1091191330,\"message\":[{\"type\":\"at\",\"data\":{\"qq\":\"1296434423\"}},{\"type\":\"text\",\"data\":{\"text\":\"你献祭了：\\n1张二星\\n3张三星\\n获得1960P点！\\n当前P点数33359\"}}]}, retcode: 1200\n    at _Internal._get (/root/lezskabot/koishi/koishi-app/node_modules/koishi-plugin-adapter-onebot/lib/index.js:119:11)\n    at process.processTicksAndRejections (node:internal/process/task_queues:95:5)\n    at async _Internal.<computed> [as sendGroupMsg] (/root/lezskabot/koishi/koishi-app/node_modules/koishi-plugin-adapter-onebot/lib/index.js:162:20)\n    at async OneBotMessageEncoder.flush (/root/lezskabot/koishi/koishi-app/node_modules/koishi-plugin-adapter-onebot/lib/index.js:771:338)\n    at async OneBotMessageEncoder.send (/root/lezskabot/koishi/koishi-app/node_modules/@satorijs/core/lib/index.cjs:755:5)\n    at async Proxy.sendMessage (/root/lezskabot/koishi/koishi-app/node_modules/@satorijs/core/lib/index.cjs:487:22)\n    at async _Command.eval (eval at <anonymous> (/root/lezskabot/koishi/koishi-app/node_modules/koishi-plugin-blockly-null/lib/index.js:1:1), <anonymous>:396:17)\n    at async Array.<anonymous> (/root/lezskabot/koishi/koishi-app/node_modules/@koishijs/core/lib/index.cjs:1079:14)\n    at async _Command.execute (/root/lezskabot/koishi/koishi-app/node_modules/@koishijs/core/lib/index.cjs:1093:22)\n    at async /root/lezskabot/koishi/koishi-app/node_modules/@koishijs/core/lib/index.cjs:2049:22","timestamp":1778518573743}
{"id":294826,"type":"success","level":1,"name":"抽卡与卡组","meta":{"paths":["lp0hx8"]},"content":"1296434423献祭了：1张二星  3张三星  获得1960P点，当前P点数为33359","timestamp":1778518573748}
{"id":294883,"type":"info","level":2,"name":"签到","meta":{"paths":["lp0hx8"]},"content":"1012113121向971217490赠送了50个P点","timestamp":1778518583719}
{"id":294961,"type":"info","level":2,"name":"抽卡与卡组","meta":{"paths":["lp0hx8"]},"content":"971217490抽到了一张☆二星★卡，剩余0P点","timestamp":1778518599099}
{"id":295023,"type":"error","level":1,"name":"抽卡与卡组","meta":{"paths":["lp0hx8"]},"content":"3986092865抽卡失败，积分不足","timestamp":1778518620237}
{"id":295059,"type":"info","level":2,"name":"抽卡与卡组","meta":{"paths":["lp0hx8"]},"content":"1296434423抽到了一张☆二星★卡，剩余32959P点","timestamp":1778518625439}
{"id":295073,"type":"error","level":1,"name":"抽卡与卡组","meta":{"paths":["lp0hx8"]},"content":"1652933285抽卡失败，积分不足","timestamp":1778518628521}
{"id":295111,"type":"info","level":2,"name":"抽卡与卡组","meta":{"paths":["lp0hx8"]},"content":"1296434423抽到了一张☆二星★卡，剩余32559P点","timestamp":1778518633523}
{"id":295153,"type":"info","level":2,"name":"抽卡与卡组","meta":{"paths":["lp0hx8"]},"content":"1296434423抽到了一张❀三星☄卡，剩余32159P点","timestamp":1778518639847}
{"id":295198,"type":"info","level":2,"name":"签到","meta":{"paths":["lp0hx8"]},"content":"1652933285向3986092865赠送了22个P点","timestamp":1778518644825}
{"id":295235,"type":"info","level":2,"name":"抽卡与卡组","meta":{"paths":["lp0hx8"]},"content":"3986092865抽到了一张☆二星★卡，剩余0P点","timestamp":1778518651715}
{"id":295294,"type":"info","level":2,"name":"抽卡与卡组","meta":{"paths":["lp0hx8"]},"content":"1296434423抽到了一张☆二星★卡，剩余31759P点","timestamp":1778518666210}
{"id":295332,"type":"success","level":1,"name":"抽卡与卡组","meta":{"paths":["lp0hx8"]},"content":"3986092865献祭了：1张二星  3张四星  获得3880P点，当前P点数为3880","timestamp":1778518674824}
{"id":295343,"type":"success","level":1,"name":"抽卡与卡组","meta":{"paths":["lp0hx8"]},"content":"1296434423献祭了：3张二星  1张三星  获得1400P点，当前P点数为33159","timestamp":1778518676360}
{"id":295367,"type":"info","level":2,"name":"抽卡与卡组","meta":{"paths":["lp0hx8"]},"content":"1296434423抽到了一张☆二星★卡，剩余32759P点","timestamp":1778518681708}
{"id":295387,"type":"warn","level":2,"name":"session","meta":{},"content":"Error: Error with request send_group_msg, args: {\"group_id\":1091191330,\"message\":[{\"type\":\"image\",\"data\":{\"file\":\"/root/lezskabot/cards/1/57.png\",\"cache\":0}},{\"type\":\"at\",\"data\":{\"qq\":\"1296434423\"}},{\"type\":\"text\",\"data\":{\"text\":\"☆二星★\\n你还有32359P点\\n也就是80抽。\\n请仔细阅读“抽卡帮助”！\\n此卡已自动存入你卡组的第5位\"}}]}, retcode: 1200\n    at _Internal._get (/root/lezskabot/koishi/koishi-app/node_modules/koishi-plugin-adapter-onebot/lib/index.js:119:11)\n    at process.processTicksAndRejections (node:internal/process/task_queues:95:5)\n    at async _Internal.<computed> [as sendGroupMsg] (/root/lezskabot/koishi/koishi-app/node_modules/koishi-plugin-adapter-onebot/lib/index.js:162:20)\n    at async OneBotMessageEncoder.flush (/root/lezskabot/koishi/koishi-app/node_modules/koishi-plugin-adapter-onebot/lib/index.js:771:338)\n    at async OneBotMessageEncoder.send (/root/lezskabot/koishi/koishi-app/node_modules/@satorijs/core/lib/index.cjs:755:5)\n    at async Proxy.sendMessage (/root/lezskabot/koishi/koishi-app/node_modules/@satorijs/core/lib/index.cjs:487:22)\n    at async _Command.eval (eval at <anonymous> (/root/lezskabot/koishi/koishi-app/node_modules/koishi-plugin-blockly-null/lib/index.js:1:1), <anonymous>:293:21)\n    at async Array.<anonymous> (/root/lezskabot/koishi/koishi-app/node_modules/@koishijs/core/lib/index.cjs:1079:14)\n    at async _Command.execute (/root/lezskabot/koishi/koishi-app/node_modules/@koishijs/core/lib/index.cjs:1093:22)\n    at async /root/lezskabot/koishi/koishi-app/node_modules/@koishijs/core/lib/index.cjs:2049:22","timestamp":1778518684340}
{"id":295393,"type":"info","level":2,"name":"抽卡与卡组","meta":{"paths":["lp0hx8"]},"content":"1296434423抽到了一张☆二星★卡，剩余32359P点","timestamp":1778518684369}
{"id":295417,"type":"warn","level":2,"name":"session","meta":{},"content":"Error: Error with request send_group_msg, args: {\"group_id\":1091191330,\"message\":[{\"type\":\"text\",\"data\":{\"text\":\"你抽到了：\\n4张二星  \\n一共4张卡\\n已存入你卡组的第1, 2, 5, 6位\\n你还有2280P点\"}}]}, retcode: 1200\n    at _Internal._get (/root/lezskabot/koishi/koishi-app/node_modules/koishi-plugin-adapter-onebot/lib/index.js:119:11)\n    at process.processTicksAndRejections (node:internal/process/task_queues:95:5)\n    at async _Internal.<computed> [as sendGroupMsg] (/root/lezskabot/koishi/koishi-app/node_modules/koishi-plugin-adapter-onebot/lib/index.js:162:20)\n    at async OneBotMessageEncoder.flush (/root/lezskabot/koishi/koishi-app/node_modules/koishi-plugin-adapter-onebot/lib/index.js:771:338)\n    at async OneBotMessageEncoder.send (/root/lezskabot/koishi/koishi-app/node_modules/@satorijs/core/lib/index.cjs:755:5)\n    at async Proxy.sendMessage (/root/lezskabot/koishi/koishi-app/node_modules/@satorijs/core/lib/index.cjs:487:22)\n    at async /root/lezskabot/koishi/koishi-app/node_modules/@koishijs/core/lib/index.cjs:2051:7\n    at async Proxy.withScope (/root/lezskabot/koishi/koishi-app/node_modules/@koishijs/core/lib/index.cjs:1958:22)\n    at async next (/root/lezskabot/koishi/koishi-app/node_modules/@koishijs/core/lib/index.cjs:827:16)\n    at async next (/root/lezskabot/koishi/koishi-app/node_modules/@koishijs/core/lib/index.cjs:827:16)","timestamp":1778518692717}
{"id":295504,"type":"success","level":1,"name":"签到","meta":{"paths":["lp0hx8"]},"content":"2628075910完成了一次签到！","timestamp":1778518712630}
{"id":295571,"type":"success","level":1,"name":"抽卡与卡组","meta":{"paths":["lp0hx8"]},"content":"3986092865献祭了：4张二星  获得1120P点，当前P点数为3400","timestamp":1778518732125}
{"id":295601,"type":"error","level":1,"name":"抽卡与卡组","meta":{"paths":["lp0hx8"]},"content":"1652933285抽卡失败，积分不足","timestamp":1778518738021}
{"id":295734,"type":"success","level":1,"name":"签到","meta":{"paths":["lp0hx8"]},"content":"366837668完成了一次签到！","timestamp":1778518769680}
{"id":295758,"type":"info","level":2,"name":"抽卡与卡组","meta":{"paths":["lp0hx8"]},"content":"1296434423抽到了一张☆二星★卡，剩余31959P点","timestamp":1778518773451}
{"id":295788,"type":"info","level":2,"name":"抽卡与卡组","meta":{"paths":["lp0hx8"]},"content":"1296434423抽到了一张☆二星★卡，剩余31559P点","timestamp":1778518776852}
{"id":295831,"type":"info","level":2,"name":"签到","meta":{"paths":["lp0hx8"]},"content":"已更新366837668的抢劫次数和记录","timestamp":1778518780078}
{"id":295849,"type":"info","level":2,"name":"抽卡与卡组","meta":{"paths":["lp0hx8"]},"content":"1296434423抽到了一张☆二星★卡，剩余31159P点","timestamp":1778518780604}
{"id":295851,"type":"success","level":1,"name":"签到","meta":{"paths":["lp0hx8"]},"content":"366837668抢劫2628075910失败！失去了279P点！","timestamp":1778518780657}
{"id":295852,"type":"info","level":2,"name":"签到","meta":{"paths":["lp0hx8"]},"content":"366837668今天的抢劫记录为-279   |    剩余抢劫次数为2","timestamp":1778518780658}
{"id":295863,"type":"success","level":1,"name":"抽卡与卡组","meta":{"paths":["lp0hx8"]},"content":"3986092865献祭了：4张二星  获得1120P点，当前P点数为2920","timestamp":1778518782286}
{"id":295891,"type":"success","level":1,"name":"抽卡与卡组","meta":{"paths":["lp0hx8"]},"content":"1296434423献祭了：4张二星  获得1120P点，当前P点数为32279","timestamp":1778518787609}
{"id":295923,"type":"success","level":1,"name":"签到","meta":{"paths":["lp0hx8"]},"content":"366837668抢了2628075910的238P点！","timestamp":1778518790537}
{"id":295924,"type":"info","level":2,"name":"签到","meta":{"paths":["lp0hx8"]},"content":"366837668今天的抢劫记录为-41   |    剩余抢劫次数为1","timestamp":1778518790538}
{"id":295949,"type":"info","level":2,"name":"抽卡与卡组","meta":{"paths":["lp0hx8"]},"content":"1296434423抽到了一张☆二星★卡，剩余31879P点","timestamp":1778518796138}
{"id":296018,"type":"info","level":2,"name":"抽卡与卡组","meta":{"paths":["lp0hx8"]},"content":"1296434423抽到了一张☆二星★卡，剩余31479P点","timestamp":1778518800475}
{"id":296046,"type":"success","level":1,"name":"签到","meta":{"paths":["lp0hx8"]},"content":"366837668抢劫2628075910失败！失去了171P点！","timestamp":1778518801783}
{"id":296047,"type":"info","level":2,"name":"签到","meta":{"paths":["lp0hx8"]},"content":"366837668今天的抢劫记录为-212   |    剩余抢劫次数为0","timestamp":1778518801784}
{"id":296072,"type":"info","level":2,"name":"抽卡与卡组","meta":{"paths":["lp0hx8"]},"content":"1296434423抽到了一张☆二星★卡，剩余31079P点","timestamp":1778518805911}
{"id":296091,"type":"warn","level":2,"name":"session","meta":{},"content":"Error: Error with request send_group_msg, args: {\"group_id\":1091191330,\"message\":[{\"type\":\"image\",\"data\":{\"file\":\"/root/lezskabot/cards/1/95.png\",\"cache\":0}},{\"type\":\"at\",\"data\":{\"qq\":\"1296434423\"}},{\"type\":\"text\",\"data\":{\"text\":\"☆二星★\\n你还有30679P点\\n也就是76抽。\\n请仔细阅读“抽卡帮助”！\\n此卡已自动存入你卡组的第7位\"}}]}, retcode: 1200\n    at _Internal._get (/root/lezskabot/koishi/koishi-app/node_modules/koishi-plugin-adapter-onebot/lib/index.js:119:11)\n    at process.processTicksAndRejections (node:internal/process/task_queues:95:5)\n    at async _Internal.<computed> [as sendGroupMsg] (/root/lezskabot/koishi/koishi-app/node_modules/koishi-plugin-adapter-onebot/lib/index.js:162:20)\n    at async OneBotMessageEncoder.flush (/root/lezskabot/koishi/koishi-app/node_modules/koishi-plugin-adapter-onebot/lib/index.js:771:338)\n    at async OneBotMessageEncoder.send (/root/lezskabot/koishi/koishi-app/node_modules/@satorijs/core/lib/index.cjs:755:5)\n    at async Proxy.sendMessage (/root/lezskabot/koishi/koishi-app/node_modules/@satorijs/core/lib/index.cjs:487:22)\n    at async _Command.eval (eval at <anonymous> (/root/lezskabot/koishi/koishi-app/node_modules/koishi-plugin-blockly-null/lib/index.js:1:1), <anonymous>:293:21)\n    at async Array.<anonymous> (/root/lezskabot/koishi/koishi-app/node_modules/@koishijs/core/lib/index.cjs:1079:14)\n    at async _Command.execute (/root/lezskabot/koishi/koishi-app/node_modules/@koishijs/core/lib/index.cjs:1093:22)\n    at async /root/lezskabot/koishi/koishi-app/node_modules/@koishijs/core/lib/index.cjs:2049:22","timestamp":1778518808580}
{"id":296097,"type":"info","level":2,"name":"抽卡与卡组","meta":{"paths":["lp0hx8"]},"content":"1296434423抽到了一张☆二星★卡，剩余30679P点","timestamp":1778518808598}
{"id":296127,"type":"warn","level":2,"name":"session","meta":{},"content":"Error: Error with request send_group_msg, args: {\"group_id\":1091191330,\"message\":[{\"type\":\"text\",\"data\":{\"text\":\"你抽到了：\\n2张二星  \\n2张三星  \\n一共4张卡\\n已存入你卡组的第1, 2, 5, 6位\\n你还有1320P点\"}}]}, retcode: 1200\n    at _Internal._get (/root/lezskabot/koishi/koishi-app/node_modules/koishi-plugin-adapter-onebot/lib/index.js:119:11)\n    at process.processTicksAndRejections (node:internal/process/task_queues:95:5)\n    at async _Internal.<computed> [as sendGroupMsg] (/root/lezskabot/koishi/koishi-app/node_modules/koishi-plugin-adapter-onebot/lib/index.js:162:20)\n    at async OneBotMessageEncoder.flush (/root/lezskabot/koishi/koishi-app/node_modules/koishi-plugin-adapter-onebot/lib/index.js:771:338)\n    at async OneBotMessageEncoder.send (/root/lezskabot/koishi/koishi-app/node_modules/@satorijs/core/lib/index.cjs:755:5)\n    at async Proxy.sendMessage (/root/lezskabot/koishi/koishi-app/node_modules/@satorijs/core/lib/index.cjs:487:22)\n    at async /root/lezskabot/koishi/koishi-app/node_modules/@koishijs/core/lib/index.cjs:2051:7\n    at async Proxy.withScope (/root/lezskabot/koishi/koishi-app/node_modules/@koishijs/core/lib/index.cjs:1958:22)\n    at async next (/root/lezskabot/koishi/koishi-app/node_modules/@koishijs/core/lib/index.cjs:827:16)\n    at async next (/root/lezskabot/koishi/koishi-app/node_modules/@koishijs/core/lib/index.cjs:827:16)","timestamp":1778518812579}
{"id":296194,"type":"warn","level":2,"name":"session","meta":{},"content":"Error: Error with request send_group_msg, args: {\"group_id\":1091191330,\"message\":[{\"type\":\"image\",\"data\":{\"file\":\"/root/lezskabot/cards/1/99.png\",\"cache\":0}},{\"type\":\"at\",\"data\":{\"qq\":\"1296434423\"}},{\"type\":\"text\",\"data\":{\"text\":\"☆二星★\\n此卡在你手中，请手动加入卡组\\n你还有30279P点\\n也就是75抽。\\n请仔细阅读“抽卡帮助”！\"}}]}, retcode: 1200\n    at _Internal._get (/root/lezskabot/koishi/koishi-app/node_modules/koishi-plugin-adapter-onebot/lib/index.js:119:11)\n    at process.processTicksAndRejections (node:internal/process/task_queues:95:5)\n    at async _Internal.<computed> [as sendGroupMsg] (/root/lezskabot/koishi/koishi-app/node_modules/koishi-plugin-adapter-onebot/lib/index.js:162:20)\n    at async OneBotMessageEncoder.flush (/root/lezskabot/koishi/koishi-app/node_modules/koishi-plugin-adapter-onebot/lib/index.js:771:338)\n    at async OneBotMessageEncoder.send (/root/lezskabot/koishi/koishi-app/node_modules/@satorijs/core/lib/index.cjs:755:5)\n    at async Proxy.sendMessage (/root/lezskabot/koishi/koishi-app/node_modules/@satorijs/core/lib/index.cjs:487:22)\n    at async _Command.eval (eval at <anonymous> (/root/lezskabot/koishi/koishi-app/node_modules/koishi-plugin-blockly-null/lib/index.js:1:1), <anonymous>:302:15)\n    at async Array.<anonymous> (/root/lezskabot/koishi/koishi-app/node_modules/@koishijs/core/lib/index.cjs:1079:14)\n    at async _Command.execute (/root/lezskabot/koishi/koishi-app/node_modules/@koishijs/core/lib/index.cjs:1093:22)\n    at async /root/lezskabot/koishi/koishi-app/node_modules/@koishijs/core/lib/index.cjs:2049:22","timestamp":1778518830779}
{"id":296196,"type":"info","level":2,"name":"抽卡与卡组","meta":{"paths":["lp0hx8"]},"content":"1296434423抽到了一张☆二星★卡，剩余30279P点","timestamp":1778518830790}
{"id":296221,"type":"error","level":1,"name":"抽卡与卡组","meta":{"paths":["lp0hx8"]},"content":"1652933285抽卡失败，积分不足","timestamp":1778518844124}
{"id":296280,"type":"success","level":1,"name":"抽卡与卡组","meta":{"paths":["lp0hx8"]},"content":"1296434423献祭了：3张二星  获得840P点，当前P点数为31119","timestamp":1778518864889}
{"id":296303,"type":"success","level":1,"name":"签到","meta":{"paths":["lp0hx8"]},"content":"2186790348完成了一次签到！","timestamp":1778518876392}
{"id":296367,"type":"info","level":2,"name":"签到","meta":{"paths":["lp0hx8"]},"content":"已更新2186790348的抢劫次数和记录","timestamp":1778518904196}
{"id":296388,"type":"success","level":1,"name":"签到","meta":{"paths":["lp0hx8"]},"content":"2186790348抢了2628075910的67P点！","timestamp":1778518904778}
{"id":296389,"type":"info","level":2,"name":"签到","meta":{"paths":["lp0hx8"]},"content":"2186790348今天的抢劫记录为67   |    剩余抢劫次数为2","timestamp":1778518904779}
{"id":296400,"type":"success","level":1,"name":"抽卡与卡组","meta":{"paths":["lp0hx8"]},"content":"1296434423献祭了：4张二星  获得1120P点，当前P点数为31039","timestamp":1778518905712}
{"id":296528,"type":"success","level":1,"name":"抽卡与卡组","meta":{"paths":["lp0hx8"]},"content":"1296434423献祭了：1张二星  3张三星  获得1960P点，当前P点数为31399","timestamp":1778518958664}
{"id":296672,"type":"success","level":1,"name":"抽卡与卡组","meta":{"paths":["lp0hx8"]},"content":"1296434423献祭了：3张二星  1张三星  获得1400P点，当前P点数为31199","timestamp":1778519047866}
{"id":296719,"type":"info","level":2,"name":"签到","meta":{"paths":["lp0hx8"]},"content":"1012113121向1652933285赠送了378个P点","timestamp":1778519068740}
{"id":296756,"type":"info","level":2,"name":"抽卡与卡组","meta":{"paths":["lp0hx8"]},"content":"1652933285抽到了一张☆二星★卡，剩余106P点","timestamp":1778519079885}
{"id":296909,"type":"info","level":2,"name":"抽卡与卡组","meta":{"paths":["lp0hx8"]},"content":"1296434423抽到了一张❀三星☄卡，剩余30799P点","timestamp":1778519123667}
{"id":297022,"type":"info","level":2,"name":"签到","meta":{"paths":["lp0hx8"]},"content":"1012113121向956937232赠送了400个P点","timestamp":1778519142262}
{"id":297101,"type":"info","level":2,"name":"抽卡与卡组","meta":{"paths":["lp0hx8"]},"content":"956937232抽到了一张☆二星★卡，剩余330P点","timestamp":1778519163955}
{"id":297157,"type":"info","level":2,"name":"抽卡与卡组","meta":{"paths":["lp0hx8"]},"content":"1296434423抽到了一张❀三星☄卡，剩余30399P点","timestamp":1778519180122}
{"id":297193,"type":"info","level":2,"name":"抽卡与卡组","meta":{"paths":["lp0hx8"]},"content":"1296434423抽到了一张☆二星★卡，剩余29999P点","timestamp":1778519189408}
{"id":297217,"type":"info","level":2,"name":"抽卡与卡组","meta":{"paths":["lp0hx8"]},"content":"1296434423抽到了一张☆二星★卡，剩余29599P点","timestamp":1778519192983}
{"id":297238,"type":"success","level":1,"name":"抽卡与卡组","meta":{"paths":["lp0hx8"]},"content":"1296434423献祭了：2张二星  2张三星  获得1680P点，当前P点数为31279","timestamp":1778519203111}
{"id":297292,"type":"info","level":2,"name":"签到","meta":{"paths":["lp0hx8"]},"content":"1652933285向956937232赠送了1个P点","timestamp":1778519217908}
{"id":297344,"type":"info","level":2,"name":"签到","meta":{"paths":["lp0hx8"]},"content":"956937232向1012113121赠送了293个P点","timestamp":1778519236980}
{"id":297366,"type":"info","level":2,"name":"签到","meta":{"paths":["lp0hx8"]},"content":"已更新1950232183的抢劫次数和记录","timestamp":1778519245849}
{"id":297441,"type":"warn","level":2,"name":"command","meta":{},"content":"抢p点 \nTypeError: Cannot read properties of undefined (reading 'attrs')\n    at _Command.eval (eval at <anonymous> (/root/lezskabot/koishi/koishi-app/node_modules/koishi-plugin-blockly-null/lib/index.js:1:1), <anonymous>:229:93)\n    at Array.<anonymous> (/root/lezskabot/koishi/koishi-app/node_modules/@koishijs/core/lib/index.cjs:1079:27)\n    at argv.next (/root/lezskabot/koishi/koishi-app/node_modules/@koishijs/core/lib/index.cjs:1090:30)\n    at _Command.execute (/root/lezskabot/koishi/koishi-app/node_modules/@koishijs/core/lib/index.cjs:1093:33)\n    at process.processTicksAndRejections (node:internal/process/task_queues:95:5)\n    at async /root/lezskabot/koishi/koishi-app/node_modules/@koishijs/core/lib/index.cjs:2049:22\n    at async Proxy.withScope (/root/lezskabot/koishi/koishi-app/node_modules/@koishijs/core/lib/index.cjs:1958:22)\n    at async next (/root/lezskabot/koishi/koishi-app/node_modules/@koishijs/core/lib/index.cjs:827:16)\n    at async next (/root/lezskabot/koishi/koishi-app/node_modules/@koishijs/core/lib/index.cjs:827:16)\n    at async next (/root/lezskabot/koishi/koishi-app/node_modules/@koishijs/core/lib/index.cjs:827:16)","timestamp":1778519266150}
{"id":297498,"type":"success","level":1,"name":"签到","meta":{"paths":["lp0hx8"]},"content":"1652933285抢了1950232183的199P点！","timestamp":1778519276428}
{"id":297499,"type":"info","level":2,"name":"签到","meta":{"paths":["lp0hx8"]},"content":"1652933285今天的抢劫记录为167   |    剩余抢劫次数为1","timestamp":1778519276429}
{"id":297565,"type":"info","level":2,"name":"抽卡与卡组","meta":{"paths":["lp0hx8"]},"content":"1296434423抽到了一张❀三星☄卡，剩余30879P点","timestamp":1778519293268}
{"id":297623,"type":"success","level":1,"name":"签到","meta":{"paths":["lp0hx8"]},"content":"1950232183抢劫1652933285失败！失去了23P点！","timestamp":1778519294897}
{"id":297624,"type":"info","level":2,"name":"签到","meta":{"paths":["lp0hx8"]},"content":"1950232183今天的抢劫记录为-812   |    剩余抢劫次数为2","timestamp":1778519294898}
{"id":297626,"type":"success","level":1,"name":"签到","meta":{"paths":["lp0hx8"]},"content":"1652933285抢了1950232183的436P点！","timestamp":1778519294958}
{"id":297627,"type":"info","level":2,"name":"签到","meta":{"paths":["lp0hx8"]},"content":"1652933285今天的抢劫记录为603   |    剩余抢劫次数为0","timestamp":1778519294958}
{"id":297715,"type":"info","level":2,"name":"签到","meta":{"paths":["lp0hx8"]},"content":"1652933285向1950232183赠送了340个P点","timestamp":1778519312419}
{"id":297768,"type":"info","level":2,"name":"抽卡与卡组","meta":{"paths":["lp0hx8"]},"content":"1950232183抽到了一张☆二星★卡，剩余71P点","timestamp":1778519325287}
{"id":297792,"type":"error","level":1,"name":"抽卡与卡组","meta":{"paths":["lp0hx8"]},"content":"1950232183抽卡失败，积分不足","timestamp":1778519340098}
{"id":297813,"type":"success","level":1,"name":"抽卡与卡组","meta":{"paths":["lp0hx8"]},"content":"1652933285献祭了：5张二星  1张三星  获得1960P点，当前P点数为1960","timestamp":1778519343512}
{"id":297962,"type":"success","level":1,"name":"抽卡与卡组","meta":{"paths":["lp0hx8"]},"content":"1296434423献祭了：1张二星  2张三星  获得1400P点，当前P点数为31079","timestamp":1778519404081}
{"id":298031,"type":"info","level":2,"name":"抽卡与卡组","meta":{"paths":["lp0hx8"]},"content":"1296434423抽到了一张❀三星☄卡，剩余30679P点","timestamp":1778519433858}
{"id":298091,"type":"info","level":2,"name":"签到","meta":{"paths":["lp0hx8"]},"content":"1652933285向956937232赠送了360个P点","timestamp":1778519444977}
{"id":298103,"type":"error","level":1,"name":"抽卡与卡组","meta":{"paths":["lp0hx8"]},"content":"1012113121抽卡失败，积分不足","timestamp":1778519455573}
{"id":298141,"type":"error","level":1,"name":"签到","meta":{"paths":["lp0hx8"]},"content":"1012113121签到失败！原因：该用户已经签到","timestamp":1778519464111}
{"id":298192,"type":"info","level":2,"name":"抽卡与卡组","meta":{"paths":["lp0hx8"]},"content":"1296434423抽到了一张☆二星★卡，剩余30279P点","timestamp":1778519474747}
{"id":298224,"type":"info","level":2,"name":"抽卡与卡组","meta":{"paths":["lp0hx8"]},"content":"1296434423抽到了一张❀三星☄卡，剩余29879P点","timestamp":1778519481786}
{"id":298280,"type":"success","level":1,"name":"签到","meta":{"paths":["lp0hx8"]},"content":"1950232183抢了956937232的280P点！","timestamp":1778519512919}
{"id":298281,"type":"info","level":2,"name":"签到","meta":{"paths":["lp0hx8"]},"content":"1950232183今天的抢劫记录为-1099   |    剩余抢劫次数为1","timestamp":1778519512924}
{"id":298335,"type":"info","level":2,"name":"签到","meta":{"paths":["lp0hx8"]},"content":"已更新1012113121的抢劫次数和记录","timestamp":1778519546115}
{"id":298382,"type":"success","level":1,"name":"签到","meta":{"paths":["lp0hx8"]},"content":"1950232183抢劫956937232失败！失去了230P点！","timestamp":1778519558257}
{"id":298383,"type":"info","level":2,"name":"签到","meta":{"paths":["lp0hx8"]},"content":"1950232183今天的抢劫记录为-1329   |    剩余抢劫次数为0","timestamp":1778519558258}
{"id":298436,"type":"error","level":1,"name":"签到","meta":{"paths":["lp0hx8"]},"content":"1950232183抢劫失败！该用户今天抢劫次数已用完","timestamp":1778519578314}
{"id":298520,"type":"success","level":1,"name":"签到","meta":{"paths":["lp0hx8"]},"content":"1012113121抢了956937232的203P点！","timestamp":1778519590509}
{"id":298521,"type":"info","level":2,"name":"签到","meta":{"paths":["lp0hx8"]},"content":"1012113121今天的抢劫记录为118   |    剩余抢劫次数为0","timestamp":1778519590510}
{"id":298533,"type":"success","level":1,"name":"抽卡与卡组","meta":{"paths":["lp0hx8"]},"content":"1296434423献祭了：1张二星  2张三星  获得1400P点，当前P点数为31279","timestamp":1778519594271}
{"id":298585,"type":"info","level":2,"name":"抽卡与卡组","meta":{"paths":["lp0hx8"]},"content":"1296434423抽到了一张☆二星★卡，剩余30879P点","timestamp":1778519609476}
{"id":298630,"type":"info","level":2,"name":"抽卡与卡组","meta":{"paths":["lp0hx8"]},"content":"1296434423抽到了一张❀三星☄卡，剩余30479P点","timestamp":1778519627562}
{"id":298670,"type":"info","level":2,"name":"抽卡与卡组","meta":{"paths":["lp0hx8"]},"content":"1296434423抽到了一张☆二星★卡，剩余30079P点","timestamp":1778519635219}
{"id":298719,"type":"success","level":1,"name":"抽卡与卡组","meta":{"paths":["lp0hx8"]},"content":"1296434423献祭了：2张二星  1张三星  获得1120P点，当前P点数为31199","timestamp":1778519653464}
{"id":298775,"type":"info","level":2,"name":"抽卡与卡组","meta":{"paths":["lp0hx8"]},"content":"1296434423抽到了一张☆二星★卡，剩余30799P点","timestamp":1778519672686}
{"id":298799,"type":"info","level":2,"name":"抽卡与卡组","meta":{"paths":["lp0hx8"]},"content":"1296434423抽到了一张☆二星★卡，剩余30399P点","timestamp":1778519676371}
{"id":298823,"type":"info","level":2,"name":"抽卡与卡组","meta":{"paths":["lp0hx8"]},"content":"1296434423抽到了一张❀三星☄卡，剩余29999P点","timestamp":1778519679874}
{"id":298860,"type":"success","level":1,"name":"抽卡与卡组","meta":{"paths":["lp0hx8"]},"content":"1296434423献祭了：2张二星  1张三星  获得1120P点，当前P点数为31119","timestamp":1778519694975}
{"id":298962,"type":"success","level":1,"name":"抽卡与卡组","meta":{"paths":["lp0hx8"]},"content":"1296434423献祭了：2张二星  1张三星  获得1120P点，当前P点数为31039","timestamp":1778519731048}
{"id":299055,"type":"success","level":1,"name":"抽卡与卡组","meta":{"paths":["lp0hx8"]},"content":"1296434423献祭了：2张二星  1张三星  获得1120P点，当前P点数为30959","timestamp":1778519782157}
{"id":299114,"type":"success","level":1,"name":"抽卡与卡组","meta":{"paths":["lp0hx8"]},"content":"1296434423献祭了：2张二星  1张三星  获得1120P点，当前P点数为30879","timestamp":1778519810106}
{"id":299175,"type":"info","level":2,"name":"抽卡与卡组","meta":{"paths":["lp0hx8"]},"content":"1296434423抽到了一张☆二星★卡，剩余30479P点","timestamp":1778519844267}
{"id":299206,"type":"info","level":2,"name":"抽卡与卡组","meta":{"paths":["lp0hx8"]},"content":"1296434423抽到了一张☆二星★卡，剩余30079P点","timestamp":1778519847953}
{"id":299230,"type":"info","level":2,"name":"抽卡与卡组","meta":{"paths":["lp0hx8"]},"content":"1296434423抽到了一张❀三星☄卡，剩余29679P点","timestamp":1778519856114}
{"id":299267,"type":"success","level":1,"name":"抽卡与卡组","meta":{"paths":["lp0hx8"]},"content":"1296434423献祭了：2张二星  1张三星  获得1120P点，当前P点数为30799","timestamp":1778519894793}
{"id":299360,"type":"success","level":1,"name":"抽卡与卡组","meta":{"paths":["lp0hx8"]},"content":"1296434423献祭了：3张二星  获得840P点，当前P点数为30439","timestamp":1778519952225}
{"id":304316,"type":"info","level":2,"name":"签到","meta":{"paths":["lp0hx8"]},"content":"已更新2628075910的抢劫次数和记录","timestamp":1778521901920}
{"id":304337,"type":"success","level":1,"name":"签到","meta":{"paths":["lp0hx8"]},"content":"2628075910抢了2186790348的455P点！","timestamp":1778521902509}
{"id":304338,"type":"info","level":2,"name":"签到","meta":{"paths":["lp0hx8"]},"content":"2628075910今天的抢劫记录为455   |    剩余抢劫次数为2","timestamp":1778521902511}
{"id":313046,"type":"success","level":1,"name":"签到","meta":{"paths":["lp0hx8"]},"content":"2858787094完成了一次签到！","timestamp":1778537153938}
{"id":313088,"type":"info","level":2,"name":"抽卡与卡组","meta":{"paths":["lp0hx8"]},"content":"2858787094抽到了一张❀三星☄卡，剩余4589P点","timestamp":1778537195782}
{"id":313138,"type":"info","level":2,"name":"抽卡与卡组","meta":{"paths":["lp0hx8"]},"content":"2858787094抽到了一张❀三星☄卡，剩余4189P点","timestamp":1778537225788}
{"id":313156,"type":"info","level":2,"name":"抽卡与卡组","meta":{"paths":["lp0hx8"]},"content":"2858787094抽到了一张❀三星☄卡，剩余3789P点","timestamp":1778537231964}
{"id":313173,"type":"info","level":2,"name":"抽卡与卡组","meta":{"paths":["lp0hx8"]},"content":"2858787094抽到了一张☆二星★卡，剩余3389P点","timestamp":1778537242574}
{"id":313190,"type":"info","level":2,"name":"抽卡与卡组","meta":{"paths":["lp0hx8"]},"content":"2858787094抽到了一张☆二星★卡，剩余2989P点","timestamp":1778537246301}
{"id":313207,"type":"info","level":2,"name":"抽卡与卡组","meta":{"paths":["lp0hx8"]},"content":"2858787094抽到了一张☆二星★卡，剩余2589P点","timestamp":1778537250028}
{"id":313224,"type":"info","level":2,"name":"抽卡与卡组","meta":{"paths":["lp0hx8"]},"content":"2858787094抽到了一张❀三星☄卡，剩余2189P点","timestamp":1778537252349}
{"id":313241,"type":"info","level":2,"name":"抽卡与卡组","meta":{"paths":["lp0hx8"]},"content":"2858787094抽到了一张❀三星☄卡，剩余1789P点","timestamp":1778537259855}
{"id":313258,"type":"info","level":2,"name":"抽卡与卡组","meta":{"paths":["lp0hx8"]},"content":"2858787094抽到了一张❀三星☄卡，剩余1389P点","timestamp":1778537263778}
{"id":313275,"type":"info","level":2,"name":"抽卡与卡组","meta":{"paths":["lp0hx8"]},"content":"2858787094抽到了一张❀三星☄卡，剩余989P点","timestamp":1778537269787}
{"id":313292,"type":"info","level":2,"name":"抽卡与卡组","meta":{"paths":["lp0hx8"]},"content":"2858787094抽到了一张☆二星★卡，剩余589P点","timestamp":1778537273698}
{"id":313309,"type":"info","level":2,"name":"抽卡与卡组","meta":{"paths":["lp0hx8"]},"content":"2858787094抽到了一张☆二星★卡，剩余189P点","timestamp":1778537276663}
{"id":313382,"type":"success","level":1,"name":"签到","meta":{"paths":["lp0hx8"]},"content":"1963408278完成了一次签到！","timestamp":1778537731141}
{"id":313483,"type":"success","level":1,"name":"签到","meta":{"paths":["lp0hx8"]},"content":"3568930598完成了一次签到！","timestamp":1778538248348}
{"id":313922,"type":"success","level":1,"name":"签到","meta":{"paths":["lp0hx8"]},"content":"2513983517完成了一次签到！","timestamp":1778541169751}
{"id":313995,"type":"success","level":1,"name":"签到","meta":{"paths":["lp0hx8"]},"content":"1593772699完成了一次签到！","timestamp":1778541629090}
{"id":314173,"type":"success","level":1,"name":"签到","meta":{"paths":["lp0hx8"]},"content":"3534850564完成了一次签到！","timestamp":1778541998402}
{"id":314216,"type":"success","level":1,"name":"签到","meta":{"paths":["lp0hx8"]},"content":"3903949840完成了一次签到！","timestamp":1778542097200}
{"id":314971,"type":"success","level":1,"name":"签到","meta":{"paths":["lp0hx8"]},"content":"3663735613完成了一次签到！","timestamp":1778543762852}
{"id":315048,"type":"success","level":1,"name":"签到","meta":{"paths":["lp0hx8"]},"content":"3227833184完成了一次签到！","timestamp":1778543818133}
