{"id":1,"type":"info","level":2,"name":"app","meta":{},"content":"\u001b[38;5;15;1mKoishi/4.18.10\u001b[0m","timestamp":1778893456930}
{"id":2,"type":"info","level":2,"name":"loader","meta":{"paths":[]},"content":"apply plugin \u001b[38;5;45mgroup:entry\u001b[0m","timestamp":1778893457118}
{"id":3,"type":"info","level":2,"name":"loader","meta":{"paths":[]},"content":"apply plugin \u001b[38;5;45mgroup:server\u001b[0m","timestamp":1778893457120}
{"id":4,"type":"info","level":2,"name":"loader","meta":{"paths":[]},"content":"apply plugin \u001b[38;5;45mserver:iyvqw3\u001b[0m","timestamp":1778893457122}
{"id":5,"type":"info","level":2,"name":"loader","meta":{"paths":[]},"content":"apply plugin \u001b[38;5;45mgroup:basic\u001b[0m","timestamp":1778893458009}
{"id":6,"type":"info","level":2,"name":"loader","meta":{"paths":[]},"content":"apply plugin \u001b[38;5;45madmin:yfr8w8\u001b[0m","timestamp":1778893458011}
{"id":7,"type":"info","level":2,"name":"loader","meta":{"paths":[]},"content":"apply plugin \u001b[38;5;45mcommands:liuq4c\u001b[0m","timestamp":1778893458017}
{"id":8,"type":"info","level":2,"name":"loader","meta":{"paths":[]},"content":"apply plugin \u001b[38;5;45mhelp:fakvkp\u001b[0m","timestamp":1778893458024}
{"id":9,"type":"info","level":2,"name":"loader","meta":{"paths":[]},"content":"apply plugin \u001b[38;5;45mhttp:7ka2ck\u001b[0m","timestamp":1778893458030}
{"id":10,"type":"info","level":2,"name":"loader","meta":{"paths":[]},"content":"apply plugin \u001b[38;5;45mlocales:dhqsqe\u001b[0m","timestamp":1778893458033}
{"id":11,"type":"info","level":2,"name":"loader","meta":{"paths":[]},"content":"apply plugin \u001b[38;5;45mproxy-agent:594rku\u001b[0m","timestamp":1778893458040}
{"id":12,"type":"info","level":2,"name":"loader","meta":{"paths":[]},"content":"apply plugin \u001b[38;5;45mrate-limit:jeszun\u001b[0m","timestamp":1778893458819}
{"id":13,"type":"info","level":2,"name":"loader","meta":{"paths":[]},"content":"apply plugin \u001b[38;5;45mtelemetry:eob9t0\u001b[0m","timestamp":1778893458826}
{"id":14,"type":"info","level":2,"name":"loader","meta":{"paths":[]},"content":"apply plugin \u001b[38;5;45mgroup:console\u001b[0m","timestamp":1778893458941}
{"id":15,"type":"info","level":2,"name":"loader","meta":{"paths":[]},"content":"apply plugin \u001b[38;5;45mactions:2y6lej\u001b[0m","timestamp":1778893459006}
{"id":16,"type":"info","level":2,"name":"loader","meta":{"paths":[]},"content":"apply plugin \u001b[38;5;45manalytics:wynivs\u001b[0m","timestamp":1778893459012}
{"id":17,"type":"info","level":2,"name":"loader","meta":{"paths":[]},"content":"apply plugin \u001b[38;5;45mauth:c9brgm\u001b[0m","timestamp":1778893459024}
{"id":18,"type":"info","level":2,"name":"loader","meta":{"paths":[]},"content":"apply plugin \u001b[38;5;45mconfig:ez1tt3\u001b[0m","timestamp":1778893459109}
{"id":19,"type":"info","level":2,"name":"loader","meta":{"paths":[]},"content":"apply plugin \u001b[38;5;45mconsole:y6kw4v\u001b[0m","timestamp":1778893459237}
{"id":20,"type":"info","level":2,"name":"loader","meta":{"paths":[]},"content":"apply plugin \u001b[38;5;45mdataview:kh0qqb\u001b[0m","timestamp":1778893459335}
{"id":21,"type":"info","level":2,"name":"loader","meta":{"paths":[]},"content":"apply plugin \u001b[38;5;45mlogger:3oafoi\u001b[0m","timestamp":1778893459345}
{"id":22,"type":"info","level":2,"name":"loader","meta":{"paths":[]},"content":"apply plugin \u001b[38;5;45mmarket:rb9ss1\u001b[0m","timestamp":1778893459408}
{"id":23,"type":"info","level":2,"name":"loader","meta":{"paths":[]},"content":"apply plugin \u001b[38;5;45mnotifier:hqhrom\u001b[0m","timestamp":1778893459538}
{"id":24,"type":"info","level":2,"name":"loader","meta":{"paths":[]},"content":"apply plugin \u001b[38;5;45moobe:gedmxh\u001b[0m","timestamp":1778893459541}
{"id":25,"type":"info","level":2,"name":"loader","meta":{"paths":[]},"content":"apply plugin \u001b[38;5;45mstatus:rjhdf0\u001b[0m","timestamp":1778893459544}
{"id":26,"type":"info","level":2,"name":"loader","meta":{"paths":[]},"content":"apply plugin \u001b[38;5;45mtheme-vanilla:xph3ej\u001b[0m","timestamp":1778893459732}
{"id":27,"type":"info","level":2,"name":"loader","meta":{"paths":[]},"content":"apply plugin \u001b[38;5;45mgroup:storage\u001b[0m","timestamp":1778893459738}
{"id":28,"type":"info","level":2,"name":"loader","meta":{"paths":[]},"content":"apply plugin \u001b[38;5;45mdatabase-sqlite:trh0pf\u001b[0m","timestamp":1778893459740}
{"id":29,"type":"info","level":2,"name":"loader","meta":{"paths":[]},"content":"apply plugin \u001b[38;5;45massets-local:ffai0c\u001b[0m","timestamp":1778893459823}
{"id":30,"type":"info","level":2,"name":"loader","meta":{"paths":[]},"content":"apply plugin \u001b[38;5;45mgroup:adapter\u001b[0m","timestamp":1778893459832}
{"id":31,"type":"info","level":2,"name":"loader","meta":{"paths":[]},"content":"apply plugin \u001b[38;5;45manti-space:fk2qty\u001b[0m","timestamp":1778893459834}
{"id":32,"type":"info","level":2,"name":"loader","meta":{"paths":[]},"content":"apply plugin \u001b[38;5;45mblockly-null:lp0hx8\u001b[0m","timestamp":1778893459906}
{"id":33,"type":"info","level":2,"name":"loader","meta":{"paths":[]},"content":"apply plugin \u001b[38;5;45mpuppeteer:noenkr\u001b[0m","timestamp":1778893459932}
{"id":34,"type":"info","level":2,"name":"loader","meta":{"paths":[]},"content":"apply plugin \u001b[38;5;45madapter-onebot:wqmw9x\u001b[0m","timestamp":1778893461132}
{"id":35,"type":"info","level":2,"name":"loader","meta":{"paths":[]},"content":"apply plugin \u001b[38;5;45mmenu:mulwf1\u001b[0m","timestamp":1778893461233}
{"id":36,"type":"info","level":2,"name":"loader","meta":{"paths":[]},"content":"apply plugin \u001b[38;5;45mrizgame-guess-letters:2xa68a\u001b[0m","timestamp":1778893461241}
{"id":37,"type":"info","level":2,"name":"loader","meta":{"paths":[]},"content":"apply plugin \u001b[38;5;45msayo-roll:oibvy4\u001b[0m","timestamp":1778893461309}
{"id":38,"type":"info","level":2,"name":"loader","meta":{"paths":[]},"content":"apply plugin \u001b[38;5;45mre-driftbottle:ptodv9\u001b[0m","timestamp":1778893461312}
{"id":39,"type":"info","level":2,"name":"loader","meta":{"paths":[]},"content":"apply plugin \u001b[38;5;45mkeyword-blocker:1b1278\u001b[0m","timestamp":1778893461336}
{"id":40,"type":"info","level":2,"name":"loader","meta":{"paths":[]},"content":"apply plugin \u001b[38;5;45mlunatic:22bd3m\u001b[0m","timestamp":1778893461341}
{"id":41,"type":"info","level":2,"name":"loader","meta":{"paths":[]},"content":"apply plugin \u001b[38;5;45mawa-mc-ament:rwr33m\u001b[0m","timestamp":1778893461344}
{"id":42,"type":"info","level":2,"name":"loader","meta":{"paths":[]},"content":"apply plugin \u001b[38;5;45mmc-tools:h22llh\u001b[0m","timestamp":1778893461409}
{"id":43,"type":"info","level":2,"name":"assets","meta":{"paths":["ffai0c"]},"content":"missing config \"selfUrl\", fallback to \"file:\" scheme","timestamp":1778893462207}
{"id":44,"type":"info","level":2,"name":"rizgame-guess-letters","meta":{},"content":"plugin register finish.","timestamp":1778893462513}
{"id":45,"type":"info","level":2,"name":"puppeteer","meta":{"paths":["noenkr"]},"content":"chrome executable found at \u001b[38;5;201m/usr/bin/google-chrome-stable\u001b[0m","timestamp":1778893463534}
{"id":46,"type":"info","level":2,"name":"server","meta":{"paths":["iyvqw3"]},"content":"server listening at \u001b[38;5;57mhttp://0.0.0.0:5140\u001b[0m","timestamp":1778893463706}
{"id":47,"type":"info","level":2,"name":"console","meta":{"paths":["y6kw4v"]},"content":"webui is available at \u001b[38;5;166mhttp://127.0.0.1:5140\u001b[0m","timestamp":1778893463708}
{"id":49,"type":"info","level":2,"name":"auth","meta":{"paths":["c9brgm"]},"content":"creating admin account","timestamp":1778893465542}
{"id":83,"type":"info","level":2,"name":"blockly","meta":{"paths":["lp0hx8"]},"content":"Loading 3 plugin(s)","timestamp":1778893470832}
{"id":84,"type":"info","level":2,"name":"blockly","meta":{"paths":["lp0hx8"]},"content":"Loaded 3 plugin(s)","timestamp":1778893471212}
{"id":175,"type":"success","level":1,"name":"签到","meta":{"paths":["lp0hx8"]},"content":"29053789完成了一次签到！","timestamp":1778893554418}
{"id":524,"type":"success","level":1,"name":"签到","meta":{"paths":["lp0hx8"]},"content":"3764379512完成了一次签到！","timestamp":1778895148715}
{"id":553,"type":"success","level":1,"name":"签到","meta":{"paths":["lp0hx8"]},"content":"2433884076完成了一次签到！","timestamp":1778895246220}
{"id":572,"type":"info","level":2,"name":"抽卡与卡组","meta":{"paths":["lp0hx8"]},"content":"2433884076抽到了一张☆二星★卡，剩余9049P点","timestamp":1778895250611}
{"id":627,"type":"info","level":2,"name":"抽卡与卡组","meta":{"paths":["lp0hx8"]},"content":"2628075910抽到了一张☆二星★卡，剩余42115P点","timestamp":1778895274722}
{"id":665,"type":"success","level":1,"name":"抽卡与卡组","meta":{"paths":["lp0hx8"]},"content":"2433884076献祭了：6张二星  获得1680P点，当前P点数为10729","timestamp":1778895294233}
{"id":750,"type":"success","level":1,"name":"抽卡与卡组","meta":{"paths":["lp0hx8"]},"content":"2433884076献祭了：1张二星  4张三星  1张四星  获得3720P点，当前P点数为12049","timestamp":1778895330118}
{"id":808,"type":"success","level":1,"name":"抽卡与卡组","meta":{"paths":["lp0hx8"]},"content":"2628075910献祭了：3张二星  1张三星  获得1400P点，当前P点数为42315","timestamp":1778895338532}
{"id":831,"type":"success","level":1,"name":"抽卡与卡组","meta":{"paths":["lp0hx8"]},"content":"2433884076献祭了：4张二星  1张三星  获得1680P点，当前P点数为11329","timestamp":1778895362663}
{"id":898,"type":"success","level":1,"name":"抽卡与卡组","meta":{"paths":["lp0hx8"]},"content":"2433884076献祭了：3张二星  2张三星  获得1960P点，当前P点数为11289","timestamp":1778895377543}
{"id":954,"type":"success","level":1,"name":"抽卡与卡组","meta":{"paths":["lp0hx8"]},"content":"2433884076献祭了：3张二星  2张三星  获得1960P点，当前P点数为11249","timestamp":1778895388511}
{"id":1018,"type":"success","level":1,"name":"抽卡与卡组","meta":{"paths":["lp0hx8"]},"content":"2628075910献祭了：2张二星  1张三星  1张四星  获得2320P点，当前P点数为43035","timestamp":1778895426427}
{"id":1029,"type":"success","level":1,"name":"抽卡与卡组","meta":{"paths":["lp0hx8"]},"content":"2433884076献祭了：4张二星  1张三星  获得1680P点，当前P点数为10929","timestamp":1778895427418}
{"id":1086,"type":"success","level":1,"name":"抽卡与卡组","meta":{"paths":["lp0hx8"]},"content":"2433884076献祭了：2张二星  1张三星  2张四星  获得3520P点，当前P点数为12449","timestamp":1778895450614}
{"id":1132,"type":"success","level":1,"name":"抽卡与卡组","meta":{"paths":["lp0hx8"]},"content":"2433884076献祭了：3张二星  2张三星  获得1960P点，当前P点数为12409","timestamp":1778895460316}
{"id":1177,"type":"success","level":1,"name":"抽卡与卡组","meta":{"paths":["lp0hx8"]},"content":"2433884076献祭了：4张二星  1张三星  获得1680P点，当前P点数为12089","timestamp":1778895469624}
{"id":1244,"type":"info","level":2,"name":"抽卡与卡组","meta":{"paths":["lp0hx8"]},"content":"2628075910抽到了一张❀三星☄卡，剩余42635P点","timestamp":1778895484722}
{"id":1265,"type":"success","level":1,"name":"抽卡与卡组","meta":{"paths":["lp0hx8"]},"content":"2433884076献祭了：2张二星  3张三星  获得2240P点，当前P点数为12329","timestamp":1778895491022}
{"id":1330,"type":"success","level":1,"name":"抽卡与卡组","meta":{"paths":["lp0hx8"]},"content":"2433884076献祭了：5张二星  获得1400P点，当前P点数为11729","timestamp":1778895499222}
{"id":1400,"type":"success","level":1,"name":"抽卡与卡组","meta":{"paths":["lp0hx8"]},"content":"2628075910献祭了：2张二星  1张三星  1张四星  获得2320P点，当前P点数为43755","timestamp":1778895521918}
{"id":1452,"type":"success","level":1,"name":"签到","meta":{"paths":["lp0hx8"]},"content":"2276942246完成了一次签到！","timestamp":1778895782424}
{"id":1499,"type":"success","level":1,"name":"抽卡与卡组","meta":{"paths":["lp0hx8"]},"content":"2276942246献祭了：1张二星  2张三星  获得1400P点，当前P点数为9793","timestamp":1778895797920}
{"id":1540,"type":"success","level":1,"name":"抽卡与卡组","meta":{"paths":["lp0hx8"]},"content":"2276942246献祭了：2张二星  1张三星  获得1120P点，当前P点数为9713","timestamp":1778895805963}
{"id":1581,"type":"success","level":1,"name":"抽卡与卡组","meta":{"paths":["lp0hx8"]},"content":"2276942246献祭了：2张二星  1张三星  获得1120P点，当前P点数为9633","timestamp":1778895813623}
{"id":1629,"type":"success","level":1,"name":"抽卡与卡组","meta":{"paths":["lp0hx8"]},"content":"2276942246献祭了：1张二星  2张三星  获得1400P点，当前P点数为9833","timestamp":1778895823044}
{"id":1688,"type":"success","level":1,"name":"抽卡与卡组","meta":{"paths":["lp0hx8"]},"content":"2276942246献祭了：3张二星  获得840P点，当前P点数为9473","timestamp":1778895857122}
{"id":1754,"type":"success","level":1,"name":"抽卡与卡组","meta":{"paths":["lp0hx8"]},"content":"2276942246献祭了：2张二星  1张FES  获得2560P点，当前P点数为10833","timestamp":1778895882637}
{"id":1819,"type":"success","level":1,"name":"抽卡与卡组","meta":{"paths":["lp0hx8"]},"content":"2276942246献祭了：2张二星  1张三星  获得1120P点，当前P点数为10753","timestamp":1778895922942}
{"id":1878,"type":"success","level":1,"name":"抽卡与卡组","meta":{"paths":["lp0hx8"]},"content":"2276942246献祭了：1张二星  2张三星  获得1400P点，当前P点数为10953","timestamp":1778895932953}
{"id":1942,"type":"success","level":1,"name":"抽卡与卡组","meta":{"paths":["lp0hx8"]},"content":"2276942246献祭了：2张二星  1张三星  获得1120P点，当前P点数为10873","timestamp":1778895944625}
{"id":1983,"type":"success","level":1,"name":"抽卡与卡组","meta":{"paths":["lp0hx8"]},"content":"2628075910献祭了：2张二星  2张三星  获得1680P点，当前P点数为43835","timestamp":1778895951655}
{"id":2004,"type":"success","level":1,"name":"抽卡与卡组","meta":{"paths":["lp0hx8"]},"content":"2276942246献祭了：1张二星  2张三星  获得1400P点，当前P点数为11073","timestamp":1778895954639}
{"id":2091,"type":"success","level":1,"name":"抽卡与卡组","meta":{"paths":["lp0hx8"]},"content":"2276942246献祭了：2张二星  1张四星  获得1760P点，当前P点数为11633","timestamp":1778895976137}
{"id":2132,"type":"success","level":1,"name":"抽卡与卡组","meta":{"paths":["lp0hx8"]},"content":"2628075910献祭了：2张二星  1张三星  1张四星  获得2320P点，当前P点数为44555","timestamp":1778895986136}
{"id":2153,"type":"success","level":1,"name":"抽卡与卡组","meta":{"paths":["lp0hx8"]},"content":"2276942246献祭了：2张二星  1张三星  获得1120P点，当前P点数为11553","timestamp":1778895988646}
{"id":2208,"type":"success","level":1,"name":"抽卡与卡组","meta":{"paths":["lp0hx8"]},"content":"2628075910献祭了：4张二星  获得1120P点，当前P点数为44075","timestamp":1778895998048}
{"id":2244,"type":"info","level":2,"name":"抽卡与卡组","meta":{"paths":["lp0hx8"]},"content":"2276942246抽到了一张♔♕四星(?)♕♔卡，剩余10353P点","timestamp":1778896009441}
{"id":2323,"type":"success","level":1,"name":"抽卡与卡组","meta":{"paths":["lp0hx8"]},"content":"2276942246献祭了：2张二星  1张四星  获得1760P点，当前P点数为11313","timestamp":1778896021624}
{"id":2344,"type":"success","level":1,"name":"抽卡与卡组","meta":{"paths":["lp0hx8"]},"content":"2628075910献祭了：3张二星  1张三星  获得1400P点，当前P点数为43875","timestamp":1778896030525}
{"id":2379,"type":"info","level":2,"name":"抽卡与卡组","meta":{"paths":["lp0hx8"]},"content":"2276942246抽到了一张♔♕四星(?)♕♔卡，剩余8513P点","timestamp":1778896047358}
{"id":2443,"type":"success","level":1,"name":"抽卡与卡组","meta":{"paths":["lp0hx8"]},"content":"2276942246献祭了：2张二星  1张四星  获得1760P点，当前P点数为9473","timestamp":1778896067430}
{"id":2496,"type":"success","level":1,"name":"抽卡与卡组","meta":{"paths":["lp0hx8"]},"content":"2276942246献祭了：2张二星  1张三星  获得1120P点，当前P点数为9393","timestamp":1778896080969}
{"id":2576,"type":"info","level":2,"name":"抽卡与卡组","meta":{"paths":["lp0hx8"]},"content":"2628075910抽到了一张☂FES☃卡，剩余37475P点","timestamp":1778896110640}
{"id":2642,"type":"success","level":1,"name":"抽卡与卡组","meta":{"paths":["lp0hx8"]},"content":"2628075910献祭了：3张二星  1张FES  获得2840P点，当前P点数为39115","timestamp":1778896145059}
{"id":2751,"type":"error","level":1,"name":"签到","meta":{"paths":["lp0hx8"]},"content":"2085287779签到失败！原因：该用户已经签到","timestamp":1778896348043}
{"id":2794,"type":"error","level":1,"name":"抽卡与卡组","meta":{"paths":["lp0hx8"]},"content":"2085287779抽卡失败，积分不足","timestamp":1778896369432}
{"id":2919,"type":"info","level":2,"name":"签到","meta":{"paths":["lp0hx8"]},"content":"3764379512向2085287779赠送了250个P点","timestamp":1778896407045}
{"id":2987,"type":"info","level":2,"name":"签到","meta":{"paths":["lp0hx8"]},"content":"2628075910向2085287779赠送了2500个P点","timestamp":1778896435133}
{"id":3077,"type":"success","level":1,"name":"抽卡与卡组","meta":{"paths":["lp0hx8"]},"content":"2628075910献祭了：3张二星  1张FES  获得2840P点，当前P点数为37855","timestamp":1778896554834}
{"id":3275,"type":"info","level":2,"name":"抽卡与卡组","meta":{"paths":["lp0hx8"]},"content":"3764379512抽到了一张♔♕四星(?)♕♔卡，剩余7977P点","timestamp":1778896770048}
{"id":3376,"type":"success","level":1,"name":"抽卡与卡组","meta":{"paths":["lp0hx8"]},"content":"2628075910献祭了：3张二星  1张四星  获得2040P点，当前P点数为38295","timestamp":1778896802731}
{"id":3497,"type":"success","level":1,"name":"抽卡与卡组","meta":{"paths":["lp0hx8"]},"content":"2628075910献祭了：2张二星  1张三星  1张四星  获得2320P点，当前P点数为39015","timestamp":1778896902239}
{"id":3632,"type":"success","level":1,"name":"抽卡与卡组","meta":{"paths":["lp0hx8"]},"content":"2628075910献祭了：2张二星  1张三星  1张四星  获得2320P点，当前P点数为39735","timestamp":1778896997732}
{"id":3740,"type":"success","level":1,"name":"抽卡与卡组","meta":{"paths":["lp0hx8"]},"content":"2628075910献祭了：4张二星  获得1120P点，当前P点数为39255","timestamp":1778897075834}
{"id":3796,"type":"success","level":1,"name":"抽卡与卡组","meta":{"paths":["lp0hx8"]},"content":"2628075910献祭了：3张二星  1张三星  获得1400P点，当前P点数为39055","timestamp":1778897103268}
{"id":3839,"type":"success","level":1,"name":"抽卡与卡组","meta":{"paths":["lp0hx8"]},"content":"2628075910献祭了：3张二星  1张三星  获得1400P点，当前P点数为38855","timestamp":1778897122649}
{"id":3882,"type":"success","level":1,"name":"抽卡与卡组","meta":{"paths":["lp0hx8"]},"content":"2628075910献祭了：3张二星  1张三星  获得1400P点，当前P点数为38655","timestamp":1778897134335}
{"id":3956,"type":"success","level":1,"name":"抽卡与卡组","meta":{"paths":["lp0hx8"]},"content":"2628075910献祭了：2张二星  1张三星  1张四星  获得2320P点，当前P点数为39375","timestamp":1778897174827}
{"id":4003,"type":"success","level":1,"name":"抽卡与卡组","meta":{"paths":["lp0hx8"]},"content":"2628075910献祭了：4张二星  获得1120P点，当前P点数为38895","timestamp":1778897188070}
{"id":4050,"type":"success","level":1,"name":"抽卡与卡组","meta":{"paths":["lp0hx8"]},"content":"2628075910献祭了：3张二星  1张三星  获得1400P点，当前P点数为38695","timestamp":1778897197959}
{"id":4098,"type":"success","level":1,"name":"抽卡与卡组","meta":{"paths":["lp0hx8"]},"content":"2628075910献祭了：4张二星  获得1120P点，当前P点数为38215","timestamp":1778897212261}
{"id":4141,"type":"success","level":1,"name":"抽卡与卡组","meta":{"paths":["lp0hx8"]},"content":"2628075910献祭了：3张二星  1张三星  获得1400P点，当前P点数为38015","timestamp":1778897221936}
{"id":4184,"type":"success","level":1,"name":"抽卡与卡组","meta":{"paths":["lp0hx8"]},"content":"2628075910献祭了：4张二星  获得1120P点，当前P点数为37535","timestamp":1778897233843}
{"id":4227,"type":"success","level":1,"name":"抽卡与卡组","meta":{"paths":["lp0hx8"]},"content":"2628075910献祭了：4张二星  获得1120P点，当前P点数为37055","timestamp":1778897245848}
{"id":4274,"type":"success","level":1,"name":"抽卡与卡组","meta":{"paths":["lp0hx8"]},"content":"2628075910献祭了：3张二星  1张三星  获得1400P点，当前P点数为36855","timestamp":1778897256971}
{"id":4318,"type":"success","level":1,"name":"抽卡与卡组","meta":{"paths":["lp0hx8"]},"content":"2628075910献祭了：4张二星  获得1120P点，当前P点数为36375","timestamp":1778897267050}
{"id":4361,"type":"success","level":1,"name":"抽卡与卡组","meta":{"paths":["lp0hx8"]},"content":"2628075910献祭了：3张二星  1张三星  获得1400P点，当前P点数为36175","timestamp":1778897276629}
{"id":4410,"type":"success","level":1,"name":"抽卡与卡组","meta":{"paths":["lp0hx8"]},"content":"2628075910献祭了：3张二星  1张三星  获得1400P点，当前P点数为35975","timestamp":1778897295133}
{"id":4457,"type":"success","level":1,"name":"抽卡与卡组","meta":{"paths":["lp0hx8"]},"content":"2628075910献祭了：3张二星  1张三星  获得1400P点，当前P点数为35775","timestamp":1778897303727}
{"id":4500,"type":"success","level":1,"name":"抽卡与卡组","meta":{"paths":["lp0hx8"]},"content":"2628075910献祭了：3张二星  1张三星  获得1400P点，当前P点数为35575","timestamp":1778897313526}
{"id":4544,"type":"success","level":1,"name":"抽卡与卡组","meta":{"paths":["lp0hx8"]},"content":"2628075910献祭了：4张二星  获得1120P点，当前P点数为35095","timestamp":1778897322326}
{"id":4587,"type":"success","level":1,"name":"抽卡与卡组","meta":{"paths":["lp0hx8"]},"content":"2628075910献祭了：4张二星  获得1120P点，当前P点数为34615","timestamp":1778897332163}
{"id":4666,"type":"success","level":1,"name":"抽卡与卡组","meta":{"paths":["lp0hx8"]},"content":"2628075910献祭了：2张二星  1张三星  1张四星  获得2320P点，当前P点数为35335","timestamp":1778897364027}
{"id":4926,"type":"success","level":1,"name":"签到","meta":{"paths":["lp0hx8"]},"content":"2098916995完成了一次签到！","timestamp":1778898096425}
{"id":4948,"type":"success","level":1,"name":"签到","meta":{"paths":["lp0hx8"]},"content":"3055983840完成了一次签到！","timestamp":1778898155134}
{"id":5095,"type":"info","level":2,"name":"签到","meta":{"paths":["lp0hx8"]},"content":"已更新3055983840的抢劫次数和记录","timestamp":1778898682528}
{"id":5133,"type":"success","level":1,"name":"签到","meta":{"paths":["lp0hx8"]},"content":"3055983840抢劫956937232失败！失去了238P点！","timestamp":1778898692848}
{"id":5134,"type":"info","level":2,"name":"签到","meta":{"paths":["lp0hx8"]},"content":"3055983840今天的抢劫记录为-238   |    剩余抢劫次数为2","timestamp":1778898692848}
{"id":5176,"type":"success","level":1,"name":"签到","meta":{"paths":["lp0hx8"]},"content":"3055983840抢劫956937232失败！失去了所有P点！","timestamp":1778898703441}
{"id":5177,"type":"info","level":2,"name":"签到","meta":{"paths":["lp0hx8"]},"content":"3055983840今天的抢劫记录为-260   |    剩余抢劫次数为1","timestamp":1778898703443}
{"id":5261,"type":"info","level":2,"name":"签到","meta":{"paths":["lp0hx8"]},"content":"已更新971217490的抢劫次数和记录","timestamp":1778898753148}
{"id":5282,"type":"success","level":1,"name":"签到","meta":{"paths":["lp0hx8"]},"content":"971217490抢了29053789的37P点！","timestamp":1778898753648}
{"id":5283,"type":"info","level":2,"name":"签到","meta":{"paths":["lp0hx8"]},"content":"971217490今天的抢劫记录为37   |    剩余抢劫次数为2","timestamp":1778898753649}
{"id":5312,"type":"success","level":1,"name":"签到","meta":{"paths":["lp0hx8"]},"content":"971217490抢劫29053789失败！失去了所有P点！","timestamp":1778898764430}
{"id":5313,"type":"info","level":2,"name":"签到","meta":{"paths":["lp0hx8"]},"content":"971217490今天的抢劫记录为0   |    剩余抢劫次数为1","timestamp":1778898764432}
{"id":5349,"type":"success","level":1,"name":"签到","meta":{"paths":["lp0hx8"]},"content":"971217490抢了29053789的463P点！","timestamp":1778898775649}
{"id":5350,"type":"info","level":2,"name":"签到","meta":{"paths":["lp0hx8"]},"content":"971217490今天的抢劫记录为463   |    剩余抢劫次数为0","timestamp":1778898775652}
{"id":5386,"type":"info","level":2,"name":"抽卡与卡组","meta":{"paths":["lp0hx8"]},"content":"971217490抽到了一张☆二星★卡，剩余63P点","timestamp":1778898796230}
{"id":5461,"type":"success","level":1,"name":"抽卡与卡组","meta":{"paths":["lp0hx8"]},"content":"1652933285献祭了：3张二星  1张三星  获得1400P点，当前P点数为2253","timestamp":1778898982624}
{"id":5913,"type":"success","level":1,"name":"签到","meta":{"paths":["lp0hx8"]},"content":"2227913569完成了一次签到！","timestamp":1778899622220}
{"id":9487,"type":"info","level":2,"name":"绑定id","meta":{"paths":["lp0hx8"]},"content":"用户3589703915绑定了cnid：7626755032712649506","timestamp":1778903813711}
{"id":9567,"type":"info","level":2,"name":"绑定id","meta":{"paths":["lp0hx8"]},"content":"用户3589703915绑定了cnid：7626755032712649506","timestamp":1778903846643}
{"id":9791,"type":"info","level":2,"name":"绑定id","meta":{"paths":["lp0hx8"]},"content":"用户3589703915绑定了cnid：7626755032712649506","timestamp":1778903922643}
{"id":10332,"type":"success","level":1,"name":"签到","meta":{"paths":["lp0hx8"]},"content":"3319862114完成了一次签到！","timestamp":1778904513745}
{"id":10389,"type":"success","level":1,"name":"签到","meta":{"paths":["lp0hx8"]},"content":"1963408278完成了一次签到！","timestamp":1778904531843}
{"id":10791,"type":"error","level":1,"name":"签到","meta":{"paths":["lp0hx8"]},"content":"1963408278签到失败！原因：该用户已经签到","timestamp":1778904777635}
{"id":10925,"type":"success","level":1,"name":"签到","meta":{"paths":["lp0hx8"]},"content":"2221639610完成了一次签到！","timestamp":1778904857947}
{"id":13045,"type":"success","level":1,"name":"签到","meta":{"paths":["lp0hx8"]},"content":"1569181511抢劫1012113121失败！失去了120P点！","timestamp":1778906209648}
{"id":13046,"type":"info","level":2,"name":"签到","meta":{"paths":["lp0hx8"]},"content":"1569181511今天的抢劫记录为108   |    剩余抢劫次数为0","timestamp":1778906209653}
{"id":13067,"type":"error","level":1,"name":"签到","meta":{"paths":["lp0hx8"]},"content":"3980423768抢劫失败！该用户今天抢劫次数已用完","timestamp":1778906219923}
{"id":13135,"type":"info","level":2,"name":"签到","meta":{"paths":["lp0hx8"]},"content":"已更新1012113121的抢劫次数和记录","timestamp":1778906234152}
{"id":13930,"type":"success","level":1,"name":"签到","meta":{"paths":["lp0hx8"]},"content":"2018283414完成了一次签到！","timestamp":1778906602749}
{"id":14529,"type":"success","level":1,"name":"签到","meta":{"paths":["lp0hx8"]},"content":"782766016完成了一次签到！","timestamp":1778906891217}
{"id":18146,"type":"success","level":1,"name":"签到","meta":{"paths":["lp0hx8"]},"content":"3389530537完成了一次签到！","timestamp":1778908040935}
{"id":18179,"type":"info","level":2,"name":"抽卡与卡组","meta":{"paths":["lp0hx8"]},"content":"3389530537抽到了一张☆二星★卡，剩余11079P点","timestamp":1778908044117}
{"id":18205,"type":"info","level":2,"name":"抽卡与卡组","meta":{"paths":["lp0hx8"]},"content":"3389530537抽到了一张☆二星★卡，剩余10679P点","timestamp":1778908051652}
{"id":18228,"type":"error","level":1,"name":"抽卡与卡组","meta":{"paths":["lp0hx8"]},"content":"1764237756抽卡失败，积分不足","timestamp":1778908056923}
{"id":18346,"type":"success","level":1,"name":"签到","meta":{"paths":["lp0hx8"]},"content":"1764237756完成了一次签到！","timestamp":1778908105022}
{"id":18420,"type":"info","level":2,"name":"抽卡与卡组","meta":{"paths":["lp0hx8"]},"content":"3389530537抽到了一张☆二星★卡，剩余10279P点","timestamp":1778908132142}
{"id":32473,"type":"success","level":1,"name":"签到","meta":{"paths":["lp0hx8"]},"content":"263659416完成了一次签到！","timestamp":1778913405614}
{"id":32532,"type":"success","level":1,"name":"签到","meta":{"paths":["lp0hx8"]},"content":"2858787094完成了一次签到！","timestamp":1778913411502}
{"id":32807,"type":"info","level":2,"name":"抽卡与卡组","meta":{"paths":["lp0hx8"]},"content":"2858787094抽到了一张❀三星☄卡，剩余6835P点","timestamp":1778913462333}
{"id":32845,"type":"info","level":2,"name":"抽卡与卡组","meta":{"paths":["lp0hx8"]},"content":"263659416抽到了一张☆二星★卡，剩余11066P点","timestamp":1778913471016}
{"id":32872,"type":"success","level":1,"name":"签到","meta":{"paths":["lp0hx8"]},"content":"1602618344完成了一次签到！","timestamp":1778913475298}
{"id":32957,"type":"success","level":1,"name":"签到","meta":{"paths":["lp0hx8"]},"content":"3044937168完成了一次签到！","timestamp":1778913486031}
{"id":33023,"type":"info","level":2,"name":"抽卡与卡组","meta":{"paths":["lp0hx8"]},"content":"1602618344抽到了一张❀三星☄卡，剩余1463P点","timestamp":1778913501422}
{"id":33112,"type":"info","level":2,"name":"抽卡与卡组","meta":{"paths":["lp0hx8"]},"content":"2858787094抽到了一张☆二星★卡，剩余6435P点","timestamp":1778913528803}
{"id":33153,"type":"info","level":2,"name":"抽卡与卡组","meta":{"paths":["lp0hx8"]},"content":"2858787094抽到了一张❀三星☄卡，剩余6035P点","timestamp":1778913534427}
{"id":33331,"type":"info","level":2,"name":"抽卡与卡组","meta":{"paths":["lp0hx8"]},"content":"263659416抽到了一张☆二星★卡，剩余10666P点","timestamp":1778913580309}
{"id":33368,"type":"success","level":1,"name":"抽卡与卡组","meta":{"paths":["lp0hx8"]},"content":"1602618344献祭了：5张二星  获得1400P点，当前P点数为2863","timestamp":1778913587414}
{"id":33375,"type":"info","level":2,"name":"抽卡与卡组","meta":{"paths":["lp0hx8"]},"content":"263659416抽到了一张☆二星★卡，剩余10266P点","timestamp":1778913588123}
{"id":33399,"type":"info","level":2,"name":"抽卡与卡组","meta":{"paths":["lp0hx8"]},"content":"263659416抽到了一张❀三星☄卡，剩余9866P点","timestamp":1778913589919}
{"id":33435,"type":"info","level":2,"name":"抽卡与卡组","meta":{"paths":["lp0hx8"]},"content":"263659416抽到了一张☆二星★卡，剩余9466P点","timestamp":1778913594317}
{"id":33460,"type":"info","level":2,"name":"抽卡与卡组","meta":{"paths":["lp0hx8"]},"content":"263659416抽到了一张☆二星★卡，剩余9066P点","timestamp":1778913596197}
{"id":33491,"type":"info","level":2,"name":"抽卡与卡组","meta":{"paths":["lp0hx8"]},"content":"263659416抽到了一张☆二星★卡，剩余8666P点","timestamp":1778913599627}
{"id":33758,"type":"success","level":1,"name":"抽卡与卡组","meta":{"paths":["lp0hx8"]},"content":"1602618344献祭了：3张二星  1张三星  获得1400P点，当前P点数为2663","timestamp":1778913640708}
{"id":33821,"type":"success","level":1,"name":"抽卡与卡组","meta":{"paths":["lp0hx8"]},"content":"1602618344献祭了：3张二星  1张三星  获得1400P点，当前P点数为2463","timestamp":1778913660895}
{"id":33945,"type":"success","level":1,"name":"抽卡与卡组","meta":{"paths":["lp0hx8"]},"content":"1602618344献祭了：3张二星  1张三星  获得1400P点，当前P点数为2263","timestamp":1778913698627}
{"id":36301,"type":"success","level":1,"name":"签到","meta":{"paths":["lp0hx8"]},"content":"3587117272完成了一次签到！","timestamp":1778914917686}
{"id":36350,"type":"info","level":2,"name":"抽卡与卡组","meta":{"paths":["lp0hx8"]},"content":"3587117272抽到了一张❀三星☄卡，剩余1823P点","timestamp":1778914932406}
{"id":36374,"type":"info","level":2,"name":"抽卡与卡组","meta":{"paths":["lp0hx8"]},"content":"3587117272抽到了一张☆二星★卡，剩余1423P点","timestamp":1778914946577}
{"id":36406,"type":"info","level":2,"name":"抽卡与卡组","meta":{"paths":["lp0hx8"]},"content":"3587117272抽到了一张☆二星★卡，剩余1023P点","timestamp":1778914953410}
{"id":36446,"type":"info","level":2,"name":"抽卡与卡组","meta":{"paths":["lp0hx8"]},"content":"3587117272抽到了一张❀三星☄卡，剩余623P点","timestamp":1778914960406}
{"id":36472,"type":"info","level":2,"name":"抽卡与卡组","meta":{"paths":["lp0hx8"]},"content":"3587117272抽到了一张☆二星★卡，剩余223P点","timestamp":1778914964875}
{"id":36539,"type":"success","level":1,"name":"签到","meta":{"paths":["lp0hx8"]},"content":"813013693完成了一次签到！","timestamp":1778914979487}
{"id":36602,"type":"success","level":1,"name":"签到","meta":{"paths":["lp0hx8"]},"content":"1969859341完成了一次签到！","timestamp":1778914985797}
{"id":51023,"type":"error","level":1,"name":"绑定id","meta":{"paths":["lp0hx8"]},"content":"3988136739输入错误id：ID7640114309506652979，id过短","timestamp":1778924060574}
{"id":51065,"type":"error","level":1,"name":"绑定id","meta":{"paths":["lp0hx8"]},"content":"3988136739输入错误id：7640114309506652979，id过短","timestamp":1778924073201}
{"id":51848,"type":"success","level":1,"name":"签到","meta":{"paths":["lp0hx8"]},"content":"3366143939完成了一次签到！","timestamp":1778924374884}
{"id":52598,"type":"success","level":1,"name":"签到","meta":{"paths":["lp0hx8"]},"content":"3988136739完成了一次签到！","timestamp":1778924579527}
{"id":52650,"type":"info","level":2,"name":"抽卡与卡组","meta":{"paths":["lp0hx8"]},"content":"2018283414抽到了一张❀三星☄卡，剩余4707P点","timestamp":1778924600929}
{"id":52701,"type":"info","level":2,"name":"抽卡与卡组","meta":{"paths":["lp0hx8"]},"content":"3988136739抽到了一张♔♕四星(?)♕♔卡，剩余1378P点","timestamp":1778924610035}
{"id":55955,"type":"warn","level":2,"name":"onebot","meta":{"paths":["wqmw9x"]},"content":"Error: Error with request get_msg, args: {\"message_id\":-689123092}, retcode: 1200\n    at _Internal._get (/root/lezskabot/koishi/koishi-app/node_modules/koishi-plugin-adapter-onebot/lib/index.js:119:11)\n    at process.processTicksAndRejections (node:internal/process/task_queues:95:5)\n    at async _Internal.<computed> [as getMsg] (/root/lezskabot/koishi/koishi-app/node_modules/koishi-plugin-adapter-onebot/lib/index.js:152:20)\n    at async OneBotBot.getMessage (/root/lezskabot/koishi/koishi-app/node_modules/koishi-plugin-adapter-onebot/lib/index.js:936:18)\n    at async adaptMessage (/root/lezskabot/koishi/koishi-app/node_modules/koishi-plugin-adapter-onebot/lib/index.js:344:21)\n    at async adaptSession (/root/lezskabot/koishi/koishi-app/node_modules/koishi-plugin-adapter-onebot/lib/index.js:416:5)\n    at async dispatchSession (/root/lezskabot/koishi/koishi-app/node_modules/koishi-plugin-adapter-onebot/lib/index.js:405:19)","timestamp":1778925965813}
{"id":55977,"type":"warn","level":2,"name":"onebot","meta":{"paths":["wqmw9x"]},"content":"Error: Error with request get_msg, args: {\"message_id\":-689123092}, retcode: 1200\n    at _Internal._get (/root/lezskabot/koishi/koishi-app/node_modules/koishi-plugin-adapter-onebot/lib/index.js:119:11)\n    at process.processTicksAndRejections (node:internal/process/task_queues:95:5)\n    at async _Internal.<computed> [as getMsg] (/root/lezskabot/koishi/koishi-app/node_modules/koishi-plugin-adapter-onebot/lib/index.js:152:20)\n    at async OneBotBot.getMessage (/root/lezskabot/koishi/koishi-app/node_modules/koishi-plugin-adapter-onebot/lib/index.js:936:18)\n    at async adaptMessage (/root/lezskabot/koishi/koishi-app/node_modules/koishi-plugin-adapter-onebot/lib/index.js:344:21)\n    at async adaptSession (/root/lezskabot/koishi/koishi-app/node_modules/koishi-plugin-adapter-onebot/lib/index.js:416:5)\n    at async dispatchSession (/root/lezskabot/koishi/koishi-app/node_modules/koishi-plugin-adapter-onebot/lib/index.js:405:19)","timestamp":1778925989340}
{"id":56047,"type":"warn","level":2,"name":"onebot","meta":{"paths":["wqmw9x"]},"content":"Error: Error with request get_msg, args: {\"message_id\":-689123092}, retcode: 1200\n    at _Internal._get (/root/lezskabot/koishi/koishi-app/node_modules/koishi-plugin-adapter-onebot/lib/index.js:119:11)\n    at process.processTicksAndRejections (node:internal/process/task_queues:95:5)\n    at async _Internal.<computed> [as getMsg] (/root/lezskabot/koishi/koishi-app/node_modules/koishi-plugin-adapter-onebot/lib/index.js:152:20)\n    at async OneBotBot.getMessage (/root/lezskabot/koishi/koishi-app/node_modules/koishi-plugin-adapter-onebot/lib/index.js:936:18)\n    at async adaptMessage (/root/lezskabot/koishi/koishi-app/node_modules/koishi-plugin-adapter-onebot/lib/index.js:344:21)\n    at async OneBotBot.getMessage (/root/lezskabot/koishi/koishi-app/node_modules/koishi-plugin-adapter-onebot/lib/index.js:937:12)\n    at async adaptMessage (/root/lezskabot/koishi/koishi-app/node_modules/koishi-plugin-adapter-onebot/lib/index.js:344:21)\n    at async adaptSession (/root/lezskabot/koishi/koishi-app/node_modules/koishi-plugin-adapter-onebot/lib/index.js:416:5)\n    at async dispatchSession (/root/lezskabot/koishi/koishi-app/node_modules/koishi-plugin-adapter-onebot/lib/index.js:405:19)","timestamp":1778926016241}
{"id":56560,"type":"success","level":1,"name":"签到","meta":{"paths":["lp0hx8"]},"content":"2337863801完成了一次签到！","timestamp":1778926205922}
{"id":56826,"type":"error","level":1,"name":"签到","meta":{"paths":["lp0hx8"]},"content":"2221639610签到失败！原因：该用户已经签到","timestamp":1778926325124}
{"id":56867,"type":"success","level":1,"name":"签到","meta":{"paths":["lp0hx8"]},"content":"526076285完成了一次签到！","timestamp":1778926332608}
{"id":57098,"type":"info","level":2,"name":"抽卡与卡组","meta":{"paths":["lp0hx8"]},"content":"2337863801抽到了一张☆二星★卡，剩余3654P点","timestamp":1778926376920}
{"id":57239,"type":"success","level":1,"name":"抽卡与卡组","meta":{"paths":["lp0hx8"]},"content":"2221639610献祭了：4张二星  2张三星  获得2240P点，当前P点数为25640","timestamp":1778926410707}
{"id":57450,"type":"info","level":2,"name":"抽卡与卡组","meta":{"paths":["lp0hx8"]},"content":"2221639610抽到了一张♔♕四星(?)♕♔卡，剩余15640P点","timestamp":1778926469907}
{"id":57587,"type":"info","level":2,"name":"抽卡与卡组","meta":{"paths":["lp0hx8"]},"content":"2221639610抽到了一张♔♕四星(?)♕♔卡，剩余14840P点","timestamp":1778926516507}
{"id":57869,"type":"info","level":2,"name":"抽卡与卡组","meta":{"paths":["lp0hx8"]},"content":"2221639610抽到了一张☂FES☃卡，剩余12840P点","timestamp":1778926655316}
{"id":57941,"type":"info","level":2,"name":"抽卡与卡组","meta":{"paths":["lp0hx8"]},"content":"2221639610抽到了一张☂FES☃卡，剩余9240P点","timestamp":1778926691717}
{"id":58098,"type":"info","level":2,"name":"抽卡与卡组","meta":{"paths":["lp0hx8"]},"content":"2221639610抽到了一张♔♕四星(?)♕♔卡，剩余7640P点","timestamp":1778926776614}
{"id":58294,"type":"info","level":2,"name":"抽卡与卡组","meta":{"paths":["lp0hx8"]},"content":"2221639610抽到了一张♔♕四星(?)♕♔卡，剩余5640P点","timestamp":1778926870917}
{"id":63615,"type":"success","level":1,"name":"签到","meta":{"paths":["lp0hx8"]},"content":"3161689072完成了一次签到！","timestamp":1778928531835}
{"id":63739,"type":"info","level":2,"name":"抽卡与卡组","meta":{"paths":["lp0hx8"]},"content":"3161689072抽到了一张☆二星★卡，剩余2074P点","timestamp":1778928552917}
{"id":63779,"type":"info","level":2,"name":"抽卡与卡组","meta":{"paths":["lp0hx8"]},"content":"3161689072抽到了一张☆二星★卡，剩余1674P点","timestamp":1778928559032}
{"id":63822,"type":"info","level":2,"name":"抽卡与卡组","meta":{"paths":["lp0hx8"]},"content":"3161689072抽到了一张❀三星☄卡，剩余1274P点","timestamp":1778928564423}
{"id":63849,"type":"info","level":2,"name":"抽卡与卡组","meta":{"paths":["lp0hx8"]},"content":"3161689072抽到了一张☆二星★卡，剩余874P点","timestamp":1778928569127}
{"id":63861,"type":"error","level":1,"name":"抽卡与卡组","meta":{"paths":["lp0hx8"]},"content":"1426635259抽卡失败，积分不足","timestamp":1778928570909}
{"id":63900,"type":"info","level":2,"name":"抽卡与卡组","meta":{"paths":["lp0hx8"]},"content":"3161689072抽到了一张☆二星★卡，剩余474P点","timestamp":1778928574839}
{"id":63948,"type":"success","level":1,"name":"签到","meta":{"paths":["lp0hx8"]},"content":"1426635259完成了一次签到！","timestamp":1778928577620}
{"id":63993,"type":"info","level":2,"name":"抽卡与卡组","meta":{"paths":["lp0hx8"]},"content":"3161689072抽到了一张❀三星☄卡，剩余74P点","timestamp":1778928580946}
{"id":64016,"type":"success","level":1,"name":"签到","meta":{"paths":["lp0hx8"]},"content":"3689422763完成了一次签到！","timestamp":1778928582216}
{"id":64049,"type":"info","level":2,"name":"抽卡与卡组","meta":{"paths":["lp0hx8"]},"content":"1426635259抽到了一张☆二星★卡，剩余1353P点","timestamp":1778928584528}
{"id":64136,"type":"info","level":2,"name":"抽卡与卡组","meta":{"paths":["lp0hx8"]},"content":"1426635259抽到了一张☆二星★卡，剩余953P点","timestamp":1778928597510}
{"id":64421,"type":"info","level":2,"name":"抽卡与卡组","meta":{"paths":["lp0hx8"]},"content":"3689422763抽到了一张☆二星★卡，剩余2832P点","timestamp":1778928649313}
{"id":64568,"type":"info","level":2,"name":"抽卡与卡组","meta":{"paths":["lp0hx8"]},"content":"3689422763抽到了一张♔♕四星(?)♕♔卡，剩余2432P点","timestamp":1778928688022}
{"id":64886,"type":"info","level":2,"name":"抽卡与卡组","meta":{"paths":["lp0hx8"]},"content":"1426635259抽到了一张❀三星☄卡，剩余553P点","timestamp":1778928729613}
{"id":64937,"type":"info","level":2,"name":"抽卡与卡组","meta":{"paths":["lp0hx8"]},"content":"1426635259抽到了一张☆二星★卡，剩余153P点","timestamp":1778928743727}
{"id":96565,"type":"success","level":1,"name":"签到","meta":{"paths":["lp0hx8"]},"content":"986054920完成了一次签到！","timestamp":1778936559425}
{"id":96568,"type":"success","level":1,"name":"抽卡与卡组","meta":{"paths":["lp0hx8"]},"content":"2186790348献祭了：1张二星  2张三星  获得1400P点，当前P点数为45650","timestamp":1778936559619}
{"id":96621,"type":"success","level":1,"name":"抽卡与卡组","meta":{"paths":["lp0hx8"]},"content":"2186790348献祭了：3张二星  获得840P点，当前P点数为45290","timestamp":1778936567327}
{"id":96682,"type":"success","level":1,"name":"抽卡与卡组","meta":{"paths":["lp0hx8"]},"content":"2186790348献祭了：3张二星  获得840P点，当前P点数为44930","timestamp":1778936574322}
{"id":96760,"type":"success","level":1,"name":"抽卡与卡组","meta":{"paths":["lp0hx8"]},"content":"2186790348献祭了：2张二星  1张三星  获得1120P点，当前P点数为44850","timestamp":1778936582231}
{"id":96811,"type":"success","level":1,"name":"签到","meta":{"paths":["lp0hx8"]},"content":"2186790348完成了一次签到！","timestamp":1778936587624}
{"id":96874,"type":"error","level":1,"name":"签到","meta":{"paths":["lp0hx8"]},"content":"2221639610签到失败！原因：该用户已经签到","timestamp":1778936595425}
{"id":96911,"type":"success","level":1,"name":"抽卡与卡组","meta":{"paths":["lp0hx8"]},"content":"2186790348献祭了：2张二星  1张三星  获得1120P点，当前P点数为49018","timestamp":1778936598864}
{"id":96976,"type":"success","level":1,"name":"抽卡与卡组","meta":{"paths":["lp0hx8"]},"content":"2186790348献祭了：2张二星  1张三星  获得1120P点，当前P点数为48938","timestamp":1778936608122}
{"id":97104,"type":"success","level":1,"name":"抽卡与卡组","meta":{"paths":["lp0hx8"]},"content":"2186790348献祭了：2张二星  1张四星  获得1760P点，当前P点数为49498","timestamp":1778936637617}
{"id":97185,"type":"success","level":1,"name":"抽卡与卡组","meta":{"paths":["lp0hx8"]},"content":"2186790348献祭了：2张二星  1张三星  获得1120P点，当前P点数为49418","timestamp":1778936649928}
{"id":97382,"type":"success","level":1,"name":"抽卡与卡组","meta":{"paths":["lp0hx8"]},"content":"2186790348献祭了：2张二星  1张FES  获得2560P点，当前P点数为50778","timestamp":1778936681825}
{"id":97534,"type":"success","level":1,"name":"签到","meta":{"paths":["lp0hx8"]},"content":"2856202014完成了一次签到！","timestamp":1778936702049}
{"id":97616,"type":"success","level":1,"name":"抽卡与卡组","meta":{"paths":["lp0hx8"]},"content":"2186790348献祭了：2张二星  1张四星  获得1760P点，当前P点数为51338","timestamp":1778936715617}
{"id":97690,"type":"success","level":1,"name":"抽卡与卡组","meta":{"paths":["lp0hx8"]},"content":"2186790348献祭了：3张二星  获得840P点，当前P点数为50978","timestamp":1778936723036}
{"id":97753,"type":"success","level":1,"name":"抽卡与卡组","meta":{"paths":["lp0hx8"]},"content":"2186790348献祭了：1张二星  1张三星  1张四星  获得2040P点，当前P点数为51818","timestamp":1778936741514}
{"id":97800,"type":"success","level":1,"name":"抽卡与卡组","meta":{"paths":["lp0hx8"]},"content":"2186790348献祭了：1张二星  2张三星  获得1400P点，当前P点数为52018","timestamp":1778936748818}
{"id":97854,"type":"success","level":1,"name":"抽卡与卡组","meta":{"paths":["lp0hx8"]},"content":"2186790348献祭了：2张二星  1张三星  获得1120P点，当前P点数为51938","timestamp":1778936756113}
{"id":97935,"type":"success","level":1,"name":"抽卡与卡组","meta":{"paths":["lp0hx8"]},"content":"2186790348献祭了：3张二星  获得840P点，当前P点数为51578","timestamp":1778936764022}
{"id":98233,"type":"info","level":2,"name":"抽卡与卡组","meta":{"paths":["lp0hx8"]},"content":"2856202014抽到了一张♔♕四星(?)♕♔卡，剩余9299P点","timestamp":1778936825948}
{"id":98726,"type":"success","level":1,"name":"抽卡与卡组","meta":{"paths":["lp0hx8"]},"content":"2186790348献祭了：2张二星  1张三星  获得1120P点，当前P点数为51498","timestamp":1778936921725}
{"id":98788,"type":"success","level":1,"name":"抽卡与卡组","meta":{"paths":["lp0hx8"]},"content":"2186790348献祭了：3张二星  获得840P点，当前P点数为51138","timestamp":1778936931854}
{"id":98837,"type":"success","level":1,"name":"抽卡与卡组","meta":{"paths":["lp0hx8"]},"content":"2186790348献祭了：3张二星  获得840P点，当前P点数为50778","timestamp":1778936941930}
{"id":98890,"type":"success","level":1,"name":"抽卡与卡组","meta":{"paths":["lp0hx8"]},"content":"2186790348献祭了：2张二星  1张三星  获得1120P点，当前P点数为50698","timestamp":1778936950465}
{"id":98935,"type":"success","level":1,"name":"抽卡与卡组","meta":{"paths":["lp0hx8"]},"content":"2186790348献祭了：1张二星  2张三星  获得1400P点，当前P点数为50898","timestamp":1778936958532}
{"id":99293,"type":"info","level":2,"name":"签到","meta":{"paths":["lp0hx8"]},"content":"已更新2186790348的抢劫次数和记录","timestamp":1778937072831}
{"id":99314,"type":"success","level":1,"name":"签到","meta":{"paths":["lp0hx8"]},"content":"2186790348抢了2628075910的436P点！","timestamp":1778937073626}
{"id":99315,"type":"info","level":2,"name":"签到","meta":{"paths":["lp0hx8"]},"content":"2186790348今天的抢劫记录为436   |    剩余抢劫次数为2","timestamp":1778937073628}
{"id":99516,"type":"success","level":1,"name":"签到","meta":{"paths":["lp0hx8"]},"content":"2628075910抢了2186790348的222P点！","timestamp":1778937145835}
{"id":99517,"type":"info","level":2,"name":"签到","meta":{"paths":["lp0hx8"]},"content":"2628075910今天的抢劫记录为-81755   |    剩余抢劫次数为0","timestamp":1778937145838}
{"id":99715,"type":"success","level":1,"name":"抽卡与卡组","meta":{"paths":["lp0hx8"]},"content":"2628075910献祭了：4张二星  获得1120P点，当前P点数为34641","timestamp":1778937189361}
{"id":101704,"type":"success","level":1,"name":"签到","meta":{"paths":["lp0hx8"]},"content":"1813783853完成了一次签到！","timestamp":1778937796159}
{"id":117678,"type":"success","level":1,"name":"签到","meta":{"paths":["lp0hx8"]},"content":"29053789完成了一次签到！","timestamp":1778944124024}
{"id":117711,"type":"error","level":1,"name":"签到","meta":{"paths":["lp0hx8"]},"content":"3980423768签到失败！原因：该用户已经签到","timestamp":1778944133218}
{"id":118046,"type":"error","level":1,"name":"签到","meta":{"paths":["lp0hx8"]},"content":"3997019972签到失败！原因：该用户已经签到","timestamp":1778944247819}
{"id":118494,"type":"error","level":1,"name":"签到","meta":{"paths":["lp0hx8"]},"content":"1569181511签到失败！原因：该用户已经签到","timestamp":1778944369724}
{"id":118846,"type":"info","level":2,"name":"签到","meta":{"paths":["lp0hx8"]},"content":"已更新3997019972的抢劫次数和记录","timestamp":1778944500218}
{"id":121766,"type":"warn","level":2,"name":"command","meta":{},"content":"漂流瓶.评论瓶子 442\nTypeError: Cannot read properties of undefined (reading 'includes')\n    at _Command.<anonymous> (/root/lezskabot/koishi/koishi-app/node_modules/koishi-plugin-re-driftbottle/lib/index.js:644:12)\n    at process.processTicksAndRejections (node:internal/process/task_queues:95:5)\n    at async Array.<anonymous> (/root/lezskabot/koishi/koishi-app/node_modules/@koishijs/core/lib/index.cjs:1079:14)\n    at async _Command.execute (/root/lezskabot/koishi/koishi-app/node_modules/@koishijs/core/lib/index.cjs:1093:22)\n    at async /root/lezskabot/koishi/koishi-app/node_modules/@koishijs/core/lib/index.cjs:2049:22\n    at async Proxy.withScope (/root/lezskabot/koishi/koishi-app/node_modules/@koishijs/core/lib/index.cjs:1958:22)\n    at async /root/lezskabot/koishi/koishi-app/node_modules/koishi-plugin-re-driftbottle/lib/index.js:1123:7\n    at async next (/root/lezskabot/koishi/koishi-app/node_modules/@koishijs/core/lib/index.cjs:827:16)\n    at async next (/root/lezskabot/koishi/koishi-app/node_modules/@koishijs/core/lib/index.cjs:827:16)\n    at async next (/root/lezskabot/koishi/koishi-app/node_modules/@koishijs/core/lib/index.cjs:827:16)","timestamp":1778946359643}
{"id":123400,"type":"success","level":1,"name":"签到","meta":{"paths":["lp0hx8"]},"content":"1652933285完成了一次签到！","timestamp":1778947274842}
{"id":123430,"type":"success","level":1,"name":"签到","meta":{"paths":["lp0hx8"]},"content":"3980423768完成了一次签到！","timestamp":1778947279034}
{"id":123483,"type":"success","level":1,"name":"签到","meta":{"paths":["lp0hx8"]},"content":"3997019972完成了一次签到！","timestamp":1778947285031}
{"id":123486,"type":"info","level":2,"name":"抽卡与卡组","meta":{"paths":["lp0hx8"]},"content":"3980423768抽到了一张☆二星★卡，剩余363P点","timestamp":1778947285126}
{"id":123545,"type":"success","level":1,"name":"签到","meta":{"paths":["lp0hx8"]},"content":"2628075910完成了一次签到！","timestamp":1778947291032}
{"id":123561,"type":"info","level":2,"name":"签到","meta":{"paths":["lp0hx8"]},"content":"已更新3980423768的抢劫次数和记录","timestamp":1778947291943}
{"id":123582,"type":"success","level":1,"name":"签到","meta":{"paths":["lp0hx8"]},"content":"3980423768抢了1652933285的231P点！","timestamp":1778947292445}
{"id":123583,"type":"info","level":2,"name":"签到","meta":{"paths":["lp0hx8"]},"content":"3980423768今天的抢劫记录为231   |    剩余抢劫次数为2","timestamp":1778947292447}
{"id":123624,"type":"info","level":2,"name":"抽卡与卡组","meta":{"paths":["lp0hx8"]},"content":"3980423768抽到了一张❀三星☄卡，剩余194P点","timestamp":1778947296113}
{"id":123695,"type":"success","level":1,"name":"签到","meta":{"paths":["lp0hx8"]},"content":"1296434423完成了一次签到！","timestamp":1778947302644}
{"id":123731,"type":"warn","level":2,"name":"session","meta":{},"content":"Error: Error with request send_group_msg, args: {\"group_id\":1091191330,\"message\":[{\"type\":\"at\",\"data\":{\"qq\":\"1296434423\"}},{\"type\":\"text\",\"data\":{\"text\":\" 输入抽卡目标：（三星、四星、FES）\"}}]}, retcode: 1200\n    at _Internal._get (/root/lezskabot/koishi/koishi-app/node_modules/koishi-plugin-adapter-onebot/lib/index.js:119:11)\n    at process.processTicksAndRejections (node:internal/process/task_queues:95:5)\n    at async _Internal.<computed> [as sendGroupMsg] (/root/lezskabot/koishi/koishi-app/node_modules/koishi-plugin-adapter-onebot/lib/index.js:162:20)\n    at async OneBotMessageEncoder.flush (/root/lezskabot/koishi/koishi-app/node_modules/koishi-plugin-adapter-onebot/lib/index.js:771:338)\n    at async OneBotMessageEncoder.send (/root/lezskabot/koishi/koishi-app/node_modules/@satorijs/core/lib/index.cjs:755:5)\n    at async Proxy.sendMessage (/root/lezskabot/koishi/koishi-app/node_modules/@satorijs/core/lib/index.cjs:487:22)\n    at async _Command.eval (eval at <anonymous> (/root/lezskabot/koishi/koishi-app/node_modules/koishi-plugin-blockly-null/lib/index.js:1:1), <anonymous>:114:5)\n    at async Array.<anonymous> (/root/lezskabot/koishi/koishi-app/node_modules/@koishijs/core/lib/index.cjs:1079:14)\n    at async _Command.execute (/root/lezskabot/koishi/koishi-app/node_modules/@koishijs/core/lib/index.cjs:1093:22)\n    at async /root/lezskabot/koishi/koishi-app/node_modules/@koishijs/core/lib/index.cjs:2049:22","timestamp":1778947306935}
{"id":123798,"type":"warn","level":2,"name":"session","meta":{},"content":"Error: Error with request send_group_msg, args: {\"group_id\":1091191330,\"message\":[{\"type\":\"at\",\"data\":{\"qq\":\"1296434423\"}},{\"type\":\"text\",\"data\":{\"text\":\"  你输入的啥啊笨蛋\"}}]}, retcode: 1200\n    at _Internal._get (/root/lezskabot/koishi/koishi-app/node_modules/koishi-plugin-adapter-onebot/lib/index.js:119:11)\n    at process.processTicksAndRejections (node:internal/process/task_queues:95:5)\n    at async _Internal.<computed> [as sendGroupMsg] (/root/lezskabot/koishi/koishi-app/node_modules/koishi-plugin-adapter-onebot/lib/index.js:162:20)\n    at async OneBotMessageEncoder.flush (/root/lezskabot/koishi/koishi-app/node_modules/koishi-plugin-adapter-onebot/lib/index.js:771:338)\n    at async OneBotMessageEncoder.send (/root/lezskabot/koishi/koishi-app/node_modules/@satorijs/core/lib/index.cjs:755:5)\n    at async Proxy.sendMessage (/root/lezskabot/koishi/koishi-app/node_modules/@satorijs/core/lib/index.cjs:487:22)\n    at async /root/lezskabot/koishi/koishi-app/node_modules/@koishijs/core/lib/index.cjs:2051:7\n    at async Proxy.withScope (/root/lezskabot/koishi/koishi-app/node_modules/@koishijs/core/lib/index.cjs:1958:22)\n    at async next (/root/lezskabot/koishi/koishi-app/node_modules/@koishijs/core/lib/index.cjs:827:16)\n    at async next (/root/lezskabot/koishi/koishi-app/node_modules/@koishijs/core/lib/index.cjs:827:16)","timestamp":1778947316311}
{"id":123846,"type":"success","level":1,"name":"签到","meta":{"paths":["lp0hx8"]},"content":"263659416完成了一次签到！","timestamp":1778947322346}
{"id":123912,"type":"success","level":1,"name":"签到","meta":{"paths":["lp0hx8"]},"content":"3385275057完成了一次签到！","timestamp":1778947331731}
{"id":123916,"type":"success","level":1,"name":"签到","meta":{"paths":["lp0hx8"]},"content":"3389530537完成了一次签到！","timestamp":1778947331811}
{"id":123963,"type":"success","level":1,"name":"签到","meta":{"paths":["lp0hx8"]},"content":"1969859341完成了一次签到！","timestamp":1778947336429}
{"id":124046,"type":"success","level":1,"name":"抽卡与卡组","meta":{"paths":["lp0hx8"]},"content":"1652933285献祭了：3张二星  1张三星  获得1400P点，当前P点数为4394","timestamp":1778947348756}
{"id":124112,"type":"info","level":2,"name":"抽卡与卡组","meta":{"paths":["lp0hx8"]},"content":"1969859341抽到了一张❀三星☄卡，剩余11830P点","timestamp":1778947354024}
{"id":124116,"type":"success","level":1,"name":"签到","meta":{"paths":["lp0hx8"]},"content":"3986092865完成了一次签到！","timestamp":1778947354429}
{"id":124209,"type":"success","level":1,"name":"抽卡与卡组","meta":{"paths":["lp0hx8"]},"content":"1652933285献祭了：4张二星  获得1120P点，当前P点数为3914","timestamp":1778947370823}
{"id":124302,"type":"success","level":1,"name":"签到","meta":{"paths":["lp0hx8"]},"content":"2334828455完成了一次签到！","timestamp":1778947385641}
{"id":124342,"type":"warn","level":2,"name":"session","meta":{},"content":"Error: Error with request send_group_msg, args: {\"group_id\":1091191330,\"message\":[{\"type\":\"image\",\"data\":{\"file\":\"/root/lezskabot/cards/2/184.png\",\"cache\":0}},{\"type\":\"at\",\"data\":{\"qq\":\"2334828455\"}},{\"type\":\"text\",\"data\":{\"text\":\"❀三星☄\\n你还有652P点\\n也就是1抽。\\n请仔细阅读“抽卡帮助”！\\n此卡已自动存入你卡组的第7位\"}}]}, retcode: 1200\n    at _Internal._get (/root/lezskabot/koishi/koishi-app/node_modules/koishi-plugin-adapter-onebot/lib/index.js:119:11)\n    at process.processTicksAndRejections (node:internal/process/task_queues:95:5)\n    at async _Internal.<computed> [as sendGroupMsg] (/root/lezskabot/koishi/koishi-app/node_modules/koishi-plugin-adapter-onebot/lib/index.js:162:20)\n    at async OneBotMessageEncoder.flush (/root/lezskabot/koishi/koishi-app/node_modules/koishi-plugin-adapter-onebot/lib/index.js:771:338)\n    at async OneBotMessageEncoder.send (/root/lezskabot/koishi/koishi-app/node_modules/@satorijs/core/lib/index.cjs:755:5)\n    at async Proxy.sendMessage (/root/lezskabot/koishi/koishi-app/node_modules/@satorijs/core/lib/index.cjs:487:22)\n    at async _Command.eval (eval at <anonymous> (/root/lezskabot/koishi/koishi-app/node_modules/koishi-plugin-blockly-null/lib/index.js:1:1), <anonymous>:293:21)\n    at async Array.<anonymous> (/root/lezskabot/koishi/koishi-app/node_modules/@koishijs/core/lib/index.cjs:1079:14)\n    at async _Command.execute (/root/lezskabot/koishi/koishi-app/node_modules/@koishijs/core/lib/index.cjs:1093:22)\n    at async /root/lezskabot/koishi/koishi-app/node_modules/@koishijs/core/lib/index.cjs:2049:22","timestamp":1778947395110}
{"id":124348,"type":"info","level":2,"name":"抽卡与卡组","meta":{"paths":["lp0hx8"]},"content":"2334828455抽到了一张❀三星☄卡，剩余652P点","timestamp":1778947395136}
{"id":124796,"type":"success","level":1,"name":"抽卡与卡组","meta":{"paths":["lp0hx8"]},"content":"1652933285献祭了：4张二星  获得1120P点，当前P点数为3434","timestamp":1778947538311}
{"id":124904,"type":"success","level":1,"name":"签到","meta":{"paths":["lp0hx8"]},"content":"2085287779完成了一次签到！","timestamp":1778947553637}
{"id":125035,"type":"success","level":1,"name":"抽卡与卡组","meta":{"paths":["lp0hx8"]},"content":"1652933285献祭了：2张二星  2张三星  获得1680P点，当前P点数为3514","timestamp":1778947577433}
{"id":125346,"type":"success","level":1,"name":"签到","meta":{"paths":["lp0hx8"]},"content":"2994459542完成了一次签到！","timestamp":1778947659628}
{"id":125620,"type":"success","level":1,"name":"签到","meta":{"paths":["lp0hx8"]},"content":"1509417679完成了一次签到！","timestamp":1778947691327}
{"id":126121,"type":"success","level":1,"name":"签到","meta":{"paths":["lp0hx8"]},"content":"366837668完成了一次签到！","timestamp":1778947772914}
{"id":126123,"type":"error","level":1,"name":"签到","meta":{"paths":["lp0hx8"]},"content":"1652933285签到失败！原因：该用户已经签到","timestamp":1778947773023}
{"id":126182,"type":"success","level":1,"name":"签到","meta":{"paths":["lp0hx8"]},"content":"3493502863完成了一次签到！","timestamp":1778947781261}
{"id":126388,"type":"success","level":1,"name":"签到","meta":{"paths":["lp0hx8"]},"content":"1012113121完成了一次签到！","timestamp":1778947827428}
{"id":126415,"type":"success","level":1,"name":"签到","meta":{"paths":["lp0hx8"]},"content":"978229136完成了一次签到！","timestamp":1778947830937}
{"id":127396,"type":"success","level":1,"name":"签到","meta":{"paths":["lp0hx8"]},"content":"2186790348完成了一次签到！","timestamp":1778948093025}
{"id":129181,"type":"success","level":1,"name":"签到","meta":{"paths":["lp0hx8"]},"content":"3840729373完成了一次签到！","timestamp":1778948601528}
{"id":130685,"type":"success","level":1,"name":"签到","meta":{"paths":["lp0hx8"]},"content":"1090073898完成了一次签到！","timestamp":1778949003722}
{"id":131002,"type":"success","level":1,"name":"签到","meta":{"paths":["lp0hx8"]},"content":"1820639552完成了一次签到！","timestamp":1778949062627}
{"id":131063,"type":"success","level":1,"name":"签到","meta":{"paths":["lp0hx8"]},"content":"3938558435完成了一次签到！","timestamp":1778949068813}
{"id":131084,"type":"success","level":1,"name":"签到","meta":{"paths":["lp0hx8"]},"content":"3988136739完成了一次签到！","timestamp":1778949069827}
{"id":131115,"type":"error","level":1,"name":"签到","meta":{"paths":["lp0hx8"]},"content":"3385275057签到失败！原因：该用户已经签到","timestamp":1778949072417}
{"id":131154,"type":"success","level":1,"name":"签到","meta":{"paths":["lp0hx8"]},"content":"2018283414完成了一次签到！","timestamp":1778949074526}
{"id":131210,"type":"success","level":1,"name":"签到","meta":{"paths":["lp0hx8"]},"content":"3311381290完成了一次签到！","timestamp":1778949079328}
{"id":131367,"type":"success","level":1,"name":"签到","meta":{"paths":["lp0hx8"]},"content":"3834892968完成了一次签到！","timestamp":1778949103044}
{"id":131454,"type":"success","level":1,"name":"签到","meta":{"paths":["lp0hx8"]},"content":"3497892115完成了一次签到！","timestamp":1778949120247}
{"id":131797,"type":"info","level":2,"name":"抽卡与卡组","meta":{"paths":["lp0hx8"]},"content":"3834892968抽到了一张☆二星★卡，剩余8573P点","timestamp":1778949175358}
{"id":132297,"type":"success","level":1,"name":"签到","meta":{"paths":["lp0hx8"]},"content":"629832381完成了一次签到！","timestamp":1778949332515}
{"id":132646,"type":"info","level":2,"name":"抽卡与卡组","meta":{"paths":["lp0hx8"]},"content":"629832381抽到了一张☆二星★卡，剩余18526P点","timestamp":1778949458933}
{"id":133337,"type":"success","level":1,"name":"签到","meta":{"paths":["lp0hx8"]},"content":"1569181511完成了一次签到！","timestamp":1778949635429}
{"id":133360,"type":"info","level":2,"name":"抽卡与卡组","meta":{"paths":["lp0hx8"]},"content":"1569181511抽到了一张❀三星☄卡，剩余1456P点","timestamp":1778949639927}
{"id":133376,"type":"info","level":2,"name":"签到","meta":{"paths":["lp0hx8"]},"content":"已更新3055983840的抢劫次数和记录","timestamp":1778949644844}
{"id":133442,"type":"info","level":2,"name":"抽卡与卡组","meta":{"paths":["lp0hx8"]},"content":"1569181511抽到了一张☆二星★卡，剩余1056P点","timestamp":1778949655812}
{"id":133498,"type":"success","level":1,"name":"签到","meta":{"paths":["lp0hx8"]},"content":"971217490完成了一次签到！","timestamp":1778949659836}
{"id":133523,"type":"info","level":2,"name":"抽卡与卡组","meta":{"paths":["lp0hx8"]},"content":"1569181511抽到了一张☆二星★卡，剩余656P点","timestamp":1778949660744}
{"id":133549,"type":"info","level":2,"name":"抽卡与卡组","meta":{"paths":["lp0hx8"]},"content":"1569181511抽到了一张❀三星☄卡，剩余256P点","timestamp":1778949664227}
{"id":133594,"type":"info","level":2,"name":"签到","meta":{"paths":["lp0hx8"]},"content":"已更新971217490的抢劫次数和记录","timestamp":1778949670843}
{"id":133605,"type":"warn","level":2,"name":"session","meta":{},"content":"Error: Error with request send_group_msg, args: {\"group_id\":1091191330,\"message\":[{\"type\":\"text\",\"data\":{\"text\":\"他已经没有P点了！\"}}]}, retcode: 1200\n    at _Internal._get (/root/lezskabot/koishi/koishi-app/node_modules/koishi-plugin-adapter-onebot/lib/index.js:119:11)\n    at process.processTicksAndRejections (node:internal/process/task_queues:95:5)\n    at async _Internal.<computed> [as sendGroupMsg] (/root/lezskabot/koishi/koishi-app/node_modules/koishi-plugin-adapter-onebot/lib/index.js:162:20)\n    at async OneBotMessageEncoder.flush (/root/lezskabot/koishi/koishi-app/node_modules/koishi-plugin-adapter-onebot/lib/index.js:771:338)\n    at async OneBotMessageEncoder.send (/root/lezskabot/koishi/koishi-app/node_modules/@satorijs/core/lib/index.cjs:755:5)\n    at async Proxy.sendMessage (/root/lezskabot/koishi/koishi-app/node_modules/@satorijs/core/lib/index.cjs:487:22)\n    at async /root/lezskabot/koishi/koishi-app/node_modules/@koishijs/core/lib/index.cjs:2051:7\n    at async Proxy.withScope (/root/lezskabot/koishi/koishi-app/node_modules/@koishijs/core/lib/index.cjs:1958:22)\n    at async /root/lezskabot/koishi/koishi-app/node_modules/koishi-plugin-anti-space/lib/index.js:63:20\n    at async next (/root/lezskabot/koishi/koishi-app/node_modules/@koishijs/core/lib/index.cjs:827:16)","timestamp":1778949671410}
{"id":133625,"type":"info","level":2,"name":"签到","meta":{"paths":["lp0hx8"]},"content":"已更新1569181511的抢劫次数和记录","timestamp":1778949674315}
{"id":133642,"type":"success","level":1,"name":"签到","meta":{"paths":["lp0hx8"]},"content":"1569181511抢劫971217490失败！失去了所有P点！","timestamp":1778949675025}
{"id":133643,"type":"info","level":2,"name":"签到","meta":{"paths":["lp0hx8"]},"content":"1569181511今天的抢劫记录为-256   |    剩余抢劫次数为2","timestamp":1778949675026}
{"id":133659,"type":"info","level":2,"name":"签到","meta":{"paths":["lp0hx8"]},"content":"已更新3997019972的抢劫次数和记录","timestamp":1778949675836}
{"id":133727,"type":"success","level":1,"name":"签到","meta":{"paths":["lp0hx8"]},"content":"3055983840抢了971217490的362P点！","timestamp":1778949678828}
{"id":133728,"type":"info","level":2,"name":"签到","meta":{"paths":["lp0hx8"]},"content":"3055983840今天的抢劫记录为362   |    剩余抢劫次数为0","timestamp":1778949678829}
{"id":133730,"type":"success","level":1,"name":"签到","meta":{"paths":["lp0hx8"]},"content":"971217490抢劫29053789失败！失去了300P点！","timestamp":1778949679025}
{"id":133731,"type":"info","level":2,"name":"签到","meta":{"paths":["lp0hx8"]},"content":"971217490今天的抢劫记录为-2307   |    剩余抢劫次数为2","timestamp":1778949679025}
{"id":133854,"type":"info","level":2,"name":"签到","meta":{"paths":["lp0hx8"]},"content":"已更新29053789的抢劫次数和记录","timestamp":1778949693137}
{"id":133873,"type":"success","level":1,"name":"签到","meta":{"paths":["lp0hx8"]},"content":"29053789抢了971217490的714P点！","timestamp":1778949693920}
{"id":133874,"type":"info","level":2,"name":"签到","meta":{"paths":["lp0hx8"]},"content":"29053789今天的抢劫记录为714   |    剩余抢劫次数为3","timestamp":1778949693921}
{"id":133908,"type":"info","level":2,"name":"抽卡与卡组","meta":{"paths":["lp0hx8"]},"content":"3493502863抽到了一张☆二星★卡，剩余2197P点","timestamp":1778949699712}
{"id":133956,"type":"warn","level":2,"name":"session","meta":{},"content":"Error: Error with request send_group_msg, args: {\"group_id\":1091191330,\"message\":[{\"type\":\"at\",\"data\":{\"qq\":\"971217490\"}},{\"type\":\"text\",\"data\":{\"text\":\"   恭喜你从对方手里抢到31P点！\\n你现在有662P点\\n对方还剩308929P点\\n你还剩1次抢P点次数！\"}}]}, retcode: 1200\n    at _Internal._get (/root/lezskabot/koishi/koishi-app/node_modules/koishi-plugin-adapter-onebot/lib/index.js:119:11)\n    at process.processTicksAndRejections (node:internal/process/task_queues:95:5)\n    at async _Internal.<computed> [as sendGroupMsg] (/root/lezskabot/koishi/koishi-app/node_modules/koishi-plugin-adapter-onebot/lib/index.js:162:20)\n    at async OneBotMessageEncoder.flush (/root/lezskabot/koishi/koishi-app/node_modules/koishi-plugin-adapter-onebot/lib/index.js:771:338)\n    at async OneBotMessageEncoder.send (/root/lezskabot/koishi/koishi-app/node_modules/@satorijs/core/lib/index.cjs:755:5)\n    at async Proxy.sendMessage (/root/lezskabot/koishi/koishi-app/node_modules/@satorijs/core/lib/index.cjs:487:22)\n    at async _Command.eval (eval at <anonymous> (/root/lezskabot/koishi/koishi-app/node_modules/koishi-plugin-blockly-null/lib/index.js:1:1), <anonymous>:306:29)\n    at async Array.<anonymous> (/root/lezskabot/koishi/koishi-app/node_modules/@koishijs/core/lib/index.cjs:1079:14)\n    at async _Command.execute (/root/lezskabot/koishi/koishi-app/node_modules/@koishijs/core/lib/index.cjs:1093:22)\n    at async /root/lezskabot/koishi/koishi-app/node_modules/@koishijs/core/lib/index.cjs:2049:22","timestamp":1778949701720}
{"id":133957,"type":"success","level":1,"name":"签到","meta":{"paths":["lp0hx8"]},"content":"971217490抢了29053789的31P点！","timestamp":1778949701722}
{"id":133958,"type":"info","level":2,"name":"签到","meta":{"paths":["lp0hx8"]},"content":"971217490今天的抢劫记录为-3621   |    剩余抢劫次数为1","timestamp":1778949701723}
{"id":133986,"type":"warn","level":2,"name":"session","meta":{},"content":"Error: Error with request send_group_msg, args: {\"group_id\":1091191330,\"message\":[{\"type\":\"at\",\"data\":{\"qq\":\"3997019972\"}},{\"type\":\"text\",\"data\":{\"text\":\"   抢劫失败！你失去了66P点！\\n你现在有291P点\\n你还剩2次抢P点次数！\"}}]}, retcode: 1200\n    at _Internal._get (/root/lezskabot/koishi/koishi-app/node_modules/koishi-plugin-adapter-onebot/lib/index.js:119:11)\n    at process.processTicksAndRejections (node:internal/process/task_queues:95:5)\n    at async _Internal.<computed> [as sendGroupMsg] (/root/lezskabot/koishi/koishi-app/node_modules/koishi-plugin-adapter-onebot/lib/index.js:162:20)\n    at async OneBotMessageEncoder.flush (/root/lezskabot/koishi/koishi-app/node_modules/koishi-plugin-adapter-onebot/lib/index.js:771:338)\n    at async OneBotMessageEncoder.send (/root/lezskabot/koishi/koishi-app/node_modules/@satorijs/core/lib/index.cjs:755:5)\n    at async Proxy.sendMessage (/root/lezskabot/koishi/koishi-app/node_modules/@satorijs/core/lib/index.cjs:487:22)\n    at async _Command.eval (eval at <anonymous> (/root/lezskabot/koishi/koishi-app/node_modules/koishi-plugin-blockly-null/lib/index.js:1:1), <anonymous>:325:31)\n    at async Array.<anonymous> (/root/lezskabot/koishi/koishi-app/node_modules/@koishijs/core/lib/index.cjs:1079:14)\n    at async _Command.execute (/root/lezskabot/koishi/koishi-app/node_modules/@koishijs/core/lib/index.cjs:1093:22)\n    at async /root/lezskabot/koishi/koishi-app/node_modules/@koishijs/core/lib/index.cjs:2049:22","timestamp":1778949702531}
{"id":133987,"type":"success","level":1,"name":"签到","meta":{"paths":["lp0hx8"]},"content":"3997019972抢劫29053789失败！失去了66P点！","timestamp":1778949702533}
{"id":133988,"type":"info","level":2,"name":"签到","meta":{"paths":["lp0hx8"]},"content":"3997019972今天的抢劫记录为-66   |    剩余抢劫次数为2","timestamp":1778949702535}
{"id":134018,"type":"info","level":2,"name":"签到","meta":{"paths":["lp0hx8"]},"content":"已更新1652933285的抢劫次数和记录","timestamp":1778949705916}
{"id":134039,"type":"warn","level":2,"name":"session","meta":{},"content":"Error: Error with request send_group_msg, args: {\"group_id\":1091191330,\"message\":[{\"type\":\"at\",\"data\":{\"qq\":\"3055983840\"}},{\"type\":\"text\",\"data\":{\"text\":\"baka！你今天已经抢劫次数用完了！不许抢了！\"}}]}, retcode: 1200\n    at _Internal._get (/root/lezskabot/koishi/koishi-app/node_modules/koishi-plugin-adapter-onebot/lib/index.js:119:11)\n    at process.processTicksAndRejections (node:internal/process/task_queues:95:5)\n    at async _Internal.<computed> [as sendGroupMsg] (/root/lezskabot/koishi/koishi-app/node_modules/koishi-plugin-adapter-onebot/lib/index.js:162:20)\n    at async OneBotMessageEncoder.flush (/root/lezskabot/koishi/koishi-app/node_modules/koishi-plugin-adapter-onebot/lib/index.js:771:338)\n    at async OneBotMessageEncoder.send (/root/lezskabot/koishi/koishi-app/node_modules/@satorijs/core/lib/index.cjs:755:5)\n    at async Proxy.sendMessage (/root/lezskabot/koishi/koishi-app/node_modules/@satorijs/core/lib/index.cjs:487:22)\n    at async _Command.eval (eval at <anonymous> (/root/lezskabot/koishi/koishi-app/node_modules/koishi-plugin-blockly-null/lib/index.js:1:1), <anonymous>:337:15)\n    at async Array.<anonymous> (/root/lezskabot/koishi/koishi-app/node_modules/@koishijs/core/lib/index.cjs:1079:14)\n    at async _Command.execute (/root/lezskabot/koishi/koishi-app/node_modules/@koishijs/core/lib/index.cjs:1093:22)\n    at async /root/lezskabot/koishi/koishi-app/node_modules/@koishijs/core/lib/index.cjs:2049:22","timestamp":1778949706117}
{"id":134040,"type":"error","level":1,"name":"签到","meta":{"paths":["lp0hx8"]},"content":"3055983840抢劫失败！该用户今天抢劫次数已用完","timestamp":1778949706121}
{"id":134042,"type":"warn","level":2,"name":"session","meta":{},"content":"Error: Error with request send_group_msg, args: {\"group_id\":1091191330,\"message\":[{\"type\":\"at\",\"data\":{\"qq\":\"1652933285\"}},{\"type\":\"text\",\"data\":{\"text\":\"   恭喜你从对方手里抢到333P点！\\n你现在有3847P点\\n对方还剩308596P点\\n你还剩2次抢P点次数！\"}}]}, retcode: 1200\n    at _Internal._get (/root/lezskabot/koishi/koishi-app/node_modules/koishi-plugin-adapter-onebot/lib/index.js:119:11)\n    at process.processTicksAndRejections (node:internal/process/task_queues:95:5)\n    at async _Internal.<computed> [as sendGroupMsg] (/root/lezskabot/koishi/koishi-app/node_modules/koishi-plugin-adapter-onebot/lib/index.js:162:20)\n    at async OneBotMessageEncoder.flush (/root/lezskabot/koishi/koishi-app/node_modules/koishi-plugin-adapter-onebot/lib/index.js:771:338)\n    at async OneBotMessageEncoder.send (/root/lezskabot/koishi/koishi-app/node_modules/@satorijs/core/lib/index.cjs:755:5)\n    at async Proxy.sendMessage (/root/lezskabot/koishi/koishi-app/node_modules/@satorijs/core/lib/index.cjs:487:22)\n    at async _Command.eval (eval at <anonymous> (/root/lezskabot/koishi/koishi-app/node_modules/koishi-plugin-blockly-null/lib/index.js:1:1), <anonymous>:306:29)\n    at async Array.<anonymous> (/root/lezskabot/koishi/koishi-app/node_modules/@koishijs/core/lib/index.cjs:1079:14)\n    at async _Command.execute (/root/lezskabot/koishi/koishi-app/node_modules/@koishijs/core/lib/index.cjs:1093:22)\n    at async /root/lezskabot/koishi/koishi-app/node_modules/@koishijs/core/lib/index.cjs:2049:22","timestamp":1778949706518}
{"id":134043,"type":"success","level":1,"name":"签到","meta":{"paths":["lp0hx8"]},"content":"1652933285抢了29053789的333P点！","timestamp":1778949706519}
{"id":134044,"type":"info","level":2,"name":"签到","meta":{"paths":["lp0hx8"]},"content":"1652933285今天的抢劫记录为333   |    剩余抢劫次数为2","timestamp":1778949706520}
{"id":134131,"type":"warn","level":2,"name":"session","meta":{},"content":"Error: Error with request send_group_msg, args: {\"group_id\":1091191330,\"message\":[{\"type\":\"image\",\"data\":{\"file\":\"/root/lezskabot/cards/1/162.png\",\"cache\":0}},{\"type\":\"at\",\"data\":{\"qq\":\"971217490\"}},{\"type\":\"text\",\"data\":{\"text\":\"☆二星★\\n此卡在你手中，请手动加入卡组\\n你还有262P点\\n也就是0抽。\\n请仔细阅读“抽卡帮助”！\"}}]}, retcode: 1200\n    at _Internal._get (/root/lezskabot/koishi/koishi-app/node_modules/koishi-plugin-adapter-onebot/lib/index.js:119:11)\n    at process.processTicksAndRejections (node:internal/process/task_queues:95:5)\n    at async _Internal.<computed> [as sendGroupMsg] (/root/lezskabot/koishi/koishi-app/node_modules/koishi-plugin-adapter-onebot/lib/index.js:162:20)\n    at async OneBotMessageEncoder.flush (/root/lezskabot/koishi/koishi-app/node_modules/koishi-plugin-adapter-onebot/lib/index.js:771:338)\n    at async OneBotMessageEncoder.send (/root/lezskabot/koishi/koishi-app/node_modules/@satorijs/core/lib/index.cjs:755:5)\n    at async Proxy.sendMessage (/root/lezskabot/koishi/koishi-app/node_modules/@satorijs/core/lib/index.cjs:487:22)\n    at async _Command.eval (eval at <anonymous> (/root/lezskabot/koishi/koishi-app/node_modules/koishi-plugin-blockly-null/lib/index.js:1:1), <anonymous>:302:15)\n    at async Array.<anonymous> (/root/lezskabot/koishi/koishi-app/node_modules/@koishijs/core/lib/index.cjs:1079:14)\n    at async _Command.execute (/root/lezskabot/koishi/koishi-app/node_modules/@koishijs/core/lib/index.cjs:1093:22)\n    at async /root/lezskabot/koishi/koishi-app/node_modules/@koishijs/core/lib/index.cjs:2049:22","timestamp":1778949729634}
{"id":134133,"type":"info","level":2,"name":"抽卡与卡组","meta":{"paths":["lp0hx8"]},"content":"971217490抽到了一张☆二星★卡，剩余262P点","timestamp":1778949729641}
{"id":134178,"type":"error","level":1,"name":"签到","meta":{"paths":["lp0hx8"]},"content":"3055983840抢劫失败！该用户今天抢劫次数已用完","timestamp":1778949737038}
{"id":134194,"type":"error","level":1,"name":"抽卡与卡组","meta":{"paths":["lp0hx8"]},"content":"971217490抽卡失败，积分不足","timestamp":1778949741031}
{"id":134237,"type":"info","level":2,"name":"抽卡与卡组","meta":{"paths":["lp0hx8"]},"content":"3493502863抽到了一张☆二星★卡，剩余1797P点","timestamp":1778949748018}
{"id":134390,"type":"info","level":2,"name":"抽卡与卡组","meta":{"paths":["lp0hx8"]},"content":"3493502863抽到了一张☆二星★卡，剩余1397P点","timestamp":1778949788056}
{"id":134443,"type":"success","level":1,"name":"签到","meta":{"paths":["lp0hx8"]},"content":"3997019972抢了3980423768的340P点！","timestamp":1778949793628}
{"id":134444,"type":"info","level":2,"name":"签到","meta":{"paths":["lp0hx8"]},"content":"3997019972今天的抢劫记录为128   |    剩余抢劫次数为1","timestamp":1778949793630}
{"id":134510,"type":"info","level":2,"name":"抽卡与卡组","meta":{"paths":["lp0hx8"]},"content":"3997019972抽到了一张❀三星☄卡，剩余85P点","timestamp":1778949802912}
{"id":134699,"type":"success","level":1,"name":"签到","meta":{"paths":["lp0hx8"]},"content":"3997019972抢了3055983840的109P点！","timestamp":1778949830420}
{"id":134700,"type":"info","level":2,"name":"签到","meta":{"paths":["lp0hx8"]},"content":"3997019972今天的抢劫记录为237   |    剩余抢劫次数为0","timestamp":1778949830424}
{"id":134738,"type":"warn","level":2,"name":"session","meta":{},"content":"Error: Error with request send_group_msg, args: {\"group_id\":1091191330,\"message\":[{\"type\":\"at\",\"data\":{\"qq\":\"3493502863\"}},{\"type\":\"text\",\"data\":{\"text\":\"你当前的卡组为\\n1-稀有度： ☆二星★\"}},{\"type\":\"image\",\"data\":{\"file\":\"/root/lezskabot/cards/1/214.png\",\"cache\":0}},{\"type\":\"text\",\"data\":{\"text\":\"2-稀有度： ☆二星★\"}},{\"type\":\"image\",\"data\":{\"file\":\"/root/lezskabot/cards/1/42.png\",\"cache\":0}},{\"type\":\"text\",\"data\":{\"text\":\"3-稀有度： ❀三星☄\"}},{\"type\":\"image\",\"data\":{\"file\":\"/root/lezskabot/cards/2/154.png\",\"cache\":0}},{\"type\":\"text\",\"data\":{\"text\":\"4-稀有度： ☆二星★\"}},{\"type\":\"image\",\"data\":{\"file\":\"/root/lezskabot/cards/1/189.png\",\"cache\":0}},{\"type\":\"text\",\"data\":{\"text\":\"5-稀有度： ❀三星☄\"}},{\"type\":\"image\",\"data\":{\"file\":\"/root/lezskabot/cards/2/144.png\",\"cache\":0}},{\"type\":\"text\",\"data\":{\"text\":\"6-稀有度： ☆二星★\"}},{\"type\":\"image\",\"data\":{\"file\":\"/root/lezskabot/cards/1/133.png\",\"cache\":0}},{\"type\":\"text\",\"data\":{\"text\":\"7-稀有度： ☆二星★\"}},{\"type\":\"image\",\"data\":{\"file\":\"/root/lezskabot/cards/1/208.png\",\"cache\":0}},{\"type\":\"text\",\"data\":{\"text\":\"8-稀有度： ☆二星★\"}},{\"type\":\"image\",\"data\":{\"file\":\"/root/lezskabot/cards/1/72.png\",\"cache\":0}}]}, retcode: 1200\n    at _Internal._get (/root/lezskabot/koishi/koishi-app/node_modules/koishi-plugin-adapter-onebot/lib/index.js:119:11)\n    at process.processTicksAndRejections (node:internal/process/task_queues:95:5)\n    at async _Internal.<computed> [as sendGroupMsg] (/root/lezskabot/koishi/koishi-app/node_modules/koishi-plugin-adapter-onebot/lib/index.js:162:20)\n    at async OneBotMessageEncoder.flush (/root/lezskabot/koishi/koishi-app/node_modules/koishi-plugin-adapter-onebot/lib/index.js:771:338)\n    at async OneBotMessageEncoder.send (/root/lezskabot/koishi/koishi-app/node_modules/@satorijs/core/lib/index.cjs:755:5)\n    at async Proxy.sendMessage (/root/lezskabot/koishi/koishi-app/node_modules/@satorijs/core/lib/index.cjs:487:22)\n    at async _Command.eval (eval at <anonymous> (/root/lezskabot/koishi/koishi-app/node_modules/koishi-plugin-blockly-null/lib/index.js:1:1), <anonymous>:105:9)\n    at async Array.<anonymous> (/root/lezskabot/koishi/koishi-app/node_modules/@koishijs/core/lib/index.cjs:1079:14)\n    at async _Command.execute (/root/lezskabot/koishi/koishi-app/node_modules/@koishijs/core/lib/index.cjs:1093:22)\n    at async /root/lezskabot/koishi/koishi-app/node_modules/@koishijs/core/lib/index.cjs:2049:22","timestamp":1778949841931}
{"id":137129,"type":"success","level":1,"name":"签到","meta":{"paths":["lp0hx8"]},"content":"3568930598完成了一次签到！","timestamp":1778950762241}
{"id":139464,"type":"success","level":1,"name":"签到","meta":{"paths":["lp0hx8"]},"content":"956937232完成了一次签到！","timestamp":1778952013319}
{"id":139564,"type":"error","level":1,"name":"签到","meta":{"paths":["lp0hx8"]},"content":"3055983840抢劫失败！该用户今天抢劫次数已用完","timestamp":1778952034258}
{"id":139710,"type":"success","level":1,"name":"抽卡与卡组","meta":{"paths":["lp0hx8"]},"content":"2432499215献祭了：1张二星  2张三星  1张四星  获得2600P点，当前P点数为7851","timestamp":1778952077610}
{"id":139807,"type":"success","level":1,"name":"抽卡与卡组","meta":{"paths":["lp0hx8"]},"content":"2432499215献祭了：3张二星  1张三星  获得1400P点，当前P点数为7651","timestamp":1778952107718}
{"id":139907,"type":"warn","level":2,"name":"session","meta":{},"content":"Error: Error with request send_group_msg, args: {\"group_id\":1091191330,\"message\":[{\"type\":\"at\",\"data\":{\"qq\":\"2432499215\"}},{\"type\":\"text\",\"data\":{\"text\":\"你当前的卡组为\\n1-稀有度： ☆二星★\"}},{\"type\":\"image\",\"data\":{\"file\":\"/root/lezskabot/cards/1/169.png\",\"cache\":0}},{\"type\":\"text\",\"data\":{\"text\":\"2-稀有度： ♔♕四星(?)♕♔\"}},{\"type\":\"image\",\"data\":{\"file\":\"/root/lezskabot/cards/3/210.png\",\"cache\":0}},{\"type\":\"text\",\"data\":{\"text\":\"3-稀有度： ☂FES☃\"}},{\"type\":\"image\",\"data\":{\"file\":\"/root/lezskabot/cards/4/4.png\",\"cache\":0}},{\"type\":\"text\",\"data\":{\"text\":\"4-稀有度： ☂FES☃\"}},{\"type\":\"image\",\"data\":{\"file\":\"/root/lezskabot/cards/4/1.png\",\"cache\":0}},{\"type\":\"text\",\"data\":{\"text\":\"5-稀有度： ♔♕四星(?)♕♔\"}},{\"type\":\"image\",\"data\":{\"file\":\"/root/lezskabot/cards/3/450.png\",\"cache\":0}},{\"type\":\"text\",\"data\":{\"text\":\"6-稀有度： ♔♕四星(?)♕♔\"}},{\"type\":\"image\",\"data\":{\"file\":\"/root/lezskabot/cards/3/168.png\",\"cache\":0}},{\"type\":\"text\",\"data\":{\"text\":\"7-稀有度： ☆二星★\"}},{\"type\":\"image\",\"data\":{\"file\":\"/root/lezskabot/cards/1/227.png\",\"cache\":0}},{\"type\":\"text\",\"data\":{\"text\":\"8-稀有度： ❀三星☄\"}},{\"type\":\"image\",\"data\":{\"file\":\"/root/lezskabot/cards/2/158.png\",\"cache\":0}}]}, retcode: 1200\n    at _Internal._get (/root/lezskabot/koishi/koishi-app/node_modules/koishi-plugin-adapter-onebot/lib/index.js:119:11)\n    at process.processTicksAndRejections (node:internal/process/task_queues:95:5)\n    at async _Internal.<computed> [as sendGroupMsg] (/root/lezskabot/koishi/koishi-app/node_modules/koishi-plugin-adapter-onebot/lib/index.js:162:20)\n    at async OneBotMessageEncoder.flush (/root/lezskabot/koishi/koishi-app/node_modules/koishi-plugin-adapter-onebot/lib/index.js:771:338)\n    at async OneBotMessageEncoder.send (/root/lezskabot/koishi/koishi-app/node_modules/@satorijs/core/lib/index.cjs:755:5)\n    at async Proxy.sendMessage (/root/lezskabot/koishi/koishi-app/node_modules/@satorijs/core/lib/index.cjs:487:22)\n    at async _Command.eval (eval at <anonymous> (/root/lezskabot/koishi/koishi-app/node_modules/koishi-plugin-blockly-null/lib/index.js:1:1), <anonymous>:105:9)\n    at async Array.<anonymous> (/root/lezskabot/koishi/koishi-app/node_modules/@koishijs/core/lib/index.cjs:1079:14)\n    at async _Command.execute (/root/lezskabot/koishi/koishi-app/node_modules/@koishijs/core/lib/index.cjs:1093:22)\n    at async /root/lezskabot/koishi/koishi-app/node_modules/@koishijs/core/lib/index.cjs:2049:22","timestamp":1778952129529}
{"id":141529,"type":"warn","level":2,"name":"re-driftbottle","meta":{},"content":"509号漂流瓶发送失败（已重试0/5次，将在500ms后重试）：Error: Error with request send_group_forward_msg, args: {\"group_id\":1091191330,\"messages\":[{\"type\":\"node\",\"data\":{\"uin\":\"3678233304\",\"content\":[{\"type\":\"text\",\"data\":{\"text\":\"你捞到了509号漂流瓶，来自“Oxygen”！\\n标题：\\n来自群聊：1091191330\\n日期：2026年5月17日\\n发送“捞漂流瓶 509 [分页]”可以查看评论区的其他分页\\n发送“评论瓶子 509 <内容>”或引用瓶子消息就可以在下面评论这只瓶子\\n发送“评论瓶子 [-r <评论编号>] 509 <内容>”可以回复评论区的评论\"}}],\"time\":\"1778952684\"}},{\"type\":\"node\",\"data\":{\"name\":\"Oxygen\",\"uin\":\"3980423768\",\"content\":[{\"type\":\"at\",\"data\":{\"qq\":\"956937232\",\"name\":\"AAA神秘****推男\"}}],\"time\":\"1778952684\"}}]}, retcode: 1200","timestamp":1778952685127}
{"id":141534,"type":"warn","level":2,"name":"re-driftbottle","meta":{},"content":"509号漂流瓶发送失败（已重试1/5次，将在500ms后重试）：Error: Error with request send_group_forward_msg, args: {\"group_id\":1091191330,\"messages\":[{\"type\":\"node\",\"data\":{\"uin\":\"3678233304\",\"content\":[{\"type\":\"text\",\"data\":{\"text\":\"你捞到了509号漂流瓶，来自“Oxygen”！\\n标题：\\n来自群聊：1091191330\\n日期：2026年5月17日\\n发送“捞漂流瓶 509 [分页]”可以查看评论区的其他分页\\n发送“评论瓶子 509 <内容>”或引用瓶子消息就可以在下面评论这只瓶子\\n发送“评论瓶子 [-r <评论编号>] 509 <内容>”可以回复评论区的评论\"}}],\"time\":\"1778952685\"}},{\"type\":\"node\",\"data\":{\"name\":\"Oxygen\",\"uin\":\"3980423768\",\"content\":[{\"type\":\"at\",\"data\":{\"qq\":\"956937232\",\"name\":\"AAA神秘****推男\"}}],\"time\":\"1778952685\"}}]}, retcode: 1200","timestamp":1778952686022}
{"id":141539,"type":"warn","level":2,"name":"re-driftbottle","meta":{},"content":"509号漂流瓶发送失败（已重试2/5次，将在500ms后重试）：Error: Error with request send_group_forward_msg, args: {\"group_id\":1091191330,\"messages\":[{\"type\":\"node\",\"data\":{\"uin\":\"3678233304\",\"content\":[{\"type\":\"text\",\"data\":{\"text\":\"你捞到了509号漂流瓶，来自“Oxygen”！\\n标题：\\n来自群聊：1091191330\\n日期：2026年5月17日\\n发送“捞漂流瓶 509 [分页]”可以查看评论区的其他分页\\n发送“评论瓶子 509 <内容>”或引用瓶子消息就可以在下面评论这只瓶子\\n发送“评论瓶子 [-r <评论编号>] 509 <内容>”可以回复评论区的评论\"}}],\"time\":\"1778952686\"}},{\"type\":\"node\",\"data\":{\"name\":\"Oxygen\",\"uin\":\"3980423768\",\"content\":[{\"type\":\"at\",\"data\":{\"qq\":\"956937232\",\"name\":\"AAA神秘****推男\"}}],\"time\":\"1778952686\"}}]}, retcode: 1200","timestamp":1778952686911}
{"id":141544,"type":"warn","level":2,"name":"re-driftbottle","meta":{},"content":"509号漂流瓶发送失败（已重试3/5次，将在500ms后重试）：Error: Error with request send_group_forward_msg, args: {\"group_id\":1091191330,\"messages\":[{\"type\":\"node\",\"data\":{\"uin\":\"3678233304\",\"content\":[{\"type\":\"text\",\"data\":{\"text\":\"你捞到了509号漂流瓶，来自“Oxygen”！\\n标题：\\n来自群聊：1091191330\\n日期：2026年5月17日\\n发送“捞漂流瓶 509 [分页]”可以查看评论区的其他分页\\n发送“评论瓶子 509 <内容>”或引用瓶子消息就可以在下面评论这只瓶子\\n发送“评论瓶子 [-r <评论编号>] 509 <内容>”可以回复评论区的评论\"}}],\"time\":\"1778952687\"}},{\"type\":\"node\",\"data\":{\"name\":\"Oxygen\",\"uin\":\"3980423768\",\"content\":[{\"type\":\"at\",\"data\":{\"qq\":\"956937232\",\"name\":\"AAA神秘****推男\"}}],\"time\":\"1778952687\"}}]}, retcode: 1200","timestamp":1778952687740}
{"id":141549,"type":"warn","level":2,"name":"re-driftbottle","meta":{},"content":"509号漂流瓶发送失败（已重试4/5次，将在500ms后重试）：Error: Error with request send_group_forward_msg, args: {\"group_id\":1091191330,\"messages\":[{\"type\":\"node\",\"data\":{\"uin\":\"3678233304\",\"content\":[{\"type\":\"text\",\"data\":{\"text\":\"你捞到了509号漂流瓶，来自“Oxygen”！\\n标题：\\n来自群聊：1091191330\\n日期：2026年5月17日\\n发送“捞漂流瓶 509 [分页]”可以查看评论区的其他分页\\n发送“评论瓶子 509 <内容>”或引用瓶子消息就可以在下面评论这只瓶子\\n发送“评论瓶子 [-r <评论编号>] 509 <内容>”可以回复评论区的评论\"}}],\"time\":\"1778952688\"}},{\"type\":\"node\",\"data\":{\"name\":\"Oxygen\",\"uin\":\"3980423768\",\"content\":[{\"type\":\"at\",\"data\":{\"qq\":\"956937232\",\"name\":\"AAA神秘****推男\"}}],\"time\":\"1778952688\"}}]}, retcode: 1200","timestamp":1778952688530}
{"id":141560,"type":"warn","level":2,"name":"re-driftbottle","meta":{},"content":"509号漂流瓶发送失败（已重试5次）：Error: Error with request send_group_forward_msg, args: {\"group_id\":1091191330,\"messages\":[{\"type\":\"node\",\"data\":{\"uin\":\"3678233304\",\"content\":[{\"type\":\"text\",\"data\":{\"text\":\"你捞到了509号漂流瓶，来自“Oxygen”！\\n标题：\\n来自群聊：1091191330\\n日期：2026年5月17日\\n发送“捞漂流瓶 509 [分页]”可以查看评论区的其他分页\\n发送“评论瓶子 509 <内容>”或引用瓶子消息就可以在下面评论这只瓶子\\n发送“评论瓶子 [-r <评论编号>] 509 <内容>”可以回复评论区的评论\"}}],\"time\":\"1778952689\"}},{\"type\":\"node\",\"data\":{\"name\":\"Oxygen\",\"uin\":\"3980423768\",\"content\":[{\"type\":\"at\",\"data\":{\"qq\":\"956937232\",\"name\":\"AAA神秘****推男\"}}],\"time\":\"1778952689\"}}]}, retcode: 1200","timestamp":1778952689432}
{"id":141581,"type":"warn","level":2,"name":"re-driftbottle","meta":{},"content":"509号漂流瓶发送失败（已重试0/5次，将在500ms后重试）：Error: Error with request send_group_forward_msg, args: {\"group_id\":1091191330,\"messages\":[{\"type\":\"node\",\"data\":{\"uin\":\"3678233304\",\"content\":[{\"type\":\"text\",\"data\":{\"text\":\"你捞到了509号漂流瓶，来自“Oxygen”！\\n标题：\\n来自群聊：1091191330\\n日期：2026年5月17日\\n发送“捞漂流瓶 509 [分页]”可以查看评论区的其他分页\\n发送“评论瓶子 509 <内容>”或引用瓶子消息就可以在下面评论这只瓶子\\n发送“评论瓶子 [-r <评论编号>] 509 <内容>”可以回复评论区的评论\"}}],\"time\":\"1778952696\"}},{\"type\":\"node\",\"data\":{\"name\":\"Oxygen\",\"uin\":\"3980423768\",\"content\":[{\"type\":\"at\",\"data\":{\"qq\":\"956937232\",\"name\":\"AAA神秘****推男\"}}],\"time\":\"1778952696\"}}]}, retcode: 1200","timestamp":1778952697226}
{"id":141586,"type":"warn","level":2,"name":"re-driftbottle","meta":{},"content":"509号漂流瓶发送失败（已重试1/5次，将在500ms后重试）：Error: Error with request send_group_forward_msg, args: {\"group_id\":1091191330,\"messages\":[{\"type\":\"node\",\"data\":{\"uin\":\"3678233304\",\"content\":[{\"type\":\"text\",\"data\":{\"text\":\"你捞到了509号漂流瓶，来自“Oxygen”！\\n标题：\\n来自群聊：1091191330\\n日期：2026年5月17日\\n发送“捞漂流瓶 509 [分页]”可以查看评论区的其他分页\\n发送“评论瓶子 509 <内容>”或引用瓶子消息就可以在下面评论这只瓶子\\n发送“评论瓶子 [-r <评论编号>] 509 <内容>”可以回复评论区的评论\"}}],\"time\":\"1778952697\"}},{\"type\":\"node\",\"data\":{\"name\":\"Oxygen\",\"uin\":\"3980423768\",\"content\":[{\"type\":\"at\",\"data\":{\"qq\":\"956937232\",\"name\":\"AAA神秘****推男\"}}],\"time\":\"1778952697\"}}]}, retcode: 1200","timestamp":1778952698047}
{"id":141591,"type":"warn","level":2,"name":"re-driftbottle","meta":{},"content":"509号漂流瓶发送失败（已重试2/5次，将在500ms后重试）：Error: Error with request send_group_forward_msg, args: {\"group_id\":1091191330,\"messages\":[{\"type\":\"node\",\"data\":{\"uin\":\"3678233304\",\"content\":[{\"type\":\"text\",\"data\":{\"text\":\"你捞到了509号漂流瓶，来自“Oxygen”！\\n标题：\\n来自群聊：1091191330\\n日期：2026年5月17日\\n发送“捞漂流瓶 509 [分页]”可以查看评论区的其他分页\\n发送“评论瓶子 509 <内容>”或引用瓶子消息就可以在下面评论这只瓶子\\n发送“评论瓶子 [-r <评论编号>] 509 <内容>”可以回复评论区的评论\"}}],\"time\":\"1778952698\"}},{\"type\":\"node\",\"data\":{\"name\":\"Oxygen\",\"uin\":\"3980423768\",\"content\":[{\"type\":\"at\",\"data\":{\"qq\":\"956937232\",\"name\":\"AAA神秘****推男\"}}],\"time\":\"1778952698\"}}]}, retcode: 1200","timestamp":1778952698939}
{"id":141596,"type":"warn","level":2,"name":"re-driftbottle","meta":{},"content":"509号漂流瓶发送失败（已重试3/5次，将在500ms后重试）：Error: Error with request send_group_forward_msg, args: {\"group_id\":1091191330,\"messages\":[{\"type\":\"node\",\"data\":{\"uin\":\"3678233304\",\"content\":[{\"type\":\"text\",\"data\":{\"text\":\"你捞到了509号漂流瓶，来自“Oxygen”！\\n标题：\\n来自群聊：1091191330\\n日期：2026年5月17日\\n发送“捞漂流瓶 509 [分页]”可以查看评论区的其他分页\\n发送“评论瓶子 509 <内容>”或引用瓶子消息就可以在下面评论这只瓶子\\n发送“评论瓶子 [-r <评论编号>] 509 <内容>”可以回复评论区的评论\"}}],\"time\":\"1778952699\"}},{\"type\":\"node\",\"data\":{\"name\":\"Oxygen\",\"uin\":\"3980423768\",\"content\":[{\"type\":\"at\",\"data\":{\"qq\":\"956937232\",\"name\":\"AAA神秘****推男\"}}],\"time\":\"1778952699\"}}]}, retcode: 1200","timestamp":1778952699741}
{"id":141601,"type":"warn","level":2,"name":"re-driftbottle","meta":{},"content":"509号漂流瓶发送失败（已重试4/5次，将在500ms后重试）：Error: Error with request send_group_forward_msg, args: {\"group_id\":1091191330,\"messages\":[{\"type\":\"node\",\"data\":{\"uin\":\"3678233304\",\"content\":[{\"type\":\"text\",\"data\":{\"text\":\"你捞到了509号漂流瓶，来自“Oxygen”！\\n标题：\\n来自群聊：1091191330\\n日期：2026年5月17日\\n发送“捞漂流瓶 509 [分页]”可以查看评论区的其他分页\\n发送“评论瓶子 509 <内容>”或引用瓶子消息就可以在下面评论这只瓶子\\n发送“评论瓶子 [-r <评论编号>] 509 <内容>”可以回复评论区的评论\"}}],\"time\":\"1778952700\"}},{\"type\":\"node\",\"data\":{\"name\":\"Oxygen\",\"uin\":\"3980423768\",\"content\":[{\"type\":\"at\",\"data\":{\"qq\":\"956937232\",\"name\":\"AAA神秘****推男\"}}],\"time\":\"1778952700\"}}]}, retcode: 1200","timestamp":1778952700543}
{"id":141610,"type":"warn","level":2,"name":"re-driftbottle","meta":{},"content":"509号漂流瓶发送失败（已重试5次）：Error: Error with request send_group_forward_msg, args: {\"group_id\":1091191330,\"messages\":[{\"type\":\"node\",\"data\":{\"uin\":\"3678233304\",\"content\":[{\"type\":\"text\",\"data\":{\"text\":\"你捞到了509号漂流瓶，来自“Oxygen”！\\n标题：\\n来自群聊：1091191330\\n日期：2026年5月17日\\n发送“捞漂流瓶 509 [分页]”可以查看评论区的其他分页\\n发送“评论瓶子 509 <内容>”或引用瓶子消息就可以在下面评论这只瓶子\\n发送“评论瓶子 [-r <评论编号>] 509 <内容>”可以回复评论区的评论\"}}],\"time\":\"1778952701\"}},{\"type\":\"node\",\"data\":{\"name\":\"Oxygen\",\"uin\":\"3980423768\",\"content\":[{\"type\":\"at\",\"data\":{\"qq\":\"956937232\",\"name\":\"AAA神秘****推男\"}}],\"time\":\"1778952701\"}}]}, retcode: 1200","timestamp":1778952701430}
{"id":141808,"type":"warn","level":2,"name":"command","meta":{},"content":"漂流瓶.评论瓶子 510\nTypeError: Cannot read properties of undefined (reading 'includes')\n    at _Command.<anonymous> (/root/lezskabot/koishi/koishi-app/node_modules/koishi-plugin-re-driftbottle/lib/index.js:644:12)\n    at process.processTicksAndRejections (node:internal/process/task_queues:95:5)\n    at async Array.<anonymous> (/root/lezskabot/koishi/koishi-app/node_modules/@koishijs/core/lib/index.cjs:1079:14)\n    at async _Command.execute (/root/lezskabot/koishi/koishi-app/node_modules/@koishijs/core/lib/index.cjs:1093:22)\n    at async /root/lezskabot/koishi/koishi-app/node_modules/@koishijs/core/lib/index.cjs:2049:22\n    at async Proxy.withScope (/root/lezskabot/koishi/koishi-app/node_modules/@koishijs/core/lib/index.cjs:1958:22)\n    at async next (/root/lezskabot/koishi/koishi-app/node_modules/@koishijs/core/lib/index.cjs:827:16)\n    at async next (/root/lezskabot/koishi/koishi-app/node_modules/@koishijs/core/lib/index.cjs:827:16)\n    at async next (/root/lezskabot/koishi/koishi-app/node_modules/@koishijs/core/lib/index.cjs:827:16)\n    at async next (/root/lezskabot/koishi/koishi-app/node_modules/@koishijs/core/lib/index.cjs:827:16)","timestamp":1778952769040}
{"id":142050,"type":"warn","level":2,"name":"command","meta":{},"content":"漂流瓶.评论瓶子 510\nTypeError: Cannot read properties of undefined (reading 'includes')\n    at _Command.<anonymous> (/root/lezskabot/koishi/koishi-app/node_modules/koishi-plugin-re-driftbottle/lib/index.js:644:12)\n    at process.processTicksAndRejections (node:internal/process/task_queues:95:5)\n    at async Array.<anonymous> (/root/lezskabot/koishi/koishi-app/node_modules/@koishijs/core/lib/index.cjs:1079:14)\n    at async _Command.execute (/root/lezskabot/koishi/koishi-app/node_modules/@koishijs/core/lib/index.cjs:1093:22)\n    at async /root/lezskabot/koishi/koishi-app/node_modules/@koishijs/core/lib/index.cjs:2049:22\n    at async Proxy.withScope (/root/lezskabot/koishi/koishi-app/node_modules/@koishijs/core/lib/index.cjs:1958:22)\n    at async next (/root/lezskabot/koishi/koishi-app/node_modules/@koishijs/core/lib/index.cjs:827:16)\n    at async next (/root/lezskabot/koishi/koishi-app/node_modules/@koishijs/core/lib/index.cjs:827:16)\n    at async next (/root/lezskabot/koishi/koishi-app/node_modules/@koishijs/core/lib/index.cjs:827:16)\n    at async next (/root/lezskabot/koishi/koishi-app/node_modules/@koishijs/core/lib/index.cjs:827:16)","timestamp":1778952856830}
{"id":142191,"type":"warn","level":2,"name":"re-driftbottle","meta":{},"content":"42号漂流瓶发送失败（已重试0/5次，将在500ms后重新抽一个瓶子重试）：Error: Error with request send_group_forward_msg, args: {\"group_id\":1091191330,\"messages\":[{\"type\":\"node\",\"data\":{\"uin\":\"3678233304\",\"content\":[{\"type\":\"text\",\"data\":{\"text\":\"你捞到了42号漂流瓶，来自“キラキラ✨魔法zc目录（肉鸽糕首)”！\\n标题：\\n来自群聊：682255155\\n日期：2026年1月28日\\n发送“捞漂流瓶 42 [分页]”可以查看评论区的其他分页\\n发送“评论瓶子 42 <内容>”或引用瓶子消息就可以在下面评论这只瓶子\\n发送“评论瓶子 [-r <评论编号>] 42 <内容>”可以回复评论区的评论\"}}],\"time\":\"1778952917\"}},{\"type\":\"node\",\"data\":{\"name\":\"キラキラ✨魔法zc目录（肉鸽糕首)\",\"uin\":\"2992606656\",\"content\":[{\"type\":\"at\",\"data\":{\"qq\":\"3186254539\",\"name\":\"ket\"}},{\"type\":\"text\",\"data\":{\"text\":\" 即把\"}}],\"time\":\"1778952917\"}}]}, retcode: 1200","timestamp":1778952918612}
{"id":145364,"type":"success","level":1,"name":"签到","meta":{"paths":["lp0hx8"]},"content":"3903949840完成了一次签到！","timestamp":1778954196527}
{"id":145759,"type":"warn","level":2,"name":"re-driftbottle","meta":{},"content":"513号漂流瓶发送失败（已重试0/5次，将在500ms后重试）：Error: Error with request send_group_forward_msg, args: {\"group_id\":1091191330,\"messages\":[{\"type\":\"node\",\"data\":{\"uin\":\"3678233304\",\"content\":[{\"type\":\"text\",\"data\":{\"text\":\"你捞到了513号漂流瓶，来自“Enanananana”！\\n标题：\\n来自群聊：1091191330\\n日期：2026年5月17日\\n发送“捞漂流瓶 513 [分页]”可以查看评论区的其他分页\\n发送“评论瓶子 513 <内容>”或引用瓶子消息就可以在下面评论这只瓶子\\n发送“评论瓶子 [-r <评论编号>] 513 <内容>”可以回复评论区的评论\"}}],\"time\":\"1778954331\"}},{\"type\":\"node\",\"data\":{\"name\":\"Enanananana\",\"uin\":\"3678233304\",\"content\":[{\"type\":\"text\",\"data\":{\"text\":\"我不想喜欢\"}},{\"type\":\"at\",\"data\":{\"qq\":\"971217490\",\"name\":\"水上由岐🌸\"}},{\"type\":\"text\",\"data\":{\"text\":\"小姐了。\\n\\n原因有很多。\\n\\n她是虚拟偶像，我是真实的，两条平行线注定碰不到一起。\\n\\n她是资本包装的商品，贩卖情感需求，只是觊觎我的钱包。\\n\\n她的表演大多是为了讨好观众获得流量，我只不过是她捞金的垫脚石。\\n\\n她是万众瞩目的偶像，我只不过一介平民，无论我多么喜欢，在她那里注定得不到任何正反馈……\\n\\n我想通了，决定出脑。\\n\\n今晚的直播不看了，关注，壁纸，牌子，收藏通通删干净，眼不见心不烦，还能保住我的钱包，这不是好事一桩?\\n\\n第二天，我正常起床，洗漱，吃饭，没什么变数。我换好衣服，准备出门。\\n\\n当我踏出门外的那一刻，我才意识到，坏事了。\\n\\n我不知道该往哪个方向迈出下一步了。\\n\\n平时一览无余的街道，现在竟然充满了迷雾。我仿佛是没有罗盘的一艘船，在茫茫大海里打转。四面八方都是海水，都是一样的蓝，我该往哪走? 我要去哪? 我要干什么?\\n\\n船没有了罗盘，我丢失了方向，人生缺少了目标。\\n\\n这是很可怕的一件事，我至此以来做过的所有事情都化为了泡影，没有了意义，全部灰飞烟灭。\\n\\n路边跳过一只蓝色的猫，看了我一眼，好像在嘲笑我的落魄。\\n\\n我害怕了。我逃回家里，打开电视平板手机，全部把\"}},{\"type\":\"at\",\"data\":{\"qq\":\"971217490\",\"name\":\"水上由岐🌸\"}},{\"type\":\"text\",\"data\":{\"text\":\"找出来，直到\"}},{\"type\":\"at\",\"data\":{\"qq\":\"971217490\",\"name\":\"水上由岐🌸\"}},{\"type\":\"text\",\"data\":{\"text\":\"笑着对我说，奶淇淋宝，爱你们哦！我把迷迭香循环播放了无数遍，直到我听着它沉沉睡去。\\n\\n梦里，我恍然大悟。\\n\\n人总要有个盼头，有个让你追逐的东西。它可以赋予你的努力以价值。\\n\\n原来这就是\"}},{\"type\":\"at\",\"data\":{\"qq\":\"971217490\",\"name\":\"水上由岐🌸\"}},{\"type\":\"text\",\"data\":{\"text\":\"小姐存在的意义啊，我所做的一切，不就是为了追逐\"}},{\"type\":\"at\",\"data\":{\"qq\":\"971217490\",\"name\":\"水上由岐🌸\"}},{\"type\":\"text\",\"data\":{\"text\":\"小姐，为了让她能笑着对我说，你的努力，我看到了。\\n\\n没错，\"}},{\"type\":\"at\",\"data\":{\"qq\":\"971217490\",\"name\":\"水上由岐🌸\"}},{\"type\":\"text\",\"data\":{\"text\":\"小姐确实是虚拟的，但是她却让我真实的生活拥有了动力与目标。\\n\\n我不想喜欢\"}},{\"type\":\"at\",\"data\":{\"qq\":\"971217490\",\"name\":\"水上由岐🌸\"}},{\"type\":\"text\",\"data\":{\"text\":\"小姐了。\\n\\n原因只有一个。\\n\\n我已经爱上\"}},{\"type\":\"at\",\"data\":{\"qq\":\"971217490\",\"name\":\"水上由岐🌸\"}},{\"type\":\"text\",\"data\":{\"text\":\"小姐了。[给心心][给心心]\"}}],\"time\":\"1778954331\"}}]}, retcode: 1200","timestamp":1778954332349}
