{"id":547134,"type":"info","level":2,"name":"抽卡与卡组","meta":{"paths":["lp0hx8"]},"content":"3903949840抽到了一张☆二星★卡，剩余7813P点","timestamp":1778717050610}
{"id":547157,"type":"info","level":2,"name":"抽卡与卡组","meta":{"paths":["lp0hx8"]},"content":"3903949840抽到了一张☆二星★卡，剩余7413P点","timestamp":1778717054764}
{"id":547179,"type":"info","level":2,"name":"抽卡与卡组","meta":{"paths":["lp0hx8"]},"content":"3903949840抽到了一张❀三星☄卡，剩余7013P点","timestamp":1778717058558}
{"id":547201,"type":"info","level":2,"name":"抽卡与卡组","meta":{"paths":["lp0hx8"]},"content":"3903949840抽到了一张☆二星★卡，剩余6613P点","timestamp":1778717063072}
{"id":547231,"type":"info","level":2,"name":"抽卡与卡组","meta":{"paths":["lp0hx8"]},"content":"3903949840抽到了一张☆二星★卡，剩余6213P点","timestamp":1778717073066}
{"id":547424,"type":"info","level":2,"name":"抽卡与卡组","meta":{"paths":["lp0hx8"]},"content":"3903949840抽到了一张☆二星★卡，剩余5813P点","timestamp":1778717420558}
{"id":548452,"type":"success","level":1,"name":"签到","meta":{"paths":["lp0hx8"]},"content":"2455800638完成了一次签到！","timestamp":1778720492404}
{"id":548847,"type":"success","level":1,"name":"签到","meta":{"paths":["lp0hx8"]},"content":"914880737完成了一次签到！","timestamp":1778721498796}
{"id":549590,"type":"success","level":1,"name":"签到","meta":{"paths":["lp0hx8"]},"content":"3161689072完成了一次签到！","timestamp":1778722860848}
{"id":549642,"type":"info","level":2,"name":"抽卡与卡组","meta":{"paths":["lp0hx8"]},"content":"3161689072抽到了一张☆二星★卡，剩余1809P点","timestamp":1778722882048}
{"id":549667,"type":"info","level":2,"name":"抽卡与卡组","meta":{"paths":["lp0hx8"]},"content":"3161689072抽到了一张☆二星★卡，剩余1409P点","timestamp":1778722887766}
{"id":549717,"type":"info","level":2,"name":"抽卡与卡组","meta":{"paths":["lp0hx8"]},"content":"3161689072抽到了一张☆二星★卡，剩余1009P点","timestamp":1778722904124}
{"id":549744,"type":"info","level":2,"name":"抽卡与卡组","meta":{"paths":["lp0hx8"]},"content":"3161689072抽到了一张☆二星★卡，剩余609P点","timestamp":1778722907547}
{"id":549763,"type":"info","level":2,"name":"抽卡与卡组","meta":{"paths":["lp0hx8"]},"content":"3161689072抽到了一张❀三星☄卡，剩余209P点","timestamp":1778722910869}
{"id":549801,"type":"info","level":2,"name":"抽卡与卡组","meta":{"paths":["lp0hx8"]},"content":"3867496831抽到了一张☆二星★卡，剩余10626P点","timestamp":1778722924285}
{"id":549826,"type":"info","level":2,"name":"抽卡与卡组","meta":{"paths":["lp0hx8"]},"content":"3867496831抽到了一张☆二星★卡，剩余10226P点","timestamp":1778722933328}
{"id":549864,"type":"info","level":2,"name":"抽卡与卡组","meta":{"paths":["lp0hx8"]},"content":"3867496831抽到了一张❀三星☄卡，剩余9826P点","timestamp":1778722943130}
{"id":550823,"type":"success","level":1,"name":"签到","meta":{"paths":["lp0hx8"]},"content":"1813783853完成了一次签到！","timestamp":1778724341920}
{"id":551206,"type":"success","level":1,"name":"签到","meta":{"paths":["lp0hx8"]},"content":"3867496831完成了一次签到！","timestamp":1778725153596}
{"id":551304,"type":"success","level":1,"name":"签到","meta":{"paths":["lp0hx8"]},"content":"2856202014完成了一次签到！","timestamp":1778725303715}
{"id":551569,"type":"success","level":1,"name":"签到","meta":{"paths":["lp0hx8"]},"content":"782766016完成了一次签到！","timestamp":1778725508733}
{"id":551601,"type":"success","level":1,"name":"签到","meta":{"paths":["lp0hx8"]},"content":"3320509730完成了一次签到！","timestamp":1778725515484}
{"id":551645,"type":"success","level":1,"name":"签到","meta":{"paths":["lp0hx8"]},"content":"813013693完成了一次签到！","timestamp":1778725523170}
{"id":551684,"type":"info","level":2,"name":"抽卡与卡组","meta":{"paths":["lp0hx8"]},"content":"3389530537抽到了一张☆二星★卡，剩余6119P点","timestamp":1778725543513}
{"id":551710,"type":"info","level":2,"name":"抽卡与卡组","meta":{"paths":["lp0hx8"]},"content":"3389530537抽到了一张☆二星★卡，剩余5719P点","timestamp":1778725551855}
{"id":551729,"type":"info","level":2,"name":"抽卡与卡组","meta":{"paths":["lp0hx8"]},"content":"3389530537抽到了一张❀三星☄卡，剩余5319P点","timestamp":1778725558898}
{"id":551760,"type":"info","level":2,"name":"抽卡与卡组","meta":{"paths":["lp0hx8"]},"content":"782766016抽到了一张❀三星☄卡，剩余3869P点","timestamp":1778725565748}
{"id":551786,"type":"info","level":2,"name":"抽卡与卡组","meta":{"paths":["lp0hx8"]},"content":"782766016抽到了一张☆二星★卡，剩余3469P点","timestamp":1778725573010}
{"id":551817,"type":"info","level":2,"name":"抽卡与卡组","meta":{"paths":["lp0hx8"]},"content":"3389530537抽到了一张☆二星★卡，剩余4919P点","timestamp":1778725581410}
{"id":551867,"type":"info","level":2,"name":"抽卡与卡组","meta":{"paths":["lp0hx8"]},"content":"3320509730抽到了一张☆二星★卡，剩余8323P点","timestamp":1778725590707}
{"id":551870,"type":"info","level":2,"name":"抽卡与卡组","meta":{"paths":["lp0hx8"]},"content":"3389530537抽到了一张☆二星★卡，剩余4519P点","timestamp":1778725591483}
{"id":551897,"type":"info","level":2,"name":"抽卡与卡组","meta":{"paths":["lp0hx8"]},"content":"782766016抽到了一张☆二星★卡，剩余3069P点","timestamp":1778725595033}
{"id":551927,"type":"info","level":2,"name":"抽卡与卡组","meta":{"paths":["lp0hx8"]},"content":"782766016抽到了一张♔♕四星(?)♕♔卡，剩余2669P点","timestamp":1778725613584}
{"id":552013,"type":"info","level":2,"name":"抽卡与卡组","meta":{"paths":["lp0hx8"]},"content":"782766016抽到了一张☆二星★卡，剩余2269P点","timestamp":1778725655052}
{"id":552032,"type":"info","level":2,"name":"抽卡与卡组","meta":{"paths":["lp0hx8"]},"content":"782766016抽到了一张☆二星★卡，剩余1869P点","timestamp":1778725659430}
{"id":552055,"type":"info","level":2,"name":"抽卡与卡组","meta":{"paths":["lp0hx8"]},"content":"782766016抽到了一张❀三星☄卡，剩余1469P点","timestamp":1778725663840}
{"id":552074,"type":"info","level":2,"name":"抽卡与卡组","meta":{"paths":["lp0hx8"]},"content":"782766016抽到了一张❀三星☄卡，剩余1069P点","timestamp":1778725667916}
{"id":552093,"type":"info","level":2,"name":"抽卡与卡组","meta":{"paths":["lp0hx8"]},"content":"782766016抽到了一张❀三星☄卡，剩余669P点","timestamp":1778725671924}
{"id":552113,"type":"info","level":2,"name":"抽卡与卡组","meta":{"paths":["lp0hx8"]},"content":"782766016抽到了一张❀三星☄卡，剩余269P点","timestamp":1778725675274}
{"id":552292,"type":"success","level":1,"name":"签到","meta":{"paths":["lp0hx8"]},"content":"2433884076完成了一次签到！","timestamp":1778725786641}
{"id":552627,"type":"info","level":2,"name":"签到","meta":{"paths":["lp0hx8"]},"content":"已更新3391406413的抢劫次数和记录","timestamp":1778726205161}
{"id":552644,"type":"success","level":1,"name":"签到","meta":{"paths":["lp0hx8"]},"content":"3391406413抢劫2433884076失败！失去了112P点！","timestamp":1778726205444}
{"id":552645,"type":"info","level":2,"name":"签到","meta":{"paths":["lp0hx8"]},"content":"3391406413今天的抢劫记录为-112   |    剩余抢劫次数为2","timestamp":1778726205446}
{"id":552677,"type":"success","level":1,"name":"签到","meta":{"paths":["lp0hx8"]},"content":"3391406413抢了2433884076的91P点！","timestamp":1778726213244}
{"id":552678,"type":"info","level":2,"name":"签到","meta":{"paths":["lp0hx8"]},"content":"3391406413今天的抢劫记录为-21   |    剩余抢劫次数为1","timestamp":1778726213247}
{"id":552714,"type":"success","level":1,"name":"签到","meta":{"paths":["lp0hx8"]},"content":"3391406413抢了2433884076的327P点！","timestamp":1778726223233}
{"id":552715,"type":"info","level":2,"name":"签到","meta":{"paths":["lp0hx8"]},"content":"3391406413今天的抢劫记录为306   |    剩余抢劫次数为0","timestamp":1778726223234}
{"id":552833,"type":"info","level":2,"name":"签到","meta":{"paths":["lp0hx8"]},"content":"已更新2276942246的抢劫次数和记录","timestamp":1778726485421}
{"id":552850,"type":"success","level":1,"name":"签到","meta":{"paths":["lp0hx8"]},"content":"2276942246抢劫3391406413失败！失去了所有P点！","timestamp":1778726485775}
{"id":552851,"type":"info","level":2,"name":"签到","meta":{"paths":["lp0hx8"]},"content":"2276942246今天的抢劫记录为-256   |    剩余抢劫次数为2","timestamp":1778726485789}
{"id":552892,"type":"success","level":1,"name":"签到","meta":{"paths":["lp0hx8"]},"content":"2276942246抢了3391406413的426P点！","timestamp":1778726491528}
{"id":552893,"type":"info","level":2,"name":"签到","meta":{"paths":["lp0hx8"]},"content":"2276942246今天的抢劫记录为170   |    剩余抢劫次数为1","timestamp":1778726491531}
{"id":552927,"type":"success","level":1,"name":"签到","meta":{"paths":["lp0hx8"]},"content":"2276942246抢劫3391406413失败！失去了188P点！","timestamp":1778726496942}
{"id":552928,"type":"info","level":2,"name":"签到","meta":{"paths":["lp0hx8"]},"content":"2276942246今天的抢劫记录为-18   |    剩余抢劫次数为0","timestamp":1778726496944}
{"id":552949,"type":"success","level":1,"name":"签到","meta":{"paths":["lp0hx8"]},"content":"2276942246完成了一次签到！","timestamp":1778726501161}
{"id":553009,"type":"info","level":2,"name":"签到","meta":{"paths":["lp0hx8"]},"content":"已更新2433884076的抢劫次数和记录","timestamp":1778726512559}
{"id":553039,"type":"success","level":1,"name":"签到","meta":{"paths":["lp0hx8"]},"content":"2433884076抢了3391406413的444P点！","timestamp":1778726513170}
{"id":553040,"type":"info","level":2,"name":"签到","meta":{"paths":["lp0hx8"]},"content":"2433884076今天的抢劫记录为144   |    剩余抢劫次数为2","timestamp":1778726513171}
{"id":553052,"type":"success","level":1,"name":"抽卡与卡组","meta":{"paths":["lp0hx8"]},"content":"2276942246献祭了：2张二星  1张三星  获得1120P点，当前P点数为1961","timestamp":1778726515974}
{"id":553094,"type":"success","level":1,"name":"抽卡与卡组","meta":{"paths":["lp0hx8"]},"content":"2276942246献祭了：3张二星  获得840P点，当前P点数为1601","timestamp":1778726524216}
{"id":553133,"type":"info","level":2,"name":"抽卡与卡组","meta":{"paths":["lp0hx8"]},"content":"2433884076抽到了一张❀三星☄卡，剩余5275P点","timestamp":1778726529908}
{"id":553165,"type":"info","level":2,"name":"抽卡与卡组","meta":{"paths":["lp0hx8"]},"content":"2433884076抽到了一张☆二星★卡，剩余4875P点","timestamp":1778726535867}
{"id":553202,"type":"success","level":1,"name":"抽卡与卡组","meta":{"paths":["lp0hx8"]},"content":"2276942246献祭了：2张二星  1张四星  获得1760P点，当前P点数为2161","timestamp":1778726542471}
{"id":553249,"type":"info","level":2,"name":"抽卡与卡组","meta":{"paths":["lp0hx8"]},"content":"2276942246抽到了一张♔♕四星(?)♕♔卡，剩余561P点","timestamp":1778726552889}
{"id":553273,"type":"info","level":2,"name":"抽卡与卡组","meta":{"paths":["lp0hx8"]},"content":"2276942246抽到了一张❀三星☄卡，剩余161P点","timestamp":1778726562337}
{"id":553286,"type":"error","level":1,"name":"签到","meta":{"paths":["lp0hx8"]},"content":"2085287779签到失败！原因：该用户已经签到","timestamp":1778726565578}
{"id":553325,"type":"success","level":1,"name":"抽卡与卡组","meta":{"paths":["lp0hx8"]},"content":"2433884076献祭了：6张二星  2张三星  获得2800P点，当前P点数为7675","timestamp":1778726580347}
{"id":553482,"type":"success","level":1,"name":"抽卡与卡组","meta":{"paths":["lp0hx8"]},"content":"2433884076献祭了：5张二星  2张三星  获得2520P点，当前P点数为4595","timestamp":1778726660863}
{"id":554153,"type":"success","level":1,"name":"签到","meta":{"paths":["lp0hx8"]},"content":"473244969完成了一次签到！","timestamp":1778728191550}
{"id":554220,"type":"info","level":2,"name":"抽卡与卡组","meta":{"paths":["lp0hx8"]},"content":"473244969抽到了一张❀三星☄卡，剩余3980P点","timestamp":1778728230858}
{"id":554474,"type":"success","level":1,"name":"抽卡与卡组","meta":{"paths":["lp0hx8"]},"content":"366837668献祭了：2张二星  2张三星  获得1680P点，当前P点数为16165","timestamp":1778729071250}
{"id":554523,"type":"success","level":1,"name":"抽卡与卡组","meta":{"paths":["lp0hx8"]},"content":"366837668献祭了：3张二星  1张三星  获得1400P点，当前P点数为15965","timestamp":1778729090843}
{"id":554579,"type":"success","level":1,"name":"抽卡与卡组","meta":{"paths":["lp0hx8"]},"content":"366837668献祭了：3张二星  1张三星  获得1400P点，当前P点数为15765","timestamp":1778729118308}
{"id":554622,"type":"success","level":1,"name":"抽卡与卡组","meta":{"paths":["lp0hx8"]},"content":"366837668献祭了：4张二星  获得1120P点，当前P点数为15285","timestamp":1778729124825}
{"id":554665,"type":"success","level":1,"name":"抽卡与卡组","meta":{"paths":["lp0hx8"]},"content":"366837668献祭了：4张二星  获得1120P点，当前P点数为14805","timestamp":1778729132269}
{"id":554708,"type":"success","level":1,"name":"抽卡与卡组","meta":{"paths":["lp0hx8"]},"content":"366837668献祭了：3张二星  1张三星  获得1400P点，当前P点数为14605","timestamp":1778729138448}
{"id":554751,"type":"success","level":1,"name":"抽卡与卡组","meta":{"paths":["lp0hx8"]},"content":"366837668献祭了：2张二星  2张三星  获得1680P点，当前P点数为14685","timestamp":1778729144858}
{"id":554794,"type":"success","level":1,"name":"抽卡与卡组","meta":{"paths":["lp0hx8"]},"content":"366837668献祭了：3张二星  1张三星  获得1400P点，当前P点数为14485","timestamp":1778729151458}
{"id":554837,"type":"success","level":1,"name":"抽卡与卡组","meta":{"paths":["lp0hx8"]},"content":"366837668献祭了：4张二星  获得1120P点，当前P点数为14005","timestamp":1778729157146}
{"id":554880,"type":"success","level":1,"name":"抽卡与卡组","meta":{"paths":["lp0hx8"]},"content":"366837668献祭了：1张二星  3张三星  获得1960P点，当前P点数为14365","timestamp":1778729162826}
{"id":554956,"type":"success","level":1,"name":"抽卡与卡组","meta":{"paths":["lp0hx8"]},"content":"366837668献祭了：2张二星  1张三星  获得1120P点，当前P点数为13885","timestamp":1778729212189}
{"id":555041,"type":"success","level":1,"name":"抽卡与卡组","meta":{"paths":["lp0hx8"]},"content":"2433884076献祭了：5张二星  获得1400P点，当前P点数为3195","timestamp":1778729261024}
{"id":555109,"type":"success","level":1,"name":"抽卡与卡组","meta":{"paths":["lp0hx8"]},"content":"2433884076献祭了：3张二星  1张三星  2张四星  获得3800P点，当前P点数为4995","timestamp":1778729303422}
{"id":555188,"type":"success","level":1,"name":"抽卡与卡组","meta":{"paths":["lp0hx8"]},"content":"2433884076献祭了：2张二星  3张三星  获得2240P点，当前P点数为4835","timestamp":1778729336454}
{"id":555235,"type":"success","level":1,"name":"抽卡与卡组","meta":{"paths":["lp0hx8"]},"content":"2433884076献祭了：4张二星  1张三星  获得1680P点，当前P点数为4515","timestamp":1778729355551}
{"id":555292,"type":"success","level":1,"name":"抽卡与卡组","meta":{"paths":["lp0hx8"]},"content":"2433884076献祭了：3张二星  1张四星  获得2040P点，当前P点数为4555","timestamp":1778729387437}
{"id":555335,"type":"success","level":1,"name":"抽卡与卡组","meta":{"paths":["lp0hx8"]},"content":"2433884076献祭了：2张二星  2张三星  获得1680P点，当前P点数为4635","timestamp":1778729398789}
{"id":555421,"type":"success","level":1,"name":"抽卡与卡组","meta":{"paths":["lp0hx8"]},"content":"2433884076献祭了：2张二星  1张三星  获得1120P点，当前P点数为4155","timestamp":1778729425008}
{"id":555632,"type":"success","level":1,"name":"抽卡与卡组","meta":{"paths":["lp0hx8"]},"content":"2433884076献祭了：2张二星  1张三星  获得1120P点，当前P点数为4075","timestamp":1778729786904}
{"id":555709,"type":"success","level":1,"name":"抽卡与卡组","meta":{"paths":["lp0hx8"]},"content":"2433884076献祭了：3张二星  获得840P点，当前P点数为3715","timestamp":1778729797783}
{"id":555760,"type":"success","level":1,"name":"抽卡与卡组","meta":{"paths":["lp0hx8"]},"content":"2433884076献祭了：3张二星  获得840P点，当前P点数为3355","timestamp":1778729812059}
{"id":555771,"type":"success","level":1,"name":"抽卡与卡组","meta":{"paths":["lp0hx8"]},"content":"2085287779献祭了：3张二星  1张三星  1张四星  获得2600P点，当前P点数为50011","timestamp":1778729812769}
{"id":555864,"type":"success","level":1,"name":"抽卡与卡组","meta":{"paths":["lp0hx8"]},"content":"2085287779献祭了：5张二星  获得1400P点，当前P点数为49411","timestamp":1778729834626}
{"id":555937,"type":"success","level":1,"name":"抽卡与卡组","meta":{"paths":["lp0hx8"]},"content":"2085287779献祭了：2张二星  3张三星  获得2240P点，当前P点数为49651","timestamp":1778729845848}
{"id":555939,"type":"error","level":1,"name":"抽卡与卡组","meta":{"paths":["lp0hx8"]},"content":"1545738862抽卡失败，积分不足","timestamp":1778729846070}
{"id":556015,"type":"success","level":1,"name":"抽卡与卡组","meta":{"paths":["lp0hx8"]},"content":"2085287779献祭了：4张二星  1张四星  获得2320P点，当前P点数为49971","timestamp":1778729868103}
{"id":556072,"type":"success","level":1,"name":"抽卡与卡组","meta":{"paths":["lp0hx8"]},"content":"2433884076献祭了：2张二星  4张四星  获得5360P点，当前P点数为7515","timestamp":1778729886780}
{"id":556119,"type":"success","level":1,"name":"抽卡与卡组","meta":{"paths":["lp0hx8"]},"content":"2085287779献祭了：3张二星  1张三星  1张四星  获得2600P点，当前P点数为50571","timestamp":1778729891608}
{"id":556191,"type":"success","level":1,"name":"抽卡与卡组","meta":{"paths":["lp0hx8"]},"content":"2085287779献祭了：3张二星  2张三星  获得1960P点，当前P点数为50531","timestamp":1778729901704}
{"id":556202,"type":"success","level":1,"name":"抽卡与卡组","meta":{"paths":["lp0hx8"]},"content":"2433884076献祭了：5张二星  1张三星  获得1960P点，当前P点数为7075","timestamp":1778729902680}
{"id":556280,"type":"success","level":1,"name":"抽卡与卡组","meta":{"paths":["lp0hx8"]},"content":"2085287779献祭了：3张二星  2张三星  获得1960P点，当前P点数为50491","timestamp":1778729910817}
{"id":556335,"type":"success","level":1,"name":"抽卡与卡组","meta":{"paths":["lp0hx8"]},"content":"2433884076献祭了：6张二星  获得1680P点，当前P点数为6355","timestamp":1778729917368}
{"id":556443,"type":"success","level":1,"name":"抽卡与卡组","meta":{"paths":["lp0hx8"]},"content":"2085287779献祭了：4张二星  获得1120P点，当前P点数为49611","timestamp":1778729933326}
{"id":556492,"type":"success","level":1,"name":"抽卡与卡组","meta":{"paths":["lp0hx8"]},"content":"2085287779献祭了：4张二星  获得1120P点，当前P点数为49131","timestamp":1778729943234}
{"id":556541,"type":"success","level":1,"name":"抽卡与卡组","meta":{"paths":["lp0hx8"]},"content":"2085287779献祭了：4张二星  获得1120P点，当前P点数为48651","timestamp":1778729950866}
{"id":556617,"type":"success","level":1,"name":"抽卡与卡组","meta":{"paths":["lp0hx8"]},"content":"2085287779献祭了：2张二星  1张三星  1张四星  获得2320P点，当前P点数为49371","timestamp":1778729969826}
{"id":556666,"type":"success","level":1,"name":"抽卡与卡组","meta":{"paths":["lp0hx8"]},"content":"2085287779献祭了：3张二星  1张三星  获得1400P点，当前P点数为49171","timestamp":1778729976233}
{"id":556733,"type":"success","level":1,"name":"抽卡与卡组","meta":{"paths":["lp0hx8"]},"content":"2085287779献祭了：4张二星  获得1120P点，当前P点数为48691","timestamp":1778729991397}
{"id":556776,"type":"success","level":1,"name":"抽卡与卡组","meta":{"paths":["lp0hx8"]},"content":"2085287779献祭了：3张二星  1张三星  获得1400P点，当前P点数为48491","timestamp":1778729999341}
{"id":556819,"type":"success","level":1,"name":"抽卡与卡组","meta":{"paths":["lp0hx8"]},"content":"2085287779献祭了：4张二星  获得1120P点，当前P点数为48011","timestamp":1778730008015}
{"id":556867,"type":"success","level":1,"name":"抽卡与卡组","meta":{"paths":["lp0hx8"]},"content":"2085287779献祭了：2张二星  2张三星  获得1680P点，当前P点数为48091","timestamp":1778730016429}
{"id":556965,"type":"success","level":1,"name":"抽卡与卡组","meta":{"paths":["lp0hx8"]},"content":"2085287779献祭了：3张二星  获得840P点，当前P点数为47331","timestamp":1778730107560}
{"id":557006,"type":"success","level":1,"name":"抽卡与卡组","meta":{"paths":["lp0hx8"]},"content":"2085287779献祭了：3张二星  获得840P点，当前P点数为46971","timestamp":1778730117212}
{"id":557059,"type":"success","level":1,"name":"抽卡与卡组","meta":{"paths":["lp0hx8"]},"content":"2085287779献祭了：2张二星  1张三星  获得1120P点，当前P点数为46891","timestamp":1778730129607}
{"id":557107,"type":"success","level":1,"name":"抽卡与卡组","meta":{"paths":["lp0hx8"]},"content":"2085287779献祭了：3张二星  获得840P点，当前P点数为46531","timestamp":1778730139011}
{"id":557178,"type":"success","level":1,"name":"抽卡与卡组","meta":{"paths":["lp0hx8"]},"content":"2085287779献祭了：2张二星  1张三星  获得1120P点，当前P点数为46451","timestamp":1778730149336}
{"id":557214,"type":"info","level":2,"name":"抽卡与卡组","meta":{"paths":["lp0hx8"]},"content":"2085287779抽到了一张☆二星★卡，剩余46051P点","timestamp":1778730153660}
{"id":557244,"type":"info","level":2,"name":"抽卡与卡组","meta":{"paths":["lp0hx8"]},"content":"2085287779抽到了一张☆二星★卡，剩余45651P点","timestamp":1778730159240}
{"id":557274,"type":"info","level":2,"name":"抽卡与卡组","meta":{"paths":["lp0hx8"]},"content":"2085287779抽到了一张☆二星★卡，剩余45251P点","timestamp":1778730163090}
{"id":557296,"type":"success","level":1,"name":"抽卡与卡组","meta":{"paths":["lp0hx8"]},"content":"2085287779献祭了：3张二星  获得840P点，当前P点数为46091","timestamp":1778730167899}
{"id":557338,"type":"success","level":1,"name":"抽卡与卡组","meta":{"paths":["lp0hx8"]},"content":"2085287779献祭了：3张二星  获得840P点，当前P点数为45731","timestamp":1778730174937}
{"id":557605,"type":"info","level":2,"name":"抽卡与卡组","meta":{"paths":["lp0hx8"]},"content":"473244969抽到了一张❀三星☄卡，剩余3580P点","timestamp":1778730245774}
{"id":557624,"type":"info","level":2,"name":"抽卡与卡组","meta":{"paths":["lp0hx8"]},"content":"473244969抽到了一张☆二星★卡，剩余3180P点","timestamp":1778730251845}
{"id":557644,"type":"info","level":2,"name":"抽卡与卡组","meta":{"paths":["lp0hx8"]},"content":"473244969抽到了一张❀三星☄卡，剩余2780P点","timestamp":1778730256291}
{"id":557671,"type":"info","level":2,"name":"抽卡与卡组","meta":{"paths":["lp0hx8"]},"content":"473244969抽到了一张☆二星★卡，剩余2380P点","timestamp":1778730259217}
{"id":557691,"type":"info","level":2,"name":"抽卡与卡组","meta":{"paths":["lp0hx8"]},"content":"473244969抽到了一张☆二星★卡，剩余1980P点","timestamp":1778730263492}
{"id":557736,"type":"info","level":2,"name":"抽卡与卡组","meta":{"paths":["lp0hx8"]},"content":"473244969抽到了一张☆二星★卡，剩余1580P点","timestamp":1778730266264}
{"id":557739,"type":"info","level":2,"name":"抽卡与卡组","meta":{"paths":["lp0hx8"]},"content":"2085287779抽到了一张☂FES☃卡，剩余8131P点","timestamp":1778730267090}
{"id":557764,"type":"info","level":2,"name":"抽卡与卡组","meta":{"paths":["lp0hx8"]},"content":"473244969抽到了一张❀三星☄卡，剩余1180P点","timestamp":1778730273449}
{"id":557801,"type":"info","level":2,"name":"抽卡与卡组","meta":{"paths":["lp0hx8"]},"content":"473244969抽到了一张☆二星★卡，剩余780P点","timestamp":1778730276622}
{"id":557820,"type":"info","level":2,"name":"抽卡与卡组","meta":{"paths":["lp0hx8"]},"content":"473244969抽到了一张❀三星☄卡，剩余380P点","timestamp":1778730279282}
{"id":557931,"type":"info","level":2,"name":"抽卡与卡组","meta":{"paths":["lp0hx8"]},"content":"2085287779抽到了一张♔♕四星(?)♕♔卡，剩余6531P点","timestamp":1778730308950}
{"id":558064,"type":"success","level":1,"name":"抽卡与卡组","meta":{"paths":["lp0hx8"]},"content":"2085287779献祭了：3张四星  1张FES  获得5600P点，当前P点数为12131","timestamp":1778730343996}
{"id":558163,"type":"success","level":1,"name":"抽卡与卡组","meta":{"paths":["lp0hx8"]},"content":"2085287779献祭了：2张二星  1张四星  获得1760P点，当前P点数为12291","timestamp":1778730371914}
{"id":558205,"type":"info","level":2,"name":"抽卡与卡组","meta":{"paths":["lp0hx8"]},"content":"2085287779抽到了一张☂FES☃卡，剩余3491P点","timestamp":1778730383604}
{"id":558688,"type":"success","level":1,"name":"抽卡与卡组","meta":{"paths":["lp0hx8"]},"content":"2085287779献祭了：1张二星  1张三星  1张FES  获得2840P点，当前P点数为5531","timestamp":1778730498281}
{"id":558747,"type":"success","level":1,"name":"抽卡与卡组","meta":{"paths":["lp0hx8"]},"content":"2085287779献祭了：1张二星  2张三星  获得1400P点，当前P点数为5731","timestamp":1778730514162}
{"id":558783,"type":"info","level":2,"name":"抽卡与卡组","meta":{"paths":["lp0hx8"]},"content":"2085287779抽到了一张☆二星★卡，剩余5331P点","timestamp":1778730517140}
{"id":558811,"type":"info","level":2,"name":"抽卡与卡组","meta":{"paths":["lp0hx8"]},"content":"2085287779抽到了一张❀三星☄卡，剩余4931P点","timestamp":1778730521067}
{"id":558845,"type":"info","level":2,"name":"抽卡与卡组","meta":{"paths":["lp0hx8"]},"content":"2085287779抽到了一张☆二星★卡，剩余4531P点","timestamp":1778730524428}
{"id":558872,"type":"success","level":1,"name":"抽卡与卡组","meta":{"paths":["lp0hx8"]},"content":"2085287779献祭了：2张二星  1张三星  获得1120P点，当前P点数为5651","timestamp":1778730531224}
{"id":559078,"type":"success","level":1,"name":"抽卡与卡组","meta":{"paths":["lp0hx8"]},"content":"2085287779献祭了：3张二星  获得840P点，当前P点数为5291","timestamp":1778730594660}
{"id":563213,"type":"success","level":1,"name":"签到","meta":{"paths":["lp0hx8"]},"content":"2627939216完成了一次签到！","timestamp":1778732111396}
{"id":567292,"type":"info","level":2,"name":"抽卡与卡组","meta":{"paths":["lp0hx8"]},"content":"1969859341抽到了一张☆二星★卡，剩余3072P点","timestamp":1778733386151}
{"id":568171,"type":"success","level":1,"name":"抽卡与卡组","meta":{"paths":["lp0hx8"]},"content":"1969859341献祭了：2张二星  3张三星  获得2240P点，当前P点数为5312","timestamp":1778733672911}
{"id":568434,"type":"success","level":1,"name":"签到","meta":{"paths":["lp0hx8"]},"content":"526076285完成了一次签到！","timestamp":1778733764528}
{"id":568602,"type":"info","level":2,"name":"抽卡与卡组","meta":{"paths":["lp0hx8"]},"content":"1969859341抽到了一张☆二星★卡，剩余4912P点","timestamp":1778733836012}
{"id":568642,"type":"info","level":2,"name":"抽卡与卡组","meta":{"paths":["lp0hx8"]},"content":"1969859341抽到了一张❀三星☄卡，剩余4512P点","timestamp":1778733840663}
{"id":568672,"type":"info","level":2,"name":"抽卡与卡组","meta":{"paths":["lp0hx8"]},"content":"1969859341抽到了一张❀三星☄卡，剩余4112P点","timestamp":1778733841863}
{"id":568696,"type":"info","level":2,"name":"抽卡与卡组","meta":{"paths":["lp0hx8"]},"content":"1969859341抽到了一张☆二星★卡，剩余3712P点","timestamp":1778733851286}
{"id":569644,"type":"info","level":2,"name":"抽卡与卡组","meta":{"paths":["lp0hx8"]},"content":"1969859341抽到了一张☆二星★卡，剩余3312P点","timestamp":1778734279307}
{"id":569776,"type":"success","level":1,"name":"抽卡与卡组","meta":{"paths":["lp0hx8"]},"content":"1969859341献祭了：3张二星  1张三星  获得1400P点，当前P点数为4712","timestamp":1778734327505}
{"id":569948,"type":"success","level":1,"name":"签到","meta":{"paths":["lp0hx8"]},"content":"1637663452完成了一次签到！","timestamp":1778734384595}
{"id":570016,"type":"info","level":2,"name":"抽卡与卡组","meta":{"paths":["lp0hx8"]},"content":"1637663452抽到了一张☆二星★卡，剩余3902P点","timestamp":1778734402389}
{"id":570041,"type":"error","level":1,"name":"签到","meta":{"paths":["lp0hx8"]},"content":"2858787094签到失败！原因：该用户已经签到","timestamp":1778734404737}
{"id":570141,"type":"info","level":2,"name":"抽卡与卡组","meta":{"paths":["lp0hx8"]},"content":"1637663452抽到了一张❀三星☄卡，剩余3502P点","timestamp":1778734427315}
{"id":570172,"type":"info","level":2,"name":"抽卡与卡组","meta":{"paths":["lp0hx8"]},"content":"1637663452抽到了一张☆二星★卡，剩余3102P点","timestamp":1778734433263}
{"id":570322,"type":"info","level":2,"name":"抽卡与卡组","meta":{"paths":["lp0hx8"]},"content":"1637663452抽到了一张☆二星★卡，剩余2702P点","timestamp":1778734465134}
{"id":570352,"type":"info","level":2,"name":"抽卡与卡组","meta":{"paths":["lp0hx8"]},"content":"1637663452抽到了一张☆二星★卡，剩余2302P点","timestamp":1778734470320}
{"id":570398,"type":"info","level":2,"name":"抽卡与卡组","meta":{"paths":["lp0hx8"]},"content":"1637663452抽到了一张☆二星★卡，剩余1902P点","timestamp":1778734476093}
{"id":570450,"type":"info","level":2,"name":"抽卡与卡组","meta":{"paths":["lp0hx8"]},"content":"1637663452抽到了一张❀三星☄卡，剩余1502P点","timestamp":1778734482398}
{"id":570516,"type":"info","level":2,"name":"抽卡与卡组","meta":{"paths":["lp0hx8"]},"content":"1637663452抽到了一张☆二星★卡，剩余1102P点","timestamp":1778734493151}
{"id":570554,"type":"info","level":2,"name":"抽卡与卡组","meta":{"paths":["lp0hx8"]},"content":"1637663452抽到了一张☆二星★卡，剩余702P点","timestamp":1778734501040}
{"id":570624,"type":"info","level":2,"name":"抽卡与卡组","meta":{"paths":["lp0hx8"]},"content":"1637663452抽到了一张❀三星☄卡，剩余302P点","timestamp":1778734510408}
{"id":570874,"type":"success","level":1,"name":"抽卡与卡组","meta":{"paths":["lp0hx8"]},"content":"1637663452献祭了：5张二星  1张三星  获得1960P点，当前P点数为2262","timestamp":1778734601202}
{"id":570948,"type":"info","level":2,"name":"抽卡与卡组","meta":{"paths":["lp0hx8"]},"content":"1637663452抽到了一张☆二星★卡，剩余1862P点","timestamp":1778734625381}
{"id":571580,"type":"info","level":2,"name":"抽卡与卡组","meta":{"paths":["lp0hx8"]},"content":"1637663452抽到了一张❀三星☄卡，剩余1462P点","timestamp":1778734905438}
{"id":571607,"type":"info","level":2,"name":"抽卡与卡组","meta":{"paths":["lp0hx8"]},"content":"1637663452抽到了一张❀三星☄卡，剩余1062P点","timestamp":1778734912444}
{"id":571635,"type":"info","level":2,"name":"抽卡与卡组","meta":{"paths":["lp0hx8"]},"content":"1637663452抽到了一张☆二星★卡，剩余662P点","timestamp":1778734919844}
{"id":571659,"type":"info","level":2,"name":"抽卡与卡组","meta":{"paths":["lp0hx8"]},"content":"1637663452抽到了一张☆二星★卡，剩余262P点","timestamp":1778734924228}
{"id":572370,"type":"error","level":1,"name":"抽卡与卡组","meta":{"paths":["lp0hx8"]},"content":"1637663452抽卡失败，积分不足","timestamp":1778735276805}
{"id":574919,"type":"info","level":2,"name":"绑定id","meta":{"paths":["lp0hx8"]},"content":"用户2276942246绑定了cnid：7487261192713444122","timestamp":1778736415680}
{"id":574979,"type":"info","level":2,"name":"绑定id","meta":{"paths":["lp0hx8"]},"content":"用户1986429457绑定了cnid：7489255840285924115","timestamp":1778736439324}
{"id":576686,"type":"info","level":2,"name":"绑定id","meta":{"paths":["lp0hx8"]},"content":"用户2276942246绑定了cnid：7505617382367320872","timestamp":1778737301984}
{"id":583776,"type":"info","level":2,"name":"绑定id","meta":{"paths":["lp0hx8"]},"content":"用户1602618344绑定了cnid：7445115497546324799","timestamp":1778742094059}
{"id":583931,"type":"error","level":1,"name":"签到","meta":{"paths":["lp0hx8"]},"content":"3980423768签到失败！原因：该用户已经签到","timestamp":1778742155425}
{"id":584109,"type":"error","level":1,"name":"签到","meta":{"paths":["lp0hx8"]},"content":"2558144075签到失败！原因：该用户已经签到","timestamp":1778742228139}
{"id":584175,"type":"error","level":1,"name":"签到","meta":{"paths":["lp0hx8"]},"content":"1652933285签到失败！原因：该用户已经签到","timestamp":1778742411011}
{"id":584192,"type":"error","level":1,"name":"签到","meta":{"paths":["lp0hx8"]},"content":"978229136签到失败！原因：该用户已经签到","timestamp":1778742422467}
{"id":584525,"type":"error","level":1,"name":"签到","meta":{"paths":["lp0hx8"]},"content":"2188730297签到失败！原因：该用户已经签到","timestamp":1778742763634}
{"id":590803,"type":"success","level":1,"name":"签到","meta":{"paths":["lp0hx8"]},"content":"2628075910完成了一次签到！","timestamp":1778750350070}
{"id":593047,"type":"success","level":1,"name":"签到","meta":{"paths":["lp0hx8"]},"content":"3997019972完成了一次签到！","timestamp":1778752509507}
{"id":597592,"type":"info","level":2,"name":"抽卡与卡组","meta":{"paths":["lp0hx8"]},"content":"813013693抽到了一张❀三星☄卡，剩余561P点","timestamp":1778754455192}
{"id":597666,"type":"info","level":2,"name":"抽卡与卡组","meta":{"paths":["lp0hx8"]},"content":"813013693抽到了一张☆二星★卡，剩余161P点","timestamp":1778754464016}
{"id":597870,"type":"info","level":2,"name":"抽卡与卡组","meta":{"paths":["lp0hx8"]},"content":"629832381抽到了一张☆二星★卡，剩余13287P点","timestamp":1778754595090}
{"id":597900,"type":"info","level":2,"name":"抽卡与卡组","meta":{"paths":["lp0hx8"]},"content":"629832381抽到了一张❀三星☄卡，剩余12887P点","timestamp":1778754601300}
{"id":604012,"type":"success","level":1,"name":"签到","meta":{"paths":["lp0hx8"]},"content":"3995085039完成了一次签到！","timestamp":1778757647728}
{"id":606909,"type":"error","level":1,"name":"签到","meta":{"paths":["lp0hx8"]},"content":"3366143939签到失败！原因：该用户已经签到","timestamp":1778758984831}
{"id":606963,"type":"success","level":1,"name":"签到","meta":{"paths":["lp0hx8"]},"content":"3988136739完成了一次签到！","timestamp":1778758994545}
{"id":607168,"type":"success","level":1,"name":"抽卡与卡组","meta":{"paths":["lp0hx8"]},"content":"3988136739献祭了：3张二星  获得840P点，当前P点数为9974","timestamp":1778759039796}
{"id":607277,"type":"info","level":2,"name":"抽卡与卡组","meta":{"paths":["lp0hx8"]},"content":"3988136739抽到了一张♔♕四星(?)♕♔卡，剩余8774P点","timestamp":1778759063618}
{"id":607341,"type":"info","level":2,"name":"抽卡与卡组","meta":{"paths":["lp0hx8"]},"content":"3988136739抽到了一张♔♕四星(?)♕♔卡，剩余1974P点","timestamp":1778759081326}
{"id":609795,"type":"success","level":1,"name":"签到","meta":{"paths":["lp0hx8"]},"content":"3385275057完成了一次签到！","timestamp":1778760294300}
{"id":609868,"type":"success","level":1,"name":"签到","meta":{"paths":["lp0hx8"]},"content":"1789330834完成了一次签到！","timestamp":1778760299090}
{"id":609915,"type":"success","level":1,"name":"签到","meta":{"paths":["lp0hx8"]},"content":"1409350535完成了一次签到！","timestamp":1778760300587}
{"id":612019,"type":"success","level":1,"name":"签到","meta":{"paths":["lp0hx8"]},"content":"1963408278完成了一次签到！","timestamp":1778760849749}
{"id":618843,"type":"success","level":1,"name":"签到","meta":{"paths":["lp0hx8"]},"content":"1962318808完成了一次签到！","timestamp":1778763377224}
{"id":618883,"type":"success","level":1,"name":"签到","meta":{"paths":["lp0hx8"]},"content":"3267282483完成了一次签到！","timestamp":1778763387964}
{"id":619152,"type":"error","level":1,"name":"签到","meta":{"paths":["lp0hx8"]},"content":"3389530537签到失败！原因：该用户已经签到","timestamp":1778763627871}
{"id":621376,"type":"success","level":1,"name":"签到","meta":{"paths":["lp0hx8"]},"content":"908531782完成了一次签到！","timestamp":1778765126287}
{"id":622954,"type":"success","level":1,"name":"签到","meta":{"paths":["lp0hx8"]},"content":"3026137282完成了一次签到！","timestamp":1778765733028}
{"id":623000,"type":"error","level":1,"name":"签到","meta":{"paths":["lp0hx8"]},"content":"2455800638签到失败！原因：该用户已经签到","timestamp":1778765741328}
{"id":623598,"type":"info","level":2,"name":"绑定id","meta":{"paths":["lp0hx8"]},"content":"用户1685601599绑定了cnid：7486856865981340456","timestamp":1778765943251}
{"id":623824,"type":"info","level":2,"name":"绑定id","meta":{"paths":["lp0hx8"]},"content":"用户1685601599绑定了cnid：7486856865981340456","timestamp":1778766051978}
{"id":625731,"type":"success","level":1,"name":"签到","meta":{"paths":["lp0hx8"]},"content":"3840729373完成了一次签到！","timestamp":1778767288975}
{"id":625985,"type":"error","level":1,"name":"签到","meta":{"paths":["lp0hx8"]},"content":"3044937168签到失败！原因：该用户已经签到","timestamp":1778767454422}
{"id":627330,"type":"error","level":1,"name":"签到","meta":{"paths":["lp0hx8"]},"content":"2221639610签到失败！原因：该用户已经签到","timestamp":1778768723127}
{"id":630312,"type":"success","level":1,"name":"抽卡与卡组","meta":{"paths":["lp0hx8"]},"content":"2186790348献祭了：2张二星  1张三星  获得1120P点，当前P点数为25454","timestamp":1778770422964}
{"id":630357,"type":"success","level":1,"name":"抽卡与卡组","meta":{"paths":["lp0hx8"]},"content":"2186790348献祭了：2张二星  1张三星  获得1120P点，当前P点数为25374","timestamp":1778770430379}
{"id":630414,"type":"success","level":1,"name":"抽卡与卡组","meta":{"paths":["lp0hx8"]},"content":"2186790348献祭了：1张二星  1张三星  1张四星  获得2040P点，当前P点数为26214","timestamp":1778770449159}
{"id":630459,"type":"success","level":1,"name":"抽卡与卡组","meta":{"paths":["lp0hx8"]},"content":"2186790348献祭了：2张二星  1张三星  获得1120P点，当前P点数为26134","timestamp":1778770455737}
{"id":630501,"type":"success","level":1,"name":"抽卡与卡组","meta":{"paths":["lp0hx8"]},"content":"2186790348献祭了：2张二星  1张三星  获得1120P点，当前P点数为26054","timestamp":1778770461796}
{"id":630542,"type":"success","level":1,"name":"抽卡与卡组","meta":{"paths":["lp0hx8"]},"content":"2186790348献祭了：2张二星  1张三星  获得1120P点，当前P点数为25974","timestamp":1778770469439}
{"id":630583,"type":"success","level":1,"name":"抽卡与卡组","meta":{"paths":["lp0hx8"]},"content":"2186790348献祭了：1张二星  2张三星  获得1400P点，当前P点数为26174","timestamp":1778770475701}
{"id":630624,"type":"success","level":1,"name":"抽卡与卡组","meta":{"paths":["lp0hx8"]},"content":"2186790348献祭了：1张二星  2张三星  获得1400P点，当前P点数为26374","timestamp":1778770482127}
{"id":630681,"type":"success","level":1,"name":"抽卡与卡组","meta":{"paths":["lp0hx8"]},"content":"2186790348献祭了：2张二星  1张四星  获得1760P点，当前P点数为26934","timestamp":1778770499248}
{"id":630722,"type":"success","level":1,"name":"抽卡与卡组","meta":{"paths":["lp0hx8"]},"content":"2186790348献祭了：3张二星  获得840P点，当前P点数为26574","timestamp":1778770504782}
{"id":630763,"type":"success","level":1,"name":"抽卡与卡组","meta":{"paths":["lp0hx8"]},"content":"2186790348献祭了：2张二星  1张三星  获得1120P点，当前P点数为26494","timestamp":1778770510689}
{"id":630815,"type":"success","level":1,"name":"抽卡与卡组","meta":{"paths":["lp0hx8"]},"content":"2186790348献祭了：1张二星  2张三星  获得1400P点，当前P点数为26694","timestamp":1778770518333}
{"id":630862,"type":"success","level":1,"name":"抽卡与卡组","meta":{"paths":["lp0hx8"]},"content":"2186790348献祭了：3张二星  获得840P点，当前P点数为26334","timestamp":1778770524912}
{"id":630905,"type":"success","level":1,"name":"抽卡与卡组","meta":{"paths":["lp0hx8"]},"content":"2186790348献祭了：2张二星  1张三星  获得1120P点，当前P点数为26254","timestamp":1778770531096}
{"id":630968,"type":"success","level":1,"name":"抽卡与卡组","meta":{"paths":["lp0hx8"]},"content":"2186790348献祭了：2张二星  1张三星  获得1120P点，当前P点数为26174","timestamp":1778770545987}
{"id":631046,"type":"success","level":1,"name":"抽卡与卡组","meta":{"paths":["lp0hx8"]},"content":"2186790348献祭了：2张二星  1张四星  获得1760P点，当前P点数为26734","timestamp":1778770558157}
{"id":631105,"type":"success","level":1,"name":"抽卡与卡组","meta":{"paths":["lp0hx8"]},"content":"2186790348献祭了：2张二星  1张三星  获得1120P点，当前P点数为26654","timestamp":1778770565069}
{"id":631156,"type":"success","level":1,"name":"抽卡与卡组","meta":{"paths":["lp0hx8"]},"content":"2186790348献祭了：2张二星  1张三星  获得1120P点，当前P点数为26574","timestamp":1778770572566}
{"id":631204,"type":"success","level":1,"name":"抽卡与卡组","meta":{"paths":["lp0hx8"]},"content":"2186790348献祭了：2张二星  1张三星  获得1120P点，当前P点数为26494","timestamp":1778770579133}
{"id":631245,"type":"success","level":1,"name":"抽卡与卡组","meta":{"paths":["lp0hx8"]},"content":"2186790348献祭了：2张二星  1张三星  获得1120P点，当前P点数为26414","timestamp":1778770585208}
{"id":631294,"type":"success","level":1,"name":"抽卡与卡组","meta":{"paths":["lp0hx8"]},"content":"2186790348献祭了：3张二星  获得840P点，当前P点数为26054","timestamp":1778770591399}
{"id":631390,"type":"success","level":1,"name":"抽卡与卡组","meta":{"paths":["lp0hx8"]},"content":"2186790348献祭了：2张二星  1张四星  获得1760P点，当前P点数为26614","timestamp":1778770621468}
{"id":631455,"type":"success","level":1,"name":"抽卡与卡组","meta":{"paths":["lp0hx8"]},"content":"2186790348献祭了：2张二星  1张三星  获得1120P点，当前P点数为26534","timestamp":1778770628464}
{"id":631508,"type":"success","level":1,"name":"抽卡与卡组","meta":{"paths":["lp0hx8"]},"content":"2186790348献祭了：3张二星  获得840P点，当前P点数为26174","timestamp":1778770634968}
{"id":631550,"type":"success","level":1,"name":"抽卡与卡组","meta":{"paths":["lp0hx8"]},"content":"2186790348献祭了：2张二星  1张三星  获得1120P点，当前P点数为26094","timestamp":1778770641595}
{"id":631604,"type":"success","level":1,"name":"抽卡与卡组","meta":{"paths":["lp0hx8"]},"content":"2186790348献祭了：3张二星  获得840P点，当前P点数为25734","timestamp":1778770658971}
{"id":631654,"type":"success","level":1,"name":"抽卡与卡组","meta":{"paths":["lp0hx8"]},"content":"2186790348献祭了：1张二星  2张三星  获得1400P点，当前P点数为25934","timestamp":1778770664459}
{"id":631699,"type":"success","level":1,"name":"抽卡与卡组","meta":{"paths":["lp0hx8"]},"content":"2186790348献祭了：2张二星  1张三星  获得1120P点，当前P点数为25854","timestamp":1778770671224}
{"id":631747,"type":"success","level":1,"name":"抽卡与卡组","meta":{"paths":["lp0hx8"]},"content":"2186790348献祭了：3张二星  获得840P点，当前P点数为25494","timestamp":1778770676661}
{"id":631788,"type":"success","level":1,"name":"抽卡与卡组","meta":{"paths":["lp0hx8"]},"content":"2186790348献祭了：3张二星  获得840P点，当前P点数为25134","timestamp":1778770684270}
{"id":631993,"type":"success","level":1,"name":"抽卡与卡组","meta":{"paths":["lp0hx8"]},"content":"2186790348献祭了：1张二星  1张三星  1张四星  获得2040P点，当前P点数为25974","timestamp":1778770768304}
{"id":632057,"type":"success","level":1,"name":"抽卡与卡组","meta":{"paths":["lp0hx8"]},"content":"2186790348献祭了：3张二星  获得840P点，当前P点数为25614","timestamp":1778770776273}
{"id":632134,"type":"success","level":1,"name":"抽卡与卡组","meta":{"paths":["lp0hx8"]},"content":"2186790348献祭了：1张二星  1张三星  1张四星  获得2040P点，当前P点数为26454","timestamp":1778770794423}
{"id":632196,"type":"success","level":1,"name":"抽卡与卡组","meta":{"paths":["lp0hx8"]},"content":"2186790348献祭了：3张二星  获得840P点，当前P点数为26094","timestamp":1778770800542}
{"id":632250,"type":"success","level":1,"name":"抽卡与卡组","meta":{"paths":["lp0hx8"]},"content":"2186790348献祭了：3张二星  获得840P点，当前P点数为25734","timestamp":1778770807048}
{"id":632303,"type":"success","level":1,"name":"抽卡与卡组","meta":{"paths":["lp0hx8"]},"content":"2186790348献祭了：2张二星  1张三星  获得1120P点，当前P点数为25654","timestamp":1778770813933}
{"id":632351,"type":"success","level":1,"name":"抽卡与卡组","meta":{"paths":["lp0hx8"]},"content":"2186790348献祭了：3张二星  获得840P点，当前P点数为25294","timestamp":1778770821110}
{"id":632440,"type":"success","level":1,"name":"抽卡与卡组","meta":{"paths":["lp0hx8"]},"content":"2186790348献祭了：2张二星  1张FES  获得2560P点，当前P点数为26654","timestamp":1778770840059}
{"id":632481,"type":"success","level":1,"name":"抽卡与卡组","meta":{"paths":["lp0hx8"]},"content":"2186790348献祭了：3张二星  获得840P点，当前P点数为26294","timestamp":1778770846502}
{"id":632538,"type":"success","level":1,"name":"抽卡与卡组","meta":{"paths":["lp0hx8"]},"content":"2186790348献祭了：2张二星  1张三星  获得1120P点，当前P点数为26214","timestamp":1778770854007}
{"id":632594,"type":"success","level":1,"name":"抽卡与卡组","meta":{"paths":["lp0hx8"]},"content":"2186790348献祭了：3张二星  获得840P点，当前P点数为25854","timestamp":1778770861471}
{"id":632637,"type":"success","level":1,"name":"抽卡与卡组","meta":{"paths":["lp0hx8"]},"content":"2186790348献祭了：2张二星  1张三星  获得1120P点，当前P点数为25774","timestamp":1778770867574}
{"id":632721,"type":"success","level":1,"name":"抽卡与卡组","meta":{"paths":["lp0hx8"]},"content":"2186790348献祭了：2张二星  1张四星  获得1760P点，当前P点数为26334","timestamp":1778770882931}
{"id":632796,"type":"success","level":1,"name":"抽卡与卡组","meta":{"paths":["lp0hx8"]},"content":"2186790348献祭了：2张二星  1张四星  获得1760P点，当前P点数为26894","timestamp":1778770902667}
{"id":632857,"type":"success","level":1,"name":"抽卡与卡组","meta":{"paths":["lp0hx8"]},"content":"2186790348献祭了：2张二星  1张三星  获得1120P点，当前P点数为26814","timestamp":1778770909877}
{"id":632898,"type":"success","level":1,"name":"抽卡与卡组","meta":{"paths":["lp0hx8"]},"content":"2186790348献祭了：3张二星  获得840P点，当前P点数为26454","timestamp":1778770915919}
{"id":632939,"type":"success","level":1,"name":"抽卡与卡组","meta":{"paths":["lp0hx8"]},"content":"2186790348献祭了：1张二星  2张三星  获得1400P点，当前P点数为26654","timestamp":1778770922168}
{"id":632992,"type":"success","level":1,"name":"抽卡与卡组","meta":{"paths":["lp0hx8"]},"content":"2186790348献祭了：2张二星  1张三星  获得1120P点，当前P点数为26574","timestamp":1778770928238}
{"id":633045,"type":"success","level":1,"name":"抽卡与卡组","meta":{"paths":["lp0hx8"]},"content":"2186790348献祭了：3张二星  获得840P点，当前P点数为26214","timestamp":1778770934308}
{"id":633100,"type":"success","level":1,"name":"抽卡与卡组","meta":{"paths":["lp0hx8"]},"content":"2186790348献祭了：2张二星  1张三星  获得1120P点，当前P点数为26134","timestamp":1778770941086}
{"id":633159,"type":"success","level":1,"name":"抽卡与卡组","meta":{"paths":["lp0hx8"]},"content":"2186790348献祭了：2张二星  1张三星  获得1120P点，当前P点数为26054","timestamp":1778770948932}
{"id":633212,"type":"success","level":1,"name":"抽卡与卡组","meta":{"paths":["lp0hx8"]},"content":"2186790348献祭了：2张二星  1张三星  获得1120P点，当前P点数为25974","timestamp":1778770955251}
{"id":633265,"type":"success","level":1,"name":"抽卡与卡组","meta":{"paths":["lp0hx8"]},"content":"2186790348献祭了：3张二星  获得840P点，当前P点数为25614","timestamp":1778770961009}
{"id":633320,"type":"success","level":1,"name":"抽卡与卡组","meta":{"paths":["lp0hx8"]},"content":"2186790348献祭了：2张二星  1张三星  获得1120P点，当前P点数为25534","timestamp":1778770967245}
{"id":633398,"type":"success","level":1,"name":"抽卡与卡组","meta":{"paths":["lp0hx8"]},"content":"2186790348献祭了：2张二星  1张四星  获得1760P点，当前P点数为26094","timestamp":1778770985705}
{"id":633459,"type":"success","level":1,"name":"抽卡与卡组","meta":{"paths":["lp0hx8"]},"content":"2186790348献祭了：2张二星  1张三星  获得1120P点，当前P点数为26014","timestamp":1778770992063}
{"id":633560,"type":"success","level":1,"name":"抽卡与卡组","meta":{"paths":["lp0hx8"]},"content":"2186790348献祭了：1张二星  1张三星  1张四星  获得2040P点，当前P点数为26854","timestamp":1778771015518}
{"id":633605,"type":"success","level":1,"name":"抽卡与卡组","meta":{"paths":["lp0hx8"]},"content":"2186790348献祭了：2张二星  1张三星  获得1120P点，当前P点数为26774","timestamp":1778771027431}
{"id":633685,"type":"success","level":1,"name":"抽卡与卡组","meta":{"paths":["lp0hx8"]},"content":"2186790348献祭了：2张二星  1张四星  获得1760P点，当前P点数为27334","timestamp":1778771043473}
{"id":633986,"type":"success","level":1,"name":"抽卡与卡组","meta":{"paths":["lp0hx8"]},"content":"2186790348献祭了：2张二星  1张三星  获得1120P点，当前P点数为27254","timestamp":1778771122285}
{"id":634056,"type":"success","level":1,"name":"抽卡与卡组","meta":{"paths":["lp0hx8"]},"content":"2186790348献祭了：3张二星  获得840P点，当前P点数为26894","timestamp":1778771131055}
{"id":634112,"type":"success","level":1,"name":"抽卡与卡组","meta":{"paths":["lp0hx8"]},"content":"2186790348献祭了：2张二星  1张三星  获得1120P点，当前P点数为26814","timestamp":1778771136619}
{"id":634153,"type":"success","level":1,"name":"抽卡与卡组","meta":{"paths":["lp0hx8"]},"content":"2186790348献祭了：3张二星  获得840P点，当前P点数为26454","timestamp":1778771142919}
{"id":634206,"type":"success","level":1,"name":"抽卡与卡组","meta":{"paths":["lp0hx8"]},"content":"2186790348献祭了：3张二星  获得840P点，当前P点数为26094","timestamp":1778771150063}
{"id":634290,"type":"success","level":1,"name":"抽卡与卡组","meta":{"paths":["lp0hx8"]},"content":"2186790348献祭了：2张二星  1张四星  获得1760P点，当前P点数为26654","timestamp":1778771165490}
{"id":634337,"type":"success","level":1,"name":"抽卡与卡组","meta":{"paths":["lp0hx8"]},"content":"2186790348献祭了：3张二星  获得840P点，当前P点数为26294","timestamp":1778771172025}
{"id":634379,"type":"success","level":1,"name":"抽卡与卡组","meta":{"paths":["lp0hx8"]},"content":"2186790348献祭了：2张二星  1张三星  获得1120P点，当前P点数为26214","timestamp":1778771177955}
{"id":634420,"type":"success","level":1,"name":"抽卡与卡组","meta":{"paths":["lp0hx8"]},"content":"2186790348献祭了：2张二星  1张三星  获得1120P点，当前P点数为26134","timestamp":1778771184134}
{"id":634471,"type":"success","level":1,"name":"抽卡与卡组","meta":{"paths":["lp0hx8"]},"content":"2186790348献祭了：3张二星  获得840P点，当前P点数为25774","timestamp":1778771190510}
{"id":634512,"type":"success","level":1,"name":"抽卡与卡组","meta":{"paths":["lp0hx8"]},"content":"2186790348献祭了：2张二星  1张三星  获得1120P点，当前P点数为25694","timestamp":1778771196224}
{"id":634559,"type":"success","level":1,"name":"抽卡与卡组","meta":{"paths":["lp0hx8"]},"content":"2186790348献祭了：2张二星  1张三星  获得1120P点，当前P点数为25614","timestamp":1778771202478}
{"id":634612,"type":"success","level":1,"name":"抽卡与卡组","meta":{"paths":["lp0hx8"]},"content":"2186790348献祭了：2张二星  1张三星  获得1120P点，当前P点数为25534","timestamp":1778771208450}
{"id":634671,"type":"success","level":1,"name":"抽卡与卡组","meta":{"paths":["lp0hx8"]},"content":"2186790348献祭了：2张二星  1张三星  获得1120P点，当前P点数为25454","timestamp":1778771216612}
{"id":634718,"type":"success","level":1,"name":"抽卡与卡组","meta":{"paths":["lp0hx8"]},"content":"2186790348献祭了：2张二星  1张三星  获得1120P点，当前P点数为25374","timestamp":1778771222338}
{"id":634765,"type":"success","level":1,"name":"抽卡与卡组","meta":{"paths":["lp0hx8"]},"content":"2186790348献祭了：2张二星  1张三星  获得1120P点，当前P点数为25294","timestamp":1778771229140}
{"id":634815,"type":"success","level":1,"name":"抽卡与卡组","meta":{"paths":["lp0hx8"]},"content":"2186790348献祭了：2张二星  1张三星  获得1120P点，当前P点数为25214","timestamp":1778771236160}
{"id":634876,"type":"success","level":1,"name":"抽卡与卡组","meta":{"paths":["lp0hx8"]},"content":"2186790348献祭了：2张二星  1张三星  获得1120P点，当前P点数为25134","timestamp":1778771242473}
{"id":634923,"type":"success","level":1,"name":"抽卡与卡组","meta":{"paths":["lp0hx8"]},"content":"2186790348献祭了：2张二星  1张三星  获得1120P点，当前P点数为25054","timestamp":1778771250093}
{"id":635113,"type":"success","level":1,"name":"抽卡与卡组","meta":{"paths":["lp0hx8"]},"content":"2628075910献祭了：4张二星  获得1120P点，当前P点数为20820","timestamp":1778771320276}
{"id":635146,"type":"success","level":1,"name":"抽卡与卡组","meta":{"paths":["lp0hx8"]},"content":"2186790348献祭了：2张二星  1张三星  获得1120P点，当前P点数为24974","timestamp":1778771327588}
{"id":635352,"type":"success","level":1,"name":"抽卡与卡组","meta":{"paths":["lp0hx8"]},"content":"2628075910献祭了：3张二星  1张三星  获得1400P点，当前P点数为20620","timestamp":1778771397434}
{"id":635436,"type":"success","level":1,"name":"抽卡与卡组","meta":{"paths":["lp0hx8"]},"content":"2186790348献祭了：2张二星  1张三星  获得1120P点，当前P点数为24894","timestamp":1778771417239}
{"id":635507,"type":"success","level":1,"name":"抽卡与卡组","meta":{"paths":["lp0hx8"]},"content":"2186790348献祭了：2张二星  1张三星  获得1120P点，当前P点数为24814","timestamp":1778771425953}
{"id":635591,"type":"success","level":1,"name":"抽卡与卡组","meta":{"paths":["lp0hx8"]},"content":"2186790348献祭了：2张二星  1张三星  获得1120P点，当前P点数为24734","timestamp":1778771449633}
{"id":635632,"type":"success","level":1,"name":"抽卡与卡组","meta":{"paths":["lp0hx8"]},"content":"2628075910献祭了：3张二星  1张四星  获得2040P点，当前P点数为21060","timestamp":1778771452939}
{"id":635782,"type":"success","level":1,"name":"抽卡与卡组","meta":{"paths":["lp0hx8"]},"content":"2628075910献祭了：3张二星  1张三星  获得1400P点，当前P点数为20860","timestamp":1778771498477}
{"id":636037,"type":"success","level":1,"name":"抽卡与卡组","meta":{"paths":["lp0hx8"]},"content":"2628075910献祭了：3张二星  1张三星  获得1400P点，当前P点数为20660","timestamp":1778771613906}
{"id":636065,"type":"error","level":1,"name":"抽卡与卡组","meta":{"paths":["lp0hx8"]},"content":"2276942246抽卡失败，积分不足","timestamp":1778771618018}
{"id":636076,"type":"success","level":1,"name":"抽卡与卡组","meta":{"paths":["lp0hx8"]},"content":"2186790348献祭了：1张二星  1张三星  1张四星  获得2040P点，当前P点数为25574","timestamp":1778771618808}
{"id":636151,"type":"success","level":1,"name":"抽卡与卡组","meta":{"paths":["lp0hx8"]},"content":"2186790348献祭了：2张二星  1张三星  获得1120P点，当前P点数为25494","timestamp":1778771633841}
{"id":636204,"type":"success","level":1,"name":"抽卡与卡组","meta":{"paths":["lp0hx8"]},"content":"2186790348献祭了：3张二星  获得840P点，当前P点数为25134","timestamp":1778771641809}
{"id":636245,"type":"success","level":1,"name":"签到","meta":{"paths":["lp0hx8"]},"content":"1569181511完成了一次签到！","timestamp":1778771644661}
{"id":636291,"type":"success","level":1,"name":"抽卡与卡组","meta":{"paths":["lp0hx8"]},"content":"2186790348献祭了：1张二星  2张三星  获得1400P点，当前P点数为25334","timestamp":1778771655197}
{"id":636364,"type":"error","level":1,"name":"签到","meta":{"paths":["lp0hx8"]},"content":"1569181511签到失败！原因：该用户已经签到","timestamp":1778771662390}
{"id":636376,"type":"success","level":1,"name":"抽卡与卡组","meta":{"paths":["lp0hx8"]},"content":"2186790348献祭了：2张二星  1张三星  获得1120P点，当前P点数为25254","timestamp":1778771663936}
{"id":636438,"type":"info","level":2,"name":"抽卡与卡组","meta":{"paths":["lp0hx8"]},"content":"1569181511抽到了一张☆二星★卡，剩余107P点","timestamp":1778771677920}
{"id":636507,"type":"info","level":2,"name":"签到","meta":{"paths":["lp0hx8"]},"content":"2628075910向2276942246赠送了2000个P点","timestamp":1778771687582}
{"id":636576,"type":"info","level":2,"name":"签到","meta":{"paths":["lp0hx8"]},"content":"2186790348向2276942246赠送了1000个P点","timestamp":1778771707230}
{"id":636654,"type":"info","level":2,"name":"抽卡与卡组","meta":{"paths":["lp0hx8"]},"content":"2628075910抽到了一张❀三星☄卡，剩余18260P点","timestamp":1778771731135}
{"id":636718,"type":"info","level":2,"name":"抽卡与卡组","meta":{"paths":["lp0hx8"]},"content":"2186790348抽到了一张❀三星☄卡，剩余22654P点","timestamp":1778771749506}
{"id":636771,"type":"success","level":1,"name":"抽卡与卡组","meta":{"paths":["lp0hx8"]},"content":"2628075910献祭了：3张二星  1张三星  获得1400P点，当前P点数为18460","timestamp":1778771766427}
{"id":636877,"type":"success","level":1,"name":"抽卡与卡组","meta":{"paths":["lp0hx8"]},"content":"2186790348献祭了：2张二星  1张三星  获得1120P点，当前P点数为23774","timestamp":1778771798144}
{"id":637015,"type":"success","level":1,"name":"抽卡与卡组","meta":{"paths":["lp0hx8"]},"content":"2186790348献祭了：3张二星  获得840P点，当前P点数为23414","timestamp":1778771853955}
{"id":637080,"type":"success","level":1,"name":"抽卡与卡组","meta":{"paths":["lp0hx8"]},"content":"2186790348献祭了：3张二星  获得840P点，当前P点数为23054","timestamp":1778771884474}
{"id":637121,"type":"success","level":1,"name":"抽卡与卡组","meta":{"paths":["lp0hx8"]},"content":"2186790348献祭了：2张二星  1张三星  获得1120P点，当前P点数为22974","timestamp":1778771892075}
{"id":637175,"type":"success","level":1,"name":"抽卡与卡组","meta":{"paths":["lp0hx8"]},"content":"2186790348献祭了：3张二星  获得840P点，当前P点数为22614","timestamp":1778771898733}
{"id":637236,"type":"success","level":1,"name":"抽卡与卡组","meta":{"paths":["lp0hx8"]},"content":"2186790348献祭了：2张二星  1张三星  获得1120P点，当前P点数为22534","timestamp":1778771909058}
{"id":637277,"type":"success","level":1,"name":"抽卡与卡组","meta":{"paths":["lp0hx8"]},"content":"2628075910献祭了：2张二星  1张四星  1张FES  获得3760P点，当前P点数为20620","timestamp":1778771923036}
{"id":637358,"type":"success","level":1,"name":"抽卡与卡组","meta":{"paths":["lp0hx8"]},"content":"2628075910献祭了：2张二星  2张三星  获得1680P点，当前P点数为20700","timestamp":1778771941026}
{"id":637490,"type":"success","level":1,"name":"抽卡与卡组","meta":{"paths":["lp0hx8"]},"content":"2628075910献祭了：3张二星  1张三星  获得1400P点，当前P点数为20500","timestamp":1778771963260}
{"id":637545,"type":"success","level":1,"name":"抽卡与卡组","meta":{"paths":["lp0hx8"]},"content":"2186790348献祭了：2张二星  1张三星  获得1120P点，当前P点数为22454","timestamp":1778771969338}
{"id":637597,"type":"success","level":1,"name":"抽卡与卡组","meta":{"paths":["lp0hx8"]},"content":"2628075910献祭了：3张二星  1张三星  获得1400P点，当前P点数为20300","timestamp":1778771974508}
{"id":637665,"type":"success","level":1,"name":"抽卡与卡组","meta":{"paths":["lp0hx8"]},"content":"2628075910献祭了：3张二星  1张三星  获得1400P点，当前P点数为20100","timestamp":1778771986379}
{"id":637715,"type":"success","level":1,"name":"抽卡与卡组","meta":{"paths":["lp0hx8"]},"content":"2186790348献祭了：1张二星  1张三星  1张四星  获得2040P点，当前P点数为23294","timestamp":1778771989849}
{"id":637722,"type":"info","level":2,"name":"抽卡与卡组","meta":{"paths":["lp0hx8"]},"content":"2628075910抽到了一张❀三星☄卡，剩余19700P点","timestamp":1778771990614}
{"id":637826,"type":"success","level":1,"name":"抽卡与卡组","meta":{"paths":["lp0hx8"]},"content":"2628075910献祭了：2张二星  2张三星  获得1680P点，当前P点数为20180","timestamp":1778772009309}
{"id":637920,"type":"success","level":1,"name":"抽卡与卡组","meta":{"paths":["lp0hx8"]},"content":"2628075910献祭了：3张二星  1张三星  获得1400P点，当前P点数为19980","timestamp":1778772035339}
{"id":638232,"type":"success","level":1,"name":"抽卡与卡组","meta":{"paths":["lp0hx8"]},"content":"2628075910献祭了：2张二星  2张三星  获得1680P点，当前P点数为20060","timestamp":1778772137533}
{"id":638311,"type":"success","level":1,"name":"抽卡与卡组","meta":{"paths":["lp0hx8"]},"content":"2628075910献祭了：2张二星  2张三星  获得1680P点，当前P点数为20140","timestamp":1778772164456}
{"id":638385,"type":"success","level":1,"name":"抽卡与卡组","meta":{"paths":["lp0hx8"]},"content":"2186790348献祭了：2张二星  1张三星  获得1120P点，当前P点数为23214","timestamp":1778772170668}
{"id":638433,"type":"success","level":1,"name":"抽卡与卡组","meta":{"paths":["lp0hx8"]},"content":"2186790348献祭了：3张二星  获得840P点，当前P点数为22854","timestamp":1778772176351}
{"id":638517,"type":"success","level":1,"name":"抽卡与卡组","meta":{"paths":["lp0hx8"]},"content":"2186790348献祭了：1张二星  1张三星  1张四星  获得2040P点，当前P点数为23694","timestamp":1778772197778}
{"id":638538,"type":"success","level":1,"name":"抽卡与卡组","meta":{"paths":["lp0hx8"]},"content":"2628075910献祭了：3张二星  1张四星  获得2040P点，当前P点数为20580","timestamp":1778772200830}
{"id":638634,"type":"success","level":1,"name":"抽卡与卡组","meta":{"paths":["lp0hx8"]},"content":"2186790348献祭了：1张二星  1张三星  1张四星  获得2040P点，当前P点数为24534","timestamp":1778772221067}
{"id":638690,"type":"success","level":1,"name":"抽卡与卡组","meta":{"paths":["lp0hx8"]},"content":"2186790348献祭了：2张二星  1张三星  获得1120P点，当前P点数为24454","timestamp":1778772227893}
{"id":638703,"type":"success","level":1,"name":"抽卡与卡组","meta":{"paths":["lp0hx8"]},"content":"2628075910献祭了：3张二星  1张四星  获得2040P点，当前P点数为21020","timestamp":1778772230092}
{"id":638772,"type":"success","level":1,"name":"抽卡与卡组","meta":{"paths":["lp0hx8"]},"content":"2186790348献祭了：3张二星  获得840P点，当前P点数为24094","timestamp":1778772235294}
{"id":638826,"type":"success","level":1,"name":"抽卡与卡组","meta":{"paths":["lp0hx8"]},"content":"2628075910献祭了：3张二星  1张三星  获得1400P点，当前P点数为20820","timestamp":1778772241211}
{"id":638842,"type":"success","level":1,"name":"抽卡与卡组","meta":{"paths":["lp0hx8"]},"content":"2186790348献祭了：2张二星  1张三星  获得1120P点，当前P点数为24014","timestamp":1778772242664}
{"id":638921,"type":"success","level":1,"name":"抽卡与卡组","meta":{"paths":["lp0hx8"]},"content":"2628075910献祭了：3张二星  1张三星  获得1400P点，当前P点数为20620","timestamp":1778772248828}
{"id":638938,"type":"success","level":1,"name":"抽卡与卡组","meta":{"paths":["lp0hx8"]},"content":"2186790348献祭了：2张二星  1张三星  获得1120P点，当前P点数为23934","timestamp":1778772249744}
{"id":639021,"type":"success","level":1,"name":"抽卡与卡组","meta":{"paths":["lp0hx8"]},"content":"2186790348献祭了：3张二星  获得840P点，当前P点数为23574","timestamp":1778772256053}
{"id":639052,"type":"success","level":1,"name":"抽卡与卡组","meta":{"paths":["lp0hx8"]},"content":"2628075910献祭了：3张二星  1张三星  获得1400P点，当前P点数为20420","timestamp":1778772257714}
{"id":639103,"type":"success","level":1,"name":"抽卡与卡组","meta":{"paths":["lp0hx8"]},"content":"2186790348献祭了：3张二星  获得840P点，当前P点数为23214","timestamp":1778772262722}
{"id":639160,"type":"success","level":1,"name":"抽卡与卡组","meta":{"paths":["lp0hx8"]},"content":"2628075910献祭了：4张二星  获得1120P点，当前P点数为19940","timestamp":1778772267773}
{"id":639171,"type":"success","level":1,"name":"抽卡与卡组","meta":{"paths":["lp0hx8"]},"content":"2186790348献祭了：3张二星  获得840P点，当前P点数为22854","timestamp":1778772268798}
{"id":639234,"type":"success","level":1,"name":"抽卡与卡组","meta":{"paths":["lp0hx8"]},"content":"2186790348献祭了：1张二星  2张三星  获得1400P点，当前P点数为23054","timestamp":1778772275495}
{"id":639275,"type":"success","level":1,"name":"抽卡与卡组","meta":{"paths":["lp0hx8"]},"content":"2628075910献祭了：2张二星  2张三星  获得1680P点，当前P点数为20020","timestamp":1778772278104}
{"id":639302,"type":"success","level":1,"name":"抽卡与卡组","meta":{"paths":["lp0hx8"]},"content":"2186790348献祭了：2张二星  1张三星  获得1120P点，当前P点数为22974","timestamp":1778772281607}
{"id":639381,"type":"success","level":1,"name":"抽卡与卡组","meta":{"paths":["lp0hx8"]},"content":"2186790348献祭了：3张二星  获得840P点，当前P点数为22614","timestamp":1778772291960}
{"id":639392,"type":"success","level":1,"name":"抽卡与卡组","meta":{"paths":["lp0hx8"]},"content":"2276942246献祭了：1张二星  1张三星  1张四星  获得2040P点，当前P点数为4801","timestamp":1778772293082}
{"id":639465,"type":"success","level":1,"name":"抽卡与卡组","meta":{"paths":["lp0hx8"]},"content":"2276942246献祭了：3张二星  获得840P点，当前P点数为4441","timestamp":1778772306456}
{"id":639579,"type":"success","level":1,"name":"抽卡与卡组","meta":{"paths":["lp0hx8"]},"content":"2186790348献祭了：2张二星  1张三星  获得1120P点，当前P点数为22534","timestamp":1778772320264}
{"id":639632,"type":"success","level":1,"name":"抽卡与卡组","meta":{"paths":["lp0hx8"]},"content":"2276942246献祭了：2张三星  1张四星  获得2320P点，当前P点数为5561","timestamp":1778772331808}
{"id":639665,"type":"success","level":1,"name":"抽卡与卡组","meta":{"paths":["lp0hx8"]},"content":"2628075910献祭了：2张二星  1张三星  1张四星  获得2320P点，当前P点数为20740","timestamp":1778772339122}
{"id":639695,"type":"info","level":2,"name":"抽卡与卡组","meta":{"paths":["lp0hx8"]},"content":"2276942246抽到了一张❀三星☄卡，剩余4761P点","timestamp":1778772347650}
{"id":639768,"type":"success","level":1,"name":"抽卡与卡组","meta":{"paths":["lp0hx8"]},"content":"2276942246献祭了：1张二星  2张三星  获得1400P点，当前P点数为5361","timestamp":1778772358665}
{"id":639839,"type":"success","level":1,"name":"抽卡与卡组","meta":{"paths":["lp0hx8"]},"content":"2276942246献祭了：3张二星  获得840P点，当前P点数为5001","timestamp":1778772370122}
{"id":639842,"type":"success","level":1,"name":"抽卡与卡组","meta":{"paths":["lp0hx8"]},"content":"2186790348献祭了：2张二星  1张四星  获得1760P点，当前P点数为23094","timestamp":1778772371027}
{"id":639920,"type":"success","level":1,"name":"抽卡与卡组","meta":{"paths":["lp0hx8"]},"content":"2628075910献祭了：2张二星  1张三星  1张FES  获得3120P点，当前P点数为22260","timestamp":1778772376908}
{"id":639941,"type":"success","level":1,"name":"抽卡与卡组","meta":{"paths":["lp0hx8"]},"content":"2276942246献祭了：1张二星  2张三星  获得1400P点，当前P点数为5201","timestamp":1778772378791}
{"id":639972,"type":"success","level":1,"name":"抽卡与卡组","meta":{"paths":["lp0hx8"]},"content":"2186790348献祭了：2张二星  1张三星  获得1120P点，当前P点数为23014","timestamp":1778772380814}
{"id":640069,"type":"success","level":1,"name":"抽卡与卡组","meta":{"paths":["lp0hx8"]},"content":"2186790348献祭了：2张二星  1张三星  获得1120P点，当前P点数为22934","timestamp":1778772389390}
{"id":640072,"type":"success","level":1,"name":"抽卡与卡组","meta":{"paths":["lp0hx8"]},"content":"2276942246献祭了：3张二星  获得840P点，当前P点数为4841","timestamp":1778772389899}
{"id":640102,"type":"success","level":1,"name":"抽卡与卡组","meta":{"paths":["lp0hx8"]},"content":"2628075910献祭了：4张二星  获得1120P点，当前P点数为21780","timestamp":1778772390997}
{"id":640189,"type":"success","level":1,"name":"抽卡与卡组","meta":{"paths":["lp0hx8"]},"content":"2276942246献祭了：3张二星  获得840P点，当前P点数为4481","timestamp":1778772400753}
{"id":640243,"type":"success","level":1,"name":"抽卡与卡组","meta":{"paths":["lp0hx8"]},"content":"2276942246献祭了：2张二星  1张三星  获得1120P点，当前P点数为4401","timestamp":1778772409142}
{"id":640308,"type":"success","level":1,"name":"抽卡与卡组","meta":{"paths":["lp0hx8"]},"content":"2186790348献祭了：1张二星  1张三星  1张四星  获得2040P点，当前P点数为23774","timestamp":1778772418324}
{"id":640388,"type":"success","level":1,"name":"抽卡与卡组","meta":{"paths":["lp0hx8"]},"content":"2628075910献祭了：2张二星  1张三星  1张四星  获得2320P点，当前P点数为22500","timestamp":1778772429847}
{"id":640407,"type":"info","level":2,"name":"签到","meta":{"paths":["lp0hx8"]},"content":"已更新986054920的抢劫次数和记录","timestamp":1778772430336}
{"id":640424,"type":"success","level":1,"name":"签到","meta":{"paths":["lp0hx8"]},"content":"986054920抢劫2186790348失败！失去了所有P点！","timestamp":1778772430616}
{"id":640425,"type":"info","level":2,"name":"签到","meta":{"paths":["lp0hx8"]},"content":"986054920今天的抢劫记录为-132   |    剩余抢劫次数为2","timestamp":1778772430617}
{"id":640518,"type":"success","level":1,"name":"抽卡与卡组","meta":{"paths":["lp0hx8"]},"content":"2276942246献祭了：1张二星  1张三星  1张四星  获得2040P点，当前P点数为5241","timestamp":1778772449414}
{"id":640543,"type":"info","level":2,"name":"签到","meta":{"paths":["lp0hx8"]},"content":"2628075910向986054920赠送了1000个P点","timestamp":1778772451802}
{"id":640585,"type":"warn","level":2,"name":"command","meta":{},"content":"送p点 \nTypeError: Cannot read properties of undefined (reading 'attrs')\n    at _Command.eval (eval at <anonymous> (/root/lezskabot/koishi/koishi-app/node_modules/koishi-plugin-blockly-null/lib/index.js:1:1), <anonymous>:123:93)\n    at Array.<anonymous> (/root/lezskabot/koishi/koishi-app/node_modules/@koishijs/core/lib/index.cjs:1079:27)\n    at argv.next (/root/lezskabot/koishi/koishi-app/node_modules/@koishijs/core/lib/index.cjs:1090:30)\n    at _Command.execute (/root/lezskabot/koishi/koishi-app/node_modules/@koishijs/core/lib/index.cjs:1093:33)\n    at process.processTicksAndRejections (node:internal/process/task_queues:95:5)\n    at async /root/lezskabot/koishi/koishi-app/node_modules/@koishijs/core/lib/index.cjs:2049:22\n    at async Proxy.withScope (/root/lezskabot/koishi/koishi-app/node_modules/@koishijs/core/lib/index.cjs:1958:22)\n    at async next (/root/lezskabot/koishi/koishi-app/node_modules/@koishijs/core/lib/index.cjs:827:16)\n    at async next (/root/lezskabot/koishi/koishi-app/node_modules/@koishijs/core/lib/index.cjs:827:16)\n    at async next (/root/lezskabot/koishi/koishi-app/node_modules/@koishijs/core/lib/index.cjs:827:16)","timestamp":1778772456157}
{"id":640654,"type":"info","level":2,"name":"签到","meta":{"paths":["lp0hx8"]},"content":"2276942246向986054920赠送了1000个P点","timestamp":1778772466199}
{"id":640783,"type":"success","level":1,"name":"抽卡与卡组","meta":{"paths":["lp0hx8"]},"content":"2276942246献祭了：2张二星  1张四星  获得1760P点，当前P点数为4801","timestamp":1778772484569}
{"id":640823,"type":"success","level":1,"name":"抽卡与卡组","meta":{"paths":["lp0hx8"]},"content":"2186790348献祭了：2张二星  1张四星  获得1760P点，当前P点数为24334","timestamp":1778772489218}
{"id":640905,"type":"success","level":1,"name":"抽卡与卡组","meta":{"paths":["lp0hx8"]},"content":"2276942246献祭了：2张二星  1张三星  获得1120P点，当前P点数为4721","timestamp":1778772495151}
{"id":640908,"type":"success","level":1,"name":"抽卡与卡组","meta":{"paths":["lp0hx8"]},"content":"2186790348献祭了：1张二星  2张三星  获得1400P点，当前P点数为24534","timestamp":1778772495481}
{"id":640964,"type":"success","level":1,"name":"抽卡与卡组","meta":{"paths":["lp0hx8"]},"content":"2186790348献祭了：1张二星  2张三星  获得1400P点，当前P点数为24734","timestamp":1778772501310}
{"id":641025,"type":"success","level":1,"name":"抽卡与卡组","meta":{"paths":["lp0hx8"]},"content":"2186790348献祭了：2张二星  1张三星  获得1120P点，当前P点数为24654","timestamp":1778772508135}
{"id":641114,"type":"success","level":1,"name":"抽卡与卡组","meta":{"paths":["lp0hx8"]},"content":"2628075910献祭了：2张二星  1张三星  1张四星  获得2320P点，当前P点数为22220","timestamp":1778772521127}
{"id":641220,"type":"info","level":2,"name":"签到","meta":{"paths":["lp0hx8"]},"content":"2628075910向2276942246赠送了3000个P点","timestamp":1778772542762}
{"id":641306,"type":"info","level":2,"name":"签到","meta":{"paths":["lp0hx8"]},"content":"2186790348向2276942246赠送了1000个P点","timestamp":1778772560083}
{"id":641375,"type":"info","level":2,"name":"抽卡与卡组","meta":{"paths":["lp0hx8"]},"content":"2276942246抽到了一张♔♕四星(?)♕♔卡，剩余1521P点","timestamp":1778772573698}
{"id":641458,"type":"success","level":1,"name":"抽卡与卡组","meta":{"paths":["lp0hx8"]},"content":"2628075910献祭了：3张二星  1张三星  获得1400P点，当前P点数为19020","timestamp":1778772583415}
{"id":641592,"type":"success","level":1,"name":"抽卡与卡组","meta":{"paths":["lp0hx8"]},"content":"2186790348献祭了：2张三星  1张四星  获得2320P点，当前P点数为24774","timestamp":1778772600480}
{"id":641675,"type":"success","level":1,"name":"抽卡与卡组","meta":{"paths":["lp0hx8"]},"content":"2276942246献祭了：1张三星  2张四星  获得2960P点，当前P点数为3681","timestamp":1778772607241}
{"id":641687,"type":"success","level":1,"name":"抽卡与卡组","meta":{"paths":["lp0hx8"]},"content":"2628075910献祭了：3张二星  1张三星  获得1400P点，当前P点数为18820","timestamp":1778772608135}
{"id":641755,"type":"success","level":1,"name":"抽卡与卡组","meta":{"paths":["lp0hx8"]},"content":"2186790348献祭了：3张二星  获得840P点，当前P点数为24414","timestamp":1778772613273}
{"id":641855,"type":"success","level":1,"name":"抽卡与卡组","meta":{"paths":["lp0hx8"]},"content":"2186790348献祭了：2张二星  1张三星  获得1120P点，当前P点数为24334","timestamp":1778772619584}
{"id":641866,"type":"success","level":1,"name":"抽卡与卡组","meta":{"paths":["lp0hx8"]},"content":"2276942246献祭了：2张二星  1张三星  获得1120P点，当前P点数为3601","timestamp":1778772620255}
{"id":641946,"type":"success","level":1,"name":"抽卡与卡组","meta":{"paths":["lp0hx8"]},"content":"2276942246献祭了：2张二星  1张三星  获得1120P点，当前P点数为3521","timestamp":1778772627984}
{"id":641994,"type":"success","level":1,"name":"抽卡与卡组","meta":{"paths":["lp0hx8"]},"content":"2628075910献祭了：2张二星  1张三星  1张FES  获得3120P点，当前P点数为20340","timestamp":1778772630536}
{"id":642051,"type":"success","level":1,"name":"抽卡与卡组","meta":{"paths":["lp0hx8"]},"content":"2186790348献祭了：1张二星  2张四星  获得2680P点，当前P点数为25814","timestamp":1778772637894}
{"id":642096,"type":"success","level":1,"name":"抽卡与卡组","meta":{"paths":["lp0hx8"]},"content":"2628075910献祭了：3张二星  1张三星  获得1400P点，当前P点数为20140","timestamp":1778772642601}
{"id":642206,"type":"success","level":1,"name":"抽卡与卡组","meta":{"paths":["lp0hx8"]},"content":"2276942246献祭了：1张二星  2张三星  获得1400P点，当前P点数为3721","timestamp":1778772657826}
{"id":642285,"type":"success","level":1,"name":"抽卡与卡组","meta":{"paths":["lp0hx8"]},"content":"2276942246献祭了：2张二星  1张三星  获得1120P点，当前P点数为3641","timestamp":1778772666461}
{"id":642355,"type":"success","level":1,"name":"抽卡与卡组","meta":{"paths":["lp0hx8"]},"content":"2186790348献祭了：3张三星  获得1680P点，当前P点数为26294","timestamp":1778772673367}
{"id":642437,"type":"success","level":1,"name":"抽卡与卡组","meta":{"paths":["lp0hx8"]},"content":"2276942246献祭了：1张二星  2张三星  获得1400P点，当前P点数为3841","timestamp":1778772679454}
{"id":642526,"type":"success","level":1,"name":"抽卡与卡组","meta":{"paths":["lp0hx8"]},"content":"2276942246献祭了：3张二星  获得840P点，当前P点数为3481","timestamp":1778772686589}
{"id":642573,"type":"success","level":1,"name":"抽卡与卡组","meta":{"paths":["lp0hx8"]},"content":"2186790348献祭了：2张二星  1张四星  获得1760P点，当前P点数为26854","timestamp":1778772689142}
{"id":642597,"type":"success","level":1,"name":"抽卡与卡组","meta":{"paths":["lp0hx8"]},"content":"2628075910献祭了：3张二星  1张四星  获得2040P点，当前P点数为20580","timestamp":1778772690680}
{"id":642903,"type":"success","level":1,"name":"抽卡与卡组","meta":{"paths":["lp0hx8"]},"content":"2628075910献祭了：3张二星  1张FES  获得2840P点，当前P点数为21820","timestamp":1778772745839}
{"id":642998,"type":"success","level":1,"name":"抽卡与卡组","meta":{"paths":["lp0hx8"]},"content":"2628075910献祭了：2张二星  2张三星  获得1680P点，当前P点数为21900","timestamp":1778772756862}
{"id":643054,"type":"success","level":1,"name":"抽卡与卡组","meta":{"paths":["lp0hx8"]},"content":"2186790348献祭了：1张二星  1张三星  1张四星  获得2040P点，当前P点数为27694","timestamp":1778772761162}
{"id":643154,"type":"success","level":1,"name":"抽卡与卡组","meta":{"paths":["lp0hx8"]},"content":"2276942246献祭了：1张二星  1张三星  1张四星  获得2040P点，当前P点数为4321","timestamp":1778772776307}
{"id":643237,"type":"success","level":1,"name":"抽卡与卡组","meta":{"paths":["lp0hx8"]},"content":"2186790348献祭了：2张二星  1张三星  获得1120P点，当前P点数为27614","timestamp":1778772783456}
{"id":643316,"type":"success","level":1,"name":"抽卡与卡组","meta":{"paths":["lp0hx8"]},"content":"2186790348献祭了：2张二星  1张三星  获得1120P点，当前P点数为27534","timestamp":1778772789738}
{"id":643319,"type":"success","level":1,"name":"抽卡与卡组","meta":{"paths":["lp0hx8"]},"content":"2276942246献祭了：2张二星  1张三星  获得1120P点，当前P点数为4241","timestamp":1778772789795}
{"id":643415,"type":"success","level":1,"name":"抽卡与卡组","meta":{"paths":["lp0hx8"]},"content":"2186790348献祭了：3张二星  获得840P点，当前P点数为27174","timestamp":1778772797050}
{"id":643466,"type":"success","level":1,"name":"抽卡与卡组","meta":{"paths":["lp0hx8"]},"content":"2276942246献祭了：3张二星  获得840P点，当前P点数为3881","timestamp":1778772800040}
{"id":643531,"type":"success","level":1,"name":"抽卡与卡组","meta":{"paths":["lp0hx8"]},"content":"2186790348献祭了：2张二星  1张三星  获得1120P点，当前P点数为27094","timestamp":1778772805589}
{"id":643585,"type":"success","level":1,"name":"抽卡与卡组","meta":{"paths":["lp0hx8"]},"content":"2276942246献祭了：2张二星  1张三星  获得1120P点，当前P点数为3801","timestamp":1778772808589}
{"id":643655,"type":"success","level":1,"name":"抽卡与卡组","meta":{"paths":["lp0hx8"]},"content":"2276942246献祭了：2张二星  1张三星  获得1120P点，当前P点数为3721","timestamp":1778772816677}
{"id":643751,"type":"success","level":1,"name":"抽卡与卡组","meta":{"paths":["lp0hx8"]},"content":"2186790348献祭了：2张三星  1张四星  获得2320P点，当前P点数为28214","timestamp":1778772825482}
{"id":643799,"type":"success","level":1,"name":"抽卡与卡组","meta":{"paths":["lp0hx8"]},"content":"2276942246献祭了：2张二星  1张三星  获得1120P点，当前P点数为3641","timestamp":1778772827348}
{"id":643828,"type":"success","level":1,"name":"抽卡与卡组","meta":{"paths":["lp0hx8"]},"content":"986054920献祭了：1张二星  2张四星  获得2680P点，当前P点数为3880","timestamp":1778772830479}
{"id":643879,"type":"success","level":1,"name":"抽卡与卡组","meta":{"paths":["lp0hx8"]},"content":"2186790348献祭了：3张二星  获得840P点，当前P点数为27854","timestamp":1778772833857}
{"id":643942,"type":"success","level":1,"name":"抽卡与卡组","meta":{"paths":["lp0hx8"]},"content":"2186790348献祭了：2张二星  1张三星  获得1120P点，当前P点数为27774","timestamp":1778772839893}
{"id":644122,"type":"success","level":1,"name":"抽卡与卡组","meta":{"paths":["lp0hx8"]},"content":"2186790348献祭了：2张二星  1张三星  获得1120P点，当前P点数为27694","timestamp":1778772851838}
{"id":644228,"type":"success","level":1,"name":"抽卡与卡组","meta":{"paths":["lp0hx8"]},"content":"2186790348献祭了：3张二星  获得840P点，当前P点数为27334","timestamp":1778772859905}
{"id":644256,"type":"success","level":1,"name":"抽卡与卡组","meta":{"paths":["lp0hx8"]},"content":"986054920献祭了：3张二星  获得840P点，当前P点数为3520","timestamp":1778772863603}
{"id":644385,"type":"success","level":1,"name":"抽卡与卡组","meta":{"paths":["lp0hx8"]},"content":"2276942246献祭了：2张二星  1张三星  获得1120P点，当前P点数为3561","timestamp":1778772873824}
{"id":644451,"type":"success","level":1,"name":"抽卡与卡组","meta":{"paths":["lp0hx8"]},"content":"2276942246献祭了：3张二星  获得840P点，当前P点数为3201","timestamp":1778772882676}
{"id":644472,"type":"success","level":1,"name":"抽卡与卡组","meta":{"paths":["lp0hx8"]},"content":"986054920献祭了：2张二星  1张三星  获得1120P点，当前P点数为3440","timestamp":1778772886312}
{"id":644519,"type":"success","level":1,"name":"抽卡与卡组","meta":{"paths":["lp0hx8"]},"content":"2186790348献祭了：2张二星  1张四星  获得1760P点，当前P点数为27894","timestamp":1778772888435}
{"id":644587,"type":"success","level":1,"name":"抽卡与卡组","meta":{"paths":["lp0hx8"]},"content":"2276942246献祭了：3张二星  获得840P点，当前P点数为2841","timestamp":1778772891839}
{"id":644618,"type":"success","level":1,"name":"抽卡与卡组","meta":{"paths":["lp0hx8"]},"content":"2628075910献祭了：2张二星  1张三星  1张四星  获得2320P点，当前P点数为22620","timestamp":1778772892877}
{"id":644739,"type":"success","level":1,"name":"抽卡与卡组","meta":{"paths":["lp0hx8"]},"content":"2186790348献祭了：2张二星  1张三星  获得1120P点，当前P点数为27814","timestamp":1778772901343}
{"id":644822,"type":"success","level":1,"name":"抽卡与卡组","meta":{"paths":["lp0hx8"]},"content":"986054920献祭了：2张二星  1张四星  获得1760P点，当前P点数为4000","timestamp":1778772917613}
{"id":644970,"type":"success","level":1,"name":"抽卡与卡组","meta":{"paths":["lp0hx8"]},"content":"2628075910献祭了：2张二星  1张三星  1张四星  获得2320P点，当前P点数为23340","timestamp":1778772940304}
{"id":644981,"type":"success","level":1,"name":"抽卡与卡组","meta":{"paths":["lp0hx8"]},"content":"986054920献祭了：2张二星  1张三星  获得1120P点，当前P点数为3920","timestamp":1778772940958}
{"id":645084,"type":"success","level":1,"name":"抽卡与卡组","meta":{"paths":["lp0hx8"]},"content":"2186790348献祭了：2张二星  1张三星  获得1120P点，当前P点数为27734","timestamp":1778772947009}
{"id":645135,"type":"success","level":1,"name":"抽卡与卡组","meta":{"paths":["lp0hx8"]},"content":"2628075910献祭了：2张二星  2张三星  获得1680P点，当前P点数为23420","timestamp":1778772950279}
{"id":645161,"type":"success","level":1,"name":"抽卡与卡组","meta":{"paths":["lp0hx8"]},"content":"2276942246献祭了：1张二星  1张三星  1张四星  获得2040P点，当前P点数为3681","timestamp":1778772951624}
{"id":645250,"type":"success","level":1,"name":"抽卡与卡组","meta":{"paths":["lp0hx8"]},"content":"986054920献祭了：7张二星  1张三星  获得2520P点，当前P点数为5240","timestamp":1778772957706}
{"id":645253,"type":"success","level":1,"name":"抽卡与卡组","meta":{"paths":["lp0hx8"]},"content":"2628075910献祭了：1张二星  3张三星  获得1960P点，当前P点数为23780","timestamp":1778772957856}
{"id":645296,"type":"success","level":1,"name":"抽卡与卡组","meta":{"paths":["lp0hx8"]},"content":"2186790348献祭了：1张二星  2张三星  获得1400P点，当前P点数为27934","timestamp":1778772960399}
{"id":645330,"type":"success","level":1,"name":"抽卡与卡组","meta":{"paths":["lp0hx8"]},"content":"2276942246献祭了：3张三星  获得1680P点，当前P点数为4161","timestamp":1778772962164}
{"id":645498,"type":"success","level":1,"name":"抽卡与卡组","meta":{"paths":["lp0hx8"]},"content":"2276942246献祭了：2张二星  1张三星  获得1120P点，当前P点数为4081","timestamp":1778772972848}
{"id":645593,"type":"success","level":1,"name":"抽卡与卡组","meta":{"paths":["lp0hx8"]},"content":"2628075910献祭了：3张二星  1张四星  获得2040P点，当前P点数为24220","timestamp":1778772986017}
{"id":645651,"type":"success","level":1,"name":"抽卡与卡组","meta":{"paths":["lp0hx8"]},"content":"2276942246献祭了：2张二星  1张三星  获得1120P点，当前P点数为4001","timestamp":1778772991526}
{"id":645683,"type":"success","level":1,"name":"抽卡与卡组","meta":{"paths":["lp0hx8"]},"content":"986054920献祭了：5张二星  2张三星  1张FES  获得4520P点，当前P点数为6560","timestamp":1778772992720}
{"id":645782,"type":"success","level":1,"name":"抽卡与卡组","meta":{"paths":["lp0hx8"]},"content":"2628075910献祭了：2张二星  2张三星  获得1680P点，当前P点数为24300","timestamp":1778772999430}
{"id":645805,"type":"success","level":1,"name":"抽卡与卡组","meta":{"paths":["lp0hx8"]},"content":"2276942246献祭了：3张三星  获得1680P点，当前P点数为4481","timestamp":1778773000880}
{"id":645922,"type":"success","level":1,"name":"抽卡与卡组","meta":{"paths":["lp0hx8"]},"content":"2628075910献祭了：4张三星  获得2240P点，当前P点数为24940","timestamp":1778773008925}
{"id":645925,"type":"success","level":1,"name":"抽卡与卡组","meta":{"paths":["lp0hx8"]},"content":"2186790348献祭了：1张三星  1张四星  1张FES  获得3760P点，当前P点数为30494","timestamp":1778773009046}
{"id":645957,"type":"success","level":1,"name":"抽卡与卡组","meta":{"paths":["lp0hx8"]},"content":"2276942246献祭了：1张二星  2张三星  获得1400P点，当前P点数为4681","timestamp":1778773011487}
{"id":646044,"type":"success","level":1,"name":"抽卡与卡组","meta":{"paths":["lp0hx8"]},"content":"2628075910献祭了：3张二星  1张三星  获得1400P点，当前P点数为24740","timestamp":1778773028851}
{"id":646173,"type":"success","level":1,"name":"抽卡与卡组","meta":{"paths":["lp0hx8"]},"content":"2628075910献祭了：3张二星  1张三星  获得1400P点，当前P点数为24540","timestamp":1778773048140}
{"id":646207,"type":"success","level":1,"name":"抽卡与卡组","meta":{"paths":["lp0hx8"]},"content":"986054920献祭了：1张二星  4张三星  2张四星  获得4920P点，当前P点数为8280","timestamp":1778773054012}
{"id":646355,"type":"success","level":1,"name":"抽卡与卡组","meta":{"paths":["lp0hx8"]},"content":"2628075910献祭了：3张二星  1张四星  获得2040P点，当前P点数为24980","timestamp":1778773069875}
{"id":646532,"type":"success","level":1,"name":"抽卡与卡组","meta":{"paths":["lp0hx8"]},"content":"986054920献祭了：4张二星  2张三星  1张四星  获得3440P点，当前P点数为8920","timestamp":1778773085218}
{"id":646560,"type":"success","level":1,"name":"抽卡与卡组","meta":{"paths":["lp0hx8"]},"content":"2628075910献祭了：3张二星  1张三星  获得1400P点，当前P点数为24780","timestamp":1778773086257}
{"id":646587,"type":"success","level":1,"name":"抽卡与卡组","meta":{"paths":["lp0hx8"]},"content":"2186790348献祭了：2张二星  1张三星  获得1120P点，当前P点数为30414","timestamp":1778773087871}
{"id":646704,"type":"success","level":1,"name":"抽卡与卡组","meta":{"paths":["lp0hx8"]},"content":"2186790348献祭了：1张二星  2张三星  获得1400P点，当前P点数为30614","timestamp":1778773094288}
{"id":646746,"type":"success","level":1,"name":"抽卡与卡组","meta":{"paths":["lp0hx8"]},"content":"2628075910献祭了：3张二星  1张三星  获得1400P点，当前P点数为24580","timestamp":1778773096787}
{"id":646805,"type":"success","level":1,"name":"抽卡与卡组","meta":{"paths":["lp0hx8"]},"content":"2186790348献祭了：2张二星  1张三星  获得1120P点，当前P点数为30534","timestamp":1778773100821}
{"id":646836,"type":"success","level":1,"name":"抽卡与卡组","meta":{"paths":["lp0hx8"]},"content":"986054920献祭了：6张二星  1张三星  获得2240P点，当前P点数为8360","timestamp":1778773103812}
{"id":646868,"type":"success","level":1,"name":"抽卡与卡组","meta":{"paths":["lp0hx8"]},"content":"2186790348献祭了：3张二星  获得840P点，当前P点数为30174","timestamp":1778773105839}
{"id":646937,"type":"success","level":1,"name":"抽卡与卡组","meta":{"paths":["lp0hx8"]},"content":"2186790348献祭了：2张二星  1张三星  获得1120P点，当前P点数为30094","timestamp":1778773111819}
{"id":647030,"type":"success","level":1,"name":"抽卡与卡组","meta":{"paths":["lp0hx8"]},"content":"2186790348献祭了：3张二星  获得840P点，当前P点数为29734","timestamp":1778773118741}
{"id":647090,"type":"success","level":1,"name":"抽卡与卡组","meta":{"paths":["lp0hx8"]},"content":"2628075910献祭了：2张二星  1张三星  1张四星  获得2320P点，当前P点数为25300","timestamp":1778773122992}
{"id":647133,"type":"success","level":1,"name":"抽卡与卡组","meta":{"paths":["lp0hx8"]},"content":"2186790348献祭了：2张二星  1张三星  获得1120P点，当前P点数为29654","timestamp":1778773125489}
{"id":647151,"type":"success","level":1,"name":"抽卡与卡组","meta":{"paths":["lp0hx8"]},"content":"986054920献祭了：5张二星  2张三星  获得2520P点，当前P点数为8080","timestamp":1778773127882}
{"id":647334,"type":"success","level":1,"name":"抽卡与卡组","meta":{"paths":["lp0hx8"]},"content":"2186790348献祭了：2张二星  1张四星  获得1760P点，当前P点数为30214","timestamp":1778773147323}
{"id":647361,"type":"success","level":1,"name":"抽卡与卡组","meta":{"paths":["lp0hx8"]},"content":"2628075910献祭了：2张二星  2张三星  获得1680P点，当前P点数为25380","timestamp":1778773150086}
{"id":647443,"type":"success","level":1,"name":"抽卡与卡组","meta":{"paths":["lp0hx8"]},"content":"2186790348献祭了：2张二星  1张三星  获得1120P点，当前P点数为30134","timestamp":1778773162761}
{"id":647446,"type":"success","level":1,"name":"抽卡与卡组","meta":{"paths":["lp0hx8"]},"content":"986054920献祭了：3张二星  3张三星  获得2520P点，当前P点数为7800","timestamp":1778773163033}
{"id":647577,"type":"success","level":1,"name":"抽卡与卡组","meta":{"paths":["lp0hx8"]},"content":"2186790348献祭了：2张二星  1张三星  获得1120P点，当前P点数为30054","timestamp":1778773176177}
{"id":647694,"type":"success","level":1,"name":"抽卡与卡组","meta":{"paths":["lp0hx8"]},"content":"2628075910献祭了：3张二星  1张三星  获得1400P点，当前P点数为25180","timestamp":1778773186830}
{"id":647780,"type":"success","level":1,"name":"抽卡与卡组","meta":{"paths":["lp0hx8"]},"content":"2186790348献祭了：2张三星  1张四星  获得2320P点，当前P点数为31174","timestamp":1778773196976}
{"id":647822,"type":"success","level":1,"name":"抽卡与卡组","meta":{"paths":["lp0hx8"]},"content":"2628075910献祭了：4张二星  获得1120P点，当前P点数为24700","timestamp":1778773200413}
{"id":647858,"type":"success","level":1,"name":"抽卡与卡组","meta":{"paths":["lp0hx8"]},"content":"2186790348献祭了：3张二星  获得840P点，当前P点数为30814","timestamp":1778773202411}
{"id":647897,"type":"success","level":1,"name":"抽卡与卡组","meta":{"paths":["lp0hx8"]},"content":"986054920献祭了：4张二星  1张三星  获得1680P点，当前P点数为7080","timestamp":1778773203844}
{"id":647991,"type":"success","level":1,"name":"抽卡与卡组","meta":{"paths":["lp0hx8"]},"content":"2186790348献祭了：3张二星  获得840P点，当前P点数为30454","timestamp":1778773211874}
{"id":648002,"type":"success","level":1,"name":"抽卡与卡组","meta":{"paths":["lp0hx8"]},"content":"2628075910献祭了：4张二星  获得1120P点，当前P点数为24220","timestamp":1778773212290}
{"id":648141,"type":"success","level":1,"name":"抽卡与卡组","meta":{"paths":["lp0hx8"]},"content":"2628075910献祭了：4张二星  获得1120P点，当前P点数为23740","timestamp":1778773223098}
{"id":648185,"type":"success","level":1,"name":"抽卡与卡组","meta":{"paths":["lp0hx8"]},"content":"986054920献祭了：5张二星  获得1400P点，当前P点数为6480","timestamp":1778773226783}
{"id":648249,"type":"success","level":1,"name":"抽卡与卡组","meta":{"paths":["lp0hx8"]},"content":"2628075910献祭了：4张二星  获得1120P点，当前P点数为23260","timestamp":1778773233935}
{"id":648283,"type":"success","level":1,"name":"抽卡与卡组","meta":{"paths":["lp0hx8"]},"content":"2186790348献祭了：1张二星  2张四星  获得2680P点，当前P点数为31934","timestamp":1778773236365}
{"id":648391,"type":"success","level":1,"name":"抽卡与卡组","meta":{"paths":["lp0hx8"]},"content":"986054920献祭了：3张二星  2张三星  获得1960P点，当前P点数为6440","timestamp":1778773242799}
{"id":648394,"type":"success","level":1,"name":"抽卡与卡组","meta":{"paths":["lp0hx8"]},"content":"2186790348献祭了：3张二星  获得840P点，当前P点数为31574","timestamp":1778773242829}
{"id":648473,"type":"success","level":1,"name":"抽卡与卡组","meta":{"paths":["lp0hx8"]},"content":"2186790348献祭了：1张二星  2张三星  获得1400P点，当前P点数为31774","timestamp":1778773249563}
{"id":648532,"type":"success","level":1,"name":"抽卡与卡组","meta":{"paths":["lp0hx8"]},"content":"2628075910献祭了：2张二星  1张三星  1张FES  获得3120P点，当前P点数为24780","timestamp":1778773253442}
{"id":648661,"type":"success","level":1,"name":"抽卡与卡组","meta":{"paths":["lp0hx8"]},"content":"986054920献祭了：4张二星  1张三星  获得1680P点，当前P点数为6120","timestamp":1778773263313}
{"id":648664,"type":"success","level":1,"name":"抽卡与卡组","meta":{"paths":["lp0hx8"]},"content":"2628075910献祭了：2张二星  2张三星  获得1680P点，当前P点数为24860","timestamp":1778773263609}
{"id":648697,"type":"success","level":1,"name":"抽卡与卡组","meta":{"paths":["lp0hx8"]},"content":"2186790348献祭了：2张二星  1张四星  获得1760P点，当前P点数为32334","timestamp":1778773265404}
{"id":648832,"type":"success","level":1,"name":"抽卡与卡组","meta":{"paths":["lp0hx8"]},"content":"2186790348献祭了：2张二星  1张三星  获得1120P点，当前P点数为32254","timestamp":1778773270950}
{"id":648835,"type":"success","level":1,"name":"抽卡与卡组","meta":{"paths":["lp0hx8"]},"content":"2628075910献祭了：3张二星  1张三星  获得1400P点，当前P点数为24660","timestamp":1778773271347}
{"id":648931,"type":"success","level":1,"name":"抽卡与卡组","meta":{"paths":["lp0hx8"]},"content":"2186790348献祭了：3张二星  获得840P点，当前P点数为31894","timestamp":1778773278970}
{"id":648980,"type":"success","level":1,"name":"抽卡与卡组","meta":{"paths":["lp0hx8"]},"content":"2628075910献祭了：2张二星  2张三星  获得1680P点，当前P点数为24740","timestamp":1778773280984}
{"id":649013,"type":"success","level":1,"name":"抽卡与卡组","meta":{"paths":["lp0hx8"]},"content":"986054920献祭了：4张二星  1张三星  获得1680P点，当前P点数为5800","timestamp":1778773283205}
{"id":649079,"type":"success","level":1,"name":"抽卡与卡组","meta":{"paths":["lp0hx8"]},"content":"2186790348献祭了：3张二星  获得840P点，当前P点数为31534","timestamp":1778773288506}
{"id":649137,"type":"success","level":1,"name":"抽卡与卡组","meta":{"paths":["lp0hx8"]},"content":"2628075910献祭了：3张二星  1张三星  获得1400P点，当前P点数为24540","timestamp":1778773290641}
{"id":649214,"type":"success","level":1,"name":"抽卡与卡组","meta":{"paths":["lp0hx8"]},"content":"986054920献祭了：4张二星  1张三星  获得1680P点，当前P点数为5480","timestamp":1778773297309}
{"id":649237,"type":"success","level":1,"name":"抽卡与卡组","meta":{"paths":["lp0hx8"]},"content":"2628075910献祭了：2张二星  2张三星  获得1680P点，当前P点数为24620","timestamp":1778773298764}
{"id":649321,"type":"success","level":1,"name":"抽卡与卡组","meta":{"paths":["lp0hx8"]},"content":"2186790348献祭了：2张二星  1张四星  获得1760P点，当前P点数为32094","timestamp":1778773302020}
{"id":649416,"type":"success","level":1,"name":"抽卡与卡组","meta":{"paths":["lp0hx8"]},"content":"2628075910献祭了：3张二星  1张三星  获得1400P点，当前P点数为24420","timestamp":1778773307485}
{"id":649419,"type":"success","level":1,"name":"抽卡与卡组","meta":{"paths":["lp0hx8"]},"content":"2186790348献祭了：2张二星  1张三星  获得1120P点，当前P点数为32014","timestamp":1778773307710}
{"id":649501,"type":"success","level":1,"name":"抽卡与卡组","meta":{"paths":["lp0hx8"]},"content":"2186790348献祭了：2张二星  1张三星  获得1120P点，当前P点数为31934","timestamp":1778773314573}
{"id":649559,"type":"success","level":1,"name":"抽卡与卡组","meta":{"paths":["lp0hx8"]},"content":"2628075910献祭了：4张二星  获得1120P点，当前P点数为23940","timestamp":1778773319189}
